ARM GAS  C:\Users\ANDREY~1\AppData\Local\Temp\ccixiAF8.s 			page 1


   1              		.syntax unified
   2              		.cpu cortex-m3
   3              		.fpu softvfp
   4              		.eabi_attribute 20, 1
   5              		.eabi_attribute 21, 1
   6              		.eabi_attribute 23, 3
   7              		.eabi_attribute 24, 1
   8              		.eabi_attribute 25, 1
   9              		.eabi_attribute 26, 1
  10              		.eabi_attribute 30, 1
  11              		.eabi_attribute 34, 1
  12              		.eabi_attribute 18, 4
  13              		.thumb
  14              		.syntax unified
  15              		.file	"CAN_INT.c"
  16              		.text
  17              	.Ltext0:
  18              		.cfi_sections	.debug_frame
  19              		.section	.text.CAN_MsgRXIsr,"ax",%progbits
  20              		.align	2
  21              		.global	CAN_MsgRXIsr
  22              		.thumb
  23              		.thumb_func
  24              		.type	CAN_MsgRXIsr, %function
  25              	CAN_MsgRXIsr:
  26              	.LFB0:
  27              		.file 1 "Generated_Source\\PSoC5\\CAN_INT.c"
   1:Generated_Source\PSoC5/CAN_INT.c **** /*******************************************************************************
   2:Generated_Source\PSoC5/CAN_INT.c **** * File Name: CAN_INT.c
   3:Generated_Source\PSoC5/CAN_INT.c **** * Version 3.0
   4:Generated_Source\PSoC5/CAN_INT.c **** *
   5:Generated_Source\PSoC5/CAN_INT.c **** * Description:
   6:Generated_Source\PSoC5/CAN_INT.c **** *  This file contains Interrupt Service Routine (ISR) for CAN Component.
   7:Generated_Source\PSoC5/CAN_INT.c **** *  The Interrupt handlers functions are generated accordingly to the PSoC
   8:Generated_Source\PSoC5/CAN_INT.c **** *  Creator Customizer inputs.
   9:Generated_Source\PSoC5/CAN_INT.c **** *
  10:Generated_Source\PSoC5/CAN_INT.c **** * Note:
  11:Generated_Source\PSoC5/CAN_INT.c **** *  None
  12:Generated_Source\PSoC5/CAN_INT.c **** *
  13:Generated_Source\PSoC5/CAN_INT.c **** ********************************************************************************
  14:Generated_Source\PSoC5/CAN_INT.c **** * Copyright 2008-2015, Cypress Semiconductor Corporation.  All rights reserved.
  15:Generated_Source\PSoC5/CAN_INT.c **** * You may use this file only in accordance with the license, terms, conditions,
  16:Generated_Source\PSoC5/CAN_INT.c **** * disclaimers, and limitations in the end user license agreement accompanying
  17:Generated_Source\PSoC5/CAN_INT.c **** * the software package with which this file was provided.
  18:Generated_Source\PSoC5/CAN_INT.c **** *******************************************************************************/
  19:Generated_Source\PSoC5/CAN_INT.c **** 
  20:Generated_Source\PSoC5/CAN_INT.c **** #include "CAN.h"
  21:Generated_Source\PSoC5/CAN_INT.c **** #include "cyapicallbacks.h"
  22:Generated_Source\PSoC5/CAN_INT.c **** 
  23:Generated_Source\PSoC5/CAN_INT.c **** /* `#START CAN_INT_C_CODE_DEFINITION` */
  24:Generated_Source\PSoC5/CAN_INT.c **** 
  25:Generated_Source\PSoC5/CAN_INT.c **** /* `#END` */
  26:Generated_Source\PSoC5/CAN_INT.c **** 
  27:Generated_Source\PSoC5/CAN_INT.c **** #if (CAN_ARB_LOST)
  28:Generated_Source\PSoC5/CAN_INT.c ****     /*******************************************************************************
  29:Generated_Source\PSoC5/CAN_INT.c ****     * FUNCTION NAME:   CAN_ArbLostIsr
  30:Generated_Source\PSoC5/CAN_INT.c ****     ********************************************************************************
ARM GAS  C:\Users\ANDREY~1\AppData\Local\Temp\ccixiAF8.s 			page 2


  31:Generated_Source\PSoC5/CAN_INT.c ****     *
  32:Generated_Source\PSoC5/CAN_INT.c ****     * Summary:
  33:Generated_Source\PSoC5/CAN_INT.c ****     *  This function is entry point to Arbitration Lost Interrupt. Clears
  34:Generated_Source\PSoC5/CAN_INT.c ****     *  Arbitration Lost interrupt flag. Only generated if Arbitration Lost
  35:Generated_Source\PSoC5/CAN_INT.c ****     *  Interrupt enable in Customizer.
  36:Generated_Source\PSoC5/CAN_INT.c ****     *
  37:Generated_Source\PSoC5/CAN_INT.c ****     * Parameters:
  38:Generated_Source\PSoC5/CAN_INT.c ****     *  None.
  39:Generated_Source\PSoC5/CAN_INT.c ****     *
  40:Generated_Source\PSoC5/CAN_INT.c ****     * Return:
  41:Generated_Source\PSoC5/CAN_INT.c ****     *  None.
  42:Generated_Source\PSoC5/CAN_INT.c ****     *
  43:Generated_Source\PSoC5/CAN_INT.c ****     * Reentrant:
  44:Generated_Source\PSoC5/CAN_INT.c ****     *  Depends on Customer code.
  45:Generated_Source\PSoC5/CAN_INT.c ****     *
  46:Generated_Source\PSoC5/CAN_INT.c ****     *******************************************************************************/
  47:Generated_Source\PSoC5/CAN_INT.c ****     void CAN_ArbLostIsr(void) 
  48:Generated_Source\PSoC5/CAN_INT.c ****     {
  49:Generated_Source\PSoC5/CAN_INT.c ****         /* Clear Arbitration Lost flag */
  50:Generated_Source\PSoC5/CAN_INT.c ****         CAN_INT_SR_REG.byte[0u] = CAN_ARBITRATION_LOST_MASK;
  51:Generated_Source\PSoC5/CAN_INT.c **** 
  52:Generated_Source\PSoC5/CAN_INT.c ****         /* `#START ARBITRATION_LOST_ISR` */
  53:Generated_Source\PSoC5/CAN_INT.c **** 
  54:Generated_Source\PSoC5/CAN_INT.c ****         /* `#END` */
  55:Generated_Source\PSoC5/CAN_INT.c **** 
  56:Generated_Source\PSoC5/CAN_INT.c ****         #ifdef CAN_ARB_LOST_ISR_CALLBACK
  57:Generated_Source\PSoC5/CAN_INT.c ****             CAN_ArbLostIsr_Callback();
  58:Generated_Source\PSoC5/CAN_INT.c ****         #endif /* CAN_ARB_LOST_ISR_CALLBACK */
  59:Generated_Source\PSoC5/CAN_INT.c ****     }
  60:Generated_Source\PSoC5/CAN_INT.c **** #endif /* CAN_ARB_LOST */
  61:Generated_Source\PSoC5/CAN_INT.c **** 
  62:Generated_Source\PSoC5/CAN_INT.c **** 
  63:Generated_Source\PSoC5/CAN_INT.c **** #if (CAN_OVERLOAD)
  64:Generated_Source\PSoC5/CAN_INT.c ****     /*******************************************************************************
  65:Generated_Source\PSoC5/CAN_INT.c ****     * FUNCTION NAME:   CAN_OvrLdErrorIsr
  66:Generated_Source\PSoC5/CAN_INT.c ****     ********************************************************************************
  67:Generated_Source\PSoC5/CAN_INT.c ****     *
  68:Generated_Source\PSoC5/CAN_INT.c ****     * Summary:
  69:Generated_Source\PSoC5/CAN_INT.c ****     *  This function is entry point to Overload Error Interrupt. Clears Overload
  70:Generated_Source\PSoC5/CAN_INT.c ****     *  Error interrupt flag. Only generated if Overload Error Interrupt enable
  71:Generated_Source\PSoC5/CAN_INT.c ****     *  in Customizer.
  72:Generated_Source\PSoC5/CAN_INT.c ****     *
  73:Generated_Source\PSoC5/CAN_INT.c ****     * Parameters:
  74:Generated_Source\PSoC5/CAN_INT.c ****     *  None.
  75:Generated_Source\PSoC5/CAN_INT.c ****     *
  76:Generated_Source\PSoC5/CAN_INT.c ****     * Return:
  77:Generated_Source\PSoC5/CAN_INT.c ****     *  None.
  78:Generated_Source\PSoC5/CAN_INT.c ****     *
  79:Generated_Source\PSoC5/CAN_INT.c ****     * Reentrant:
  80:Generated_Source\PSoC5/CAN_INT.c ****     *  Depends on Customer code.
  81:Generated_Source\PSoC5/CAN_INT.c ****     *
  82:Generated_Source\PSoC5/CAN_INT.c ****     *******************************************************************************/
  83:Generated_Source\PSoC5/CAN_INT.c ****     void CAN_OvrLdErrorIsr(void) 
  84:Generated_Source\PSoC5/CAN_INT.c ****     {
  85:Generated_Source\PSoC5/CAN_INT.c ****         /* Clear Overload Error flag */
  86:Generated_Source\PSoC5/CAN_INT.c ****         CAN_INT_SR_REG.byte[0u] = CAN_OVERLOAD_ERROR_MASK;
  87:Generated_Source\PSoC5/CAN_INT.c **** 
ARM GAS  C:\Users\ANDREY~1\AppData\Local\Temp\ccixiAF8.s 			page 3


  88:Generated_Source\PSoC5/CAN_INT.c ****         /* `#START OVER_LOAD_ERROR_ISR` */
  89:Generated_Source\PSoC5/CAN_INT.c **** 
  90:Generated_Source\PSoC5/CAN_INT.c ****         /* `#END` */
  91:Generated_Source\PSoC5/CAN_INT.c **** 
  92:Generated_Source\PSoC5/CAN_INT.c ****         #ifdef CAN_OVR_LD_ERROR_ISR_CALLBACK
  93:Generated_Source\PSoC5/CAN_INT.c ****             CAN_OvrLdErrorIsr_Callback();
  94:Generated_Source\PSoC5/CAN_INT.c ****         #endif /* CAN_OVR_LD_ERROR_ISR_CALLBACK */
  95:Generated_Source\PSoC5/CAN_INT.c ****     }
  96:Generated_Source\PSoC5/CAN_INT.c **** #endif /* CAN_OVERLOAD */
  97:Generated_Source\PSoC5/CAN_INT.c **** 
  98:Generated_Source\PSoC5/CAN_INT.c **** 
  99:Generated_Source\PSoC5/CAN_INT.c **** #if (CAN_BIT_ERR)
 100:Generated_Source\PSoC5/CAN_INT.c ****     /*******************************************************************************
 101:Generated_Source\PSoC5/CAN_INT.c ****     * FUNCTION NAME:   CAN_BitErrorIsr
 102:Generated_Source\PSoC5/CAN_INT.c ****     ********************************************************************************
 103:Generated_Source\PSoC5/CAN_INT.c ****     *
 104:Generated_Source\PSoC5/CAN_INT.c ****     * Summary:
 105:Generated_Source\PSoC5/CAN_INT.c ****     *  This function is entry point to Bit Error Interrupt. Clears Bit Error
 106:Generated_Source\PSoC5/CAN_INT.c ****     *  interrupt flag. Only generated if Bit Error Interrupt enable in Customizer.
 107:Generated_Source\PSoC5/CAN_INT.c ****     *
 108:Generated_Source\PSoC5/CAN_INT.c ****     * Parameters:
 109:Generated_Source\PSoC5/CAN_INT.c ****     *  None.
 110:Generated_Source\PSoC5/CAN_INT.c ****     *
 111:Generated_Source\PSoC5/CAN_INT.c ****     * Return:
 112:Generated_Source\PSoC5/CAN_INT.c ****     *  None.
 113:Generated_Source\PSoC5/CAN_INT.c ****     *
 114:Generated_Source\PSoC5/CAN_INT.c ****     * Reentrant:
 115:Generated_Source\PSoC5/CAN_INT.c ****     *  Depends on Customer code.
 116:Generated_Source\PSoC5/CAN_INT.c ****     *
 117:Generated_Source\PSoC5/CAN_INT.c ****     *******************************************************************************/
 118:Generated_Source\PSoC5/CAN_INT.c ****     void CAN_BitErrorIsr(void) 
 119:Generated_Source\PSoC5/CAN_INT.c ****     {
 120:Generated_Source\PSoC5/CAN_INT.c ****         /* Clear Bit Error flag */
 121:Generated_Source\PSoC5/CAN_INT.c ****         CAN_INT_SR_REG.byte[0u] = CAN_BIT_ERROR_MASK;
 122:Generated_Source\PSoC5/CAN_INT.c **** 
 123:Generated_Source\PSoC5/CAN_INT.c ****         /* `#START BIT_ERROR_ISR` */
 124:Generated_Source\PSoC5/CAN_INT.c **** 
 125:Generated_Source\PSoC5/CAN_INT.c ****         /* `#END` */
 126:Generated_Source\PSoC5/CAN_INT.c **** 
 127:Generated_Source\PSoC5/CAN_INT.c ****         #ifdef CAN_BIT_ERROR_ISR_CALLBACK
 128:Generated_Source\PSoC5/CAN_INT.c ****             CAN_BitErrorIsr_Callback();
 129:Generated_Source\PSoC5/CAN_INT.c ****         #endif /* CAN_BIT_ERROR_ISR_CALLBACK */
 130:Generated_Source\PSoC5/CAN_INT.c ****     }
 131:Generated_Source\PSoC5/CAN_INT.c **** #endif /* CAN_BIT_ERR */
 132:Generated_Source\PSoC5/CAN_INT.c **** 
 133:Generated_Source\PSoC5/CAN_INT.c **** 
 134:Generated_Source\PSoC5/CAN_INT.c **** #if (CAN_STUFF_ERR)
 135:Generated_Source\PSoC5/CAN_INT.c ****     /*******************************************************************************
 136:Generated_Source\PSoC5/CAN_INT.c ****     * FUNCTION NAME:   CAN_BitStuffErrorIsr
 137:Generated_Source\PSoC5/CAN_INT.c ****     ********************************************************************************
 138:Generated_Source\PSoC5/CAN_INT.c ****     *
 139:Generated_Source\PSoC5/CAN_INT.c ****     * Summary:
 140:Generated_Source\PSoC5/CAN_INT.c ****     *  This function is entry point to Bit Stuff Error Interrupt. Clears Bit Stuff
 141:Generated_Source\PSoC5/CAN_INT.c ****     *  Error interrupt flag. Only generated if Bit Stuff Error Interrupt enable
 142:Generated_Source\PSoC5/CAN_INT.c ****     *  in Customizer.
 143:Generated_Source\PSoC5/CAN_INT.c ****     *
 144:Generated_Source\PSoC5/CAN_INT.c ****     * Parameters:
ARM GAS  C:\Users\ANDREY~1\AppData\Local\Temp\ccixiAF8.s 			page 4


 145:Generated_Source\PSoC5/CAN_INT.c ****     *  None.
 146:Generated_Source\PSoC5/CAN_INT.c ****     *
 147:Generated_Source\PSoC5/CAN_INT.c ****     * Return:
 148:Generated_Source\PSoC5/CAN_INT.c ****     *  None.
 149:Generated_Source\PSoC5/CAN_INT.c ****     *
 150:Generated_Source\PSoC5/CAN_INT.c ****     * Reentrant:
 151:Generated_Source\PSoC5/CAN_INT.c ****     *  Depends on Customer code.
 152:Generated_Source\PSoC5/CAN_INT.c ****     *
 153:Generated_Source\PSoC5/CAN_INT.c ****     *******************************************************************************/
 154:Generated_Source\PSoC5/CAN_INT.c ****     void CAN_BitStuffErrorIsr(void) 
 155:Generated_Source\PSoC5/CAN_INT.c ****     {
 156:Generated_Source\PSoC5/CAN_INT.c ****         /* Clear Stuff Error flag */
 157:Generated_Source\PSoC5/CAN_INT.c ****         CAN_INT_SR_REG.byte[0u] = CAN_STUFF_ERROR_MASK;
 158:Generated_Source\PSoC5/CAN_INT.c **** 
 159:Generated_Source\PSoC5/CAN_INT.c ****         /* `#START BIT_STUFF_ERROR_ISR` */
 160:Generated_Source\PSoC5/CAN_INT.c **** 
 161:Generated_Source\PSoC5/CAN_INT.c ****         /* `#END` */
 162:Generated_Source\PSoC5/CAN_INT.c **** 
 163:Generated_Source\PSoC5/CAN_INT.c ****         #ifdef CAN_BIT_STUFF_ERROR_ISR_CALLBACK
 164:Generated_Source\PSoC5/CAN_INT.c ****             CAN_BitStuffErrorIsr_Callback();
 165:Generated_Source\PSoC5/CAN_INT.c ****         #endif /* CAN_BIT_STUFF_ERROR_ISR_CALLBACK */
 166:Generated_Source\PSoC5/CAN_INT.c ****     }
 167:Generated_Source\PSoC5/CAN_INT.c **** #endif /* CAN_STUFF_ERR */
 168:Generated_Source\PSoC5/CAN_INT.c **** 
 169:Generated_Source\PSoC5/CAN_INT.c **** 
 170:Generated_Source\PSoC5/CAN_INT.c **** #if (CAN_ACK_ERR)
 171:Generated_Source\PSoC5/CAN_INT.c ****     /*******************************************************************************
 172:Generated_Source\PSoC5/CAN_INT.c ****     * FUNCTION NAME:   CAN_AckErrorIsr
 173:Generated_Source\PSoC5/CAN_INT.c ****     ********************************************************************************
 174:Generated_Source\PSoC5/CAN_INT.c ****     *
 175:Generated_Source\PSoC5/CAN_INT.c ****     * Summary:
 176:Generated_Source\PSoC5/CAN_INT.c ****     *  This function is entry point to Acknowledge Error Interrupt. Clears
 177:Generated_Source\PSoC5/CAN_INT.c ****     *  Acknowledge Error interrupt flag. Only generated if Acknowledge Error
 178:Generated_Source\PSoC5/CAN_INT.c ****     *  Interrupt enable in Customizer.
 179:Generated_Source\PSoC5/CAN_INT.c ****     *
 180:Generated_Source\PSoC5/CAN_INT.c ****     * Parameters:
 181:Generated_Source\PSoC5/CAN_INT.c ****     *  None.
 182:Generated_Source\PSoC5/CAN_INT.c ****     *
 183:Generated_Source\PSoC5/CAN_INT.c ****     * Return:
 184:Generated_Source\PSoC5/CAN_INT.c ****     *  None.
 185:Generated_Source\PSoC5/CAN_INT.c ****     *
 186:Generated_Source\PSoC5/CAN_INT.c ****     * Reentrant:
 187:Generated_Source\PSoC5/CAN_INT.c ****     *  Depends on Customer code.
 188:Generated_Source\PSoC5/CAN_INT.c ****     *
 189:Generated_Source\PSoC5/CAN_INT.c ****     *******************************************************************************/
 190:Generated_Source\PSoC5/CAN_INT.c ****     void CAN_AckErrorIsr(void) 
 191:Generated_Source\PSoC5/CAN_INT.c ****     {
 192:Generated_Source\PSoC5/CAN_INT.c ****         /* Clear Acknoledge Error flag */
 193:Generated_Source\PSoC5/CAN_INT.c ****         CAN_INT_SR_REG.byte[0u] = CAN_ACK_ERROR_MASK;
 194:Generated_Source\PSoC5/CAN_INT.c **** 
 195:Generated_Source\PSoC5/CAN_INT.c ****         /* `#START ACKNOWLEDGE_ERROR_ISR` */
 196:Generated_Source\PSoC5/CAN_INT.c **** 
 197:Generated_Source\PSoC5/CAN_INT.c ****         /* `#END` */
 198:Generated_Source\PSoC5/CAN_INT.c **** 
 199:Generated_Source\PSoC5/CAN_INT.c ****         #ifdef CAN_ACK_ERROR_ISR_CALLBACK
 200:Generated_Source\PSoC5/CAN_INT.c ****             CAN_AckErrorIsr_Callback();
 201:Generated_Source\PSoC5/CAN_INT.c ****         #endif /* CAN_ACK_ERROR_ISR_CALLBACK */
ARM GAS  C:\Users\ANDREY~1\AppData\Local\Temp\ccixiAF8.s 			page 5


 202:Generated_Source\PSoC5/CAN_INT.c ****     }
 203:Generated_Source\PSoC5/CAN_INT.c **** #endif /* CAN_ACK_ERR */
 204:Generated_Source\PSoC5/CAN_INT.c **** 
 205:Generated_Source\PSoC5/CAN_INT.c **** 
 206:Generated_Source\PSoC5/CAN_INT.c **** #if (CAN_FORM_ERR)
 207:Generated_Source\PSoC5/CAN_INT.c ****     /*******************************************************************************
 208:Generated_Source\PSoC5/CAN_INT.c ****     * FUNCTION NAME:   CAN_MsgErrorIsr
 209:Generated_Source\PSoC5/CAN_INT.c ****     ********************************************************************************
 210:Generated_Source\PSoC5/CAN_INT.c ****     *
 211:Generated_Source\PSoC5/CAN_INT.c ****     * Summary:
 212:Generated_Source\PSoC5/CAN_INT.c ****     *  This function is entry point to Form Error Interrupt. Clears Form Error
 213:Generated_Source\PSoC5/CAN_INT.c ****     *  interrupt flag. Only generated if Form Error Interrupt enable in Customizer.
 214:Generated_Source\PSoC5/CAN_INT.c ****     *
 215:Generated_Source\PSoC5/CAN_INT.c ****     * Parameters:
 216:Generated_Source\PSoC5/CAN_INT.c ****     *  None.
 217:Generated_Source\PSoC5/CAN_INT.c ****     *
 218:Generated_Source\PSoC5/CAN_INT.c ****     * Return:
 219:Generated_Source\PSoC5/CAN_INT.c ****     *  None.
 220:Generated_Source\PSoC5/CAN_INT.c ****     *
 221:Generated_Source\PSoC5/CAN_INT.c ****     * Reentrant:
 222:Generated_Source\PSoC5/CAN_INT.c ****     *  Depends on Customer code.
 223:Generated_Source\PSoC5/CAN_INT.c ****     *
 224:Generated_Source\PSoC5/CAN_INT.c ****     *******************************************************************************/
 225:Generated_Source\PSoC5/CAN_INT.c ****     void CAN_MsgErrorIsr(void) 
 226:Generated_Source\PSoC5/CAN_INT.c ****     {
 227:Generated_Source\PSoC5/CAN_INT.c ****         /* Clear Form Error flag */
 228:Generated_Source\PSoC5/CAN_INT.c ****         CAN_INT_SR_REG.byte[0u] = CAN_FORM_ERROR_MASK;
 229:Generated_Source\PSoC5/CAN_INT.c **** 
 230:Generated_Source\PSoC5/CAN_INT.c ****         /* `#START MESSAGE_ERROR_ISR` */
 231:Generated_Source\PSoC5/CAN_INT.c **** 
 232:Generated_Source\PSoC5/CAN_INT.c ****         /* `#END` */
 233:Generated_Source\PSoC5/CAN_INT.c **** 
 234:Generated_Source\PSoC5/CAN_INT.c ****         #ifdef CAN_MSG_ERROR_ISR_CALLBACK
 235:Generated_Source\PSoC5/CAN_INT.c ****             CAN_MsgErrorIsr_Callback();
 236:Generated_Source\PSoC5/CAN_INT.c ****         #endif /* CAN_MSG_ERROR_ISR_CALLBACK */
 237:Generated_Source\PSoC5/CAN_INT.c ****     }
 238:Generated_Source\PSoC5/CAN_INT.c **** #endif /* CAN_FORM_ERR */
 239:Generated_Source\PSoC5/CAN_INT.c **** 
 240:Generated_Source\PSoC5/CAN_INT.c **** 
 241:Generated_Source\PSoC5/CAN_INT.c **** #if (CAN_CRC_ERR)
 242:Generated_Source\PSoC5/CAN_INT.c ****     /*******************************************************************************
 243:Generated_Source\PSoC5/CAN_INT.c ****     * FUNCTION NAME:   CAN_CrcErrorIsr
 244:Generated_Source\PSoC5/CAN_INT.c ****     ********************************************************************************
 245:Generated_Source\PSoC5/CAN_INT.c ****     *
 246:Generated_Source\PSoC5/CAN_INT.c ****     * Summary:
 247:Generated_Source\PSoC5/CAN_INT.c ****     *  This function is entry point to CRC Error Interrupt. Clears CRC Error
 248:Generated_Source\PSoC5/CAN_INT.c ****     *  interrupt flag. Only generated if CRC Error Interrupt enable in Customizer.
 249:Generated_Source\PSoC5/CAN_INT.c ****     *
 250:Generated_Source\PSoC5/CAN_INT.c ****     * Parameters:
 251:Generated_Source\PSoC5/CAN_INT.c ****     *  None.
 252:Generated_Source\PSoC5/CAN_INT.c ****     *
 253:Generated_Source\PSoC5/CAN_INT.c ****     * Return:
 254:Generated_Source\PSoC5/CAN_INT.c ****     *  None.
 255:Generated_Source\PSoC5/CAN_INT.c ****     *
 256:Generated_Source\PSoC5/CAN_INT.c ****     * Reentrant:
 257:Generated_Source\PSoC5/CAN_INT.c ****     *  Depends on Customer code.
 258:Generated_Source\PSoC5/CAN_INT.c ****     *
ARM GAS  C:\Users\ANDREY~1\AppData\Local\Temp\ccixiAF8.s 			page 6


 259:Generated_Source\PSoC5/CAN_INT.c ****     *******************************************************************************/
 260:Generated_Source\PSoC5/CAN_INT.c ****     void CAN_CrcErrorIsr(void) 
 261:Generated_Source\PSoC5/CAN_INT.c ****     {
 262:Generated_Source\PSoC5/CAN_INT.c ****         /* Clear CRC Error flag */
 263:Generated_Source\PSoC5/CAN_INT.c ****         CAN_INT_SR_REG.byte[1u] = CAN_CRC_ERROR_MASK;
 264:Generated_Source\PSoC5/CAN_INT.c **** 
 265:Generated_Source\PSoC5/CAN_INT.c ****         /* `#START CRC_ERROR_ISR` */
 266:Generated_Source\PSoC5/CAN_INT.c **** 
 267:Generated_Source\PSoC5/CAN_INT.c ****         /* `#END` */
 268:Generated_Source\PSoC5/CAN_INT.c **** 
 269:Generated_Source\PSoC5/CAN_INT.c ****         #ifdef CAN_CRC_ERROR_ISR_CALLBACK
 270:Generated_Source\PSoC5/CAN_INT.c ****             CAN_CrcErrorIsr_Callback();
 271:Generated_Source\PSoC5/CAN_INT.c ****         #endif /* CAN_CRC_ERROR_ISR_CALLBACK */
 272:Generated_Source\PSoC5/CAN_INT.c ****     }
 273:Generated_Source\PSoC5/CAN_INT.c **** #endif /* CAN_CRC_ERR */
 274:Generated_Source\PSoC5/CAN_INT.c **** 
 275:Generated_Source\PSoC5/CAN_INT.c **** 
 276:Generated_Source\PSoC5/CAN_INT.c **** #if (CAN_BUS_OFF)
 277:Generated_Source\PSoC5/CAN_INT.c ****     /*******************************************************************************
 278:Generated_Source\PSoC5/CAN_INT.c ****     * FUNCTION NAME:   CAN_BusOffIsr
 279:Generated_Source\PSoC5/CAN_INT.c ****     ********************************************************************************
 280:Generated_Source\PSoC5/CAN_INT.c ****     *
 281:Generated_Source\PSoC5/CAN_INT.c ****     * Summary:
 282:Generated_Source\PSoC5/CAN_INT.c ****     *  This function is entry point to Bus Off Interrupt. Places CAN Component
 283:Generated_Source\PSoC5/CAN_INT.c ****     *  to Stop mode. Only generated if Bus Off Interrupt enable in Customizer.
 284:Generated_Source\PSoC5/CAN_INT.c ****     *  Recommended setting to enable this interrupt.
 285:Generated_Source\PSoC5/CAN_INT.c ****     *
 286:Generated_Source\PSoC5/CAN_INT.c ****     * Parameters:
 287:Generated_Source\PSoC5/CAN_INT.c ****     *  None.
 288:Generated_Source\PSoC5/CAN_INT.c ****     *
 289:Generated_Source\PSoC5/CAN_INT.c ****     * Return:
 290:Generated_Source\PSoC5/CAN_INT.c ****     *  None.
 291:Generated_Source\PSoC5/CAN_INT.c ****     *
 292:Generated_Source\PSoC5/CAN_INT.c ****     * Side Effects:
 293:Generated_Source\PSoC5/CAN_INT.c ****     *  Stops CAN component operation.
 294:Generated_Source\PSoC5/CAN_INT.c ****     *
 295:Generated_Source\PSoC5/CAN_INT.c ****     *******************************************************************************/
 296:Generated_Source\PSoC5/CAN_INT.c ****     void CAN_BusOffIsr(void) 
 297:Generated_Source\PSoC5/CAN_INT.c ****     {
 298:Generated_Source\PSoC5/CAN_INT.c ****         /* Clear Bus Off flag */
 299:Generated_Source\PSoC5/CAN_INT.c ****         CAN_INT_SR_REG.byte[1u] = CAN_BUS_OFF_MASK;
 300:Generated_Source\PSoC5/CAN_INT.c ****         (void) CAN_GlobalIntDisable();
 301:Generated_Source\PSoC5/CAN_INT.c **** 
 302:Generated_Source\PSoC5/CAN_INT.c ****         /* `#START BUS_OFF_ISR` */
 303:Generated_Source\PSoC5/CAN_INT.c **** 
 304:Generated_Source\PSoC5/CAN_INT.c ****         /* `#END` */
 305:Generated_Source\PSoC5/CAN_INT.c **** 
 306:Generated_Source\PSoC5/CAN_INT.c ****         #ifdef CAN_BUS_OFF_ISR_CALLBACK
 307:Generated_Source\PSoC5/CAN_INT.c ****             CAN_BusOffIsr_Callback();
 308:Generated_Source\PSoC5/CAN_INT.c ****         #endif /* CAN_BUS_OFF_ISR_CALLBACK */
 309:Generated_Source\PSoC5/CAN_INT.c **** 
 310:Generated_Source\PSoC5/CAN_INT.c ****         (void) CAN_Stop();
 311:Generated_Source\PSoC5/CAN_INT.c ****     }
 312:Generated_Source\PSoC5/CAN_INT.c **** #endif /* CAN_BUS_OFF */
 313:Generated_Source\PSoC5/CAN_INT.c **** 
 314:Generated_Source\PSoC5/CAN_INT.c **** 
 315:Generated_Source\PSoC5/CAN_INT.c **** #if (CAN_RX_MSG_LOST)
ARM GAS  C:\Users\ANDREY~1\AppData\Local\Temp\ccixiAF8.s 			page 7


 316:Generated_Source\PSoC5/CAN_INT.c ****     /*******************************************************************************
 317:Generated_Source\PSoC5/CAN_INT.c ****     * FUNCTION NAME:   CAN_MsgLostIsr
 318:Generated_Source\PSoC5/CAN_INT.c ****     ********************************************************************************
 319:Generated_Source\PSoC5/CAN_INT.c ****     *
 320:Generated_Source\PSoC5/CAN_INT.c ****     * Summary:
 321:Generated_Source\PSoC5/CAN_INT.c ****     *  This function is entry point to Message Lost Interrupt. Clears Message Lost
 322:Generated_Source\PSoC5/CAN_INT.c ****     *  interrupt flag. Only generated if Message Lost Interrupt enable in Customizer
 323:Generated_Source\PSoC5/CAN_INT.c ****     *
 324:Generated_Source\PSoC5/CAN_INT.c ****     * Parameters:
 325:Generated_Source\PSoC5/CAN_INT.c ****     *  None.
 326:Generated_Source\PSoC5/CAN_INT.c ****     *
 327:Generated_Source\PSoC5/CAN_INT.c ****     * Return:
 328:Generated_Source\PSoC5/CAN_INT.c ****     *  None.
 329:Generated_Source\PSoC5/CAN_INT.c ****     *
 330:Generated_Source\PSoC5/CAN_INT.c ****     * Reentrant:
 331:Generated_Source\PSoC5/CAN_INT.c ****     *  Depends on Customer code.
 332:Generated_Source\PSoC5/CAN_INT.c ****     *
 333:Generated_Source\PSoC5/CAN_INT.c ****     *******************************************************************************/
 334:Generated_Source\PSoC5/CAN_INT.c ****     void CAN_MsgLostIsr(void) 
 335:Generated_Source\PSoC5/CAN_INT.c ****     {
 336:Generated_Source\PSoC5/CAN_INT.c ****         /* Clear Receive Message Lost flag */
 337:Generated_Source\PSoC5/CAN_INT.c ****         CAN_INT_SR_REG.byte[1u] = CAN_RX_MSG_LOST_MASK;
 338:Generated_Source\PSoC5/CAN_INT.c **** 
 339:Generated_Source\PSoC5/CAN_INT.c ****         /* `#START MESSAGE_LOST_ISR` */
 340:Generated_Source\PSoC5/CAN_INT.c **** 
 341:Generated_Source\PSoC5/CAN_INT.c ****         /* `#END` */
 342:Generated_Source\PSoC5/CAN_INT.c **** 
 343:Generated_Source\PSoC5/CAN_INT.c ****         #ifdef CAN_MSG_LOST_ISR_CALLBACK
 344:Generated_Source\PSoC5/CAN_INT.c ****             CAN_MsgLostIsr_Callback();
 345:Generated_Source\PSoC5/CAN_INT.c ****         #endif /* CAN_MSG_LOST_ISR_CALLBACK */
 346:Generated_Source\PSoC5/CAN_INT.c ****     }
 347:Generated_Source\PSoC5/CAN_INT.c **** #endif /* CAN_RX_MSG_LOST */
 348:Generated_Source\PSoC5/CAN_INT.c **** 
 349:Generated_Source\PSoC5/CAN_INT.c **** 
 350:Generated_Source\PSoC5/CAN_INT.c **** #if (CAN_TX_MESSAGE)
 351:Generated_Source\PSoC5/CAN_INT.c ****     /*******************************************************************************
 352:Generated_Source\PSoC5/CAN_INT.c ****     * FUNCTION NAME:   CAN_MsgTXIsr
 353:Generated_Source\PSoC5/CAN_INT.c ****     ********************************************************************************
 354:Generated_Source\PSoC5/CAN_INT.c ****     *
 355:Generated_Source\PSoC5/CAN_INT.c ****     * Summary:
 356:Generated_Source\PSoC5/CAN_INT.c ****     *  This function is entry point to Transmit Message Interrupt. Clears Transmit
 357:Generated_Source\PSoC5/CAN_INT.c ****     *  Message interrupt flag. Only generated if Transmit Message Interrupt enable
 358:Generated_Source\PSoC5/CAN_INT.c ****     *  in Customizer.
 359:Generated_Source\PSoC5/CAN_INT.c ****     *
 360:Generated_Source\PSoC5/CAN_INT.c ****     * Parameters:
 361:Generated_Source\PSoC5/CAN_INT.c ****     *  None.
 362:Generated_Source\PSoC5/CAN_INT.c ****     *
 363:Generated_Source\PSoC5/CAN_INT.c ****     * Return:
 364:Generated_Source\PSoC5/CAN_INT.c ****     *  None.
 365:Generated_Source\PSoC5/CAN_INT.c ****     *
 366:Generated_Source\PSoC5/CAN_INT.c ****     * Reentrant:
 367:Generated_Source\PSoC5/CAN_INT.c ****     *  Depends on Customer code.
 368:Generated_Source\PSoC5/CAN_INT.c ****     *
 369:Generated_Source\PSoC5/CAN_INT.c ****     *******************************************************************************/
 370:Generated_Source\PSoC5/CAN_INT.c ****     void CAN_MsgTXIsr(void) 
 371:Generated_Source\PSoC5/CAN_INT.c ****     {
 372:Generated_Source\PSoC5/CAN_INT.c ****         /* Clear Transmit Message flag */
ARM GAS  C:\Users\ANDREY~1\AppData\Local\Temp\ccixiAF8.s 			page 8


 373:Generated_Source\PSoC5/CAN_INT.c ****         CAN_INT_SR_REG.byte[1u] = CAN_TX_MESSAGE_MASK;
 374:Generated_Source\PSoC5/CAN_INT.c **** 
 375:Generated_Source\PSoC5/CAN_INT.c ****         /* `#START MESSAGE_TRANSMITTED_ISR` */
 376:Generated_Source\PSoC5/CAN_INT.c **** 
 377:Generated_Source\PSoC5/CAN_INT.c ****         /* `#END` */
 378:Generated_Source\PSoC5/CAN_INT.c **** 
 379:Generated_Source\PSoC5/CAN_INT.c ****         #ifdef CAN_MSG_TX_ISR_CALLBACK
 380:Generated_Source\PSoC5/CAN_INT.c ****             CAN_MsgTXIsr_Callback();
 381:Generated_Source\PSoC5/CAN_INT.c ****         #endif /* CAN_MSG_TX_ISR_CALLBACK */
 382:Generated_Source\PSoC5/CAN_INT.c ****     }
 383:Generated_Source\PSoC5/CAN_INT.c **** #endif /* CAN_TX_MESSAGE */
 384:Generated_Source\PSoC5/CAN_INT.c **** 
 385:Generated_Source\PSoC5/CAN_INT.c **** 
 386:Generated_Source\PSoC5/CAN_INT.c **** #if (CAN_RX_MESSAGE)
 387:Generated_Source\PSoC5/CAN_INT.c ****     /*******************************************************************************
 388:Generated_Source\PSoC5/CAN_INT.c ****     * FUNCTION NAME:   CAN_MsgRXIsr
 389:Generated_Source\PSoC5/CAN_INT.c ****     ********************************************************************************
 390:Generated_Source\PSoC5/CAN_INT.c ****     *
 391:Generated_Source\PSoC5/CAN_INT.c ****     * Summary:
 392:Generated_Source\PSoC5/CAN_INT.c ****     *  This function is entry point to Receive Message Interrupt. Clears Receive
 393:Generated_Source\PSoC5/CAN_INT.c ****     *  Message interrupt flag and call appropriate handlers for Basic and Full
 394:Generated_Source\PSoC5/CAN_INT.c ****     *  interrupt based mailboxes. Only generated if Receive Message Interrupt
 395:Generated_Source\PSoC5/CAN_INT.c ****     *  enable in Customizer. Recommended setting to enable this interrupt.
 396:Generated_Source\PSoC5/CAN_INT.c ****     *
 397:Generated_Source\PSoC5/CAN_INT.c ****     * Parameters:
 398:Generated_Source\PSoC5/CAN_INT.c ****     *  None.
 399:Generated_Source\PSoC5/CAN_INT.c ****     *
 400:Generated_Source\PSoC5/CAN_INT.c ****     * Return:
 401:Generated_Source\PSoC5/CAN_INT.c ****     *  None.
 402:Generated_Source\PSoC5/CAN_INT.c ****     *
 403:Generated_Source\PSoC5/CAN_INT.c ****     *******************************************************************************/
 404:Generated_Source\PSoC5/CAN_INT.c ****     void CAN_MsgRXIsr(void) 
 405:Generated_Source\PSoC5/CAN_INT.c ****     {
  28              		.loc 1 405 0
  29              		.cfi_startproc
  30              		@ args = 0, pretend = 0, frame = 0
  31              		@ frame_needed = 0, uses_anonymous_args = 0
  32 0000 38B5     		push	{r3, r4, r5, lr}
  33              		.cfi_def_cfa_offset 16
  34              		.cfi_offset 3, -16
  35              		.cfi_offset 4, -12
  36              		.cfi_offset 5, -8
  37              		.cfi_offset 14, -4
  38              	.LVL0:
 406:Generated_Source\PSoC5/CAN_INT.c ****         uint8 mailboxNumber;
 407:Generated_Source\PSoC5/CAN_INT.c ****         uint16 shift = 0x01u;
 408:Generated_Source\PSoC5/CAN_INT.c **** 
 409:Generated_Source\PSoC5/CAN_INT.c ****         /* Clear Receive Message flag */
 410:Generated_Source\PSoC5/CAN_INT.c ****         CAN_INT_SR_REG.byte[1u] = CAN_RX_MESSAGE_MASK;
  39              		.loc 1 410 0
  40 0002 1022     		movs	r2, #16
  41 0004 1A4B     		ldr	r3, .L14
  42 0006 5A70     		strb	r2, [r3, #1]
  43              	.LVL1:
 407:Generated_Source\PSoC5/CAN_INT.c **** 
  44              		.loc 1 407 0
  45 0008 0125     		movs	r5, #1
ARM GAS  C:\Users\ANDREY~1\AppData\Local\Temp\ccixiAF8.s 			page 9


 411:Generated_Source\PSoC5/CAN_INT.c **** 
 412:Generated_Source\PSoC5/CAN_INT.c ****         /* `#START MESSAGE_RECEIVE_ISR` */
 413:Generated_Source\PSoC5/CAN_INT.c **** 
 414:Generated_Source\PSoC5/CAN_INT.c ****         /* `#END` */
 415:Generated_Source\PSoC5/CAN_INT.c **** 
 416:Generated_Source\PSoC5/CAN_INT.c ****         #ifdef CAN_MSG_RX_ISR_CALLBACK
 417:Generated_Source\PSoC5/CAN_INT.c ****             CAN_MsgRXIsr_Callback();
 418:Generated_Source\PSoC5/CAN_INT.c ****         #endif /* CAN_MSG_RX_ISR_CALLBACK */
 419:Generated_Source\PSoC5/CAN_INT.c **** 
 420:Generated_Source\PSoC5/CAN_INT.c ****         for (mailboxNumber = 0u; mailboxNumber < CAN_NUMBER_OF_RX_MAILBOXES; mailboxNumber++)
  46              		.loc 1 420 0
  47 000a 0024     		movs	r4, #0
  48 000c 2CE0     		b	.L2
  49              	.LVL2:
  50              	.L12:
 421:Generated_Source\PSoC5/CAN_INT.c ****         {
 422:Generated_Source\PSoC5/CAN_INT.c ****             if ((CY_GET_REG16((reg16 *) &CAN_BUF_SR_REG.byte[0u]) & shift) != 0u)
  51              		.loc 1 422 0
  52 000e 194B     		ldr	r3, .L14+4
  53 0010 1B88     		ldrh	r3, [r3]
  54 0012 1D42     		tst	r5, r3
  55 0014 24D0     		beq	.L3
 423:Generated_Source\PSoC5/CAN_INT.c ****             {
 424:Generated_Source\PSoC5/CAN_INT.c ****                 if ((CAN_RX[mailboxNumber].rxcmd.byte[0u] & CAN_RX_INT_ENABLE_MASK) != 0u)
  56              		.loc 1 424 0
  57 0016 6301     		lsls	r3, r4, #5
  58 0018 174A     		ldr	r2, .L14+8
  59 001a 9B5C     		ldrb	r3, [r3, r2]	@ zero_extendqisi2
  60 001c 13F0200F 		tst	r3, #32
  61 0020 1ED0     		beq	.L3
 425:Generated_Source\PSoC5/CAN_INT.c ****                 {
 426:Generated_Source\PSoC5/CAN_INT.c ****                     if ((CAN_RX_MAILBOX_TYPE & shift) != 0u)
  62              		.loc 1 426 0
  63 0022 15F03F0F 		tst	r5, #63
  64 0026 18D0     		beq	.L4
 427:Generated_Source\PSoC5/CAN_INT.c ****                     {
 428:Generated_Source\PSoC5/CAN_INT.c ****                         /* RX Full mailboxes handler */
 429:Generated_Source\PSoC5/CAN_INT.c ****                         switch(mailboxNumber)
  65              		.loc 1 429 0
  66 0028 052C     		cmp	r4, #5
  67 002a 19D8     		bhi	.L3
  68 002c DFE804F0 		tbb	[pc, r4]
  69              	.L6:
  70 0030 03       		.byte	(.L5-.L6)/2
  71 0031 06       		.byte	(.L7-.L6)/2
  72 0032 09       		.byte	(.L8-.L6)/2
  73 0033 0C       		.byte	(.L9-.L6)/2
  74 0034 0F       		.byte	(.L10-.L6)/2
  75 0035 12       		.byte	(.L11-.L6)/2
  76              		.p2align 1
  77              	.L5:
 430:Generated_Source\PSoC5/CAN_INT.c ****                         {
 431:Generated_Source\PSoC5/CAN_INT.c ****                             case 0u : CAN_ReceiveMsgVEHICLE_STATE();
  78              		.loc 1 431 0
  79 0036 FFF7FEFF 		bl	CAN_ReceiveMsgVEHICLE_STATE
  80              	.LVL3:
 432:Generated_Source\PSoC5/CAN_INT.c ****                             break;
ARM GAS  C:\Users\ANDREY~1\AppData\Local\Temp\ccixiAF8.s 			page 10


  81              		.loc 1 432 0
  82 003a 11E0     		b	.L3
  83              	.L7:
 433:Generated_Source\PSoC5/CAN_INT.c ****                             case 1u : CAN_ReceiveMsgBMS_STATUS_MSG();
  84              		.loc 1 433 0
  85 003c FFF7FEFF 		bl	CAN_ReceiveMsgBMS_STATUS_MSG
  86              	.LVL4:
 434:Generated_Source\PSoC5/CAN_INT.c ****                             break;
  87              		.loc 1 434 0
  88 0040 0EE0     		b	.L3
  89              	.L8:
 435:Generated_Source\PSoC5/CAN_INT.c ****                             case 2u : CAN_ReceiveMsgBMS_TEMPERATURES();
  90              		.loc 1 435 0
  91 0042 FFF7FEFF 		bl	CAN_ReceiveMsgBMS_TEMPERATURES
  92              	.LVL5:
 436:Generated_Source\PSoC5/CAN_INT.c ****                             break;
  93              		.loc 1 436 0
  94 0046 0BE0     		b	.L3
  95              	.L9:
 437:Generated_Source\PSoC5/CAN_INT.c ****                             case 3u : CAN_ReceiveMsgMC_PDO_SEND();
  96              		.loc 1 437 0
  97 0048 FFF7FEFF 		bl	CAN_ReceiveMsgMC_PDO_SEND
  98              	.LVL6:
 438:Generated_Source\PSoC5/CAN_INT.c ****                             break;
  99              		.loc 1 438 0
 100 004c 08E0     		b	.L3
 101              	.L10:
 439:Generated_Source\PSoC5/CAN_INT.c ****                             case 4u : CAN_ReceiveMsgMC_PDO_ACK();
 102              		.loc 1 439 0
 103 004e FFF7FEFF 		bl	CAN_ReceiveMsgMC_PDO_ACK
 104              	.LVL7:
 440:Generated_Source\PSoC5/CAN_INT.c ****                             break;
 105              		.loc 1 440 0
 106 0052 05E0     		b	.L3
 107              	.L11:
 441:Generated_Source\PSoC5/CAN_INT.c ****                             case 5u : CAN_ReceiveMsgPEI_CURRENT();
 108              		.loc 1 441 0
 109 0054 FFF7FEFF 		bl	CAN_ReceiveMsgPEI_CURRENT
 110              	.LVL8:
 442:Generated_Source\PSoC5/CAN_INT.c ****                             break;
 111              		.loc 1 442 0
 112 0058 02E0     		b	.L3
 113              	.L4:
 443:Generated_Source\PSoC5/CAN_INT.c ****                             default:
 444:Generated_Source\PSoC5/CAN_INT.c ****                             break;
 445:Generated_Source\PSoC5/CAN_INT.c ****                         }
 446:Generated_Source\PSoC5/CAN_INT.c ****                     }
 447:Generated_Source\PSoC5/CAN_INT.c ****                     else
 448:Generated_Source\PSoC5/CAN_INT.c ****                     {
 449:Generated_Source\PSoC5/CAN_INT.c ****                         /* RX Basic mailbox handler */
 450:Generated_Source\PSoC5/CAN_INT.c ****                         CAN_ReceiveMsg(mailboxNumber);
 114              		.loc 1 450 0
 115 005a 2046     		mov	r0, r4
 116 005c FFF7FEFF 		bl	CAN_ReceiveMsg
 117              	.LVL9:
 118              	.L3:
 451:Generated_Source\PSoC5/CAN_INT.c ****                     }
ARM GAS  C:\Users\ANDREY~1\AppData\Local\Temp\ccixiAF8.s 			page 11


 452:Generated_Source\PSoC5/CAN_INT.c ****                 }
 453:Generated_Source\PSoC5/CAN_INT.c ****             }
 454:Generated_Source\PSoC5/CAN_INT.c ****             shift <<= 1u;
 119              		.loc 1 454 0 discriminator 2
 120 0060 6D00     		lsls	r5, r5, #1
 121              	.LVL10:
 122 0062 ADB2     		uxth	r5, r5
 123              	.LVL11:
 420:Generated_Source\PSoC5/CAN_INT.c ****         {
 124              		.loc 1 420 0 discriminator 2
 125 0064 0134     		adds	r4, r4, #1
 126              	.LVL12:
 127 0066 E4B2     		uxtb	r4, r4
 128              	.LVL13:
 129              	.L2:
 420:Generated_Source\PSoC5/CAN_INT.c ****         {
 130              		.loc 1 420 0 is_stmt 0 discriminator 1
 131 0068 0F2C     		cmp	r4, #15
 132 006a D0D9     		bls	.L12
 455:Generated_Source\PSoC5/CAN_INT.c ****         }
 456:Generated_Source\PSoC5/CAN_INT.c ****     }
 133              		.loc 1 456 0 is_stmt 1
 134 006c 38BD     		pop	{r3, r4, r5, pc}
 135              	.LVL14:
 136              	.L15:
 137 006e 00BF     		.align	2
 138              	.L14:
 139 0070 00A00040 		.word	1073782784
 140 0074 08A00040 		.word	1073782792
 141 0078 A0A00040 		.word	1073782944
 142              		.cfi_endproc
 143              	.LFE0:
 144              		.size	CAN_MsgRXIsr, .-CAN_MsgRXIsr
 145              		.section	.text.CAN_ISR,"ax",%progbits
 146              		.align	2
 147              		.global	CAN_ISR
 148              		.thumb
 149              		.thumb_func
 150              		.type	CAN_ISR, %function
 151              	CAN_ISR:
 152              	.LFB1:
 457:Generated_Source\PSoC5/CAN_INT.c **** #endif /* CAN_RX_MESSAGE */
 458:Generated_Source\PSoC5/CAN_INT.c **** 
 459:Generated_Source\PSoC5/CAN_INT.c **** 
 460:Generated_Source\PSoC5/CAN_INT.c **** /*******************************************************************************
 461:Generated_Source\PSoC5/CAN_INT.c **** * Function Name: CAN_ISR
 462:Generated_Source\PSoC5/CAN_INT.c **** ********************************************************************************
 463:Generated_Source\PSoC5/CAN_INT.c **** *
 464:Generated_Source\PSoC5/CAN_INT.c **** * Summary:
 465:Generated_Source\PSoC5/CAN_INT.c **** *  This ISR is executed when CAN Core generates and interrupt on one of events:
 466:Generated_Source\PSoC5/CAN_INT.c **** *  Arb_lost, Overload, Bit_err, Stuff_err, Ack_err, Form_err, Crc_err,
 467:Generated_Source\PSoC5/CAN_INT.c **** *  Buss_off, Rx_msg_lost, Tx_msg or Rx_msg. The interrupt sources depends
 468:Generated_Source\PSoC5/CAN_INT.c **** *  on the Customizer inputs.
 469:Generated_Source\PSoC5/CAN_INT.c **** *
 470:Generated_Source\PSoC5/CAN_INT.c **** * Parameters:
 471:Generated_Source\PSoC5/CAN_INT.c **** *  None.
 472:Generated_Source\PSoC5/CAN_INT.c **** *
ARM GAS  C:\Users\ANDREY~1\AppData\Local\Temp\ccixiAF8.s 			page 12


 473:Generated_Source\PSoC5/CAN_INT.c **** * Return:
 474:Generated_Source\PSoC5/CAN_INT.c **** *  None.
 475:Generated_Source\PSoC5/CAN_INT.c **** *
 476:Generated_Source\PSoC5/CAN_INT.c **** *******************************************************************************/
 477:Generated_Source\PSoC5/CAN_INT.c **** CY_ISR(CAN_ISR)
 478:Generated_Source\PSoC5/CAN_INT.c **** {
 153              		.loc 1 478 0
 154              		.cfi_startproc
 155              		@ args = 0, pretend = 0, frame = 0
 156              		@ frame_needed = 0, uses_anonymous_args = 0
 157 0000 08B5     		push	{r3, lr}
 158              		.cfi_def_cfa_offset 8
 159              		.cfi_offset 3, -8
 160              		.cfi_offset 14, -4
 479:Generated_Source\PSoC5/CAN_INT.c ****     #ifdef CAN_ISR_INTERRUPT_CALLBACK
 480:Generated_Source\PSoC5/CAN_INT.c ****         CAN_ISR_InterruptCallback();
 481:Generated_Source\PSoC5/CAN_INT.c ****     #endif /* CAN_ISR_INTERRUPT_CALLBACK */
 482:Generated_Source\PSoC5/CAN_INT.c ****     
 483:Generated_Source\PSoC5/CAN_INT.c ****     /* Place your Interrupt code here. */
 484:Generated_Source\PSoC5/CAN_INT.c ****     /* `#START CAN_ISR` */
 485:Generated_Source\PSoC5/CAN_INT.c **** 
 486:Generated_Source\PSoC5/CAN_INT.c ****     /* `#END` */
 487:Generated_Source\PSoC5/CAN_INT.c ****     
 488:Generated_Source\PSoC5/CAN_INT.c ****     /* Arbitration */
 489:Generated_Source\PSoC5/CAN_INT.c ****     #if (CAN_ARB_LOST && (CAN_ARB_LOST_USE_HELPER || \
 490:Generated_Source\PSoC5/CAN_INT.c ****         (!CAN_ADVANCED_INTERRUPT_CFG)))
 491:Generated_Source\PSoC5/CAN_INT.c ****         if ((CAN_INT_SR_REG.byte[0u] & CAN_ARBITRATION_LOST_MASK) != 0u)
 492:Generated_Source\PSoC5/CAN_INT.c ****         {
 493:Generated_Source\PSoC5/CAN_INT.c ****             CAN_ArbLostIsr();
 494:Generated_Source\PSoC5/CAN_INT.c ****         }
 495:Generated_Source\PSoC5/CAN_INT.c ****     #endif /* CAN_ARB_LOST && CAN_ARB_LOST_USE_HELPER */
 496:Generated_Source\PSoC5/CAN_INT.c **** 
 497:Generated_Source\PSoC5/CAN_INT.c ****     /* Overload Error */
 498:Generated_Source\PSoC5/CAN_INT.c ****     #if (CAN_OVERLOAD && (CAN_OVERLOAD_USE_HELPER || \
 499:Generated_Source\PSoC5/CAN_INT.c ****         (!CAN_ADVANCED_INTERRUPT_CFG)))
 500:Generated_Source\PSoC5/CAN_INT.c ****         if ((CAN_INT_SR_REG.byte[0u] & CAN_OVERLOAD_ERROR_MASK) != 0u)
 501:Generated_Source\PSoC5/CAN_INT.c ****         {
 502:Generated_Source\PSoC5/CAN_INT.c ****             CAN_OvrLdErrorIsr();
 503:Generated_Source\PSoC5/CAN_INT.c ****         }
 504:Generated_Source\PSoC5/CAN_INT.c ****     #endif /* CAN_OVERLOAD && CAN_OVERLOAD_USE_HELPER */
 505:Generated_Source\PSoC5/CAN_INT.c **** 
 506:Generated_Source\PSoC5/CAN_INT.c ****     /* Bit Error */
 507:Generated_Source\PSoC5/CAN_INT.c ****     #if (CAN_BIT_ERR && (CAN_BIT_ERR_USE_HELPER || \
 508:Generated_Source\PSoC5/CAN_INT.c ****         (!CAN_ADVANCED_INTERRUPT_CFG)))
 509:Generated_Source\PSoC5/CAN_INT.c ****         if ((CAN_INT_SR_REG.byte[0u] & CAN_BIT_ERROR_MASK) != 0u)
 510:Generated_Source\PSoC5/CAN_INT.c ****         {
 511:Generated_Source\PSoC5/CAN_INT.c ****             CAN_BitErrorIsr();
 512:Generated_Source\PSoC5/CAN_INT.c ****         }
 513:Generated_Source\PSoC5/CAN_INT.c ****     #endif /* CAN_BIT_ERR && CAN_BIT_ERR_USE_HELPER */
 514:Generated_Source\PSoC5/CAN_INT.c **** 
 515:Generated_Source\PSoC5/CAN_INT.c ****     /* Bit Staff Error */
 516:Generated_Source\PSoC5/CAN_INT.c ****     #if (CAN_STUFF_ERR && (CAN_STUFF_ERR_USE_HELPER || \
 517:Generated_Source\PSoC5/CAN_INT.c ****         (!CAN_ADVANCED_INTERRUPT_CFG)))
 518:Generated_Source\PSoC5/CAN_INT.c ****         if ((CAN_INT_SR_REG.byte[0u] & CAN_STUFF_ERROR_MASK) != 0u)
 519:Generated_Source\PSoC5/CAN_INT.c ****         {
 520:Generated_Source\PSoC5/CAN_INT.c ****             CAN_BitStuffErrorIsr();
 521:Generated_Source\PSoC5/CAN_INT.c ****         }
ARM GAS  C:\Users\ANDREY~1\AppData\Local\Temp\ccixiAF8.s 			page 13


 522:Generated_Source\PSoC5/CAN_INT.c ****     #endif /* CAN_STUFF_ERR && CAN_STUFF_ERR_USE_HELPER */
 523:Generated_Source\PSoC5/CAN_INT.c **** 
 524:Generated_Source\PSoC5/CAN_INT.c ****     /* ACK Error */
 525:Generated_Source\PSoC5/CAN_INT.c ****     #if (CAN_ACK_ERR && (CAN_ACK_ERR_USE_HELPER || \
 526:Generated_Source\PSoC5/CAN_INT.c ****         (!CAN_ADVANCED_INTERRUPT_CFG)))
 527:Generated_Source\PSoC5/CAN_INT.c ****         if ((CAN_INT_SR_REG.byte[0u] & CAN_ACK_ERROR_MASK) != 0u)
 528:Generated_Source\PSoC5/CAN_INT.c ****         {
 529:Generated_Source\PSoC5/CAN_INT.c ****             CAN_AckErrorIsr();
 530:Generated_Source\PSoC5/CAN_INT.c ****         }
 531:Generated_Source\PSoC5/CAN_INT.c ****     #endif /* CAN_ACK_ERR && CAN_ACK_ERR_USE_HELPER */
 532:Generated_Source\PSoC5/CAN_INT.c **** 
 533:Generated_Source\PSoC5/CAN_INT.c ****     /* Form(msg) Error */
 534:Generated_Source\PSoC5/CAN_INT.c ****     #if (CAN_FORM_ERR && (CAN_FORM_ERR_USE_HELPER || \
 535:Generated_Source\PSoC5/CAN_INT.c ****         (!CAN_ADVANCED_INTERRUPT_CFG)))
 536:Generated_Source\PSoC5/CAN_INT.c ****         if ((CAN_INT_SR_REG.byte[0u] & CAN_FORM_ERROR_MASK) != 0u)
 537:Generated_Source\PSoC5/CAN_INT.c ****         {
 538:Generated_Source\PSoC5/CAN_INT.c ****             CAN_MsgErrorIsr();
 539:Generated_Source\PSoC5/CAN_INT.c ****         }
 540:Generated_Source\PSoC5/CAN_INT.c ****     #endif /* CAN_FORM_ERR && CAN_FORM_ERR_USE_HELPER */
 541:Generated_Source\PSoC5/CAN_INT.c **** 
 542:Generated_Source\PSoC5/CAN_INT.c ****     /* CRC Error */
 543:Generated_Source\PSoC5/CAN_INT.c ****     #if (CAN_CRC_ERR && (CAN_CRC_ERR_USE_HELPER || \
 544:Generated_Source\PSoC5/CAN_INT.c ****         (!CAN_ADVANCED_INTERRUPT_CFG)))
 545:Generated_Source\PSoC5/CAN_INT.c ****         if ((CAN_INT_SR_REG.byte[1u] & CAN_CRC_ERROR_MASK) != 0u)
 546:Generated_Source\PSoC5/CAN_INT.c ****         {
 547:Generated_Source\PSoC5/CAN_INT.c ****             CAN_CrcErrorIsr();
 548:Generated_Source\PSoC5/CAN_INT.c ****         }
 549:Generated_Source\PSoC5/CAN_INT.c ****     #endif /* CAN_CRC_ERR && CAN_CRC_ERR_USE_HELPER */
 550:Generated_Source\PSoC5/CAN_INT.c **** 
 551:Generated_Source\PSoC5/CAN_INT.c ****     /* Bus Off state */
 552:Generated_Source\PSoC5/CAN_INT.c ****     #if (CAN_BUS_OFF && (CAN_BUS_OFF_USE_HELPER || \
 553:Generated_Source\PSoC5/CAN_INT.c ****         (!CAN_ADVANCED_INTERRUPT_CFG)))
 554:Generated_Source\PSoC5/CAN_INT.c ****         if ((CAN_INT_SR_REG.byte[1u] & CAN_BUS_OFF_MASK) != 0u)
 555:Generated_Source\PSoC5/CAN_INT.c ****         {
 556:Generated_Source\PSoC5/CAN_INT.c ****             CAN_BusOffIsr();
 557:Generated_Source\PSoC5/CAN_INT.c ****         }
 558:Generated_Source\PSoC5/CAN_INT.c ****     #endif /* CAN_BUS_OFF && CAN_BUS_OFF_USE_HELPER */
 559:Generated_Source\PSoC5/CAN_INT.c **** 
 560:Generated_Source\PSoC5/CAN_INT.c ****     /* Message Lost */
 561:Generated_Source\PSoC5/CAN_INT.c ****     #if (CAN_RX_MSG_LOST && (CAN_RX_MSG_LOST_USE_HELPER || \
 562:Generated_Source\PSoC5/CAN_INT.c ****         (!CAN_ADVANCED_INTERRUPT_CFG)))
 563:Generated_Source\PSoC5/CAN_INT.c ****         if ((CAN_INT_SR_REG.byte[1u] & CAN_RX_MSG_LOST_MASK) != 0u)
 564:Generated_Source\PSoC5/CAN_INT.c ****         {
 565:Generated_Source\PSoC5/CAN_INT.c ****             CAN_MsgLostIsr();
 566:Generated_Source\PSoC5/CAN_INT.c ****         }
 567:Generated_Source\PSoC5/CAN_INT.c ****     #endif /* CAN_RX_MSG_LOST && CAN_RX_MSG_LOST_USE_HELPER */
 568:Generated_Source\PSoC5/CAN_INT.c **** 
 569:Generated_Source\PSoC5/CAN_INT.c ****     /* TX Message Send */
 570:Generated_Source\PSoC5/CAN_INT.c ****     #if (CAN_TX_MESSAGE && (CAN_TX_MESSAGE_USE_HELPER || \
 571:Generated_Source\PSoC5/CAN_INT.c ****         (!CAN_ADVANCED_INTERRUPT_CFG)))
 572:Generated_Source\PSoC5/CAN_INT.c ****         if ((CAN_INT_SR_REG.byte[1u] & CAN_TX_MESSAGE_MASK) != 0u)
 573:Generated_Source\PSoC5/CAN_INT.c ****         {
 574:Generated_Source\PSoC5/CAN_INT.c ****             CAN_MsgTXIsr();
 575:Generated_Source\PSoC5/CAN_INT.c ****         }
 576:Generated_Source\PSoC5/CAN_INT.c ****     #endif /* CAN_TX_MESSAGE && CAN_TX_MESSAGE_USE_HELPER */
 577:Generated_Source\PSoC5/CAN_INT.c **** 
 578:Generated_Source\PSoC5/CAN_INT.c ****     /* RX Message Available */
ARM GAS  C:\Users\ANDREY~1\AppData\Local\Temp\ccixiAF8.s 			page 14


 579:Generated_Source\PSoC5/CAN_INT.c ****     #if (CAN_RX_MESSAGE && (CAN_RX_MESSAGE_USE_HELPER || \
 580:Generated_Source\PSoC5/CAN_INT.c ****         (!CAN_ADVANCED_INTERRUPT_CFG)))
 581:Generated_Source\PSoC5/CAN_INT.c ****         if ((CAN_INT_SR_REG.byte[1u] & CAN_RX_MESSAGE_MASK) != 0u)
 161              		.loc 1 581 0
 162 0002 044B     		ldr	r3, .L19
 163 0004 5B78     		ldrb	r3, [r3, #1]	@ zero_extendqisi2
 164 0006 13F0100F 		tst	r3, #16
 165 000a 01D0     		beq	.L16
 582:Generated_Source\PSoC5/CAN_INT.c ****         {
 583:Generated_Source\PSoC5/CAN_INT.c ****             CAN_MsgRXIsr();
 166              		.loc 1 583 0
 167 000c FFF7FEFF 		bl	CAN_MsgRXIsr
 168              	.LVL15:
 169              	.L16:
 170 0010 08BD     		pop	{r3, pc}
 171              	.L20:
 172 0012 00BF     		.align	2
 173              	.L19:
 174 0014 00A00040 		.word	1073782784
 175              		.cfi_endproc
 176              	.LFE1:
 177              		.size	CAN_ISR, .-CAN_ISR
 178              		.text
 179              	.Letext0:
 180              		.file 2 "Generated_Source\\PSoC5\\cytypes.h"
 181              		.file 3 "Generated_Source\\PSoC5\\CAN.h"
 182              		.section	.debug_info,"",%progbits
 183              	.Ldebug_info0:
 184 0000 88020000 		.4byte	0x288
 185 0004 0400     		.2byte	0x4
 186 0006 00000000 		.4byte	.Ldebug_abbrev0
 187 000a 04       		.byte	0x4
 188 000b 01       		.uleb128 0x1
 189 000c 75010000 		.4byte	.LASF40
 190 0010 0C       		.byte	0xc
 191 0011 26020000 		.4byte	.LASF41
 192 0015 19010000 		.4byte	.LASF42
 193 0019 00000000 		.4byte	.Ldebug_ranges0+0
 194 001d 00000000 		.4byte	0
 195 0021 00000000 		.4byte	.Ldebug_line0
 196 0025 02       		.uleb128 0x2
 197 0026 01       		.byte	0x1
 198 0027 06       		.byte	0x6
 199 0028 B6020000 		.4byte	.LASF0
 200 002c 02       		.uleb128 0x2
 201 002d 01       		.byte	0x1
 202 002e 08       		.byte	0x8
 203 002f 9C000000 		.4byte	.LASF1
 204 0033 02       		.uleb128 0x2
 205 0034 02       		.byte	0x2
 206 0035 05       		.byte	0x5
 207 0036 47020000 		.4byte	.LASF2
 208 003a 02       		.uleb128 0x2
 209 003b 02       		.byte	0x2
 210 003c 07       		.byte	0x7
 211 003d 53000000 		.4byte	.LASF3
 212 0041 02       		.uleb128 0x2
ARM GAS  C:\Users\ANDREY~1\AppData\Local\Temp\ccixiAF8.s 			page 15


 213 0042 04       		.byte	0x4
 214 0043 05       		.byte	0x5
 215 0044 A1020000 		.4byte	.LASF4
 216 0048 02       		.uleb128 0x2
 217 0049 04       		.byte	0x4
 218 004a 07       		.byte	0x7
 219 004b B4000000 		.4byte	.LASF5
 220 004f 02       		.uleb128 0x2
 221 0050 08       		.byte	0x8
 222 0051 05       		.byte	0x5
 223 0052 13020000 		.4byte	.LASF6
 224 0056 02       		.uleb128 0x2
 225 0057 08       		.byte	0x8
 226 0058 07       		.byte	0x7
 227 0059 02010000 		.4byte	.LASF7
 228 005d 03       		.uleb128 0x3
 229 005e 04       		.byte	0x4
 230 005f 05       		.byte	0x5
 231 0060 696E7400 		.ascii	"int\000"
 232 0064 02       		.uleb128 0x2
 233 0065 04       		.byte	0x4
 234 0066 07       		.byte	0x7
 235 0067 F5000000 		.4byte	.LASF8
 236 006b 04       		.uleb128 0x4
 237 006c C6000000 		.4byte	.LASF9
 238 0070 02       		.byte	0x2
 239 0071 3801     		.2byte	0x138
 240 0073 2C000000 		.4byte	0x2c
 241 0077 04       		.uleb128 0x4
 242 0078 E1000000 		.4byte	.LASF10
 243 007c 02       		.byte	0x2
 244 007d 3901     		.2byte	0x139
 245 007f 3A000000 		.4byte	0x3a
 246 0083 02       		.uleb128 0x2
 247 0084 04       		.byte	0x4
 248 0085 04       		.byte	0x4
 249 0086 96000000 		.4byte	.LASF11
 250 008a 02       		.uleb128 0x2
 251 008b 08       		.byte	0x8
 252 008c 04       		.byte	0x4
 253 008d DA000000 		.4byte	.LASF12
 254 0091 02       		.uleb128 0x2
 255 0092 01       		.byte	0x1
 256 0093 08       		.byte	0x8
 257 0094 21020000 		.4byte	.LASF13
 258 0098 04       		.uleb128 0x4
 259 0099 AF000000 		.4byte	.LASF14
 260 009d 02       		.byte	0x2
 261 009e E201     		.2byte	0x1e2
 262 00a0 A4000000 		.4byte	0xa4
 263 00a4 05       		.uleb128 0x5
 264 00a5 6B000000 		.4byte	0x6b
 265 00a9 04       		.uleb128 0x4
 266 00aa 00000000 		.4byte	.LASF15
 267 00ae 02       		.byte	0x2
 268 00af E301     		.2byte	0x1e3
 269 00b1 B5000000 		.4byte	0xb5
ARM GAS  C:\Users\ANDREY~1\AppData\Local\Temp\ccixiAF8.s 			page 16


 270 00b5 05       		.uleb128 0x5
 271 00b6 77000000 		.4byte	0x77
 272 00ba 02       		.uleb128 0x2
 273 00bb 08       		.byte	0x8
 274 00bc 04       		.byte	0x4
 275 00bd AA020000 		.4byte	.LASF16
 276 00c1 02       		.uleb128 0x2
 277 00c2 04       		.byte	0x4
 278 00c3 07       		.byte	0x7
 279 00c4 03020000 		.4byte	.LASF17
 280 00c8 06       		.uleb128 0x6
 281 00c9 08       		.byte	0x8
 282 00ca 03       		.byte	0x3
 283 00cb 75       		.byte	0x75
 284 00cc DD000000 		.4byte	0xdd
 285 00d0 07       		.uleb128 0x7
 286 00d1 66000000 		.4byte	.LASF19
 287 00d5 03       		.byte	0x3
 288 00d6 77       		.byte	0x77
 289 00d7 ED000000 		.4byte	0xed
 290 00db 00       		.byte	0
 291 00dc 00       		.byte	0
 292 00dd 08       		.uleb128 0x8
 293 00de 98000000 		.4byte	0x98
 294 00e2 ED000000 		.4byte	0xed
 295 00e6 09       		.uleb128 0x9
 296 00e7 C1000000 		.4byte	0xc1
 297 00eb 07       		.byte	0x7
 298 00ec 00       		.byte	0
 299 00ed 05       		.uleb128 0x5
 300 00ee DD000000 		.4byte	0xdd
 301 00f2 0A       		.uleb128 0xa
 302 00f3 25000000 		.4byte	.LASF18
 303 00f7 03       		.byte	0x3
 304 00f8 78       		.byte	0x78
 305 00f9 C8000000 		.4byte	0xc8
 306 00fd 06       		.uleb128 0x6
 307 00fe 04       		.byte	0x4
 308 00ff 03       		.byte	0x3
 309 0100 7B       		.byte	0x7b
 310 0101 12010000 		.4byte	0x112
 311 0105 07       		.uleb128 0x7
 312 0106 66000000 		.4byte	.LASF19
 313 010a 03       		.byte	0x3
 314 010b 7D       		.byte	0x7d
 315 010c 22010000 		.4byte	0x122
 316 0110 00       		.byte	0
 317 0111 00       		.byte	0
 318 0112 08       		.uleb128 0x8
 319 0113 98000000 		.4byte	0x98
 320 0117 22010000 		.4byte	0x122
 321 011b 09       		.uleb128 0x9
 322 011c C1000000 		.4byte	0xc1
 323 0120 03       		.byte	0x3
 324 0121 00       		.byte	0
 325 0122 05       		.uleb128 0x5
 326 0123 12010000 		.4byte	0x112
ARM GAS  C:\Users\ANDREY~1\AppData\Local\Temp\ccixiAF8.s 			page 17


 327 0127 0A       		.uleb128 0xa
 328 0128 48000000 		.4byte	.LASF20
 329 012c 03       		.byte	0x3
 330 012d 7E       		.byte	0x7e
 331 012e FD000000 		.4byte	0xfd
 332 0132 06       		.uleb128 0x6
 333 0133 20       		.byte	0x20
 334 0134 03       		.byte	0x3
 335 0135 A0       		.byte	0xa0
 336 0136 8F010000 		.4byte	0x18f
 337 013a 07       		.uleb128 0x7
 338 013b 6F010000 		.4byte	.LASF21
 339 013f 03       		.byte	0x3
 340 0140 A2       		.byte	0xa2
 341 0141 27010000 		.4byte	0x127
 342 0145 00       		.byte	0
 343 0146 07       		.uleb128 0x7
 344 0147 AA000000 		.4byte	.LASF22
 345 014b 03       		.byte	0x3
 346 014c A3       		.byte	0xa3
 347 014d 27010000 		.4byte	0x127
 348 0151 04       		.byte	0x4
 349 0152 07       		.uleb128 0x7
 350 0153 6B000000 		.4byte	.LASF23
 351 0157 03       		.byte	0x3
 352 0158 A4       		.byte	0xa4
 353 0159 F2000000 		.4byte	0xf2
 354 015d 08       		.byte	0x8
 355 015e 07       		.uleb128 0x7
 356 015f 34000000 		.4byte	.LASF24
 357 0163 03       		.byte	0x3
 358 0164 A5       		.byte	0xa5
 359 0165 27010000 		.4byte	0x127
 360 0169 10       		.byte	0x10
 361 016a 07       		.uleb128 0x7
 362 016b D4000000 		.4byte	.LASF25
 363 016f 03       		.byte	0x3
 364 0170 A6       		.byte	0xa6
 365 0171 27010000 		.4byte	0x127
 366 0175 14       		.byte	0x14
 367 0176 07       		.uleb128 0x7
 368 0177 0C020000 		.4byte	.LASF26
 369 017b 03       		.byte	0x3
 370 017c A7       		.byte	0xa7
 371 017d 27010000 		.4byte	0x127
 372 0181 18       		.byte	0x18
 373 0182 07       		.uleb128 0x7
 374 0183 8F000000 		.4byte	.LASF27
 375 0187 03       		.byte	0x3
 376 0188 A8       		.byte	0xa8
 377 0189 27010000 		.4byte	0x127
 378 018d 1C       		.byte	0x1c
 379 018e 00       		.byte	0
 380 018f 0A       		.uleb128 0xa
 381 0190 61010000 		.4byte	.LASF28
 382 0194 03       		.byte	0x3
 383 0195 A9       		.byte	0xa9
ARM GAS  C:\Users\ANDREY~1\AppData\Local\Temp\ccixiAF8.s 			page 18


 384 0196 32010000 		.4byte	0x132
 385 019a 0B       		.uleb128 0xb
 386 019b E8000000 		.4byte	.LASF31
 387 019f 01       		.byte	0x1
 388 01a0 9401     		.2byte	0x194
 389 01a2 00000000 		.4byte	.LFB0
 390 01a6 7C000000 		.4byte	.LFE0-.LFB0
 391 01aa 01       		.uleb128 0x1
 392 01ab 9C       		.byte	0x9c
 393 01ac 17020000 		.4byte	0x217
 394 01b0 0C       		.uleb128 0xc
 395 01b1 3A000000 		.4byte	.LASF29
 396 01b5 01       		.byte	0x1
 397 01b6 9601     		.2byte	0x196
 398 01b8 6B000000 		.4byte	0x6b
 399 01bc 00000000 		.4byte	.LLST0
 400 01c0 0C       		.uleb128 0xc
 401 01c1 06000000 		.4byte	.LASF30
 402 01c5 01       		.byte	0x1
 403 01c6 9701     		.2byte	0x197
 404 01c8 77000000 		.4byte	0x77
 405 01cc 2A000000 		.4byte	.LLST1
 406 01d0 0D       		.uleb128 0xd
 407 01d1 3A000000 		.4byte	.LVL3
 408 01d5 37020000 		.4byte	0x237
 409 01d9 0D       		.uleb128 0xd
 410 01da 40000000 		.4byte	.LVL4
 411 01de 43020000 		.4byte	0x243
 412 01e2 0D       		.uleb128 0xd
 413 01e3 46000000 		.4byte	.LVL5
 414 01e7 4F020000 		.4byte	0x24f
 415 01eb 0D       		.uleb128 0xd
 416 01ec 4C000000 		.4byte	.LVL6
 417 01f0 5B020000 		.4byte	0x25b
 418 01f4 0D       		.uleb128 0xd
 419 01f5 52000000 		.4byte	.LVL7
 420 01f9 67020000 		.4byte	0x267
 421 01fd 0D       		.uleb128 0xd
 422 01fe 58000000 		.4byte	.LVL8
 423 0202 73020000 		.4byte	0x273
 424 0206 0E       		.uleb128 0xe
 425 0207 60000000 		.4byte	.LVL9
 426 020b 7F020000 		.4byte	0x27f
 427 020f 0F       		.uleb128 0xf
 428 0210 01       		.uleb128 0x1
 429 0211 50       		.byte	0x50
 430 0212 02       		.uleb128 0x2
 431 0213 74       		.byte	0x74
 432 0214 00       		.sleb128 0
 433 0215 00       		.byte	0
 434 0216 00       		.byte	0
 435 0217 0B       		.uleb128 0xb
 436 0218 CC000000 		.4byte	.LASF32
 437 021c 01       		.byte	0x1
 438 021d DD01     		.2byte	0x1dd
 439 021f 00000000 		.4byte	.LFB1
 440 0223 18000000 		.4byte	.LFE1-.LFB1
ARM GAS  C:\Users\ANDREY~1\AppData\Local\Temp\ccixiAF8.s 			page 19


 441 0227 01       		.uleb128 0x1
 442 0228 9C       		.byte	0x9c
 443 0229 37020000 		.4byte	0x237
 444 022d 0D       		.uleb128 0xd
 445 022e 10000000 		.4byte	.LVL15
 446 0232 9A010000 		.4byte	0x19a
 447 0236 00       		.byte	0
 448 0237 10       		.uleb128 0x10
 449 0238 6B020000 		.4byte	.LASF33
 450 023c 6B020000 		.4byte	.LASF33
 451 0240 03       		.byte	0x3
 452 0241 3501     		.2byte	0x135
 453 0243 10       		.uleb128 0x10
 454 0244 72000000 		.4byte	.LASF34
 455 0248 72000000 		.4byte	.LASF34
 456 024c 03       		.byte	0x3
 457 024d 3801     		.2byte	0x138
 458 024f 10       		.uleb128 0x10
 459 0250 C2020000 		.4byte	.LASF35
 460 0254 C2020000 		.4byte	.LASF35
 461 0258 03       		.byte	0x3
 462 0259 3B01     		.2byte	0x13b
 463 025b 10       		.uleb128 0x10
 464 025c 87020000 		.4byte	.LASF36
 465 0260 87020000 		.4byte	.LASF36
 466 0264 03       		.byte	0x3
 467 0265 3E01     		.2byte	0x13e
 468 0267 10       		.uleb128 0x10
 469 0268 0C000000 		.4byte	.LASF37
 470 026c 0C000000 		.4byte	.LASF37
 471 0270 03       		.byte	0x3
 472 0271 4101     		.2byte	0x141
 473 0273 10       		.uleb128 0x10
 474 0274 51020000 		.4byte	.LASF38
 475 0278 51020000 		.4byte	.LASF38
 476 027c 03       		.byte	0x3
 477 027d 4401     		.2byte	0x144
 478 027f 10       		.uleb128 0x10
 479 0280 E1020000 		.4byte	.LASF39
 480 0284 E1020000 		.4byte	.LASF39
 481 0288 03       		.byte	0x3
 482 0289 1A01     		.2byte	0x11a
 483 028b 00       		.byte	0
 484              		.section	.debug_abbrev,"",%progbits
 485              	.Ldebug_abbrev0:
 486 0000 01       		.uleb128 0x1
 487 0001 11       		.uleb128 0x11
 488 0002 01       		.byte	0x1
 489 0003 25       		.uleb128 0x25
 490 0004 0E       		.uleb128 0xe
 491 0005 13       		.uleb128 0x13
 492 0006 0B       		.uleb128 0xb
 493 0007 03       		.uleb128 0x3
 494 0008 0E       		.uleb128 0xe
 495 0009 1B       		.uleb128 0x1b
 496 000a 0E       		.uleb128 0xe
 497 000b 55       		.uleb128 0x55
ARM GAS  C:\Users\ANDREY~1\AppData\Local\Temp\ccixiAF8.s 			page 20


 498 000c 17       		.uleb128 0x17
 499 000d 11       		.uleb128 0x11
 500 000e 01       		.uleb128 0x1
 501 000f 10       		.uleb128 0x10
 502 0010 17       		.uleb128 0x17
 503 0011 00       		.byte	0
 504 0012 00       		.byte	0
 505 0013 02       		.uleb128 0x2
 506 0014 24       		.uleb128 0x24
 507 0015 00       		.byte	0
 508 0016 0B       		.uleb128 0xb
 509 0017 0B       		.uleb128 0xb
 510 0018 3E       		.uleb128 0x3e
 511 0019 0B       		.uleb128 0xb
 512 001a 03       		.uleb128 0x3
 513 001b 0E       		.uleb128 0xe
 514 001c 00       		.byte	0
 515 001d 00       		.byte	0
 516 001e 03       		.uleb128 0x3
 517 001f 24       		.uleb128 0x24
 518 0020 00       		.byte	0
 519 0021 0B       		.uleb128 0xb
 520 0022 0B       		.uleb128 0xb
 521 0023 3E       		.uleb128 0x3e
 522 0024 0B       		.uleb128 0xb
 523 0025 03       		.uleb128 0x3
 524 0026 08       		.uleb128 0x8
 525 0027 00       		.byte	0
 526 0028 00       		.byte	0
 527 0029 04       		.uleb128 0x4
 528 002a 16       		.uleb128 0x16
 529 002b 00       		.byte	0
 530 002c 03       		.uleb128 0x3
 531 002d 0E       		.uleb128 0xe
 532 002e 3A       		.uleb128 0x3a
 533 002f 0B       		.uleb128 0xb
 534 0030 3B       		.uleb128 0x3b
 535 0031 05       		.uleb128 0x5
 536 0032 49       		.uleb128 0x49
 537 0033 13       		.uleb128 0x13
 538 0034 00       		.byte	0
 539 0035 00       		.byte	0
 540 0036 05       		.uleb128 0x5
 541 0037 35       		.uleb128 0x35
 542 0038 00       		.byte	0
 543 0039 49       		.uleb128 0x49
 544 003a 13       		.uleb128 0x13
 545 003b 00       		.byte	0
 546 003c 00       		.byte	0
 547 003d 06       		.uleb128 0x6
 548 003e 13       		.uleb128 0x13
 549 003f 01       		.byte	0x1
 550 0040 0B       		.uleb128 0xb
 551 0041 0B       		.uleb128 0xb
 552 0042 3A       		.uleb128 0x3a
 553 0043 0B       		.uleb128 0xb
 554 0044 3B       		.uleb128 0x3b
ARM GAS  C:\Users\ANDREY~1\AppData\Local\Temp\ccixiAF8.s 			page 21


 555 0045 0B       		.uleb128 0xb
 556 0046 01       		.uleb128 0x1
 557 0047 13       		.uleb128 0x13
 558 0048 00       		.byte	0
 559 0049 00       		.byte	0
 560 004a 07       		.uleb128 0x7
 561 004b 0D       		.uleb128 0xd
 562 004c 00       		.byte	0
 563 004d 03       		.uleb128 0x3
 564 004e 0E       		.uleb128 0xe
 565 004f 3A       		.uleb128 0x3a
 566 0050 0B       		.uleb128 0xb
 567 0051 3B       		.uleb128 0x3b
 568 0052 0B       		.uleb128 0xb
 569 0053 49       		.uleb128 0x49
 570 0054 13       		.uleb128 0x13
 571 0055 38       		.uleb128 0x38
 572 0056 0B       		.uleb128 0xb
 573 0057 00       		.byte	0
 574 0058 00       		.byte	0
 575 0059 08       		.uleb128 0x8
 576 005a 01       		.uleb128 0x1
 577 005b 01       		.byte	0x1
 578 005c 49       		.uleb128 0x49
 579 005d 13       		.uleb128 0x13
 580 005e 01       		.uleb128 0x1
 581 005f 13       		.uleb128 0x13
 582 0060 00       		.byte	0
 583 0061 00       		.byte	0
 584 0062 09       		.uleb128 0x9
 585 0063 21       		.uleb128 0x21
 586 0064 00       		.byte	0
 587 0065 49       		.uleb128 0x49
 588 0066 13       		.uleb128 0x13
 589 0067 2F       		.uleb128 0x2f
 590 0068 0B       		.uleb128 0xb
 591 0069 00       		.byte	0
 592 006a 00       		.byte	0
 593 006b 0A       		.uleb128 0xa
 594 006c 16       		.uleb128 0x16
 595 006d 00       		.byte	0
 596 006e 03       		.uleb128 0x3
 597 006f 0E       		.uleb128 0xe
 598 0070 3A       		.uleb128 0x3a
 599 0071 0B       		.uleb128 0xb
 600 0072 3B       		.uleb128 0x3b
 601 0073 0B       		.uleb128 0xb
 602 0074 49       		.uleb128 0x49
 603 0075 13       		.uleb128 0x13
 604 0076 00       		.byte	0
 605 0077 00       		.byte	0
 606 0078 0B       		.uleb128 0xb
 607 0079 2E       		.uleb128 0x2e
 608 007a 01       		.byte	0x1
 609 007b 3F       		.uleb128 0x3f
 610 007c 19       		.uleb128 0x19
 611 007d 03       		.uleb128 0x3
ARM GAS  C:\Users\ANDREY~1\AppData\Local\Temp\ccixiAF8.s 			page 22


 612 007e 0E       		.uleb128 0xe
 613 007f 3A       		.uleb128 0x3a
 614 0080 0B       		.uleb128 0xb
 615 0081 3B       		.uleb128 0x3b
 616 0082 05       		.uleb128 0x5
 617 0083 27       		.uleb128 0x27
 618 0084 19       		.uleb128 0x19
 619 0085 11       		.uleb128 0x11
 620 0086 01       		.uleb128 0x1
 621 0087 12       		.uleb128 0x12
 622 0088 06       		.uleb128 0x6
 623 0089 40       		.uleb128 0x40
 624 008a 18       		.uleb128 0x18
 625 008b 9742     		.uleb128 0x2117
 626 008d 19       		.uleb128 0x19
 627 008e 01       		.uleb128 0x1
 628 008f 13       		.uleb128 0x13
 629 0090 00       		.byte	0
 630 0091 00       		.byte	0
 631 0092 0C       		.uleb128 0xc
 632 0093 34       		.uleb128 0x34
 633 0094 00       		.byte	0
 634 0095 03       		.uleb128 0x3
 635 0096 0E       		.uleb128 0xe
 636 0097 3A       		.uleb128 0x3a
 637 0098 0B       		.uleb128 0xb
 638 0099 3B       		.uleb128 0x3b
 639 009a 05       		.uleb128 0x5
 640 009b 49       		.uleb128 0x49
 641 009c 13       		.uleb128 0x13
 642 009d 02       		.uleb128 0x2
 643 009e 17       		.uleb128 0x17
 644 009f 00       		.byte	0
 645 00a0 00       		.byte	0
 646 00a1 0D       		.uleb128 0xd
 647 00a2 898201   		.uleb128 0x4109
 648 00a5 00       		.byte	0
 649 00a6 11       		.uleb128 0x11
 650 00a7 01       		.uleb128 0x1
 651 00a8 31       		.uleb128 0x31
 652 00a9 13       		.uleb128 0x13
 653 00aa 00       		.byte	0
 654 00ab 00       		.byte	0
 655 00ac 0E       		.uleb128 0xe
 656 00ad 898201   		.uleb128 0x4109
 657 00b0 01       		.byte	0x1
 658 00b1 11       		.uleb128 0x11
 659 00b2 01       		.uleb128 0x1
 660 00b3 31       		.uleb128 0x31
 661 00b4 13       		.uleb128 0x13
 662 00b5 00       		.byte	0
 663 00b6 00       		.byte	0
 664 00b7 0F       		.uleb128 0xf
 665 00b8 8A8201   		.uleb128 0x410a
 666 00bb 00       		.byte	0
 667 00bc 02       		.uleb128 0x2
 668 00bd 18       		.uleb128 0x18
ARM GAS  C:\Users\ANDREY~1\AppData\Local\Temp\ccixiAF8.s 			page 23


 669 00be 9142     		.uleb128 0x2111
 670 00c0 18       		.uleb128 0x18
 671 00c1 00       		.byte	0
 672 00c2 00       		.byte	0
 673 00c3 10       		.uleb128 0x10
 674 00c4 2E       		.uleb128 0x2e
 675 00c5 00       		.byte	0
 676 00c6 3F       		.uleb128 0x3f
 677 00c7 19       		.uleb128 0x19
 678 00c8 3C       		.uleb128 0x3c
 679 00c9 19       		.uleb128 0x19
 680 00ca 6E       		.uleb128 0x6e
 681 00cb 0E       		.uleb128 0xe
 682 00cc 03       		.uleb128 0x3
 683 00cd 0E       		.uleb128 0xe
 684 00ce 3A       		.uleb128 0x3a
 685 00cf 0B       		.uleb128 0xb
 686 00d0 3B       		.uleb128 0x3b
 687 00d1 05       		.uleb128 0x5
 688 00d2 00       		.byte	0
 689 00d3 00       		.byte	0
 690 00d4 00       		.byte	0
 691              		.section	.debug_loc,"",%progbits
 692              	.Ldebug_loc0:
 693              	.LLST0:
 694 0000 08000000 		.4byte	.LVL1
 695 0004 0E000000 		.4byte	.LVL2
 696 0008 0200     		.2byte	0x2
 697 000a 30       		.byte	0x30
 698 000b 9F       		.byte	0x9f
 699 000c 0E000000 		.4byte	.LVL2
 700 0010 66000000 		.4byte	.LVL12
 701 0014 0100     		.2byte	0x1
 702 0016 54       		.byte	0x54
 703 0017 68000000 		.4byte	.LVL13
 704 001b 6E000000 		.4byte	.LVL14
 705 001f 0100     		.2byte	0x1
 706 0021 54       		.byte	0x54
 707 0022 00000000 		.4byte	0
 708 0026 00000000 		.4byte	0
 709              	.LLST1:
 710 002a 02000000 		.4byte	.LVL0
 711 002e 0E000000 		.4byte	.LVL2
 712 0032 0200     		.2byte	0x2
 713 0034 31       		.byte	0x31
 714 0035 9F       		.byte	0x9f
 715 0036 0E000000 		.4byte	.LVL2
 716 003a 62000000 		.4byte	.LVL10
 717 003e 0100     		.2byte	0x1
 718 0040 55       		.byte	0x55
 719 0041 64000000 		.4byte	.LVL11
 720 0045 6E000000 		.4byte	.LVL14
 721 0049 0100     		.2byte	0x1
 722 004b 55       		.byte	0x55
 723 004c 00000000 		.4byte	0
 724 0050 00000000 		.4byte	0
 725              		.section	.debug_aranges,"",%progbits
ARM GAS  C:\Users\ANDREY~1\AppData\Local\Temp\ccixiAF8.s 			page 24


 726 0000 24000000 		.4byte	0x24
 727 0004 0200     		.2byte	0x2
 728 0006 00000000 		.4byte	.Ldebug_info0
 729 000a 04       		.byte	0x4
 730 000b 00       		.byte	0
 731 000c 0000     		.2byte	0
 732 000e 0000     		.2byte	0
 733 0010 00000000 		.4byte	.LFB0
 734 0014 7C000000 		.4byte	.LFE0-.LFB0
 735 0018 00000000 		.4byte	.LFB1
 736 001c 18000000 		.4byte	.LFE1-.LFB1
 737 0020 00000000 		.4byte	0
 738 0024 00000000 		.4byte	0
 739              		.section	.debug_ranges,"",%progbits
 740              	.Ldebug_ranges0:
 741 0000 00000000 		.4byte	.LFB0
 742 0004 7C000000 		.4byte	.LFE0
 743 0008 00000000 		.4byte	.LFB1
 744 000c 18000000 		.4byte	.LFE1
 745 0010 00000000 		.4byte	0
 746 0014 00000000 		.4byte	0
 747              		.section	.debug_line,"",%progbits
 748              	.Ldebug_line0:
 749 0000 A4000000 		.section	.debug_str,"MS",%progbits,1
 749      02004D00 
 749      00000201 
 749      FB0E0D00 
 749      01010101 
 750              	.LASF15:
 751 0000 72656731 		.ascii	"reg16\000"
 751      3600
 752              	.LASF30:
 753 0006 73686966 		.ascii	"shift\000"
 753      7400
 754              	.LASF37:
 755 000c 43414E5F 		.ascii	"CAN_ReceiveMsgMC_PDO_ACK\000"
 755      52656365 
 755      6976654D 
 755      73674D43 
 755      5F50444F 
 756              	.LASF18:
 757 0025 43414E5F 		.ascii	"CAN_DATA_BYTES\000"
 757      44415441 
 757      5F425954 
 757      455300
 758              	.LASF24:
 759 0034 7278616D 		.ascii	"rxamr\000"
 759      7200
 760              	.LASF29:
 761 003a 6D61696C 		.ascii	"mailboxNumber\000"
 761      626F784E 
 761      756D6265 
 761      7200
 762              	.LASF20:
 763 0048 43414E5F 		.ascii	"CAN_REG_32\000"
 763      5245475F 
 763      333200
ARM GAS  C:\Users\ANDREY~1\AppData\Local\Temp\ccixiAF8.s 			page 25


 764              	.LASF3:
 765 0053 73686F72 		.ascii	"short unsigned int\000"
 765      7420756E 
 765      7369676E 
 765      65642069 
 765      6E7400
 766              	.LASF19:
 767 0066 62797465 		.ascii	"byte\000"
 767      00
 768              	.LASF23:
 769 006b 72786461 		.ascii	"rxdata\000"
 769      746100
 770              	.LASF34:
 771 0072 43414E5F 		.ascii	"CAN_ReceiveMsgBMS_STATUS_MSG\000"
 771      52656365 
 771      6976654D 
 771      7367424D 
 771      535F5354 
 772              	.LASF27:
 773 008f 72786163 		.ascii	"rxacrd\000"
 773      726400
 774              	.LASF11:
 775 0096 666C6F61 		.ascii	"float\000"
 775      7400
 776              	.LASF1:
 777 009c 756E7369 		.ascii	"unsigned char\000"
 777      676E6564 
 777      20636861 
 777      7200
 778              	.LASF22:
 779 00aa 72786964 		.ascii	"rxid\000"
 779      00
 780              	.LASF14:
 781 00af 72656738 		.ascii	"reg8\000"
 781      00
 782              	.LASF5:
 783 00b4 6C6F6E67 		.ascii	"long unsigned int\000"
 783      20756E73 
 783      69676E65 
 783      6420696E 
 783      7400
 784              	.LASF9:
 785 00c6 75696E74 		.ascii	"uint8\000"
 785      3800
 786              	.LASF32:
 787 00cc 43414E5F 		.ascii	"CAN_ISR\000"
 787      49535200 
 788              	.LASF25:
 789 00d4 72786163 		.ascii	"rxacr\000"
 789      7200
 790              	.LASF12:
 791 00da 646F7562 		.ascii	"double\000"
 791      6C6500
 792              	.LASF10:
 793 00e1 75696E74 		.ascii	"uint16\000"
 793      313600
 794              	.LASF31:
ARM GAS  C:\Users\ANDREY~1\AppData\Local\Temp\ccixiAF8.s 			page 26


 795 00e8 43414E5F 		.ascii	"CAN_MsgRXIsr\000"
 795      4D736752 
 795      58497372 
 795      00
 796              	.LASF8:
 797 00f5 756E7369 		.ascii	"unsigned int\000"
 797      676E6564 
 797      20696E74 
 797      00
 798              	.LASF7:
 799 0102 6C6F6E67 		.ascii	"long long unsigned int\000"
 799      206C6F6E 
 799      6720756E 
 799      7369676E 
 799      65642069 
 800              	.LASF42:
 801 0119 5A3A5C44 		.ascii	"Z:\\Documents\\UCD\\FRUCD\\Dashboard-Firmware-FE9-F"
 801      6F63756D 
 801      656E7473 
 801      5C554344 
 801      5C465255 
 802 0148 45372D42 		.ascii	"E7-Board\\Dashboard.cydsn\000"
 802      6F617264 
 802      5C446173 
 802      68626F61 
 802      72642E63 
 803              	.LASF28:
 804 0161 43414E5F 		.ascii	"CAN_RX_STRUCT\000"
 804      52585F53 
 804      54525543 
 804      5400
 805              	.LASF21:
 806 016f 7278636D 		.ascii	"rxcmd\000"
 806      6400
 807              	.LASF40:
 808 0175 474E5520 		.ascii	"GNU C11 5.4.1 20160609 (release) [ARM/embedded-5-br"
 808      43313120 
 808      352E342E 
 808      31203230 
 808      31363036 
 809 01a8 616E6368 		.ascii	"anch revision 237715] -mcpu=cortex-m3 -mthumb -g -O"
 809      20726576 
 809      6973696F 
 809      6E203233 
 809      37373135 
 810 01db 67202D66 		.ascii	"g -ffunction-sections -ffat-lto-objects\000"
 810      66756E63 
 810      74696F6E 
 810      2D736563 
 810      74696F6E 
 811              	.LASF17:
 812 0203 73697A65 		.ascii	"sizetype\000"
 812      74797065 
 812      00
 813              	.LASF26:
 814 020c 7278616D 		.ascii	"rxamrd\000"
 814      726400
ARM GAS  C:\Users\ANDREY~1\AppData\Local\Temp\ccixiAF8.s 			page 27


 815              	.LASF6:
 816 0213 6C6F6E67 		.ascii	"long long int\000"
 816      206C6F6E 
 816      6720696E 
 816      7400
 817              	.LASF13:
 818 0221 63686172 		.ascii	"char\000"
 818      00
 819              	.LASF41:
 820 0226 47656E65 		.ascii	"Generated_Source\\PSoC5\\CAN_INT.c\000"
 820      72617465 
 820      645F536F 
 820      75726365 
 820      5C50536F 
 821              	.LASF2:
 822 0247 73686F72 		.ascii	"short int\000"
 822      7420696E 
 822      7400
 823              	.LASF38:
 824 0251 43414E5F 		.ascii	"CAN_ReceiveMsgPEI_CURRENT\000"
 824      52656365 
 824      6976654D 
 824      73675045 
 824      495F4355 
 825              	.LASF33:
 826 026b 43414E5F 		.ascii	"CAN_ReceiveMsgVEHICLE_STATE\000"
 826      52656365 
 826      6976654D 
 826      73675645 
 826      4849434C 
 827              	.LASF36:
 828 0287 43414E5F 		.ascii	"CAN_ReceiveMsgMC_PDO_SEND\000"
 828      52656365 
 828      6976654D 
 828      73674D43 
 828      5F50444F 
 829              	.LASF4:
 830 02a1 6C6F6E67 		.ascii	"long int\000"
 830      20696E74 
 830      00
 831              	.LASF16:
 832 02aa 6C6F6E67 		.ascii	"long double\000"
 832      20646F75 
 832      626C6500 
 833              	.LASF0:
 834 02b6 7369676E 		.ascii	"signed char\000"
 834      65642063 
 834      68617200 
 835              	.LASF35:
 836 02c2 43414E5F 		.ascii	"CAN_ReceiveMsgBMS_TEMPERATURES\000"
 836      52656365 
 836      6976654D 
 836      7367424D 
 836      535F5445 
 837              	.LASF39:
 838 02e1 43414E5F 		.ascii	"CAN_ReceiveMsg\000"
 838      52656365 
ARM GAS  C:\Users\ANDREY~1\AppData\Local\Temp\ccixiAF8.s 			page 28


 838      6976654D 
 838      736700
 839              		.ident	"GCC: (GNU Tools for ARM Embedded Processors) 5.4.1 20160609 (release) [ARM/embedded-5-bran
