ARM GAS  C:\Users\ANDREY~1\AppData\Local\Temp\ccSodOzJ.s 			page 1


   1              		.syntax unified
   2              		.cpu cortex-m3
   3              		.fpu softvfp
   4              		.eabi_attribute 20, 1
   5              		.eabi_attribute 21, 1
   6              		.eabi_attribute 23, 3
   7              		.eabi_attribute 24, 1
   8              		.eabi_attribute 25, 1
   9              		.eabi_attribute 26, 1
  10              		.eabi_attribute 30, 1
  11              		.eabi_attribute 34, 1
  12              		.eabi_attribute 18, 4
  13              		.thumb
  14              		.syntax unified
  15              		.file	"CAN_INT.c"
  16              		.text
  17              	.Ltext0:
  18              		.cfi_sections	.debug_frame
  19              		.section	.text.CAN_MsgRXIsr,"ax",%progbits
  20              		.align	2
  21              		.global	CAN_MsgRXIsr
  22              		.thumb
  23              		.thumb_func
  24              		.type	CAN_MsgRXIsr, %function
  25              	CAN_MsgRXIsr:
  26              	.LFB0:
  27              		.file 1 "Generated_Source\\PSoC5\\CAN_INT.c"
   1:Generated_Source\PSoC5/CAN_INT.c **** /*******************************************************************************
   2:Generated_Source\PSoC5/CAN_INT.c **** * File Name: CAN_INT.c
   3:Generated_Source\PSoC5/CAN_INT.c **** * Version 3.0
   4:Generated_Source\PSoC5/CAN_INT.c **** *
   5:Generated_Source\PSoC5/CAN_INT.c **** * Description:
   6:Generated_Source\PSoC5/CAN_INT.c **** *  This file contains Interrupt Service Routine (ISR) for CAN Component.
   7:Generated_Source\PSoC5/CAN_INT.c **** *  The Interrupt handlers functions are generated accordingly to the PSoC
   8:Generated_Source\PSoC5/CAN_INT.c **** *  Creator Customizer inputs.
   9:Generated_Source\PSoC5/CAN_INT.c **** *
  10:Generated_Source\PSoC5/CAN_INT.c **** * Note:
  11:Generated_Source\PSoC5/CAN_INT.c **** *  None
  12:Generated_Source\PSoC5/CAN_INT.c **** *
  13:Generated_Source\PSoC5/CAN_INT.c **** ********************************************************************************
  14:Generated_Source\PSoC5/CAN_INT.c **** * Copyright 2008-2015, Cypress Semiconductor Corporation.  All rights reserved.
  15:Generated_Source\PSoC5/CAN_INT.c **** * You may use this file only in accordance with the license, terms, conditions,
  16:Generated_Source\PSoC5/CAN_INT.c **** * disclaimers, and limitations in the end user license agreement accompanying
  17:Generated_Source\PSoC5/CAN_INT.c **** * the software package with which this file was provided.
  18:Generated_Source\PSoC5/CAN_INT.c **** *******************************************************************************/
  19:Generated_Source\PSoC5/CAN_INT.c **** 
  20:Generated_Source\PSoC5/CAN_INT.c **** #include "CAN.h"
  21:Generated_Source\PSoC5/CAN_INT.c **** #include "cyapicallbacks.h"
  22:Generated_Source\PSoC5/CAN_INT.c **** 
  23:Generated_Source\PSoC5/CAN_INT.c **** /* `#START CAN_INT_C_CODE_DEFINITION` */
  24:Generated_Source\PSoC5/CAN_INT.c **** 
  25:Generated_Source\PSoC5/CAN_INT.c **** /* `#END` */
  26:Generated_Source\PSoC5/CAN_INT.c **** 
  27:Generated_Source\PSoC5/CAN_INT.c **** #if (CAN_ARB_LOST)
  28:Generated_Source\PSoC5/CAN_INT.c ****     /*******************************************************************************
  29:Generated_Source\PSoC5/CAN_INT.c ****     * FUNCTION NAME:   CAN_ArbLostIsr
  30:Generated_Source\PSoC5/CAN_INT.c ****     ********************************************************************************
ARM GAS  C:\Users\ANDREY~1\AppData\Local\Temp\ccSodOzJ.s 			page 2


  31:Generated_Source\PSoC5/CAN_INT.c ****     *
  32:Generated_Source\PSoC5/CAN_INT.c ****     * Summary:
  33:Generated_Source\PSoC5/CAN_INT.c ****     *  This function is entry point to Arbitration Lost Interrupt. Clears
  34:Generated_Source\PSoC5/CAN_INT.c ****     *  Arbitration Lost interrupt flag. Only generated if Arbitration Lost
  35:Generated_Source\PSoC5/CAN_INT.c ****     *  Interrupt enable in Customizer.
  36:Generated_Source\PSoC5/CAN_INT.c ****     *
  37:Generated_Source\PSoC5/CAN_INT.c ****     * Parameters:
  38:Generated_Source\PSoC5/CAN_INT.c ****     *  None.
  39:Generated_Source\PSoC5/CAN_INT.c ****     *
  40:Generated_Source\PSoC5/CAN_INT.c ****     * Return:
  41:Generated_Source\PSoC5/CAN_INT.c ****     *  None.
  42:Generated_Source\PSoC5/CAN_INT.c ****     *
  43:Generated_Source\PSoC5/CAN_INT.c ****     * Reentrant:
  44:Generated_Source\PSoC5/CAN_INT.c ****     *  Depends on Customer code.
  45:Generated_Source\PSoC5/CAN_INT.c ****     *
  46:Generated_Source\PSoC5/CAN_INT.c ****     *******************************************************************************/
  47:Generated_Source\PSoC5/CAN_INT.c ****     void CAN_ArbLostIsr(void) 
  48:Generated_Source\PSoC5/CAN_INT.c ****     {
  49:Generated_Source\PSoC5/CAN_INT.c ****         /* Clear Arbitration Lost flag */
  50:Generated_Source\PSoC5/CAN_INT.c ****         CAN_INT_SR_REG.byte[0u] = CAN_ARBITRATION_LOST_MASK;
  51:Generated_Source\PSoC5/CAN_INT.c **** 
  52:Generated_Source\PSoC5/CAN_INT.c ****         /* `#START ARBITRATION_LOST_ISR` */
  53:Generated_Source\PSoC5/CAN_INT.c **** 
  54:Generated_Source\PSoC5/CAN_INT.c ****         /* `#END` */
  55:Generated_Source\PSoC5/CAN_INT.c **** 
  56:Generated_Source\PSoC5/CAN_INT.c ****         #ifdef CAN_ARB_LOST_ISR_CALLBACK
  57:Generated_Source\PSoC5/CAN_INT.c ****             CAN_ArbLostIsr_Callback();
  58:Generated_Source\PSoC5/CAN_INT.c ****         #endif /* CAN_ARB_LOST_ISR_CALLBACK */
  59:Generated_Source\PSoC5/CAN_INT.c ****     }
  60:Generated_Source\PSoC5/CAN_INT.c **** #endif /* CAN_ARB_LOST */
  61:Generated_Source\PSoC5/CAN_INT.c **** 
  62:Generated_Source\PSoC5/CAN_INT.c **** 
  63:Generated_Source\PSoC5/CAN_INT.c **** #if (CAN_OVERLOAD)
  64:Generated_Source\PSoC5/CAN_INT.c ****     /*******************************************************************************
  65:Generated_Source\PSoC5/CAN_INT.c ****     * FUNCTION NAME:   CAN_OvrLdErrorIsr
  66:Generated_Source\PSoC5/CAN_INT.c ****     ********************************************************************************
  67:Generated_Source\PSoC5/CAN_INT.c ****     *
  68:Generated_Source\PSoC5/CAN_INT.c ****     * Summary:
  69:Generated_Source\PSoC5/CAN_INT.c ****     *  This function is entry point to Overload Error Interrupt. Clears Overload
  70:Generated_Source\PSoC5/CAN_INT.c ****     *  Error interrupt flag. Only generated if Overload Error Interrupt enable
  71:Generated_Source\PSoC5/CAN_INT.c ****     *  in Customizer.
  72:Generated_Source\PSoC5/CAN_INT.c ****     *
  73:Generated_Source\PSoC5/CAN_INT.c ****     * Parameters:
  74:Generated_Source\PSoC5/CAN_INT.c ****     *  None.
  75:Generated_Source\PSoC5/CAN_INT.c ****     *
  76:Generated_Source\PSoC5/CAN_INT.c ****     * Return:
  77:Generated_Source\PSoC5/CAN_INT.c ****     *  None.
  78:Generated_Source\PSoC5/CAN_INT.c ****     *
  79:Generated_Source\PSoC5/CAN_INT.c ****     * Reentrant:
  80:Generated_Source\PSoC5/CAN_INT.c ****     *  Depends on Customer code.
  81:Generated_Source\PSoC5/CAN_INT.c ****     *
  82:Generated_Source\PSoC5/CAN_INT.c ****     *******************************************************************************/
  83:Generated_Source\PSoC5/CAN_INT.c ****     void CAN_OvrLdErrorIsr(void) 
  84:Generated_Source\PSoC5/CAN_INT.c ****     {
  85:Generated_Source\PSoC5/CAN_INT.c ****         /* Clear Overload Error flag */
  86:Generated_Source\PSoC5/CAN_INT.c ****         CAN_INT_SR_REG.byte[0u] = CAN_OVERLOAD_ERROR_MASK;
  87:Generated_Source\PSoC5/CAN_INT.c **** 
ARM GAS  C:\Users\ANDREY~1\AppData\Local\Temp\ccSodOzJ.s 			page 3


  88:Generated_Source\PSoC5/CAN_INT.c ****         /* `#START OVER_LOAD_ERROR_ISR` */
  89:Generated_Source\PSoC5/CAN_INT.c **** 
  90:Generated_Source\PSoC5/CAN_INT.c ****         /* `#END` */
  91:Generated_Source\PSoC5/CAN_INT.c **** 
  92:Generated_Source\PSoC5/CAN_INT.c ****         #ifdef CAN_OVR_LD_ERROR_ISR_CALLBACK
  93:Generated_Source\PSoC5/CAN_INT.c ****             CAN_OvrLdErrorIsr_Callback();
  94:Generated_Source\PSoC5/CAN_INT.c ****         #endif /* CAN_OVR_LD_ERROR_ISR_CALLBACK */
  95:Generated_Source\PSoC5/CAN_INT.c ****     }
  96:Generated_Source\PSoC5/CAN_INT.c **** #endif /* CAN_OVERLOAD */
  97:Generated_Source\PSoC5/CAN_INT.c **** 
  98:Generated_Source\PSoC5/CAN_INT.c **** 
  99:Generated_Source\PSoC5/CAN_INT.c **** #if (CAN_BIT_ERR)
 100:Generated_Source\PSoC5/CAN_INT.c ****     /*******************************************************************************
 101:Generated_Source\PSoC5/CAN_INT.c ****     * FUNCTION NAME:   CAN_BitErrorIsr
 102:Generated_Source\PSoC5/CAN_INT.c ****     ********************************************************************************
 103:Generated_Source\PSoC5/CAN_INT.c ****     *
 104:Generated_Source\PSoC5/CAN_INT.c ****     * Summary:
 105:Generated_Source\PSoC5/CAN_INT.c ****     *  This function is entry point to Bit Error Interrupt. Clears Bit Error
 106:Generated_Source\PSoC5/CAN_INT.c ****     *  interrupt flag. Only generated if Bit Error Interrupt enable in Customizer.
 107:Generated_Source\PSoC5/CAN_INT.c ****     *
 108:Generated_Source\PSoC5/CAN_INT.c ****     * Parameters:
 109:Generated_Source\PSoC5/CAN_INT.c ****     *  None.
 110:Generated_Source\PSoC5/CAN_INT.c ****     *
 111:Generated_Source\PSoC5/CAN_INT.c ****     * Return:
 112:Generated_Source\PSoC5/CAN_INT.c ****     *  None.
 113:Generated_Source\PSoC5/CAN_INT.c ****     *
 114:Generated_Source\PSoC5/CAN_INT.c ****     * Reentrant:
 115:Generated_Source\PSoC5/CAN_INT.c ****     *  Depends on Customer code.
 116:Generated_Source\PSoC5/CAN_INT.c ****     *
 117:Generated_Source\PSoC5/CAN_INT.c ****     *******************************************************************************/
 118:Generated_Source\PSoC5/CAN_INT.c ****     void CAN_BitErrorIsr(void) 
 119:Generated_Source\PSoC5/CAN_INT.c ****     {
 120:Generated_Source\PSoC5/CAN_INT.c ****         /* Clear Bit Error flag */
 121:Generated_Source\PSoC5/CAN_INT.c ****         CAN_INT_SR_REG.byte[0u] = CAN_BIT_ERROR_MASK;
 122:Generated_Source\PSoC5/CAN_INT.c **** 
 123:Generated_Source\PSoC5/CAN_INT.c ****         /* `#START BIT_ERROR_ISR` */
 124:Generated_Source\PSoC5/CAN_INT.c **** 
 125:Generated_Source\PSoC5/CAN_INT.c ****         /* `#END` */
 126:Generated_Source\PSoC5/CAN_INT.c **** 
 127:Generated_Source\PSoC5/CAN_INT.c ****         #ifdef CAN_BIT_ERROR_ISR_CALLBACK
 128:Generated_Source\PSoC5/CAN_INT.c ****             CAN_BitErrorIsr_Callback();
 129:Generated_Source\PSoC5/CAN_INT.c ****         #endif /* CAN_BIT_ERROR_ISR_CALLBACK */
 130:Generated_Source\PSoC5/CAN_INT.c ****     }
 131:Generated_Source\PSoC5/CAN_INT.c **** #endif /* CAN_BIT_ERR */
 132:Generated_Source\PSoC5/CAN_INT.c **** 
 133:Generated_Source\PSoC5/CAN_INT.c **** 
 134:Generated_Source\PSoC5/CAN_INT.c **** #if (CAN_STUFF_ERR)
 135:Generated_Source\PSoC5/CAN_INT.c ****     /*******************************************************************************
 136:Generated_Source\PSoC5/CAN_INT.c ****     * FUNCTION NAME:   CAN_BitStuffErrorIsr
 137:Generated_Source\PSoC5/CAN_INT.c ****     ********************************************************************************
 138:Generated_Source\PSoC5/CAN_INT.c ****     *
 139:Generated_Source\PSoC5/CAN_INT.c ****     * Summary:
 140:Generated_Source\PSoC5/CAN_INT.c ****     *  This function is entry point to Bit Stuff Error Interrupt. Clears Bit Stuff
 141:Generated_Source\PSoC5/CAN_INT.c ****     *  Error interrupt flag. Only generated if Bit Stuff Error Interrupt enable
 142:Generated_Source\PSoC5/CAN_INT.c ****     *  in Customizer.
 143:Generated_Source\PSoC5/CAN_INT.c ****     *
 144:Generated_Source\PSoC5/CAN_INT.c ****     * Parameters:
ARM GAS  C:\Users\ANDREY~1\AppData\Local\Temp\ccSodOzJ.s 			page 4


 145:Generated_Source\PSoC5/CAN_INT.c ****     *  None.
 146:Generated_Source\PSoC5/CAN_INT.c ****     *
 147:Generated_Source\PSoC5/CAN_INT.c ****     * Return:
 148:Generated_Source\PSoC5/CAN_INT.c ****     *  None.
 149:Generated_Source\PSoC5/CAN_INT.c ****     *
 150:Generated_Source\PSoC5/CAN_INT.c ****     * Reentrant:
 151:Generated_Source\PSoC5/CAN_INT.c ****     *  Depends on Customer code.
 152:Generated_Source\PSoC5/CAN_INT.c ****     *
 153:Generated_Source\PSoC5/CAN_INT.c ****     *******************************************************************************/
 154:Generated_Source\PSoC5/CAN_INT.c ****     void CAN_BitStuffErrorIsr(void) 
 155:Generated_Source\PSoC5/CAN_INT.c ****     {
 156:Generated_Source\PSoC5/CAN_INT.c ****         /* Clear Stuff Error flag */
 157:Generated_Source\PSoC5/CAN_INT.c ****         CAN_INT_SR_REG.byte[0u] = CAN_STUFF_ERROR_MASK;
 158:Generated_Source\PSoC5/CAN_INT.c **** 
 159:Generated_Source\PSoC5/CAN_INT.c ****         /* `#START BIT_STUFF_ERROR_ISR` */
 160:Generated_Source\PSoC5/CAN_INT.c **** 
 161:Generated_Source\PSoC5/CAN_INT.c ****         /* `#END` */
 162:Generated_Source\PSoC5/CAN_INT.c **** 
 163:Generated_Source\PSoC5/CAN_INT.c ****         #ifdef CAN_BIT_STUFF_ERROR_ISR_CALLBACK
 164:Generated_Source\PSoC5/CAN_INT.c ****             CAN_BitStuffErrorIsr_Callback();
 165:Generated_Source\PSoC5/CAN_INT.c ****         #endif /* CAN_BIT_STUFF_ERROR_ISR_CALLBACK */
 166:Generated_Source\PSoC5/CAN_INT.c ****     }
 167:Generated_Source\PSoC5/CAN_INT.c **** #endif /* CAN_STUFF_ERR */
 168:Generated_Source\PSoC5/CAN_INT.c **** 
 169:Generated_Source\PSoC5/CAN_INT.c **** 
 170:Generated_Source\PSoC5/CAN_INT.c **** #if (CAN_ACK_ERR)
 171:Generated_Source\PSoC5/CAN_INT.c ****     /*******************************************************************************
 172:Generated_Source\PSoC5/CAN_INT.c ****     * FUNCTION NAME:   CAN_AckErrorIsr
 173:Generated_Source\PSoC5/CAN_INT.c ****     ********************************************************************************
 174:Generated_Source\PSoC5/CAN_INT.c ****     *
 175:Generated_Source\PSoC5/CAN_INT.c ****     * Summary:
 176:Generated_Source\PSoC5/CAN_INT.c ****     *  This function is entry point to Acknowledge Error Interrupt. Clears
 177:Generated_Source\PSoC5/CAN_INT.c ****     *  Acknowledge Error interrupt flag. Only generated if Acknowledge Error
 178:Generated_Source\PSoC5/CAN_INT.c ****     *  Interrupt enable in Customizer.
 179:Generated_Source\PSoC5/CAN_INT.c ****     *
 180:Generated_Source\PSoC5/CAN_INT.c ****     * Parameters:
 181:Generated_Source\PSoC5/CAN_INT.c ****     *  None.
 182:Generated_Source\PSoC5/CAN_INT.c ****     *
 183:Generated_Source\PSoC5/CAN_INT.c ****     * Return:
 184:Generated_Source\PSoC5/CAN_INT.c ****     *  None.
 185:Generated_Source\PSoC5/CAN_INT.c ****     *
 186:Generated_Source\PSoC5/CAN_INT.c ****     * Reentrant:
 187:Generated_Source\PSoC5/CAN_INT.c ****     *  Depends on Customer code.
 188:Generated_Source\PSoC5/CAN_INT.c ****     *
 189:Generated_Source\PSoC5/CAN_INT.c ****     *******************************************************************************/
 190:Generated_Source\PSoC5/CAN_INT.c ****     void CAN_AckErrorIsr(void) 
 191:Generated_Source\PSoC5/CAN_INT.c ****     {
 192:Generated_Source\PSoC5/CAN_INT.c ****         /* Clear Acknoledge Error flag */
 193:Generated_Source\PSoC5/CAN_INT.c ****         CAN_INT_SR_REG.byte[0u] = CAN_ACK_ERROR_MASK;
 194:Generated_Source\PSoC5/CAN_INT.c **** 
 195:Generated_Source\PSoC5/CAN_INT.c ****         /* `#START ACKNOWLEDGE_ERROR_ISR` */
 196:Generated_Source\PSoC5/CAN_INT.c **** 
 197:Generated_Source\PSoC5/CAN_INT.c ****         /* `#END` */
 198:Generated_Source\PSoC5/CAN_INT.c **** 
 199:Generated_Source\PSoC5/CAN_INT.c ****         #ifdef CAN_ACK_ERROR_ISR_CALLBACK
 200:Generated_Source\PSoC5/CAN_INT.c ****             CAN_AckErrorIsr_Callback();
 201:Generated_Source\PSoC5/CAN_INT.c ****         #endif /* CAN_ACK_ERROR_ISR_CALLBACK */
ARM GAS  C:\Users\ANDREY~1\AppData\Local\Temp\ccSodOzJ.s 			page 5


 202:Generated_Source\PSoC5/CAN_INT.c ****     }
 203:Generated_Source\PSoC5/CAN_INT.c **** #endif /* CAN_ACK_ERR */
 204:Generated_Source\PSoC5/CAN_INT.c **** 
 205:Generated_Source\PSoC5/CAN_INT.c **** 
 206:Generated_Source\PSoC5/CAN_INT.c **** #if (CAN_FORM_ERR)
 207:Generated_Source\PSoC5/CAN_INT.c ****     /*******************************************************************************
 208:Generated_Source\PSoC5/CAN_INT.c ****     * FUNCTION NAME:   CAN_MsgErrorIsr
 209:Generated_Source\PSoC5/CAN_INT.c ****     ********************************************************************************
 210:Generated_Source\PSoC5/CAN_INT.c ****     *
 211:Generated_Source\PSoC5/CAN_INT.c ****     * Summary:
 212:Generated_Source\PSoC5/CAN_INT.c ****     *  This function is entry point to Form Error Interrupt. Clears Form Error
 213:Generated_Source\PSoC5/CAN_INT.c ****     *  interrupt flag. Only generated if Form Error Interrupt enable in Customizer.
 214:Generated_Source\PSoC5/CAN_INT.c ****     *
 215:Generated_Source\PSoC5/CAN_INT.c ****     * Parameters:
 216:Generated_Source\PSoC5/CAN_INT.c ****     *  None.
 217:Generated_Source\PSoC5/CAN_INT.c ****     *
 218:Generated_Source\PSoC5/CAN_INT.c ****     * Return:
 219:Generated_Source\PSoC5/CAN_INT.c ****     *  None.
 220:Generated_Source\PSoC5/CAN_INT.c ****     *
 221:Generated_Source\PSoC5/CAN_INT.c ****     * Reentrant:
 222:Generated_Source\PSoC5/CAN_INT.c ****     *  Depends on Customer code.
 223:Generated_Source\PSoC5/CAN_INT.c ****     *
 224:Generated_Source\PSoC5/CAN_INT.c ****     *******************************************************************************/
 225:Generated_Source\PSoC5/CAN_INT.c ****     void CAN_MsgErrorIsr(void) 
 226:Generated_Source\PSoC5/CAN_INT.c ****     {
 227:Generated_Source\PSoC5/CAN_INT.c ****         /* Clear Form Error flag */
 228:Generated_Source\PSoC5/CAN_INT.c ****         CAN_INT_SR_REG.byte[0u] = CAN_FORM_ERROR_MASK;
 229:Generated_Source\PSoC5/CAN_INT.c **** 
 230:Generated_Source\PSoC5/CAN_INT.c ****         /* `#START MESSAGE_ERROR_ISR` */
 231:Generated_Source\PSoC5/CAN_INT.c **** 
 232:Generated_Source\PSoC5/CAN_INT.c ****         /* `#END` */
 233:Generated_Source\PSoC5/CAN_INT.c **** 
 234:Generated_Source\PSoC5/CAN_INT.c ****         #ifdef CAN_MSG_ERROR_ISR_CALLBACK
 235:Generated_Source\PSoC5/CAN_INT.c ****             CAN_MsgErrorIsr_Callback();
 236:Generated_Source\PSoC5/CAN_INT.c ****         #endif /* CAN_MSG_ERROR_ISR_CALLBACK */
 237:Generated_Source\PSoC5/CAN_INT.c ****     }
 238:Generated_Source\PSoC5/CAN_INT.c **** #endif /* CAN_FORM_ERR */
 239:Generated_Source\PSoC5/CAN_INT.c **** 
 240:Generated_Source\PSoC5/CAN_INT.c **** 
 241:Generated_Source\PSoC5/CAN_INT.c **** #if (CAN_CRC_ERR)
 242:Generated_Source\PSoC5/CAN_INT.c ****     /*******************************************************************************
 243:Generated_Source\PSoC5/CAN_INT.c ****     * FUNCTION NAME:   CAN_CrcErrorIsr
 244:Generated_Source\PSoC5/CAN_INT.c ****     ********************************************************************************
 245:Generated_Source\PSoC5/CAN_INT.c ****     *
 246:Generated_Source\PSoC5/CAN_INT.c ****     * Summary:
 247:Generated_Source\PSoC5/CAN_INT.c ****     *  This function is entry point to CRC Error Interrupt. Clears CRC Error
 248:Generated_Source\PSoC5/CAN_INT.c ****     *  interrupt flag. Only generated if CRC Error Interrupt enable in Customizer.
 249:Generated_Source\PSoC5/CAN_INT.c ****     *
 250:Generated_Source\PSoC5/CAN_INT.c ****     * Parameters:
 251:Generated_Source\PSoC5/CAN_INT.c ****     *  None.
 252:Generated_Source\PSoC5/CAN_INT.c ****     *
 253:Generated_Source\PSoC5/CAN_INT.c ****     * Return:
 254:Generated_Source\PSoC5/CAN_INT.c ****     *  None.
 255:Generated_Source\PSoC5/CAN_INT.c ****     *
 256:Generated_Source\PSoC5/CAN_INT.c ****     * Reentrant:
 257:Generated_Source\PSoC5/CAN_INT.c ****     *  Depends on Customer code.
 258:Generated_Source\PSoC5/CAN_INT.c ****     *
ARM GAS  C:\Users\ANDREY~1\AppData\Local\Temp\ccSodOzJ.s 			page 6


 259:Generated_Source\PSoC5/CAN_INT.c ****     *******************************************************************************/
 260:Generated_Source\PSoC5/CAN_INT.c ****     void CAN_CrcErrorIsr(void) 
 261:Generated_Source\PSoC5/CAN_INT.c ****     {
 262:Generated_Source\PSoC5/CAN_INT.c ****         /* Clear CRC Error flag */
 263:Generated_Source\PSoC5/CAN_INT.c ****         CAN_INT_SR_REG.byte[1u] = CAN_CRC_ERROR_MASK;
 264:Generated_Source\PSoC5/CAN_INT.c **** 
 265:Generated_Source\PSoC5/CAN_INT.c ****         /* `#START CRC_ERROR_ISR` */
 266:Generated_Source\PSoC5/CAN_INT.c **** 
 267:Generated_Source\PSoC5/CAN_INT.c ****         /* `#END` */
 268:Generated_Source\PSoC5/CAN_INT.c **** 
 269:Generated_Source\PSoC5/CAN_INT.c ****         #ifdef CAN_CRC_ERROR_ISR_CALLBACK
 270:Generated_Source\PSoC5/CAN_INT.c ****             CAN_CrcErrorIsr_Callback();
 271:Generated_Source\PSoC5/CAN_INT.c ****         #endif /* CAN_CRC_ERROR_ISR_CALLBACK */
 272:Generated_Source\PSoC5/CAN_INT.c ****     }
 273:Generated_Source\PSoC5/CAN_INT.c **** #endif /* CAN_CRC_ERR */
 274:Generated_Source\PSoC5/CAN_INT.c **** 
 275:Generated_Source\PSoC5/CAN_INT.c **** 
 276:Generated_Source\PSoC5/CAN_INT.c **** #if (CAN_BUS_OFF)
 277:Generated_Source\PSoC5/CAN_INT.c ****     /*******************************************************************************
 278:Generated_Source\PSoC5/CAN_INT.c ****     * FUNCTION NAME:   CAN_BusOffIsr
 279:Generated_Source\PSoC5/CAN_INT.c ****     ********************************************************************************
 280:Generated_Source\PSoC5/CAN_INT.c ****     *
 281:Generated_Source\PSoC5/CAN_INT.c ****     * Summary:
 282:Generated_Source\PSoC5/CAN_INT.c ****     *  This function is entry point to Bus Off Interrupt. Places CAN Component
 283:Generated_Source\PSoC5/CAN_INT.c ****     *  to Stop mode. Only generated if Bus Off Interrupt enable in Customizer.
 284:Generated_Source\PSoC5/CAN_INT.c ****     *  Recommended setting to enable this interrupt.
 285:Generated_Source\PSoC5/CAN_INT.c ****     *
 286:Generated_Source\PSoC5/CAN_INT.c ****     * Parameters:
 287:Generated_Source\PSoC5/CAN_INT.c ****     *  None.
 288:Generated_Source\PSoC5/CAN_INT.c ****     *
 289:Generated_Source\PSoC5/CAN_INT.c ****     * Return:
 290:Generated_Source\PSoC5/CAN_INT.c ****     *  None.
 291:Generated_Source\PSoC5/CAN_INT.c ****     *
 292:Generated_Source\PSoC5/CAN_INT.c ****     * Side Effects:
 293:Generated_Source\PSoC5/CAN_INT.c ****     *  Stops CAN component operation.
 294:Generated_Source\PSoC5/CAN_INT.c ****     *
 295:Generated_Source\PSoC5/CAN_INT.c ****     *******************************************************************************/
 296:Generated_Source\PSoC5/CAN_INT.c ****     void CAN_BusOffIsr(void) 
 297:Generated_Source\PSoC5/CAN_INT.c ****     {
 298:Generated_Source\PSoC5/CAN_INT.c ****         /* Clear Bus Off flag */
 299:Generated_Source\PSoC5/CAN_INT.c ****         CAN_INT_SR_REG.byte[1u] = CAN_BUS_OFF_MASK;
 300:Generated_Source\PSoC5/CAN_INT.c ****         (void) CAN_GlobalIntDisable();
 301:Generated_Source\PSoC5/CAN_INT.c **** 
 302:Generated_Source\PSoC5/CAN_INT.c ****         /* `#START BUS_OFF_ISR` */
 303:Generated_Source\PSoC5/CAN_INT.c **** 
 304:Generated_Source\PSoC5/CAN_INT.c ****         /* `#END` */
 305:Generated_Source\PSoC5/CAN_INT.c **** 
 306:Generated_Source\PSoC5/CAN_INT.c ****         #ifdef CAN_BUS_OFF_ISR_CALLBACK
 307:Generated_Source\PSoC5/CAN_INT.c ****             CAN_BusOffIsr_Callback();
 308:Generated_Source\PSoC5/CAN_INT.c ****         #endif /* CAN_BUS_OFF_ISR_CALLBACK */
 309:Generated_Source\PSoC5/CAN_INT.c **** 
 310:Generated_Source\PSoC5/CAN_INT.c ****         (void) CAN_Stop();
 311:Generated_Source\PSoC5/CAN_INT.c ****     }
 312:Generated_Source\PSoC5/CAN_INT.c **** #endif /* CAN_BUS_OFF */
 313:Generated_Source\PSoC5/CAN_INT.c **** 
 314:Generated_Source\PSoC5/CAN_INT.c **** 
 315:Generated_Source\PSoC5/CAN_INT.c **** #if (CAN_RX_MSG_LOST)
ARM GAS  C:\Users\ANDREY~1\AppData\Local\Temp\ccSodOzJ.s 			page 7


 316:Generated_Source\PSoC5/CAN_INT.c ****     /*******************************************************************************
 317:Generated_Source\PSoC5/CAN_INT.c ****     * FUNCTION NAME:   CAN_MsgLostIsr
 318:Generated_Source\PSoC5/CAN_INT.c ****     ********************************************************************************
 319:Generated_Source\PSoC5/CAN_INT.c ****     *
 320:Generated_Source\PSoC5/CAN_INT.c ****     * Summary:
 321:Generated_Source\PSoC5/CAN_INT.c ****     *  This function is entry point to Message Lost Interrupt. Clears Message Lost
 322:Generated_Source\PSoC5/CAN_INT.c ****     *  interrupt flag. Only generated if Message Lost Interrupt enable in Customizer
 323:Generated_Source\PSoC5/CAN_INT.c ****     *
 324:Generated_Source\PSoC5/CAN_INT.c ****     * Parameters:
 325:Generated_Source\PSoC5/CAN_INT.c ****     *  None.
 326:Generated_Source\PSoC5/CAN_INT.c ****     *
 327:Generated_Source\PSoC5/CAN_INT.c ****     * Return:
 328:Generated_Source\PSoC5/CAN_INT.c ****     *  None.
 329:Generated_Source\PSoC5/CAN_INT.c ****     *
 330:Generated_Source\PSoC5/CAN_INT.c ****     * Reentrant:
 331:Generated_Source\PSoC5/CAN_INT.c ****     *  Depends on Customer code.
 332:Generated_Source\PSoC5/CAN_INT.c ****     *
 333:Generated_Source\PSoC5/CAN_INT.c ****     *******************************************************************************/
 334:Generated_Source\PSoC5/CAN_INT.c ****     void CAN_MsgLostIsr(void) 
 335:Generated_Source\PSoC5/CAN_INT.c ****     {
 336:Generated_Source\PSoC5/CAN_INT.c ****         /* Clear Receive Message Lost flag */
 337:Generated_Source\PSoC5/CAN_INT.c ****         CAN_INT_SR_REG.byte[1u] = CAN_RX_MSG_LOST_MASK;
 338:Generated_Source\PSoC5/CAN_INT.c **** 
 339:Generated_Source\PSoC5/CAN_INT.c ****         /* `#START MESSAGE_LOST_ISR` */
 340:Generated_Source\PSoC5/CAN_INT.c **** 
 341:Generated_Source\PSoC5/CAN_INT.c ****         /* `#END` */
 342:Generated_Source\PSoC5/CAN_INT.c **** 
 343:Generated_Source\PSoC5/CAN_INT.c ****         #ifdef CAN_MSG_LOST_ISR_CALLBACK
 344:Generated_Source\PSoC5/CAN_INT.c ****             CAN_MsgLostIsr_Callback();
 345:Generated_Source\PSoC5/CAN_INT.c ****         #endif /* CAN_MSG_LOST_ISR_CALLBACK */
 346:Generated_Source\PSoC5/CAN_INT.c ****     }
 347:Generated_Source\PSoC5/CAN_INT.c **** #endif /* CAN_RX_MSG_LOST */
 348:Generated_Source\PSoC5/CAN_INT.c **** 
 349:Generated_Source\PSoC5/CAN_INT.c **** 
 350:Generated_Source\PSoC5/CAN_INT.c **** #if (CAN_TX_MESSAGE)
 351:Generated_Source\PSoC5/CAN_INT.c ****     /*******************************************************************************
 352:Generated_Source\PSoC5/CAN_INT.c ****     * FUNCTION NAME:   CAN_MsgTXIsr
 353:Generated_Source\PSoC5/CAN_INT.c ****     ********************************************************************************
 354:Generated_Source\PSoC5/CAN_INT.c ****     *
 355:Generated_Source\PSoC5/CAN_INT.c ****     * Summary:
 356:Generated_Source\PSoC5/CAN_INT.c ****     *  This function is entry point to Transmit Message Interrupt. Clears Transmit
 357:Generated_Source\PSoC5/CAN_INT.c ****     *  Message interrupt flag. Only generated if Transmit Message Interrupt enable
 358:Generated_Source\PSoC5/CAN_INT.c ****     *  in Customizer.
 359:Generated_Source\PSoC5/CAN_INT.c ****     *
 360:Generated_Source\PSoC5/CAN_INT.c ****     * Parameters:
 361:Generated_Source\PSoC5/CAN_INT.c ****     *  None.
 362:Generated_Source\PSoC5/CAN_INT.c ****     *
 363:Generated_Source\PSoC5/CAN_INT.c ****     * Return:
 364:Generated_Source\PSoC5/CAN_INT.c ****     *  None.
 365:Generated_Source\PSoC5/CAN_INT.c ****     *
 366:Generated_Source\PSoC5/CAN_INT.c ****     * Reentrant:
 367:Generated_Source\PSoC5/CAN_INT.c ****     *  Depends on Customer code.
 368:Generated_Source\PSoC5/CAN_INT.c ****     *
 369:Generated_Source\PSoC5/CAN_INT.c ****     *******************************************************************************/
 370:Generated_Source\PSoC5/CAN_INT.c ****     void CAN_MsgTXIsr(void) 
 371:Generated_Source\PSoC5/CAN_INT.c ****     {
 372:Generated_Source\PSoC5/CAN_INT.c ****         /* Clear Transmit Message flag */
ARM GAS  C:\Users\ANDREY~1\AppData\Local\Temp\ccSodOzJ.s 			page 8


 373:Generated_Source\PSoC5/CAN_INT.c ****         CAN_INT_SR_REG.byte[1u] = CAN_TX_MESSAGE_MASK;
 374:Generated_Source\PSoC5/CAN_INT.c **** 
 375:Generated_Source\PSoC5/CAN_INT.c ****         /* `#START MESSAGE_TRANSMITTED_ISR` */
 376:Generated_Source\PSoC5/CAN_INT.c **** 
 377:Generated_Source\PSoC5/CAN_INT.c ****         /* `#END` */
 378:Generated_Source\PSoC5/CAN_INT.c **** 
 379:Generated_Source\PSoC5/CAN_INT.c ****         #ifdef CAN_MSG_TX_ISR_CALLBACK
 380:Generated_Source\PSoC5/CAN_INT.c ****             CAN_MsgTXIsr_Callback();
 381:Generated_Source\PSoC5/CAN_INT.c ****         #endif /* CAN_MSG_TX_ISR_CALLBACK */
 382:Generated_Source\PSoC5/CAN_INT.c ****     }
 383:Generated_Source\PSoC5/CAN_INT.c **** #endif /* CAN_TX_MESSAGE */
 384:Generated_Source\PSoC5/CAN_INT.c **** 
 385:Generated_Source\PSoC5/CAN_INT.c **** 
 386:Generated_Source\PSoC5/CAN_INT.c **** #if (CAN_RX_MESSAGE)
 387:Generated_Source\PSoC5/CAN_INT.c ****     /*******************************************************************************
 388:Generated_Source\PSoC5/CAN_INT.c ****     * FUNCTION NAME:   CAN_MsgRXIsr
 389:Generated_Source\PSoC5/CAN_INT.c ****     ********************************************************************************
 390:Generated_Source\PSoC5/CAN_INT.c ****     *
 391:Generated_Source\PSoC5/CAN_INT.c ****     * Summary:
 392:Generated_Source\PSoC5/CAN_INT.c ****     *  This function is entry point to Receive Message Interrupt. Clears Receive
 393:Generated_Source\PSoC5/CAN_INT.c ****     *  Message interrupt flag and call appropriate handlers for Basic and Full
 394:Generated_Source\PSoC5/CAN_INT.c ****     *  interrupt based mailboxes. Only generated if Receive Message Interrupt
 395:Generated_Source\PSoC5/CAN_INT.c ****     *  enable in Customizer. Recommended setting to enable this interrupt.
 396:Generated_Source\PSoC5/CAN_INT.c ****     *
 397:Generated_Source\PSoC5/CAN_INT.c ****     * Parameters:
 398:Generated_Source\PSoC5/CAN_INT.c ****     *  None.
 399:Generated_Source\PSoC5/CAN_INT.c ****     *
 400:Generated_Source\PSoC5/CAN_INT.c ****     * Return:
 401:Generated_Source\PSoC5/CAN_INT.c ****     *  None.
 402:Generated_Source\PSoC5/CAN_INT.c ****     *
 403:Generated_Source\PSoC5/CAN_INT.c ****     *******************************************************************************/
 404:Generated_Source\PSoC5/CAN_INT.c ****     void CAN_MsgRXIsr(void) 
 405:Generated_Source\PSoC5/CAN_INT.c ****     {
  28              		.loc 1 405 0
  29              		.cfi_startproc
  30              		@ args = 0, pretend = 0, frame = 0
  31              		@ frame_needed = 0, uses_anonymous_args = 0
  32 0000 38B5     		push	{r3, r4, r5, lr}
  33              		.cfi_def_cfa_offset 16
  34              		.cfi_offset 3, -16
  35              		.cfi_offset 4, -12
  36              		.cfi_offset 5, -8
  37              		.cfi_offset 14, -4
  38              	.LVL0:
 406:Generated_Source\PSoC5/CAN_INT.c ****         uint8 mailboxNumber;
 407:Generated_Source\PSoC5/CAN_INT.c ****         uint16 shift = 0x01u;
 408:Generated_Source\PSoC5/CAN_INT.c **** 
 409:Generated_Source\PSoC5/CAN_INT.c ****         /* Clear Receive Message flag */
 410:Generated_Source\PSoC5/CAN_INT.c ****         CAN_INT_SR_REG.byte[1u] = CAN_RX_MESSAGE_MASK;
  39              		.loc 1 410 0
  40 0002 1022     		movs	r2, #16
  41 0004 0C4B     		ldr	r3, .L6
  42 0006 5A70     		strb	r2, [r3, #1]
  43              	.LVL1:
 407:Generated_Source\PSoC5/CAN_INT.c **** 
  44              		.loc 1 407 0
  45 0008 0125     		movs	r5, #1
ARM GAS  C:\Users\ANDREY~1\AppData\Local\Temp\ccSodOzJ.s 			page 9


 411:Generated_Source\PSoC5/CAN_INT.c **** 
 412:Generated_Source\PSoC5/CAN_INT.c ****         /* `#START MESSAGE_RECEIVE_ISR` */
 413:Generated_Source\PSoC5/CAN_INT.c **** 
 414:Generated_Source\PSoC5/CAN_INT.c ****         /* `#END` */
 415:Generated_Source\PSoC5/CAN_INT.c **** 
 416:Generated_Source\PSoC5/CAN_INT.c ****         #ifdef CAN_MSG_RX_ISR_CALLBACK
 417:Generated_Source\PSoC5/CAN_INT.c ****             CAN_MsgRXIsr_Callback();
 418:Generated_Source\PSoC5/CAN_INT.c ****         #endif /* CAN_MSG_RX_ISR_CALLBACK */
 419:Generated_Source\PSoC5/CAN_INT.c **** 
 420:Generated_Source\PSoC5/CAN_INT.c ****         for (mailboxNumber = 0u; mailboxNumber < CAN_NUMBER_OF_RX_MAILBOXES; mailboxNumber++)
  46              		.loc 1 420 0
  47 000a 0024     		movs	r4, #0
  48 000c 10E0     		b	.L2
  49              	.LVL2:
  50              	.L4:
 421:Generated_Source\PSoC5/CAN_INT.c ****         {
 422:Generated_Source\PSoC5/CAN_INT.c ****             if ((CY_GET_REG16((reg16 *) &CAN_BUF_SR_REG.byte[0u]) & shift) != 0u)
  51              		.loc 1 422 0
  52 000e 0B4B     		ldr	r3, .L6+4
  53 0010 1B88     		ldrh	r3, [r3]
  54 0012 1D42     		tst	r5, r3
  55 0014 08D0     		beq	.L3
 423:Generated_Source\PSoC5/CAN_INT.c ****             {
 424:Generated_Source\PSoC5/CAN_INT.c ****                 if ((CAN_RX[mailboxNumber].rxcmd.byte[0u] & CAN_RX_INT_ENABLE_MASK) != 0u)
  56              		.loc 1 424 0
  57 0016 6301     		lsls	r3, r4, #5
  58 0018 094A     		ldr	r2, .L6+8
  59 001a 9B5C     		ldrb	r3, [r3, r2]	@ zero_extendqisi2
  60 001c 13F0200F 		tst	r3, #32
  61 0020 02D0     		beq	.L3
 425:Generated_Source\PSoC5/CAN_INT.c ****                 {
 426:Generated_Source\PSoC5/CAN_INT.c ****                     if ((CAN_RX_MAILBOX_TYPE & shift) != 0u)
 427:Generated_Source\PSoC5/CAN_INT.c ****                     {
 428:Generated_Source\PSoC5/CAN_INT.c ****                         /* RX Full mailboxes handler */
 429:Generated_Source\PSoC5/CAN_INT.c ****                     }
 430:Generated_Source\PSoC5/CAN_INT.c ****                     else
 431:Generated_Source\PSoC5/CAN_INT.c ****                     {
 432:Generated_Source\PSoC5/CAN_INT.c ****                         /* RX Basic mailbox handler */
 433:Generated_Source\PSoC5/CAN_INT.c ****                         CAN_ReceiveMsg(mailboxNumber);
  62              		.loc 1 433 0
  63 0022 2046     		mov	r0, r4
  64 0024 FFF7FEFF 		bl	CAN_ReceiveMsg
  65              	.LVL3:
  66              	.L3:
 434:Generated_Source\PSoC5/CAN_INT.c ****                     }
 435:Generated_Source\PSoC5/CAN_INT.c ****                 }
 436:Generated_Source\PSoC5/CAN_INT.c ****             }
 437:Generated_Source\PSoC5/CAN_INT.c ****             shift <<= 1u;
  67              		.loc 1 437 0 discriminator 2
  68 0028 6D00     		lsls	r5, r5, #1
  69              	.LVL4:
  70 002a ADB2     		uxth	r5, r5
  71              	.LVL5:
 420:Generated_Source\PSoC5/CAN_INT.c ****         {
  72              		.loc 1 420 0 discriminator 2
  73 002c 0134     		adds	r4, r4, #1
  74              	.LVL6:
ARM GAS  C:\Users\ANDREY~1\AppData\Local\Temp\ccSodOzJ.s 			page 10


  75 002e E4B2     		uxtb	r4, r4
  76              	.LVL7:
  77              	.L2:
 420:Generated_Source\PSoC5/CAN_INT.c ****         {
  78              		.loc 1 420 0 is_stmt 0 discriminator 1
  79 0030 0F2C     		cmp	r4, #15
  80 0032 ECD9     		bls	.L4
 438:Generated_Source\PSoC5/CAN_INT.c ****         }
 439:Generated_Source\PSoC5/CAN_INT.c ****     }
  81              		.loc 1 439 0 is_stmt 1
  82 0034 38BD     		pop	{r3, r4, r5, pc}
  83              	.LVL8:
  84              	.L7:
  85 0036 00BF     		.align	2
  86              	.L6:
  87 0038 00A00040 		.word	1073782784
  88 003c 08A00040 		.word	1073782792
  89 0040 A0A00040 		.word	1073782944
  90              		.cfi_endproc
  91              	.LFE0:
  92              		.size	CAN_MsgRXIsr, .-CAN_MsgRXIsr
  93              		.section	.text.CAN_ISR,"ax",%progbits
  94              		.align	2
  95              		.global	CAN_ISR
  96              		.thumb
  97              		.thumb_func
  98              		.type	CAN_ISR, %function
  99              	CAN_ISR:
 100              	.LFB1:
 440:Generated_Source\PSoC5/CAN_INT.c **** #endif /* CAN_RX_MESSAGE */
 441:Generated_Source\PSoC5/CAN_INT.c **** 
 442:Generated_Source\PSoC5/CAN_INT.c **** 
 443:Generated_Source\PSoC5/CAN_INT.c **** /*******************************************************************************
 444:Generated_Source\PSoC5/CAN_INT.c **** * Function Name: CAN_ISR
 445:Generated_Source\PSoC5/CAN_INT.c **** ********************************************************************************
 446:Generated_Source\PSoC5/CAN_INT.c **** *
 447:Generated_Source\PSoC5/CAN_INT.c **** * Summary:
 448:Generated_Source\PSoC5/CAN_INT.c **** *  This ISR is executed when CAN Core generates and interrupt on one of events:
 449:Generated_Source\PSoC5/CAN_INT.c **** *  Arb_lost, Overload, Bit_err, Stuff_err, Ack_err, Form_err, Crc_err,
 450:Generated_Source\PSoC5/CAN_INT.c **** *  Buss_off, Rx_msg_lost, Tx_msg or Rx_msg. The interrupt sources depends
 451:Generated_Source\PSoC5/CAN_INT.c **** *  on the Customizer inputs.
 452:Generated_Source\PSoC5/CAN_INT.c **** *
 453:Generated_Source\PSoC5/CAN_INT.c **** * Parameters:
 454:Generated_Source\PSoC5/CAN_INT.c **** *  None.
 455:Generated_Source\PSoC5/CAN_INT.c **** *
 456:Generated_Source\PSoC5/CAN_INT.c **** * Return:
 457:Generated_Source\PSoC5/CAN_INT.c **** *  None.
 458:Generated_Source\PSoC5/CAN_INT.c **** *
 459:Generated_Source\PSoC5/CAN_INT.c **** *******************************************************************************/
 460:Generated_Source\PSoC5/CAN_INT.c **** CY_ISR(CAN_ISR)
 461:Generated_Source\PSoC5/CAN_INT.c **** {
 101              		.loc 1 461 0
 102              		.cfi_startproc
 103              		@ args = 0, pretend = 0, frame = 0
 104              		@ frame_needed = 0, uses_anonymous_args = 0
 105 0000 08B5     		push	{r3, lr}
 106              		.cfi_def_cfa_offset 8
ARM GAS  C:\Users\ANDREY~1\AppData\Local\Temp\ccSodOzJ.s 			page 11


 107              		.cfi_offset 3, -8
 108              		.cfi_offset 14, -4
 462:Generated_Source\PSoC5/CAN_INT.c ****     #ifdef CAN_ISR_INTERRUPT_CALLBACK
 463:Generated_Source\PSoC5/CAN_INT.c ****         CAN_ISR_InterruptCallback();
 464:Generated_Source\PSoC5/CAN_INT.c ****     #endif /* CAN_ISR_INTERRUPT_CALLBACK */
 465:Generated_Source\PSoC5/CAN_INT.c ****     
 466:Generated_Source\PSoC5/CAN_INT.c ****     /* Place your Interrupt code here. */
 467:Generated_Source\PSoC5/CAN_INT.c ****     /* `#START CAN_ISR` */
 468:Generated_Source\PSoC5/CAN_INT.c **** 
 469:Generated_Source\PSoC5/CAN_INT.c ****     /* `#END` */
 470:Generated_Source\PSoC5/CAN_INT.c ****     
 471:Generated_Source\PSoC5/CAN_INT.c ****     /* Arbitration */
 472:Generated_Source\PSoC5/CAN_INT.c ****     #if (CAN_ARB_LOST && (CAN_ARB_LOST_USE_HELPER || \
 473:Generated_Source\PSoC5/CAN_INT.c ****         (!CAN_ADVANCED_INTERRUPT_CFG)))
 474:Generated_Source\PSoC5/CAN_INT.c ****         if ((CAN_INT_SR_REG.byte[0u] & CAN_ARBITRATION_LOST_MASK) != 0u)
 475:Generated_Source\PSoC5/CAN_INT.c ****         {
 476:Generated_Source\PSoC5/CAN_INT.c ****             CAN_ArbLostIsr();
 477:Generated_Source\PSoC5/CAN_INT.c ****         }
 478:Generated_Source\PSoC5/CAN_INT.c ****     #endif /* CAN_ARB_LOST && CAN_ARB_LOST_USE_HELPER */
 479:Generated_Source\PSoC5/CAN_INT.c **** 
 480:Generated_Source\PSoC5/CAN_INT.c ****     /* Overload Error */
 481:Generated_Source\PSoC5/CAN_INT.c ****     #if (CAN_OVERLOAD && (CAN_OVERLOAD_USE_HELPER || \
 482:Generated_Source\PSoC5/CAN_INT.c ****         (!CAN_ADVANCED_INTERRUPT_CFG)))
 483:Generated_Source\PSoC5/CAN_INT.c ****         if ((CAN_INT_SR_REG.byte[0u] & CAN_OVERLOAD_ERROR_MASK) != 0u)
 484:Generated_Source\PSoC5/CAN_INT.c ****         {
 485:Generated_Source\PSoC5/CAN_INT.c ****             CAN_OvrLdErrorIsr();
 486:Generated_Source\PSoC5/CAN_INT.c ****         }
 487:Generated_Source\PSoC5/CAN_INT.c ****     #endif /* CAN_OVERLOAD && CAN_OVERLOAD_USE_HELPER */
 488:Generated_Source\PSoC5/CAN_INT.c **** 
 489:Generated_Source\PSoC5/CAN_INT.c ****     /* Bit Error */
 490:Generated_Source\PSoC5/CAN_INT.c ****     #if (CAN_BIT_ERR && (CAN_BIT_ERR_USE_HELPER || \
 491:Generated_Source\PSoC5/CAN_INT.c ****         (!CAN_ADVANCED_INTERRUPT_CFG)))
 492:Generated_Source\PSoC5/CAN_INT.c ****         if ((CAN_INT_SR_REG.byte[0u] & CAN_BIT_ERROR_MASK) != 0u)
 493:Generated_Source\PSoC5/CAN_INT.c ****         {
 494:Generated_Source\PSoC5/CAN_INT.c ****             CAN_BitErrorIsr();
 495:Generated_Source\PSoC5/CAN_INT.c ****         }
 496:Generated_Source\PSoC5/CAN_INT.c ****     #endif /* CAN_BIT_ERR && CAN_BIT_ERR_USE_HELPER */
 497:Generated_Source\PSoC5/CAN_INT.c **** 
 498:Generated_Source\PSoC5/CAN_INT.c ****     /* Bit Staff Error */
 499:Generated_Source\PSoC5/CAN_INT.c ****     #if (CAN_STUFF_ERR && (CAN_STUFF_ERR_USE_HELPER || \
 500:Generated_Source\PSoC5/CAN_INT.c ****         (!CAN_ADVANCED_INTERRUPT_CFG)))
 501:Generated_Source\PSoC5/CAN_INT.c ****         if ((CAN_INT_SR_REG.byte[0u] & CAN_STUFF_ERROR_MASK) != 0u)
 502:Generated_Source\PSoC5/CAN_INT.c ****         {
 503:Generated_Source\PSoC5/CAN_INT.c ****             CAN_BitStuffErrorIsr();
 504:Generated_Source\PSoC5/CAN_INT.c ****         }
 505:Generated_Source\PSoC5/CAN_INT.c ****     #endif /* CAN_STUFF_ERR && CAN_STUFF_ERR_USE_HELPER */
 506:Generated_Source\PSoC5/CAN_INT.c **** 
 507:Generated_Source\PSoC5/CAN_INT.c ****     /* ACK Error */
 508:Generated_Source\PSoC5/CAN_INT.c ****     #if (CAN_ACK_ERR && (CAN_ACK_ERR_USE_HELPER || \
 509:Generated_Source\PSoC5/CAN_INT.c ****         (!CAN_ADVANCED_INTERRUPT_CFG)))
 510:Generated_Source\PSoC5/CAN_INT.c ****         if ((CAN_INT_SR_REG.byte[0u] & CAN_ACK_ERROR_MASK) != 0u)
 511:Generated_Source\PSoC5/CAN_INT.c ****         {
 512:Generated_Source\PSoC5/CAN_INT.c ****             CAN_AckErrorIsr();
 513:Generated_Source\PSoC5/CAN_INT.c ****         }
 514:Generated_Source\PSoC5/CAN_INT.c ****     #endif /* CAN_ACK_ERR && CAN_ACK_ERR_USE_HELPER */
 515:Generated_Source\PSoC5/CAN_INT.c **** 
 516:Generated_Source\PSoC5/CAN_INT.c ****     /* Form(msg) Error */
ARM GAS  C:\Users\ANDREY~1\AppData\Local\Temp\ccSodOzJ.s 			page 12


 517:Generated_Source\PSoC5/CAN_INT.c ****     #if (CAN_FORM_ERR && (CAN_FORM_ERR_USE_HELPER || \
 518:Generated_Source\PSoC5/CAN_INT.c ****         (!CAN_ADVANCED_INTERRUPT_CFG)))
 519:Generated_Source\PSoC5/CAN_INT.c ****         if ((CAN_INT_SR_REG.byte[0u] & CAN_FORM_ERROR_MASK) != 0u)
 520:Generated_Source\PSoC5/CAN_INT.c ****         {
 521:Generated_Source\PSoC5/CAN_INT.c ****             CAN_MsgErrorIsr();
 522:Generated_Source\PSoC5/CAN_INT.c ****         }
 523:Generated_Source\PSoC5/CAN_INT.c ****     #endif /* CAN_FORM_ERR && CAN_FORM_ERR_USE_HELPER */
 524:Generated_Source\PSoC5/CAN_INT.c **** 
 525:Generated_Source\PSoC5/CAN_INT.c ****     /* CRC Error */
 526:Generated_Source\PSoC5/CAN_INT.c ****     #if (CAN_CRC_ERR && (CAN_CRC_ERR_USE_HELPER || \
 527:Generated_Source\PSoC5/CAN_INT.c ****         (!CAN_ADVANCED_INTERRUPT_CFG)))
 528:Generated_Source\PSoC5/CAN_INT.c ****         if ((CAN_INT_SR_REG.byte[1u] & CAN_CRC_ERROR_MASK) != 0u)
 529:Generated_Source\PSoC5/CAN_INT.c ****         {
 530:Generated_Source\PSoC5/CAN_INT.c ****             CAN_CrcErrorIsr();
 531:Generated_Source\PSoC5/CAN_INT.c ****         }
 532:Generated_Source\PSoC5/CAN_INT.c ****     #endif /* CAN_CRC_ERR && CAN_CRC_ERR_USE_HELPER */
 533:Generated_Source\PSoC5/CAN_INT.c **** 
 534:Generated_Source\PSoC5/CAN_INT.c ****     /* Bus Off state */
 535:Generated_Source\PSoC5/CAN_INT.c ****     #if (CAN_BUS_OFF && (CAN_BUS_OFF_USE_HELPER || \
 536:Generated_Source\PSoC5/CAN_INT.c ****         (!CAN_ADVANCED_INTERRUPT_CFG)))
 537:Generated_Source\PSoC5/CAN_INT.c ****         if ((CAN_INT_SR_REG.byte[1u] & CAN_BUS_OFF_MASK) != 0u)
 538:Generated_Source\PSoC5/CAN_INT.c ****         {
 539:Generated_Source\PSoC5/CAN_INT.c ****             CAN_BusOffIsr();
 540:Generated_Source\PSoC5/CAN_INT.c ****         }
 541:Generated_Source\PSoC5/CAN_INT.c ****     #endif /* CAN_BUS_OFF && CAN_BUS_OFF_USE_HELPER */
 542:Generated_Source\PSoC5/CAN_INT.c **** 
 543:Generated_Source\PSoC5/CAN_INT.c ****     /* Message Lost */
 544:Generated_Source\PSoC5/CAN_INT.c ****     #if (CAN_RX_MSG_LOST && (CAN_RX_MSG_LOST_USE_HELPER || \
 545:Generated_Source\PSoC5/CAN_INT.c ****         (!CAN_ADVANCED_INTERRUPT_CFG)))
 546:Generated_Source\PSoC5/CAN_INT.c ****         if ((CAN_INT_SR_REG.byte[1u] & CAN_RX_MSG_LOST_MASK) != 0u)
 547:Generated_Source\PSoC5/CAN_INT.c ****         {
 548:Generated_Source\PSoC5/CAN_INT.c ****             CAN_MsgLostIsr();
 549:Generated_Source\PSoC5/CAN_INT.c ****         }
 550:Generated_Source\PSoC5/CAN_INT.c ****     #endif /* CAN_RX_MSG_LOST && CAN_RX_MSG_LOST_USE_HELPER */
 551:Generated_Source\PSoC5/CAN_INT.c **** 
 552:Generated_Source\PSoC5/CAN_INT.c ****     /* TX Message Send */
 553:Generated_Source\PSoC5/CAN_INT.c ****     #if (CAN_TX_MESSAGE && (CAN_TX_MESSAGE_USE_HELPER || \
 554:Generated_Source\PSoC5/CAN_INT.c ****         (!CAN_ADVANCED_INTERRUPT_CFG)))
 555:Generated_Source\PSoC5/CAN_INT.c ****         if ((CAN_INT_SR_REG.byte[1u] & CAN_TX_MESSAGE_MASK) != 0u)
 556:Generated_Source\PSoC5/CAN_INT.c ****         {
 557:Generated_Source\PSoC5/CAN_INT.c ****             CAN_MsgTXIsr();
 558:Generated_Source\PSoC5/CAN_INT.c ****         }
 559:Generated_Source\PSoC5/CAN_INT.c ****     #endif /* CAN_TX_MESSAGE && CAN_TX_MESSAGE_USE_HELPER */
 560:Generated_Source\PSoC5/CAN_INT.c **** 
 561:Generated_Source\PSoC5/CAN_INT.c ****     /* RX Message Available */
 562:Generated_Source\PSoC5/CAN_INT.c ****     #if (CAN_RX_MESSAGE && (CAN_RX_MESSAGE_USE_HELPER || \
 563:Generated_Source\PSoC5/CAN_INT.c ****         (!CAN_ADVANCED_INTERRUPT_CFG)))
 564:Generated_Source\PSoC5/CAN_INT.c ****         if ((CAN_INT_SR_REG.byte[1u] & CAN_RX_MESSAGE_MASK) != 0u)
 109              		.loc 1 564 0
 110 0002 044B     		ldr	r3, .L11
 111 0004 5B78     		ldrb	r3, [r3, #1]	@ zero_extendqisi2
 112 0006 13F0100F 		tst	r3, #16
 113 000a 01D0     		beq	.L8
 565:Generated_Source\PSoC5/CAN_INT.c ****         {
 566:Generated_Source\PSoC5/CAN_INT.c ****             CAN_MsgRXIsr();
 114              		.loc 1 566 0
 115 000c FFF7FEFF 		bl	CAN_MsgRXIsr
ARM GAS  C:\Users\ANDREY~1\AppData\Local\Temp\ccSodOzJ.s 			page 13


 116              	.LVL9:
 117              	.L8:
 118 0010 08BD     		pop	{r3, pc}
 119              	.L12:
 120 0012 00BF     		.align	2
 121              	.L11:
 122 0014 00A00040 		.word	1073782784
 123              		.cfi_endproc
 124              	.LFE1:
 125              		.size	CAN_ISR, .-CAN_ISR
 126              		.text
 127              	.Letext0:
 128              		.file 2 "Generated_Source\\PSoC5\\cytypes.h"
 129              		.file 3 "Generated_Source\\PSoC5\\CAN.h"
 130              		.section	.debug_info,"",%progbits
 131              	.Ldebug_info0:
 132 0000 0A020000 		.4byte	0x20a
 133 0004 0400     		.2byte	0x4
 134 0006 00000000 		.4byte	.Ldebug_abbrev0
 135 000a 04       		.byte	0x4
 136 000b 01       		.uleb128 0x1
 137 000c 39010000 		.4byte	.LASF33
 138 0010 0C       		.byte	0xc
 139 0011 EA010000 		.4byte	.LASF34
 140 0015 DD000000 		.4byte	.LASF35
 141 0019 00000000 		.4byte	.Ldebug_ranges0+0
 142 001d 00000000 		.4byte	0
 143 0021 00000000 		.4byte	.Ldebug_line0
 144 0025 02       		.uleb128 0x2
 145 0026 01       		.byte	0x1
 146 0027 06       		.byte	0x6
 147 0028 30020000 		.4byte	.LASF0
 148 002c 02       		.uleb128 0x2
 149 002d 01       		.byte	0x1
 150 002e 08       		.byte	0x8
 151 002f 66000000 		.4byte	.LASF1
 152 0033 02       		.uleb128 0x2
 153 0034 02       		.byte	0x2
 154 0035 05       		.byte	0x5
 155 0036 0B020000 		.4byte	.LASF2
 156 003a 02       		.uleb128 0x2
 157 003b 02       		.byte	0x2
 158 003c 07       		.byte	0x7
 159 003d 3A000000 		.4byte	.LASF3
 160 0041 02       		.uleb128 0x2
 161 0042 04       		.byte	0x4
 162 0043 05       		.byte	0x5
 163 0044 1B020000 		.4byte	.LASF4
 164 0048 02       		.uleb128 0x2
 165 0049 04       		.byte	0x4
 166 004a 07       		.byte	0x7
 167 004b 7E000000 		.4byte	.LASF5
 168 004f 02       		.uleb128 0x2
 169 0050 08       		.byte	0x8
 170 0051 05       		.byte	0x5
 171 0052 D7010000 		.4byte	.LASF6
 172 0056 02       		.uleb128 0x2
ARM GAS  C:\Users\ANDREY~1\AppData\Local\Temp\ccSodOzJ.s 			page 14


 173 0057 08       		.byte	0x8
 174 0058 07       		.byte	0x7
 175 0059 C6000000 		.4byte	.LASF7
 176 005d 03       		.uleb128 0x3
 177 005e 04       		.byte	0x4
 178 005f 05       		.byte	0x5
 179 0060 696E7400 		.ascii	"int\000"
 180 0064 02       		.uleb128 0x2
 181 0065 04       		.byte	0x4
 182 0066 07       		.byte	0x7
 183 0067 B9000000 		.4byte	.LASF8
 184 006b 04       		.uleb128 0x4
 185 006c 90000000 		.4byte	.LASF9
 186 0070 02       		.byte	0x2
 187 0071 3801     		.2byte	0x138
 188 0073 2C000000 		.4byte	0x2c
 189 0077 04       		.uleb128 0x4
 190 0078 A5000000 		.4byte	.LASF10
 191 007c 02       		.byte	0x2
 192 007d 3901     		.2byte	0x139
 193 007f 3A000000 		.4byte	0x3a
 194 0083 02       		.uleb128 0x2
 195 0084 04       		.byte	0x4
 196 0085 04       		.byte	0x4
 197 0086 60000000 		.4byte	.LASF11
 198 008a 02       		.uleb128 0x2
 199 008b 08       		.byte	0x8
 200 008c 04       		.byte	0x4
 201 008d 9E000000 		.4byte	.LASF12
 202 0091 02       		.uleb128 0x2
 203 0092 01       		.byte	0x1
 204 0093 08       		.byte	0x8
 205 0094 E5010000 		.4byte	.LASF13
 206 0098 04       		.uleb128 0x4
 207 0099 79000000 		.4byte	.LASF14
 208 009d 02       		.byte	0x2
 209 009e E201     		.2byte	0x1e2
 210 00a0 A4000000 		.4byte	0xa4
 211 00a4 05       		.uleb128 0x5
 212 00a5 6B000000 		.4byte	0x6b
 213 00a9 04       		.uleb128 0x4
 214 00aa 00000000 		.4byte	.LASF15
 215 00ae 02       		.byte	0x2
 216 00af E301     		.2byte	0x1e3
 217 00b1 B5000000 		.4byte	0xb5
 218 00b5 05       		.uleb128 0x5
 219 00b6 77000000 		.4byte	0x77
 220 00ba 02       		.uleb128 0x2
 221 00bb 08       		.byte	0x8
 222 00bc 04       		.byte	0x4
 223 00bd 24020000 		.4byte	.LASF16
 224 00c1 02       		.uleb128 0x2
 225 00c2 04       		.byte	0x4
 226 00c3 07       		.byte	0x7
 227 00c4 C7010000 		.4byte	.LASF17
 228 00c8 06       		.uleb128 0x6
 229 00c9 08       		.byte	0x8
ARM GAS  C:\Users\ANDREY~1\AppData\Local\Temp\ccSodOzJ.s 			page 15


 230 00ca 03       		.byte	0x3
 231 00cb 75       		.byte	0x75
 232 00cc DD000000 		.4byte	0xdd
 233 00d0 07       		.uleb128 0x7
 234 00d1 4D000000 		.4byte	.LASF19
 235 00d5 03       		.byte	0x3
 236 00d6 77       		.byte	0x77
 237 00d7 ED000000 		.4byte	0xed
 238 00db 00       		.byte	0
 239 00dc 00       		.byte	0
 240 00dd 08       		.uleb128 0x8
 241 00de 98000000 		.4byte	0x98
 242 00e2 ED000000 		.4byte	0xed
 243 00e6 09       		.uleb128 0x9
 244 00e7 C1000000 		.4byte	0xc1
 245 00eb 07       		.byte	0x7
 246 00ec 00       		.byte	0
 247 00ed 05       		.uleb128 0x5
 248 00ee DD000000 		.4byte	0xdd
 249 00f2 0A       		.uleb128 0xa
 250 00f3 0C000000 		.4byte	.LASF18
 251 00f7 03       		.byte	0x3
 252 00f8 78       		.byte	0x78
 253 00f9 C8000000 		.4byte	0xc8
 254 00fd 06       		.uleb128 0x6
 255 00fe 04       		.byte	0x4
 256 00ff 03       		.byte	0x3
 257 0100 7B       		.byte	0x7b
 258 0101 12010000 		.4byte	0x112
 259 0105 07       		.uleb128 0x7
 260 0106 4D000000 		.4byte	.LASF19
 261 010a 03       		.byte	0x3
 262 010b 7D       		.byte	0x7d
 263 010c 22010000 		.4byte	0x122
 264 0110 00       		.byte	0
 265 0111 00       		.byte	0
 266 0112 08       		.uleb128 0x8
 267 0113 98000000 		.4byte	0x98
 268 0117 22010000 		.4byte	0x122
 269 011b 09       		.uleb128 0x9
 270 011c C1000000 		.4byte	0xc1
 271 0120 03       		.byte	0x3
 272 0121 00       		.byte	0
 273 0122 05       		.uleb128 0x5
 274 0123 12010000 		.4byte	0x112
 275 0127 0A       		.uleb128 0xa
 276 0128 2F000000 		.4byte	.LASF20
 277 012c 03       		.byte	0x3
 278 012d 7E       		.byte	0x7e
 279 012e FD000000 		.4byte	0xfd
 280 0132 06       		.uleb128 0x6
 281 0133 20       		.byte	0x20
 282 0134 03       		.byte	0x3
 283 0135 A0       		.byte	0xa0
 284 0136 8F010000 		.4byte	0x18f
 285 013a 07       		.uleb128 0x7
 286 013b 33010000 		.4byte	.LASF21
ARM GAS  C:\Users\ANDREY~1\AppData\Local\Temp\ccSodOzJ.s 			page 16


 287 013f 03       		.byte	0x3
 288 0140 A2       		.byte	0xa2
 289 0141 27010000 		.4byte	0x127
 290 0145 00       		.byte	0
 291 0146 07       		.uleb128 0x7
 292 0147 74000000 		.4byte	.LASF22
 293 014b 03       		.byte	0x3
 294 014c A3       		.byte	0xa3
 295 014d 27010000 		.4byte	0x127
 296 0151 04       		.byte	0x4
 297 0152 07       		.uleb128 0x7
 298 0153 52000000 		.4byte	.LASF23
 299 0157 03       		.byte	0x3
 300 0158 A4       		.byte	0xa4
 301 0159 F2000000 		.4byte	0xf2
 302 015d 08       		.byte	0x8
 303 015e 07       		.uleb128 0x7
 304 015f 1B000000 		.4byte	.LASF24
 305 0163 03       		.byte	0x3
 306 0164 A5       		.byte	0xa5
 307 0165 27010000 		.4byte	0x127
 308 0169 10       		.byte	0x10
 309 016a 07       		.uleb128 0x7
 310 016b 15020000 		.4byte	.LASF25
 311 016f 03       		.byte	0x3
 312 0170 A6       		.byte	0xa6
 313 0171 27010000 		.4byte	0x127
 314 0175 14       		.byte	0x14
 315 0176 07       		.uleb128 0x7
 316 0177 D0010000 		.4byte	.LASF26
 317 017b 03       		.byte	0x3
 318 017c A7       		.byte	0xa7
 319 017d 27010000 		.4byte	0x127
 320 0181 18       		.byte	0x18
 321 0182 07       		.uleb128 0x7
 322 0183 59000000 		.4byte	.LASF27
 323 0187 03       		.byte	0x3
 324 0188 A8       		.byte	0xa8
 325 0189 27010000 		.4byte	0x127
 326 018d 1C       		.byte	0x1c
 327 018e 00       		.byte	0
 328 018f 0A       		.uleb128 0xa
 329 0190 25010000 		.4byte	.LASF28
 330 0194 03       		.byte	0x3
 331 0195 A9       		.byte	0xa9
 332 0196 32010000 		.4byte	0x132
 333 019a 0B       		.uleb128 0xb
 334 019b AC000000 		.4byte	.LASF31
 335 019f 01       		.byte	0x1
 336 01a0 9401     		.2byte	0x194
 337 01a2 00000000 		.4byte	.LFB0
 338 01a6 44000000 		.4byte	.LFE0-.LFB0
 339 01aa 01       		.uleb128 0x1
 340 01ab 9C       		.byte	0x9c
 341 01ac E1010000 		.4byte	0x1e1
 342 01b0 0C       		.uleb128 0xc
 343 01b1 21000000 		.4byte	.LASF29
ARM GAS  C:\Users\ANDREY~1\AppData\Local\Temp\ccSodOzJ.s 			page 17


 344 01b5 01       		.byte	0x1
 345 01b6 9601     		.2byte	0x196
 346 01b8 6B000000 		.4byte	0x6b
 347 01bc 00000000 		.4byte	.LLST0
 348 01c0 0C       		.uleb128 0xc
 349 01c1 06000000 		.4byte	.LASF30
 350 01c5 01       		.byte	0x1
 351 01c6 9701     		.2byte	0x197
 352 01c8 77000000 		.4byte	0x77
 353 01cc 2A000000 		.4byte	.LLST1
 354 01d0 0D       		.uleb128 0xd
 355 01d1 28000000 		.4byte	.LVL3
 356 01d5 01020000 		.4byte	0x201
 357 01d9 0E       		.uleb128 0xe
 358 01da 01       		.uleb128 0x1
 359 01db 50       		.byte	0x50
 360 01dc 02       		.uleb128 0x2
 361 01dd 74       		.byte	0x74
 362 01de 00       		.sleb128 0
 363 01df 00       		.byte	0
 364 01e0 00       		.byte	0
 365 01e1 0B       		.uleb128 0xb
 366 01e2 96000000 		.4byte	.LASF32
 367 01e6 01       		.byte	0x1
 368 01e7 CC01     		.2byte	0x1cc
 369 01e9 00000000 		.4byte	.LFB1
 370 01ed 18000000 		.4byte	.LFE1-.LFB1
 371 01f1 01       		.uleb128 0x1
 372 01f2 9C       		.byte	0x9c
 373 01f3 01020000 		.4byte	0x201
 374 01f7 0F       		.uleb128 0xf
 375 01f8 10000000 		.4byte	.LVL9
 376 01fc 9A010000 		.4byte	0x19a
 377 0200 00       		.byte	0
 378 0201 10       		.uleb128 0x10
 379 0202 3C020000 		.4byte	.LASF36
 380 0206 3C020000 		.4byte	.LASF36
 381 020a 03       		.byte	0x3
 382 020b 1A01     		.2byte	0x11a
 383 020d 00       		.byte	0
 384              		.section	.debug_abbrev,"",%progbits
 385              	.Ldebug_abbrev0:
 386 0000 01       		.uleb128 0x1
 387 0001 11       		.uleb128 0x11
 388 0002 01       		.byte	0x1
 389 0003 25       		.uleb128 0x25
 390 0004 0E       		.uleb128 0xe
 391 0005 13       		.uleb128 0x13
 392 0006 0B       		.uleb128 0xb
 393 0007 03       		.uleb128 0x3
 394 0008 0E       		.uleb128 0xe
 395 0009 1B       		.uleb128 0x1b
 396 000a 0E       		.uleb128 0xe
 397 000b 55       		.uleb128 0x55
 398 000c 17       		.uleb128 0x17
 399 000d 11       		.uleb128 0x11
 400 000e 01       		.uleb128 0x1
ARM GAS  C:\Users\ANDREY~1\AppData\Local\Temp\ccSodOzJ.s 			page 18


 401 000f 10       		.uleb128 0x10
 402 0010 17       		.uleb128 0x17
 403 0011 00       		.byte	0
 404 0012 00       		.byte	0
 405 0013 02       		.uleb128 0x2
 406 0014 24       		.uleb128 0x24
 407 0015 00       		.byte	0
 408 0016 0B       		.uleb128 0xb
 409 0017 0B       		.uleb128 0xb
 410 0018 3E       		.uleb128 0x3e
 411 0019 0B       		.uleb128 0xb
 412 001a 03       		.uleb128 0x3
 413 001b 0E       		.uleb128 0xe
 414 001c 00       		.byte	0
 415 001d 00       		.byte	0
 416 001e 03       		.uleb128 0x3
 417 001f 24       		.uleb128 0x24
 418 0020 00       		.byte	0
 419 0021 0B       		.uleb128 0xb
 420 0022 0B       		.uleb128 0xb
 421 0023 3E       		.uleb128 0x3e
 422 0024 0B       		.uleb128 0xb
 423 0025 03       		.uleb128 0x3
 424 0026 08       		.uleb128 0x8
 425 0027 00       		.byte	0
 426 0028 00       		.byte	0
 427 0029 04       		.uleb128 0x4
 428 002a 16       		.uleb128 0x16
 429 002b 00       		.byte	0
 430 002c 03       		.uleb128 0x3
 431 002d 0E       		.uleb128 0xe
 432 002e 3A       		.uleb128 0x3a
 433 002f 0B       		.uleb128 0xb
 434 0030 3B       		.uleb128 0x3b
 435 0031 05       		.uleb128 0x5
 436 0032 49       		.uleb128 0x49
 437 0033 13       		.uleb128 0x13
 438 0034 00       		.byte	0
 439 0035 00       		.byte	0
 440 0036 05       		.uleb128 0x5
 441 0037 35       		.uleb128 0x35
 442 0038 00       		.byte	0
 443 0039 49       		.uleb128 0x49
 444 003a 13       		.uleb128 0x13
 445 003b 00       		.byte	0
 446 003c 00       		.byte	0
 447 003d 06       		.uleb128 0x6
 448 003e 13       		.uleb128 0x13
 449 003f 01       		.byte	0x1
 450 0040 0B       		.uleb128 0xb
 451 0041 0B       		.uleb128 0xb
 452 0042 3A       		.uleb128 0x3a
 453 0043 0B       		.uleb128 0xb
 454 0044 3B       		.uleb128 0x3b
 455 0045 0B       		.uleb128 0xb
 456 0046 01       		.uleb128 0x1
 457 0047 13       		.uleb128 0x13
ARM GAS  C:\Users\ANDREY~1\AppData\Local\Temp\ccSodOzJ.s 			page 19


 458 0048 00       		.byte	0
 459 0049 00       		.byte	0
 460 004a 07       		.uleb128 0x7
 461 004b 0D       		.uleb128 0xd
 462 004c 00       		.byte	0
 463 004d 03       		.uleb128 0x3
 464 004e 0E       		.uleb128 0xe
 465 004f 3A       		.uleb128 0x3a
 466 0050 0B       		.uleb128 0xb
 467 0051 3B       		.uleb128 0x3b
 468 0052 0B       		.uleb128 0xb
 469 0053 49       		.uleb128 0x49
 470 0054 13       		.uleb128 0x13
 471 0055 38       		.uleb128 0x38
 472 0056 0B       		.uleb128 0xb
 473 0057 00       		.byte	0
 474 0058 00       		.byte	0
 475 0059 08       		.uleb128 0x8
 476 005a 01       		.uleb128 0x1
 477 005b 01       		.byte	0x1
 478 005c 49       		.uleb128 0x49
 479 005d 13       		.uleb128 0x13
 480 005e 01       		.uleb128 0x1
 481 005f 13       		.uleb128 0x13
 482 0060 00       		.byte	0
 483 0061 00       		.byte	0
 484 0062 09       		.uleb128 0x9
 485 0063 21       		.uleb128 0x21
 486 0064 00       		.byte	0
 487 0065 49       		.uleb128 0x49
 488 0066 13       		.uleb128 0x13
 489 0067 2F       		.uleb128 0x2f
 490 0068 0B       		.uleb128 0xb
 491 0069 00       		.byte	0
 492 006a 00       		.byte	0
 493 006b 0A       		.uleb128 0xa
 494 006c 16       		.uleb128 0x16
 495 006d 00       		.byte	0
 496 006e 03       		.uleb128 0x3
 497 006f 0E       		.uleb128 0xe
 498 0070 3A       		.uleb128 0x3a
 499 0071 0B       		.uleb128 0xb
 500 0072 3B       		.uleb128 0x3b
 501 0073 0B       		.uleb128 0xb
 502 0074 49       		.uleb128 0x49
 503 0075 13       		.uleb128 0x13
 504 0076 00       		.byte	0
 505 0077 00       		.byte	0
 506 0078 0B       		.uleb128 0xb
 507 0079 2E       		.uleb128 0x2e
 508 007a 01       		.byte	0x1
 509 007b 3F       		.uleb128 0x3f
 510 007c 19       		.uleb128 0x19
 511 007d 03       		.uleb128 0x3
 512 007e 0E       		.uleb128 0xe
 513 007f 3A       		.uleb128 0x3a
 514 0080 0B       		.uleb128 0xb
ARM GAS  C:\Users\ANDREY~1\AppData\Local\Temp\ccSodOzJ.s 			page 20


 515 0081 3B       		.uleb128 0x3b
 516 0082 05       		.uleb128 0x5
 517 0083 27       		.uleb128 0x27
 518 0084 19       		.uleb128 0x19
 519 0085 11       		.uleb128 0x11
 520 0086 01       		.uleb128 0x1
 521 0087 12       		.uleb128 0x12
 522 0088 06       		.uleb128 0x6
 523 0089 40       		.uleb128 0x40
 524 008a 18       		.uleb128 0x18
 525 008b 9742     		.uleb128 0x2117
 526 008d 19       		.uleb128 0x19
 527 008e 01       		.uleb128 0x1
 528 008f 13       		.uleb128 0x13
 529 0090 00       		.byte	0
 530 0091 00       		.byte	0
 531 0092 0C       		.uleb128 0xc
 532 0093 34       		.uleb128 0x34
 533 0094 00       		.byte	0
 534 0095 03       		.uleb128 0x3
 535 0096 0E       		.uleb128 0xe
 536 0097 3A       		.uleb128 0x3a
 537 0098 0B       		.uleb128 0xb
 538 0099 3B       		.uleb128 0x3b
 539 009a 05       		.uleb128 0x5
 540 009b 49       		.uleb128 0x49
 541 009c 13       		.uleb128 0x13
 542 009d 02       		.uleb128 0x2
 543 009e 17       		.uleb128 0x17
 544 009f 00       		.byte	0
 545 00a0 00       		.byte	0
 546 00a1 0D       		.uleb128 0xd
 547 00a2 898201   		.uleb128 0x4109
 548 00a5 01       		.byte	0x1
 549 00a6 11       		.uleb128 0x11
 550 00a7 01       		.uleb128 0x1
 551 00a8 31       		.uleb128 0x31
 552 00a9 13       		.uleb128 0x13
 553 00aa 00       		.byte	0
 554 00ab 00       		.byte	0
 555 00ac 0E       		.uleb128 0xe
 556 00ad 8A8201   		.uleb128 0x410a
 557 00b0 00       		.byte	0
 558 00b1 02       		.uleb128 0x2
 559 00b2 18       		.uleb128 0x18
 560 00b3 9142     		.uleb128 0x2111
 561 00b5 18       		.uleb128 0x18
 562 00b6 00       		.byte	0
 563 00b7 00       		.byte	0
 564 00b8 0F       		.uleb128 0xf
 565 00b9 898201   		.uleb128 0x4109
 566 00bc 00       		.byte	0
 567 00bd 11       		.uleb128 0x11
 568 00be 01       		.uleb128 0x1
 569 00bf 31       		.uleb128 0x31
 570 00c0 13       		.uleb128 0x13
 571 00c1 00       		.byte	0
ARM GAS  C:\Users\ANDREY~1\AppData\Local\Temp\ccSodOzJ.s 			page 21


 572 00c2 00       		.byte	0
 573 00c3 10       		.uleb128 0x10
 574 00c4 2E       		.uleb128 0x2e
 575 00c5 00       		.byte	0
 576 00c6 3F       		.uleb128 0x3f
 577 00c7 19       		.uleb128 0x19
 578 00c8 3C       		.uleb128 0x3c
 579 00c9 19       		.uleb128 0x19
 580 00ca 6E       		.uleb128 0x6e
 581 00cb 0E       		.uleb128 0xe
 582 00cc 03       		.uleb128 0x3
 583 00cd 0E       		.uleb128 0xe
 584 00ce 3A       		.uleb128 0x3a
 585 00cf 0B       		.uleb128 0xb
 586 00d0 3B       		.uleb128 0x3b
 587 00d1 05       		.uleb128 0x5
 588 00d2 00       		.byte	0
 589 00d3 00       		.byte	0
 590 00d4 00       		.byte	0
 591              		.section	.debug_loc,"",%progbits
 592              	.Ldebug_loc0:
 593              	.LLST0:
 594 0000 08000000 		.4byte	.LVL1
 595 0004 0E000000 		.4byte	.LVL2
 596 0008 0200     		.2byte	0x2
 597 000a 30       		.byte	0x30
 598 000b 9F       		.byte	0x9f
 599 000c 0E000000 		.4byte	.LVL2
 600 0010 2E000000 		.4byte	.LVL6
 601 0014 0100     		.2byte	0x1
 602 0016 54       		.byte	0x54
 603 0017 30000000 		.4byte	.LVL7
 604 001b 36000000 		.4byte	.LVL8
 605 001f 0100     		.2byte	0x1
 606 0021 54       		.byte	0x54
 607 0022 00000000 		.4byte	0
 608 0026 00000000 		.4byte	0
 609              	.LLST1:
 610 002a 02000000 		.4byte	.LVL0
 611 002e 0E000000 		.4byte	.LVL2
 612 0032 0200     		.2byte	0x2
 613 0034 31       		.byte	0x31
 614 0035 9F       		.byte	0x9f
 615 0036 0E000000 		.4byte	.LVL2
 616 003a 2A000000 		.4byte	.LVL4
 617 003e 0100     		.2byte	0x1
 618 0040 55       		.byte	0x55
 619 0041 2C000000 		.4byte	.LVL5
 620 0045 36000000 		.4byte	.LVL8
 621 0049 0100     		.2byte	0x1
 622 004b 55       		.byte	0x55
 623 004c 00000000 		.4byte	0
 624 0050 00000000 		.4byte	0
 625              		.section	.debug_aranges,"",%progbits
 626 0000 24000000 		.4byte	0x24
 627 0004 0200     		.2byte	0x2
 628 0006 00000000 		.4byte	.Ldebug_info0
ARM GAS  C:\Users\ANDREY~1\AppData\Local\Temp\ccSodOzJ.s 			page 22


 629 000a 04       		.byte	0x4
 630 000b 00       		.byte	0
 631 000c 0000     		.2byte	0
 632 000e 0000     		.2byte	0
 633 0010 00000000 		.4byte	.LFB0
 634 0014 44000000 		.4byte	.LFE0-.LFB0
 635 0018 00000000 		.4byte	.LFB1
 636 001c 18000000 		.4byte	.LFE1-.LFB1
 637 0020 00000000 		.4byte	0
 638 0024 00000000 		.4byte	0
 639              		.section	.debug_ranges,"",%progbits
 640              	.Ldebug_ranges0:
 641 0000 00000000 		.4byte	.LFB0
 642 0004 44000000 		.4byte	.LFE0
 643 0008 00000000 		.4byte	.LFB1
 644 000c 18000000 		.4byte	.LFE1
 645 0010 00000000 		.4byte	0
 646 0014 00000000 		.4byte	0
 647              		.section	.debug_line,"",%progbits
 648              	.Ldebug_line0:
 649 0000 98000000 		.section	.debug_str,"MS",%progbits,1
 649      02004D00 
 649      00000201 
 649      FB0E0D00 
 649      01010101 
 650              	.LASF15:
 651 0000 72656731 		.ascii	"reg16\000"
 651      3600
 652              	.LASF30:
 653 0006 73686966 		.ascii	"shift\000"
 653      7400
 654              	.LASF18:
 655 000c 43414E5F 		.ascii	"CAN_DATA_BYTES\000"
 655      44415441 
 655      5F425954 
 655      455300
 656              	.LASF24:
 657 001b 7278616D 		.ascii	"rxamr\000"
 657      7200
 658              	.LASF29:
 659 0021 6D61696C 		.ascii	"mailboxNumber\000"
 659      626F784E 
 659      756D6265 
 659      7200
 660              	.LASF20:
 661 002f 43414E5F 		.ascii	"CAN_REG_32\000"
 661      5245475F 
 661      333200
 662              	.LASF3:
 663 003a 73686F72 		.ascii	"short unsigned int\000"
 663      7420756E 
 663      7369676E 
 663      65642069 
 663      6E7400
 664              	.LASF19:
 665 004d 62797465 		.ascii	"byte\000"
 665      00
ARM GAS  C:\Users\ANDREY~1\AppData\Local\Temp\ccSodOzJ.s 			page 23


 666              	.LASF23:
 667 0052 72786461 		.ascii	"rxdata\000"
 667      746100
 668              	.LASF27:
 669 0059 72786163 		.ascii	"rxacrd\000"
 669      726400
 670              	.LASF11:
 671 0060 666C6F61 		.ascii	"float\000"
 671      7400
 672              	.LASF1:
 673 0066 756E7369 		.ascii	"unsigned char\000"
 673      676E6564 
 673      20636861 
 673      7200
 674              	.LASF22:
 675 0074 72786964 		.ascii	"rxid\000"
 675      00
 676              	.LASF14:
 677 0079 72656738 		.ascii	"reg8\000"
 677      00
 678              	.LASF5:
 679 007e 6C6F6E67 		.ascii	"long unsigned int\000"
 679      20756E73 
 679      69676E65 
 679      6420696E 
 679      7400
 680              	.LASF9:
 681 0090 75696E74 		.ascii	"uint8\000"
 681      3800
 682              	.LASF32:
 683 0096 43414E5F 		.ascii	"CAN_ISR\000"
 683      49535200 
 684              	.LASF12:
 685 009e 646F7562 		.ascii	"double\000"
 685      6C6500
 686              	.LASF10:
 687 00a5 75696E74 		.ascii	"uint16\000"
 687      313600
 688              	.LASF31:
 689 00ac 43414E5F 		.ascii	"CAN_MsgRXIsr\000"
 689      4D736752 
 689      58497372 
 689      00
 690              	.LASF8:
 691 00b9 756E7369 		.ascii	"unsigned int\000"
 691      676E6564 
 691      20696E74 
 691      00
 692              	.LASF7:
 693 00c6 6C6F6E67 		.ascii	"long long unsigned int\000"
 693      206C6F6E 
 693      6720756E 
 693      7369676E 
 693      65642069 
 694              	.LASF35:
 695 00dd 5A3A5C44 		.ascii	"Z:\\Documents\\UCD\\FRUCD\\Dashboard-Firmware-FE9-F"
 695      6F63756D 
ARM GAS  C:\Users\ANDREY~1\AppData\Local\Temp\ccSodOzJ.s 			page 24


 695      656E7473 
 695      5C554344 
 695      5C465255 
 696 010c 45372D42 		.ascii	"E7-Board\\Dashboard.cydsn\000"
 696      6F617264 
 696      5C446173 
 696      68626F61 
 696      72642E63 
 697              	.LASF28:
 698 0125 43414E5F 		.ascii	"CAN_RX_STRUCT\000"
 698      52585F53 
 698      54525543 
 698      5400
 699              	.LASF21:
 700 0133 7278636D 		.ascii	"rxcmd\000"
 700      6400
 701              	.LASF33:
 702 0139 474E5520 		.ascii	"GNU C11 5.4.1 20160609 (release) [ARM/embedded-5-br"
 702      43313120 
 702      352E342E 
 702      31203230 
 702      31363036 
 703 016c 616E6368 		.ascii	"anch revision 237715] -mcpu=cortex-m3 -mthumb -g -O"
 703      20726576 
 703      6973696F 
 703      6E203233 
 703      37373135 
 704 019f 67202D66 		.ascii	"g -ffunction-sections -ffat-lto-objects\000"
 704      66756E63 
 704      74696F6E 
 704      2D736563 
 704      74696F6E 
 705              	.LASF17:
 706 01c7 73697A65 		.ascii	"sizetype\000"
 706      74797065 
 706      00
 707              	.LASF26:
 708 01d0 7278616D 		.ascii	"rxamrd\000"
 708      726400
 709              	.LASF6:
 710 01d7 6C6F6E67 		.ascii	"long long int\000"
 710      206C6F6E 
 710      6720696E 
 710      7400
 711              	.LASF13:
 712 01e5 63686172 		.ascii	"char\000"
 712      00
 713              	.LASF34:
 714 01ea 47656E65 		.ascii	"Generated_Source\\PSoC5\\CAN_INT.c\000"
 714      72617465 
 714      645F536F 
 714      75726365 
 714      5C50536F 
 715              	.LASF2:
 716 020b 73686F72 		.ascii	"short int\000"
 716      7420696E 
 716      7400
ARM GAS  C:\Users\ANDREY~1\AppData\Local\Temp\ccSodOzJ.s 			page 25


 717              	.LASF25:
 718 0215 72786163 		.ascii	"rxacr\000"
 718      7200
 719              	.LASF4:
 720 021b 6C6F6E67 		.ascii	"long int\000"
 720      20696E74 
 720      00
 721              	.LASF16:
 722 0224 6C6F6E67 		.ascii	"long double\000"
 722      20646F75 
 722      626C6500 
 723              	.LASF0:
 724 0230 7369676E 		.ascii	"signed char\000"
 724      65642063 
 724      68617200 
 725              	.LASF36:
 726 023c 43414E5F 		.ascii	"CAN_ReceiveMsg\000"
 726      52656365 
 726      6976654D 
 726      736700
 727              		.ident	"GCC: (GNU Tools for ARM Embedded Processors) 5.4.1 20160609 (release) [ARM/embedded-5-bran
