Archive member included to satisfy reference by file (symbol)

.\CortexM3\ARM_GCC_541\Debug\Dashboard.a(CAN.o)
                              .\CortexM3\ARM_GCC_541\Debug\main.o (CAN_GlobalIntEnable)
.\CortexM3\ARM_GCC_541\Debug\Dashboard.a(CAN_INT.o)
                              .\CortexM3\ARM_GCC_541\Debug\Dashboard.a(CAN.o) (CAN_ISR)
.\CortexM3\ARM_GCC_541\Debug\Dashboard.a(CAN_TX_RX_func.o)
                              .\CortexM3\ARM_GCC_541\Debug\can_manga.o (CAN_SendMsg)
.\CortexM3\ARM_GCC_541\Debug\Dashboard.a(Buzzer.o)
                              .\CortexM3\ARM_GCC_541\Debug\main.o (Buzzer_Write)
.\CortexM3\ARM_GCC_541\Debug\Dashboard.a(HV.o)
                              .\CortexM3\ARM_GCC_541\Debug\main.o (HV_Read)
.\CortexM3\ARM_GCC_541\Debug\Dashboard.a(Drive.o)
                              .\CortexM3\ARM_GCC_541\Debug\main.o (Drive_Read)
.\CortexM3\ARM_GCC_541\Debug\Dashboard.a(RGB3_1.o)
                              .\CortexM3\ARM_GCC_541\Debug\main.o (RGB3_1_Write)
.\CortexM3\ARM_GCC_541\Debug\Dashboard.a(RGB2_1.o)
                              .\CortexM3\ARM_GCC_541\Debug\main.o (RGB2_1_Write)
.\CortexM3\ARM_GCC_541\Debug\Dashboard.a(RGB1_1.o)
                              .\CortexM3\ARM_GCC_541\Debug\main.o (RGB1_1_Write)
.\CortexM3\ARM_GCC_541\Debug\Dashboard.a(GraphicLCDIntf.o)
                              .\CortexM3\ARM_GCC_541\Debug\main.o (GraphicLCDIntf_Start)
.\CortexM3\ARM_GCC_541\Debug\Dashboard.a(D_BL.o)
                              .\CortexM3\ARM_GCC_541\Debug\main.o (D_BL_Write)
.\CortexM3\ARM_GCC_541\Debug\Dashboard.a(D_RST.o)
                              .\CortexM3\ARM_GCC_541\Debug\ugui_SSD1963.o (D_RST_Write)
.\CortexM3\ARM_GCC_541\Debug\Dashboard.a(CyLib.o)
                              .\CortexM3\ARM_GCC_541\Debug\Cm3Start.o (CyHalt)
.\CortexM3\ARM_GCC_541\Debug\Dashboard.a(cyPm.o)
                              .\CortexM3\ARM_GCC_541\Debug\Dashboard.a(CyLib.o) (CyPmReadStatus)
.\CortexM3\ARM_GCC_541\Debug\Dashboard.a(ADC_GLV_V.o)
                              .\CortexM3\ARM_GCC_541\Debug\main.o (ADC_GLV_V_Start)
.\CortexM3\ARM_GCC_541\Debug\Dashboard.a(ADC_GLV_V_INT.o)
                              .\CortexM3\ARM_GCC_541\Debug\Dashboard.a(ADC_GLV_V.o) (ADC_GLV_V_ISR1)
.\CortexM3\ARM_GCC_541\Debug\Dashboard.a(ADC_GLV_V_theACLK.o)
                              .\CortexM3\ARM_GCC_541\Debug\Dashboard.a(ADC_GLV_V.o) (ADC_GLV_V_theACLK_SetModeRegister)
.\CortexM3\ARM_GCC_541\Debug\Dashboard.a(ADC_GLV_V_AMux.o)
                              .\CortexM3\ARM_GCC_541\Debug\Dashboard.a(ADC_GLV_V.o) (ADC_GLV_V_AMux_Select)
.\CortexM3\ARM_GCC_541\Debug\Dashboard.a(ADC_GLV_V_Ext_CP_Clk.o)
                              .\CortexM3\ARM_GCC_541\Debug\Dashboard.a(ADC_GLV_V.o) (ADC_GLV_V_Ext_CP_Clk_SetModeRegister)
.\CortexM3\ARM_GCC_541\Debug\Dashboard.a(IMD_LED.o)
                              .\CortexM3\ARM_GCC_541\Debug\main.o (IMD_LED_Write)
.\CortexM3\ARM_GCC_541\Debug\Dashboard.a(BMS_LED.o)
                              .\CortexM3\ARM_GCC_541\Debug\main.o (BMS_LED_Write)
.\CortexM3\ARM_GCC_541\Debug\Dashboard.a(ReadyToDrive_Timer.o)
                              .\CortexM3\ARM_GCC_541\Debug\main.o (ReadyToDrive_Timer_Enable)
.\CortexM3\ARM_GCC_541\Debug\Dashboard.a(ReadyToDrive_Int.o)
                              .\CortexM3\ARM_GCC_541\Debug\main.o (ReadyToDrive_Int_Start)
.\CortexM3\ARM_GCC_541\Debug\Dashboard.a(CyBootAsmGnu.o)
                              .\CortexM3\ARM_GCC_541\Debug\cyfitter_cfg.o (CyDelayCycles)
.\CortexM3\ARM_GCC_541\Debug\Dashboard.a(CyFlash.o)
                              .\CortexM3\ARM_GCC_541\Debug\Dashboard.a(cyPm.o) (CyFlash_SetWaitCycles)
.\CortexM3\ARM_GCC_541\Debug\Dashboard.a(CySpc.o)
                              .\CortexM3\ARM_GCC_541\Debug\Dashboard.a(CyFlash.o) (CySpcStart)
c:/program files (x86)/cypress/psoc creator/4.4/psoc creator/import/gnu/arm/5.4.1/bin/../lib/gcc/arm-none-eabi/5.4.1/armv7-m\libgcc.a(_arm_addsubdf3.o)
                              .\CortexM3\ARM_GCC_541\Debug\Dashboard.a(ADC_GLV_V.o) (__aeabi_f2d)
c:/program files (x86)/cypress/psoc creator/4.4/psoc creator/import/gnu/arm/5.4.1/bin/../lib/gcc/arm-none-eabi/5.4.1/armv7-m\libgcc.a(_arm_cmpdf2.o)
                              .\CortexM3\ARM_GCC_541\Debug\Dashboard.a(ADC_GLV_V.o) (__aeabi_dcmpgt)
c:/program files (x86)/cypress/psoc creator/4.4/psoc creator/import/gnu/arm/5.4.1/bin/../lib/gcc/arm-none-eabi/5.4.1/armv7-m\libgcc.a(_arm_addsubsf3.o)
                              .\CortexM3\ARM_GCC_541\Debug\Dashboard.a(ADC_GLV_V.o) (__aeabi_ui2f)
c:/program files (x86)/cypress/psoc creator/4.4/psoc creator/import/gnu/arm/5.4.1/bin/../lib/gcc/arm-none-eabi/5.4.1/armv7-m\libgcc.a(_arm_muldivsf3.o)
                              .\CortexM3\ARM_GCC_541\Debug\Dashboard.a(ADC_GLV_V.o) (__aeabi_fmul)
[...]
Memory Configuration

Name             Origin             Length             Attributes
rom              0x00000000         0x00040000         xr
ram              0x1fff8000         0x00010000         xrw
*default*        0x00000000         0xffffffff

Linker script and memory map

LOAD c:/program files (x86)/cypress/psoc creator/4.4/psoc creator/import/gnu/arm/5.4.1/bin/../lib/gcc/arm-none-eabi/5.4.1/armv7-m/crti.o
LOAD c:/program files (x86)/cypress/psoc creator/4.4/psoc creator/import/gnu/arm/5.4.1/bin/../lib/gcc/arm-none-eabi/5.4.1/armv7-m/crtbegin.o
LOAD c:/program files (x86)/cypress/psoc creator/4.4/psoc creator/import/gnu/arm/5.4.1/bin/../lib/gcc/arm-none-eabi/5.4.1/../../../../arm-none-eabi/lib/armv7-m/crt0.o
START GROUP
LOAD .\CortexM3\ARM_GCC_541\Debug\ugui.o
LOAD .\CortexM3\ARM_GCC_541\Debug\ugui_SSD1963.o
LOAD .\CortexM3\ARM_GCC_541\Debug\frucd_display.o
LOAD .\CortexM3\ARM_GCC_541\Debug\main.o
LOAD .\CortexM3\ARM_GCC_541\Debug\can_manga.o
LOAD .\CortexM3\ARM_GCC_541\Debug\cyfitter_cfg.o
LOAD .\CortexM3\ARM_GCC_541\Debug\cymetadata.o
LOAD .\CortexM3\ARM_GCC_541\Debug\Cm3Start.o
LOAD .\CortexM3\ARM_GCC_541\Debug\Dashboard.a
LOAD C:\Program Files (x86)\Cypress\PSoC Creator\4.4\PSoC Creator\psoc\content\cycomponentlibrary\CyComponentLibrary.cylib\CortexM3\ARM_GCC_541\Debug\CyComponentLibrary.a
END GROUP
START GROUP
LOAD c:/program files (x86)/cypress/psoc creator/4.4/psoc creator/import/gnu/arm/5.4.1/bin/../lib/gcc/arm-none-eabi/5.4.1/armv7-m\libgcc.a
LOAD c:/program files (x86)/cypress/psoc creator/4.4/psoc creator/import/gnu/arm/5.4.1/bin/../lib/gcc/arm-none-eabi/5.4.1/../../../../arm-none-eabi/lib/armv7-m\libg_nano.a
LOAD c:/program files (x86)/cypress/psoc creator/4.4/psoc creator/import/gnu/arm/5.4.1/bin/../lib/gcc/arm-none-eabi/5.4.1/../../../../arm-none-eabi/lib/armv7-m\libc_nano.a
END GROUP
START GROUP
LOAD c:/program files (x86)/cypress/psoc creator/4.4/psoc creator/import/gnu/arm/5.4.1/bin/../lib/gcc/arm-none-eabi/5.4.1/armv7-m\libgcc.a
LOAD c:/program files (x86)/cypress/psoc creator/4.4/psoc creator/import/gnu/arm/5.4.1/bin/../lib/gcc/arm-none-eabi/5.4.1/../../../../arm-none-eabi/lib/armv7-m\libc_nano.a
END GROUP
LOAD c:/program files (x86)/cypress/psoc creator/4.4/psoc creator/import/gnu/arm/5.4.1/bin/../lib/gcc/arm-none-eabi/5.4.1/armv7-m/crtend.o
LOAD c:/program files (x86)/cypress/psoc creator/4.4/psoc creator/import/gnu/arm/5.4.1/bin/../lib/gcc/arm-none-eabi/5.4.1/armv7-m/crtn.o
START GROUP
LOAD c:/program files (x86)/cypress/psoc creator/4.4/psoc creator/import/gnu/arm/5.4.1/bin/../lib/gcc/arm-none-eabi/5.4.1/armv7-m\libgcc.a
LOAD c:/program files (x86)/cypress/psoc creator/4.4/psoc creator/import/gnu/arm/5.4.1/bin/../lib/gcc/arm-none-eabi/5.4.1/../../../../arm-none-eabi/lib/armv7-m\libc.a
LOAD c:/program files (x86)/cypress/psoc creator/4.4/psoc creator/import/gnu/arm/5.4.1/bin/../lib/gcc/arm-none-eabi/5.4.1/../../../../arm-none-eabi/lib/armv7-m\libnosys.a
END GROUP
                0x00000000                CY_APPL_ORIGIN = 0x0
                0x00000100                CY_FLASH_ROW_SIZE = 0x100
                0x00000020                CY_ECC_ROW_SIZE = 0x20
                0x00000000                CY_EE_IN_BTLDR = 0x0
                0x00000000                CY_APPL_LOADABLE = 0x0
                0x00000800                CY_EE_SIZE = 0x800
                0x00000001                CY_APPL_NUM = 0x1
                0x00000001                CY_APPL_MAX = 0x1
                0x00000040                CY_METADATA_SIZE = 0x40
                0x00000000                CY_APPL_LOADABLE = 0x0
                0x00000000                CY_CHECKSUM_EXCLUDE_SIZE = ALIGN (0x0, CY_FLASH_ROW_SIZE)
                [!provide]                PROVIDE (__cy_heap_start, _end)
                0x00000001                PROVIDE (__cy_region_num, ((__cy_regions_end - __cy_regions) / 0x10))
                0x20008000                PROVIDE (__cy_stack, (ORIGIN (ram) + LENGTH (ram)))
                [!provide]                PROVIDE (__cy_heap_end, (__cy_stack - 0x800))

.cybootloader   0x00000000        0x0
 *(.cybootloader)
                0x00000000                appl1_start = CY_APPL_ORIGIN?CY_APPL_ORIGIN:ALIGN (CY_FLASH_ROW_SIZE)
                0x0001ff00                appl2_start = (appl1_start + ALIGN ((((LENGTH (rom) - appl1_start) - (0x2 * CY_FLASH_ROW_SIZE)) / 0x2), CY_FLASH_ROW_SIZE))
                0x00000000                appl_start = (CY_APPL_NUM == 0x1)?appl1_start:appl2_start
                0x00000000                ecc_offset = ((appl_start / CY_FLASH_ROW_SIZE) * CY_ECC_ROW_SIZE)
                0x00000000                ee_offset = (CY_APPL_LOADABLE && ! (CY_EE_IN_BTLDR))?((CY_EE_SIZE / CY_APPL_MAX) * (CY_APPL_NUM - 0x1)):0x0
                0x00000800                ee_size = (CY_APPL_LOADABLE && ! (CY_EE_IN_BTLDR))?(CY_EE_SIZE / CY_APPL_MAX):CY_EE_SIZE
                [!provide]                PROVIDE (CY_ECC_OFFSET, ecc_offset)

.text           0x00000000     0x3260
 CREATE_OBJECT_SYMBOLS
                0x00000000                PROVIDE (__cy_interrupt_vector, RomVectors)
 *(.romvectors)
 .romvectors    0x00000000       0x10 .\CortexM3\ARM_GCC_541\Debug\Cm3Start.o
                0x00000000                RomVectors
                0x00000001                ASSERT ((. != __cy_interrupt_vector), No interrupt vector)
                0x00000001                ASSERT (CY_APPL_ORIGIN?(SIZEOF (.cybootloader) <= CY_APPL_ORIGIN):0x1, Wrong image location)
                0x00000010                PROVIDE (__cy_reset, Reset)
 *(.text.Reset)
 .text.Reset    0x00000010       0x18 .\CortexM3\ARM_GCC_541\Debug\Cm3Start.o
                0x00000010                Reset
                0x00000001                ASSERT ((. != __cy_reset), No reset code)
 *(.dma_init)
                0x00000001                ASSERT ((((appl_start + .) <= 0x10000) || 0x1), DMA Init must be within the first 64k of flash)
 *(.text .text.* .gnu.linkonce.t.*)
 .text          0x00000028       0x5c c:/program files (x86)/cypress/psoc creator/4.4/psoc creator/import/gnu/arm/5.4.1/bin/../lib/gcc/arm-none-eabi/5.4.1/armv7-m/crtbegin.o
 .text.UG_Init  0x00000084       0x70 .\CortexM3\ARM_GCC_541\Debug\ugui.o
                0x00000084                UG_Init
 .text.UG_FontSelect
                0x000000f4       0x1c .\CortexM3\ARM_GCC_541\Debug\ugui.o
                0x000000f4                UG_FontSelect
 .text.UG_FillFrame
                0x00000110       0x70 .\CortexM3\ARM_GCC_541\Debug\ugui.o
                0x00000110                UG_FillFrame
 .text.UG_FillScreen
                0x00000180       0x2c .\CortexM3\ARM_GCC_541\Debug\ugui.o
                0x00000180                UG_FillScreen
 .text.UG_SetForecolor
                0x000001ac        0xc .\CortexM3\ARM_GCC_541\Debug\ugui.o
                0x000001ac                UG_SetForecolor
 .text.UG_SetBackcolor
                0x000001b8        0xc .\CortexM3\ARM_GCC_541\Debug\ugui.o
                0x000001b8                UG_SetBackcolor
 .text._UG_PutChar
                0x000001c4      0x370 .\CortexM3\ARM_GCC_541\Debug\ugui.o
                0x000001c4                _UG_PutChar
 .text.UG_PutChar
                0x00000534       0x1c .\CortexM3\ARM_GCC_541\Debug\ugui.o
                0x00000534                UG_PutChar
 .text.UG_PutString
                0x00000550       0x88 .\CortexM3\ARM_GCC_541\Debug\ugui.o
                0x00000550                UG_PutString
 .text.UG_PutColorString
                0x000005d8       0x8c .\CortexM3\ARM_GCC_541\Debug\ugui.o
                0x000005d8                UG_PutColorString
 .text.UG_DriverRegister
                0x00000664       0x1c .\CortexM3\ARM_GCC_541\Debug\ugui.o
                0x00000664                UG_DriverRegister
 .text.Display_Init
                0x00000680      0x254 .\CortexM3\ARM_GCC_541\Debug\ugui_SSD1963.o
                0x00000680                Display_Init
 .text.Display_WindowSet
                0x000008d4       0x5c .\CortexM3\ARM_GCC_541\Debug\ugui_SSD1963.o
                0x000008d4                Display_WindowSet
 .text.Display_PSet
                0x00000930       0x48 .\CortexM3\ARM_GCC_541\Debug\ugui_SSD1963.o
                0x00000930                Display_PSet
 .text.HW_FillFrame
                0x00000978       0xa4 .\CortexM3\ARM_GCC_541\Debug\ugui_SSD1963.o
                0x00000978                HW_FillFrame
 .text.HW_DrawLine
                0x00000a1c       0x68 .\CortexM3\ARM_GCC_541\Debug\ugui_SSD1963.o
                0x00000a1c                HW_DrawLine
 .text.HW_DrawImage
                0x00000a84       0x74 .\CortexM3\ARM_GCC_541\Debug\ugui_SSD1963.o
                0x00000a84                HW_DrawImage
 .text.calibrateScreen
                0x00000af8       0x74 .\CortexM3\ARM_GCC_541\Debug\frucd_display.o
                0x00000af8                calibrateScreen
 .text.initDashTemplate
                0x00000b6c       0x64 .\CortexM3\ARM_GCC_541\Debug\frucd_display.o
                0x00000b6c                initDashTemplate
 .text.disp_SOC
                0x00000bd0      0x108 .\CortexM3\ARM_GCC_541\Debug\frucd_display.o
                0x00000bd0                disp_SOC
 .text.disp_max_pack_temp
                0x00000cd8       0xb4 .\CortexM3\ARM_GCC_541\Debug\frucd_display.o
                0x00000cd8                disp_max_pack_temp
 .text.disp_state
                0x00000d8c      0x274 .\CortexM3\ARM_GCC_541\Debug\frucd_display.o
                0x00000d8c                disp_state
 .text.disp_glv_v
                0x00001000       0xd0 .\CortexM3\ARM_GCC_541\Debug\frucd_display.o
                0x00001000                disp_glv_v
 .text.disp_mc_temp
                0x000010d0       0x88 .\CortexM3\ARM_GCC_541\Debug\frucd_display.o
                0x000010d0                disp_mc_temp
 .text.disp_motor_temp
                0x00001158       0x8c .\CortexM3\ARM_GCC_541\Debug\frucd_display.o
                0x00001158                disp_motor_temp
 .text.LED_color
                0x000011e4       0xb4 .\CortexM3\ARM_GCC_541\Debug\main.o
                0x000011e4                LED_color
 .text.LED_color_wheel
                0x00001298       0x1c .\CortexM3\ARM_GCC_541\Debug\main.o
                0x00001298                LED_color_wheel
 .text.main     0x000012b4      0x164 .\CortexM3\ARM_GCC_541\Debug\main.o
                0x000012b4                main
 .text.can_send
                0x00001418       0x40 .\CortexM3\ARM_GCC_541\Debug\can_manga.o
                0x00001418                can_send
 .text.can_send_switches
                0x00001458       0x10 .\CortexM3\ARM_GCC_541\Debug\can_manga.o
                0x00001458                can_send_switches
 .text.can_send_cmd
                0x00001468       0x3c .\CortexM3\ARM_GCC_541\Debug\can_manga.o
                0x00001468                can_send_cmd
 .text.CyClockStartupError
                0x000014a4        0x4 .\CortexM3\ARM_GCC_541\Debug\cyfitter_cfg.o
 .text.cfg_write_bytes32
                0x000014a8       0x34 .\CortexM3\ARM_GCC_541\Debug\cyfitter_cfg.o
 .text.AnalogSetDefault
                0x000014dc       0x40 .\CortexM3\ARM_GCC_541\Debug\cyfitter_cfg.o
 .text.CYMEMZERO
                0x0000151c        0xc .\CortexM3\ARM_GCC_541\Debug\cyfitter_cfg.o
 .text.CYCONFIGCPY
                0x00001528        0x8 .\CortexM3\ARM_GCC_541\Debug\cyfitter_cfg.o
 .text.ClockSetup
                0x00001530       0xf0 .\CortexM3\ARM_GCC_541\Debug\cyfitter_cfg.o
 .text.ADC_GLV_V_AMux_Set
                0x00001620       0x1c .\CortexM3\ARM_GCC_541\Debug\cyfitter_cfg.o
                0x00001620                ADC_GLV_V_AMux_Set
 .text.ADC_GLV_V_AMux_Unset
                0x0000163c       0x1c .\CortexM3\ARM_GCC_541\Debug\cyfitter_cfg.o
                0x0000163c                ADC_GLV_V_AMux_Unset
 .text.cyfitter_cfg
                0x00001658      0x160 .\CortexM3\ARM_GCC_541\Debug\cyfitter_cfg.o
                0x00001658                cyfitter_cfg
 .text.IntDefaultHandler
                0x000017b8        0x4 .\CortexM3\ARM_GCC_541\Debug\Cm3Start.o
                0x000017b8                IntDefaultHandler
 .text._sbrk    0x000017bc       0x30 .\CortexM3\ARM_GCC_541\Debug\Cm3Start.o
                0x000017bc                _sbrk
 .text.Start_c  0x000017ec       0x4c .\CortexM3\ARM_GCC_541\Debug\Cm3Start.o
                0x000017ec                Start_c
 .text.initialize_psoc
                0x00001838       0x68 .\CortexM3\ARM_GCC_541\Debug\Cm3Start.o
                0x00001838                initialize_psoc
 .text.CAN_GlobalIntEnable
                0x000018a0       0x20 .\CortexM3\ARM_GCC_541\Debug\Dashboard.a(CAN.o)
                0x000018a0                CAN_GlobalIntEnable
 .text.CAN_Enable
                0x000018c0       0x6c .\CortexM3\ARM_GCC_541\Debug\Dashboard.a(CAN.o)
                0x000018c0                CAN_Enable
 .text.CAN_SetPreScaler
                0x0000192c       0x24 .\CortexM3\ARM_GCC_541\Debug\Dashboard.a(CAN.o)
                0x0000192c                CAN_SetPreScaler
 .text.CAN_SetArbiter
                0x00001950       0x3c .\CortexM3\ARM_GCC_541\Debug\Dashboard.a(CAN.o)
                0x00001950                CAN_SetArbiter
 .text.CAN_SetTsegSample
                0x0000198c       0x84 .\CortexM3\ARM_GCC_541\Debug\Dashboard.a(CAN.o)
                0x0000198c                CAN_SetTsegSample
 .text.CAN_SetRestartType
                0x00001a10       0x3c .\CortexM3\ARM_GCC_541\Debug\Dashboard.a(CAN.o)
                0x00001a10                CAN_SetRestartType
 .text.CAN_SetEdgeMode
                0x00001a4c       0x3c .\CortexM3\ARM_GCC_541\Debug\Dashboard.a(CAN.o)
                0x00001a4c                CAN_SetEdgeMode
 .text.CAN_SetIrqMask
                0x00001a88       0x18 .\CortexM3\ARM_GCC_541\Debug\Dashboard.a(CAN.o)
                0x00001a88                CAN_SetIrqMask
 .text.CAN_RxBufConfig
                0x00001aa0       0x90 .\CortexM3\ARM_GCC_541\Debug\Dashboard.a(CAN.o)
                0x00001aa0                CAN_RxBufConfig
 .text.CAN_TxBufConfig
                0x00001b30       0x54 .\CortexM3\ARM_GCC_541\Debug\Dashboard.a(CAN.o)
                0x00001b30                CAN_TxBufConfig
 .text.CAN_RxTxBuffersConfig
                0x00001b84       0x50 .\CortexM3\ARM_GCC_541\Debug\Dashboard.a(CAN.o)
                0x00001b84                CAN_RxTxBuffersConfig
 .text.CAN_Init
                0x00001bd4       0xe0 .\CortexM3\ARM_GCC_541\Debug\Dashboard.a(CAN.o)
                0x00001bd4                CAN_Init
 .text.CAN_Start
                0x00001cb4       0x24 .\CortexM3\ARM_GCC_541\Debug\Dashboard.a(CAN.o)
                0x00001cb4                CAN_Start
 .text.CAN_MsgRXIsr
                0x00001cd8       0x7c .\CortexM3\ARM_GCC_541\Debug\Dashboard.a(CAN_INT.o)
                0x00001cd8                CAN_MsgRXIsr
 .text.CAN_ISR  0x00001d54       0x18 .\CortexM3\ARM_GCC_541\Debug\Dashboard.a(CAN_INT.o)
                0x00001d54                CAN_ISR
 .text.CAN_SendMsg
                0x00001d6c       0xdc .\CortexM3\ARM_GCC_541\Debug\Dashboard.a(CAN_TX_RX_func.o)
                0x00001d6c                CAN_SendMsg
 .text.CAN_SendMsgDRIVER_SWITCHES
                0x00001e48       0x20 .\CortexM3\ARM_GCC_541\Debug\Dashboard.a(CAN_TX_RX_func.o)
                0x00001e48                CAN_SendMsgDRIVER_SWITCHES
 .text.CAN_ReceiveMsg
                0x00001e68       0x1c .\CortexM3\ARM_GCC_541\Debug\Dashboard.a(CAN_TX_RX_func.o)
                0x00001e68                CAN_ReceiveMsg
 .text.CAN_ReceiveMsgVEHICLE_STATE
                0x00001e84       0x1c .\CortexM3\ARM_GCC_541\Debug\Dashboard.a(CAN_TX_RX_func.o)
                0x00001e84                CAN_ReceiveMsgVEHICLE_STATE
 .text.CAN_ReceiveMsgBMS_STATUS_MSG
                0x00001ea0       0x34 .\CortexM3\ARM_GCC_541\Debug\Dashboard.a(CAN_TX_RX_func.o)
                0x00001ea0                CAN_ReceiveMsgBMS_STATUS_MSG
 .text.CAN_ReceiveMsgBMS_TEMPERATURES
                0x00001ed4       0x1c .\CortexM3\ARM_GCC_541\Debug\Dashboard.a(CAN_TX_RX_func.o)
                0x00001ed4                CAN_ReceiveMsgBMS_TEMPERATURES
 .text.CAN_ReceiveMsgMC_PDO_SEND
                0x00001ef0       0x2c .\CortexM3\ARM_GCC_541\Debug\Dashboard.a(CAN_TX_RX_func.o)
                0x00001ef0                CAN_ReceiveMsgMC_PDO_SEND
 .text.CAN_ReceiveMsgMC_PDO_ACK
                0x00001f1c       0x28 .\CortexM3\ARM_GCC_541\Debug\Dashboard.a(CAN_TX_RX_func.o)
                0x00001f1c                CAN_ReceiveMsgMC_PDO_ACK
 .text.CAN_ReceiveMsgPEI_CURRENT
                0x00001f44       0x34 .\CortexM3\ARM_GCC_541\Debug\Dashboard.a(CAN_TX_RX_func.o)
                0x00001f44                CAN_ReceiveMsgPEI_CURRENT
 .text.Buzzer_Write
                0x00001f78       0x18 .\CortexM3\ARM_GCC_541\Debug\Dashboard.a(Buzzer.o)
                0x00001f78                Buzzer_Write
 .text.HV_Read  0x00001f90       0x10 .\CortexM3\ARM_GCC_541\Debug\Dashboard.a(HV.o)
                0x00001f90                HV_Read
 .text.Drive_Read
                0x00001fa0       0x10 .\CortexM3\ARM_GCC_541\Debug\Dashboard.a(Drive.o)
                0x00001fa0                Drive_Read
 .text.RGB3_1_Write
                0x00001fb0       0x18 .\CortexM3\ARM_GCC_541\Debug\Dashboard.a(RGB3_1.o)
                0x00001fb0                RGB3_1_Write
 .text.RGB2_1_Write
                0x00001fc8       0x18 .\CortexM3\ARM_GCC_541\Debug\Dashboard.a(RGB2_1.o)
                0x00001fc8                RGB2_1_Write
 .text.RGB1_1_Write
                0x00001fe0       0x18 .\CortexM3\ARM_GCC_541\Debug\Dashboard.a(RGB1_1.o)
                0x00001fe0                RGB1_1_Write
 .text.GraphicLCDIntf_Init
                0x00001ff8       0x14 .\CortexM3\ARM_GCC_541\Debug\Dashboard.a(GraphicLCDIntf.o)
                0x00001ff8                GraphicLCDIntf_Init
 .text.GraphicLCDIntf_Start
                0x0000200c       0x18 .\CortexM3\ARM_GCC_541\Debug\Dashboard.a(GraphicLCDIntf.o)
                0x0000200c                GraphicLCDIntf_Start
 .text.GraphicLCDIntf_Write8
                0x00002024       0x1c .\CortexM3\ARM_GCC_541\Debug\Dashboard.a(GraphicLCDIntf.o)
                0x00002024                GraphicLCDIntf_Write8
 .text.GraphicLCDIntf_WriteM8
                0x00002040       0x2c .\CortexM3\ARM_GCC_541\Debug\Dashboard.a(GraphicLCDIntf.o)
                0x00002040                GraphicLCDIntf_WriteM8
 .text.D_BL_Write
                0x0000206c       0x18 .\CortexM3\ARM_GCC_541\Debug\Dashboard.a(D_BL.o)
                0x0000206c                D_BL_Write
 .text.D_RST_Write
                0x00002084       0x18 .\CortexM3\ARM_GCC_541\Debug\Dashboard.a(D_RST.o)
                0x00002084                D_RST_Write
 .text.CyHalt   0x0000209c        0x4 .\CortexM3\ARM_GCC_541\Debug\Dashboard.a(CyLib.o)
                0x0000209c                CyHalt
 .text.CyDelay  0x000020a0       0x2c .\CortexM3\ARM_GCC_541\Debug\Dashboard.a(CyLib.o)
                0x000020a0                CyDelay
 .text.CyDelayUs
                0x000020cc       0x14 .\CortexM3\ARM_GCC_541\Debug\Dashboard.a(CyLib.o)
                0x000020cc                CyDelayUs
 .text.CyIntSetVector
                0x000020e0       0x28 .\CortexM3\ARM_GCC_541\Debug\Dashboard.a(CyLib.o)
                0x000020e0                CyIntSetVector
 .text.CyIntSetPriority
                0x00002108       0x30 .\CortexM3\ARM_GCC_541\Debug\Dashboard.a(CyLib.o)
                0x00002108                CyIntSetPriority
 .text.ADC_GLV_V_GainCompensation
                0x00002138       0xdc .\CortexM3\ARM_GCC_541\Debug\Dashboard.a(ADC_GLV_V.o)
 .text.ADC_GLV_V_SetDSMRef0Reg
                0x00002214       0x4c .\CortexM3\ARM_GCC_541\Debug\Dashboard.a(ADC_GLV_V.o)
 .text.ADC_GLV_V_InitConfig
                0x00002260       0xe0 .\CortexM3\ARM_GCC_541\Debug\Dashboard.a(ADC_GLV_V.o)
 .text.ADC_GLV_V_Init
                0x00002340       0xc4 .\CortexM3\ARM_GCC_541\Debug\Dashboard.a(ADC_GLV_V.o)
                0x00002340                ADC_GLV_V_Init
 .text.ADC_GLV_V_Enable
                0x00002404       0xd8 .\CortexM3\ARM_GCC_541\Debug\Dashboard.a(ADC_GLV_V.o)
                0x00002404                ADC_GLV_V_Enable
 .text.ADC_GLV_V_Start
                0x000024dc       0x28 .\CortexM3\ARM_GCC_541\Debug\Dashboard.a(ADC_GLV_V.o)
                0x000024dc                ADC_GLV_V_Start
 .text.ADC_GLV_V_StartConvert
                0x00002504       0x10 .\CortexM3\ARM_GCC_541\Debug\Dashboard.a(ADC_GLV_V.o)
                0x00002504                ADC_GLV_V_StartConvert
 .text.ADC_GLV_V_StopConvert
                0x00002514       0x10 .\CortexM3\ARM_GCC_541\Debug\Dashboard.a(ADC_GLV_V.o)
                0x00002514                ADC_GLV_V_StopConvert
 .text.ADC_GLV_V_IsEndConversion
                0x00002524       0x30 .\CortexM3\ARM_GCC_541\Debug\Dashboard.a(ADC_GLV_V.o)
                0x00002524                ADC_GLV_V_IsEndConversion
 .text.ADC_GLV_V_GetResult16
                0x00002554       0x50 .\CortexM3\ARM_GCC_541\Debug\Dashboard.a(ADC_GLV_V.o)
                0x00002554                ADC_GLV_V_GetResult16
 .text.ADC_GLV_V_CountsTo_mVolts
                0x000025a4       0x24 .\CortexM3\ARM_GCC_541\Debug\Dashboard.a(ADC_GLV_V.o)
                0x000025a4                ADC_GLV_V_CountsTo_mVolts
 .text.ADC_GLV_V_Read16
                0x000025c8       0x28 .\CortexM3\ARM_GCC_541\Debug\Dashboard.a(ADC_GLV_V.o)
                0x000025c8                ADC_GLV_V_Read16
 .text.ADC_GLV_V_ISR1
                0x000025f0        0x4 .\CortexM3\ARM_GCC_541\Debug\Dashboard.a(ADC_GLV_V_INT.o)
                0x000025f0                ADC_GLV_V_ISR1
 .text.ADC_GLV_V_theACLK_GetDividerRegister
                0x000025f4        0xc .\CortexM3\ARM_GCC_541\Debug\Dashboard.a(ADC_GLV_V_theACLK.o)
                0x000025f4                ADC_GLV_V_theACLK_GetDividerRegister
 .text.ADC_GLV_V_theACLK_SetModeRegister
                0x00002600       0x14 .\CortexM3\ARM_GCC_541\Debug\Dashboard.a(ADC_GLV_V_theACLK.o)
                0x00002600                ADC_GLV_V_theACLK_SetModeRegister
 .text.ADC_GLV_V_theACLK_GetSourceRegister
                0x00002614       0x10 .\CortexM3\ARM_GCC_541\Debug\Dashboard.a(ADC_GLV_V_theACLK.o)
                0x00002614                ADC_GLV_V_theACLK_GetSourceRegister
 .text.ADC_GLV_V_theACLK_SetDividerRegister
                0x00002624       0xd8 .\CortexM3\ARM_GCC_541\Debug\Dashboard.a(ADC_GLV_V_theACLK.o)
                0x00002624                ADC_GLV_V_theACLK_SetDividerRegister
 .text.ADC_GLV_V_AMux_Start
                0x000026fc       0x20 .\CortexM3\ARM_GCC_541\Debug\Dashboard.a(ADC_GLV_V_AMux.o)
                0x000026fc                ADC_GLV_V_AMux_Start
 .text.ADC_GLV_V_AMux_Select
                0x0000271c       0x18 .\CortexM3\ARM_GCC_541\Debug\Dashboard.a(ADC_GLV_V_AMux.o)
                0x0000271c                ADC_GLV_V_AMux_Select
 .text.ADC_GLV_V_Ext_CP_Clk_GetDividerRegister
                0x00002734        0xc .\CortexM3\ARM_GCC_541\Debug\Dashboard.a(ADC_GLV_V_Ext_CP_Clk.o)
                0x00002734                ADC_GLV_V_Ext_CP_Clk_GetDividerRegister
 .text.ADC_GLV_V_Ext_CP_Clk_SetModeRegister
                0x00002740       0x14 .\CortexM3\ARM_GCC_541\Debug\Dashboard.a(ADC_GLV_V_Ext_CP_Clk.o)
                0x00002740                ADC_GLV_V_Ext_CP_Clk_SetModeRegister
 .text.ADC_GLV_V_Ext_CP_Clk_GetSourceRegister
                0x00002754       0x10 .\CortexM3\ARM_GCC_541\Debug\Dashboard.a(ADC_GLV_V_Ext_CP_Clk.o)
                0x00002754                ADC_GLV_V_Ext_CP_Clk_GetSourceRegister
 .text.ADC_GLV_V_Ext_CP_Clk_SetDividerRegister
                0x00002764       0xd8 .\CortexM3\ARM_GCC_541\Debug\Dashboard.a(ADC_GLV_V_Ext_CP_Clk.o)
                0x00002764                ADC_GLV_V_Ext_CP_Clk_SetDividerRegister
 .text.IMD_LED_Write
                0x0000283c       0x18 .\CortexM3\ARM_GCC_541\Debug\Dashboard.a(IMD_LED.o)
                0x0000283c                IMD_LED_Write
 .text.BMS_LED_Write
                0x00002854       0x18 .\CortexM3\ARM_GCC_541\Debug\Dashboard.a(BMS_LED.o)
                0x00002854                BMS_LED_Write
 .text.ReadyToDrive_Timer_Enable
                0x0000286c       0x10 .\CortexM3\ARM_GCC_541\Debug\Dashboard.a(ReadyToDrive_Timer.o)
                0x0000286c                ReadyToDrive_Timer_Enable
 .text.ReadyToDrive_Timer_Stop
                0x0000287c       0x10 .\CortexM3\ARM_GCC_541\Debug\Dashboard.a(ReadyToDrive_Timer.o)
                0x0000287c                ReadyToDrive_Timer_Stop
 .text.ReadyToDrive_Timer_SetInterruptMode
                0x0000288c        0xc .\CortexM3\ARM_GCC_541\Debug\Dashboard.a(ReadyToDrive_Timer.o)
                0x0000288c                ReadyToDrive_Timer_SetInterruptMode
 .text.ReadyToDrive_Timer_ReadStatusRegister
                0x00002898        0xc .\CortexM3\ARM_GCC_541\Debug\Dashboard.a(ReadyToDrive_Timer.o)
                0x00002898                ReadyToDrive_Timer_ReadStatusRegister
 .text.ReadyToDrive_Timer_WritePeriod
                0x000028a4        0xc .\CortexM3\ARM_GCC_541\Debug\Dashboard.a(ReadyToDrive_Timer.o)
                0x000028a4                ReadyToDrive_Timer_WritePeriod
 .text.ReadyToDrive_Timer_ReadCapture
                0x000028b0        0xc .\CortexM3\ARM_GCC_541\Debug\Dashboard.a(ReadyToDrive_Timer.o)
                0x000028b0                ReadyToDrive_Timer_ReadCapture
 .text.ReadyToDrive_Timer_WriteCounter
                0x000028bc        0xc .\CortexM3\ARM_GCC_541\Debug\Dashboard.a(ReadyToDrive_Timer.o)
                0x000028bc                ReadyToDrive_Timer_WriteCounter
 .text.ReadyToDrive_Timer_ClearFIFO
                0x000028c8       0x14 .\CortexM3\ARM_GCC_541\Debug\Dashboard.a(ReadyToDrive_Timer.o)
                0x000028c8                ReadyToDrive_Timer_ClearFIFO
 .text.ReadyToDrive_Timer_Init
                0x000028dc       0x38 .\CortexM3\ARM_GCC_541\Debug\Dashboard.a(ReadyToDrive_Timer.o)
                0x000028dc                ReadyToDrive_Timer_Init
 .text.ReadyToDrive_Int_Interrupt
                0x00002914       0x10 .\CortexM3\ARM_GCC_541\Debug\Dashboard.a(ReadyToDrive_Int.o)
                0x00002914                ReadyToDrive_Int_Interrupt
 .text.ReadyToDrive_Int_SetVector
                0x00002924        0xc .\CortexM3\ARM_GCC_541\Debug\Dashboard.a(ReadyToDrive_Int.o)
                0x00002924                ReadyToDrive_Int_SetVector
 .text.ReadyToDrive_Int_SetPriority
                0x00002930       0x10 .\CortexM3\ARM_GCC_541\Debug\Dashboard.a(ReadyToDrive_Int.o)
                0x00002930                ReadyToDrive_Int_SetPriority
 .text.ReadyToDrive_Int_Enable
                0x00002940        0xc .\CortexM3\ARM_GCC_541\Debug\Dashboard.a(ReadyToDrive_Int.o)
                0x00002940                ReadyToDrive_Int_Enable
 .text.ReadyToDrive_Int_Disable
                0x0000294c        0xc .\CortexM3\ARM_GCC_541\Debug\Dashboard.a(ReadyToDrive_Int.o)
                0x0000294c                ReadyToDrive_Int_Disable
 .text.ReadyToDrive_Int_Start
                0x00002958       0x1c .\CortexM3\ARM_GCC_541\Debug\Dashboard.a(ReadyToDrive_Int.o)
                0x00002958                ReadyToDrive_Int_Start
 *fill*         0x00002974        0x4 
 .text          0x00002978       0x20 .\CortexM3\ARM_GCC_541\Debug\Dashboard.a(CyBootAsmGnu.o)
                0x00002978                CyDelayCycles
                0x00002988                CyEnterCriticalSection
                0x00002990                CyExitCriticalSection
 .text.__errno  0x00002998        0xc c:/program files (x86)/cypress/psoc creator/4.4/psoc creator/import/gnu/arm/5.4.1/bin/../lib/gcc/arm-none-eabi/5.4.1/../../../../arm-none-eabi/lib/armv7-m\libg_nano.a(lib_a-errno.o)
                0x00002998                __errno
 .text.__libc_init_array
                0x000029a4       0x4c c:/program files (x86)/cypress/psoc creator/4.4/psoc creator/import/gnu/arm/5.4.1/bin/../lib/gcc/arm-none-eabi/5.4.1/../../../../arm-none-eabi/lib/armv7-m\libg_nano.a(lib_a-init.o)
                0x000029a4                __libc_init_array
 .text.memcpy   0x000029f0       0x16 c:/program files (x86)/cypress/psoc creator/4.4/psoc creator/import/gnu/arm/5.4.1/bin/../lib/gcc/arm-none-eabi/5.4.1/../../../../arm-none-eabi/lib/armv7-m\libg_nano.a(lib_a-memcpy-stub.o)
                0x000029f0                memcpy
 .text.memset   0x00002a06       0x10 c:/program files (x86)/cypress/psoc creator/4.4/psoc creator/import/gnu/arm/5.4.1/bin/../lib/gcc/arm-none-eabi/5.4.1/../../../../arm-none-eabi/lib/armv7-m\libg_nano.a(lib_a-memset.o)
                0x00002a06                memset
 *fill*         0x00002a16        0x2 
 .text.sprintf  0x00002a18       0x48 c:/program files (x86)/cypress/psoc creator/4.4/psoc creator/import/gnu/arm/5.4.1/bin/../lib/gcc/arm-none-eabi/5.4.1/../../../../arm-none-eabi/lib/armv7-m\libg_nano.a(lib_a-sprintf.o)
                0x00002a18                siprintf
                0x00002a18                sprintf
 .text.__ssputs_r
                0x00002a60       0xb2 c:/program files (x86)/cypress/psoc creator/4.4/psoc creator/import/gnu/arm/5.4.1/bin/../lib/gcc/arm-none-eabi/5.4.1/../../../../arm-none-eabi/lib/armv7-m\libg_nano.a(lib_a-nano-svfprintf.o)
                0x00002a60                __ssputs_r
 *fill*         0x00002b12        0x2 
 .text._svfprintf_r
                0x00002b14      0x1e8 c:/program files (x86)/cypress/psoc creator/4.4/psoc creator/import/gnu/arm/5.4.1/bin/../lib/gcc/arm-none-eabi/5.4.1/../../../../arm-none-eabi/lib/armv7-m\libg_nano.a(lib_a-nano-svfprintf.o)
                0x00002b14                _svfiprintf_r
                0x00002b14                _svfprintf_r
 .text._printf_common
                0x00002cfc       0xec c:/program files (x86)/cypress/psoc creator/4.4/psoc creator/import/gnu/arm/5.4.1/bin/../lib/gcc/arm-none-eabi/5.4.1/../../../../arm-none-eabi/lib/armv7-m\libg_nano.a(lib_a-nano-vfprintf_i.o)
                0x00002cfc                _printf_common
 .text._printf_i
                0x00002de8      0x24c c:/program files (x86)/cypress/psoc creator/4.4/psoc creator/import/gnu/arm/5.4.1/bin/../lib/gcc/arm-none-eabi/5.4.1/../../../../arm-none-eabi/lib/armv7-m\libg_nano.a(lib_a-nano-vfprintf_i.o)
                0x00002de8                _printf_i
 .text.memchr   0x00003034       0x1c c:/program files (x86)/cypress/psoc creator/4.4/psoc creator/import/gnu/arm/5.4.1/bin/../lib/gcc/arm-none-eabi/5.4.1/../../../../arm-none-eabi/lib/armv7-m\libg_nano.a(lib_a-memchr-stub.o)
                0x00003034                memchr
 .text.memmove  0x00003050       0x36 c:/program files (x86)/cypress/psoc creator/4.4/psoc creator/import/gnu/arm/5.4.1/bin/../lib/gcc/arm-none-eabi/5.4.1/../../../../arm-none-eabi/lib/armv7-m\libg_nano.a(lib_a-memmove.o)
                0x00003050                memmove
 *fill*         0x00003086        0x2 
 .text._free_r  0x00003088       0x98 c:/program files (x86)/cypress/psoc creator/4.4/psoc creator/import/gnu/arm/5.4.1/bin/../lib/gcc/arm-none-eabi/5.4.1/../../../../arm-none-eabi/lib/armv7-m\libg_nano.a(lib_a-nano-freer.o)
                0x00003088                _free_r
 .text._malloc_r
                0x00003120       0xbc c:/program files (x86)/cypress/psoc creator/4.4/psoc creator/import/gnu/arm/5.4.1/bin/../lib/gcc/arm-none-eabi/5.4.1/../../../../arm-none-eabi/lib/armv7-m\libg_nano.a(lib_a-nano-mallocr.o)
                0x00003120                _malloc_r
 .text._realloc_r
                0x000031dc       0x4c c:/program files (x86)/cypress/psoc creator/4.4/psoc creator/import/gnu/arm/5.4.1/bin/../lib/gcc/arm-none-eabi/5.4.1/../../../../arm-none-eabi/lib/armv7-m\libg_nano.a(lib_a-nano-reallocr.o)
                0x000031dc                _realloc_r
 .text._sbrk_r  0x00003228       0x20 c:/program files (x86)/cypress/psoc creator/4.4/psoc creator/import/gnu/arm/5.4.1/bin/../lib/gcc/arm-none-eabi/5.4.1/../../../../arm-none-eabi/lib/armv7-m\libg_nano.a(lib_a-sbrkr.o)
                0x00003228                _sbrk_r
 .text.__malloc_lock
                0x00003248        0x2 c:/program files (x86)/cypress/psoc creator/4.4/psoc creator/import/gnu/arm/5.4.1/bin/../lib/gcc/arm-none-eabi/5.4.1/../../../../arm-none-eabi/lib/armv7-m\libg_nano.a(lib_a-mlock.o)
                0x00003248                __malloc_lock
 .text.__malloc_unlock
                0x0000324a        0x2 c:/program files (x86)/cypress/psoc creator/4.4/psoc creator/import/gnu/arm/5.4.1/bin/../lib/gcc/arm-none-eabi/5.4.1/../../../../arm-none-eabi/lib/armv7-m\libg_nano.a(lib_a-mlock.o)
                0x0000324a                __malloc_unlock
 .text._malloc_usable_size_r
                0x0000324c       0x14 c:/program files (x86)/cypress/psoc creator/4.4/psoc creator/import/gnu/arm/5.4.1/bin/../lib/gcc/arm-none-eabi/5.4.1/../../../../arm-none-eabi/lib/armv7-m\libg_nano.a(lib_a-nano-msizer.o)
                0x0000324c                _malloc_usable_size_r
 *(.plt)
 *(.gnu.warning)
 *(.glue_7t)
 .glue_7t       0x00003260        0x0 linker stubs
 *(.glue_7)
 .glue_7        0x00003260        0x0 linker stubs
 *(.vfp11_veneer)
 .vfp11_veneer  0x00003260        0x0 linker stubs
 *(.bootloader)
 *(.ARM.extab* .gnu.linkonce.armextab.*)
 *(.gcc_except_table)

.v4_bx          0x00003260        0x0
 .v4_bx         0x00003260        0x0 linker stubs

.iplt           0x00003260        0x0
 .iplt          0x00003260        0x0 c:/program files (x86)/cypress/psoc creator/4.4/psoc creator/import/gnu/arm/5.4.1/bin/../lib/gcc/arm-none-eabi/5.4.1/armv7-m/crtbegin.o

.eh_frame_hdr
 *(.eh_frame_hdr)

.eh_frame       0x00003260        0x4
 *(.eh_frame)
 .eh_frame      0x00003260        0x0 c:/program files (x86)/cypress/psoc creator/4.4/psoc creator/import/gnu/arm/5.4.1/bin/../lib/gcc/arm-none-eabi/5.4.1/armv7-m/crtbegin.o
 .eh_frame      0x00003260        0x4 c:/program files (x86)/cypress/psoc creator/4.4/psoc creator/import/gnu/arm/5.4.1/bin/../lib/gcc/arm-none-eabi/5.4.1/armv7-m/crtend.o
                [!provide]                PROVIDE (__exidx_start, .)

.ARM.exidx
 *(.ARM.exidx* .gnu.linkonce.armexidx.*)
                0x00003264                __exidx_end = .

.rodata         0x00003264    0x1c47c
 *(.rodata .rodata.* .gnu.linkonce.r.*)
 .rodata        0x00003264    0x1c190 .\CortexM3\ARM_GCC_541\Debug\ugui.o
                0x00003264                pal_button_pressed
                0x00003294                pal_button_released
                0x000032c4                pal_checkbox_pressed
                0x000032f4                pal_checkbox_released
                0x00003324                pal_window
                0x00003354                FONT_32X53
                0x00003368                FONT_22X36
                0x0000337c                FONT_16X26
                0x00003390                FONT_12X16
                0x000033a4                FONT_8X14
                0x000033b8                FONT_8X12
                0x000033cc                FONT_6X10
                0x000033e0                FONT_5X8
                0x000033f4                font_32x53
                0x000107f4                font_22x36
                0x000173f4                font_16x26
                0x0001a7f4                font_12x16
                0x0001c7f4                font_8x14
                0x0001d5f4                font_8x12
                0x0001e1f4                font_6x10
                0x0001ebf4                font_5x8
 .rodata.str1.4
                0x0001f3f4       0xd8 .\CortexM3\ARM_GCC_541\Debug\frucd_display.o
                                 0xd7 (size before relaxing)
 .rodata        0x0001f4cc       0x46 .\CortexM3\ARM_GCC_541\Debug\cyfitter_cfg.o
                0x0001f4cc                ADC_GLV_V_AMux__addrTable
                0x0001f4d4                ADC_GLV_V_AMux__maskTable
 *fill*         0x0001f512        0x2 
 .rodata        0x0001f514      0x160 .\CortexM3\ARM_GCC_541\Debug\Dashboard.a(CAN.o)
 .rodata.str1.1
                0x0001f674        0x2 c:/program files (x86)/cypress/psoc creator/4.4/psoc creator/import/gnu/arm/5.4.1/bin/../lib/gcc/arm-none-eabi/5.4.1/../../../../arm-none-eabi/lib/armv7-m\libg_nano.a(lib_a-impure.o)
 .rodata.str1.1
                0x0001f676       0x11 c:/program files (x86)/cypress/psoc creator/4.4/psoc creator/import/gnu/arm/5.4.1/bin/../lib/gcc/arm-none-eabi/5.4.1/../../../../arm-none-eabi/lib/armv7-m\libg_nano.a(lib_a-nano-svfprintf.o)
 .rodata.str1.1
                0x0001f687       0x22 c:/program files (x86)/cypress/psoc creator/4.4/psoc creator/import/gnu/arm/5.4.1/bin/../lib/gcc/arm-none-eabi/5.4.1/../../../../arm-none-eabi/lib/armv7-m\libg_nano.a(lib_a-nano-vfprintf_i.o)
                0x0001f6ac                . = ALIGN (0x4)
 *fill*         0x0001f6a9        0x3 
 *(.init)
 .init          0x0001f6ac        0x4 c:/program files (x86)/cypress/psoc creator/4.4/psoc creator/import/gnu/arm/5.4.1/bin/../lib/gcc/arm-none-eabi/5.4.1/armv7-m/crti.o
                0x0001f6ac                _init
 .init          0x0001f6b0        0x8 c:/program files (x86)/cypress/psoc creator/4.4/psoc creator/import/gnu/arm/5.4.1/bin/../lib/gcc/arm-none-eabi/5.4.1/armv7-m/crtn.o
                0x0001f6b8                . = ALIGN (0x4)
                0x0001f6b8                __preinit_array_start = .
 *(.preinit_array)
                0x0001f6b8                __preinit_array_end = .
                0x0001f6b8                . = ALIGN (0x4)
                0x0001f6b8                __init_array_start = .
 *(SORT(.init_array.*))
 *(.init_array)
 .init_array    0x0001f6b8        0x4 c:/program files (x86)/cypress/psoc creator/4.4/psoc creator/import/gnu/arm/5.4.1/bin/../lib/gcc/arm-none-eabi/5.4.1/armv7-m/crtbegin.o
 .init_array    0x0001f6bc        0x4 .\CortexM3\ARM_GCC_541\Debug\Cm3Start.o
                0x0001f6c0                __init_array_end = .
                0x0001f6c0                . = ALIGN (0x4)
 *(.fini)
 .fini          0x0001f6c0        0x4 c:/program files (x86)/cypress/psoc creator/4.4/psoc creator/import/gnu/arm/5.4.1/bin/../lib/gcc/arm-none-eabi/5.4.1/armv7-m/crti.o
                0x0001f6c0                _fini
 .fini          0x0001f6c4        0x8 c:/program files (x86)/cypress/psoc creator/4.4/psoc creator/import/gnu/arm/5.4.1/bin/../lib/gcc/arm-none-eabi/5.4.1/armv7-m/crtn.o
                0x0001f6cc                . = ALIGN (0x4)
                0x0001f6cc                __fini_array_start = .
 *(.fini_array)
 .fini_array    0x0001f6cc        0x4 c:/program files (x86)/cypress/psoc creator/4.4/psoc creator/import/gnu/arm/5.4.1/bin/../lib/gcc/arm-none-eabi/5.4.1/armv7-m/crtbegin.o
 *(SORT(.fini_array.*))
                0x0001f6d0                __fini_array_end = .
                0x0001f6d0                . = ALIGN (0x4)
 *crtbegin.o(.ctors)
 *(EXCLUDE_FILE(*crtend.o) .ctors)
 *(SORT(.ctors.*))
 *crtend.o(.ctors)
                0x0001f6d0                . = ALIGN (0x4)
 *crtbegin.o(.dtors)
 *(EXCLUDE_FILE(*crtend.o) .dtors)
 *(SORT(.dtors.*))
 *crtend.o(.dtors)
                0x0001f6d0                . = ALIGN (0x4)
                0x0001f6d0                __cy_regions = .
                0x0001f6d0        0x4 LONG 0x1f6e0 __cy_region_init_ram
                0x0001f6d4        0x4 LONG 0x1fff80c8 __cy_region_start_data
                0x0001f6d8        0x4 LONG 0x88 __cy_region_init_size_ram
                0x0001f6dc        0x4 LONG 0x108 __cy_region_zero_size_ram
                0x0001f6e0                __cy_regions_end = .
                0x0001f6e0                . = ALIGN (0x8)
                0x0001f6e0                _etext = .

.cy_checksum_exclude
                0x0001f6e0        0x0
 *(.cy_checksum_exclude)

.ramvectors     0x1fff8000       0xc0
                0x1fff8000                __cy_region_start_ram = .
 *(.ramvectors)
 .ramvectors    0x1fff8000       0xc0 .\CortexM3\ARM_GCC_541\Debug\Cm3Start.o
                0x1fff8000                CyRamVectors

.noinit         0x1fff80c0        0x1
 *(.noinit)
 .noinit        0x1fff80c0        0x1 .\CortexM3\ARM_GCC_541\Debug\Dashboard.a(CyLib.o)
                0x1fff80c0                CyResetStatus

.data           0x1fff80c8       0x88 load address 0x0001f6e0
                0x1fff80c8                __cy_region_start_data = .
 *(.jcr)
 .jcr           0x1fff80c8        0x0 c:/program files (x86)/cypress/psoc creator/4.4/psoc creator/import/gnu/arm/5.4.1/bin/../lib/gcc/arm-none-eabi/5.4.1/armv7-m/crtbegin.o
 .jcr           0x1fff80c8        0x4 c:/program files (x86)/cypress/psoc creator/4.4/psoc creator/import/gnu/arm/5.4.1/bin/../lib/gcc/arm-none-eabi/5.4.1/armv7-m/crtend.o
 *(.got.plt)
 *(.got)
 *(.shdata)
 *(.data .data.* .gnu.linkonce.d.*)
 .data          0x1fff80cc        0x4 .\CortexM3\ARM_GCC_541\Debug\main.o
                0x1fff80cc                previous_state
 .data          0x1fff80d0        0x4 .\CortexM3\ARM_GCC_541\Debug\Cm3Start.o
 .data          0x1fff80d4       0x10 .\CortexM3\ARM_GCC_541\Debug\Dashboard.a(CyLib.o)
                0x1fff80d4                cydelay_32k_ms
                0x1fff80d8                cydelay_freq_khz
                0x1fff80dc                cydelay_freq_mhz
                0x1fff80e0                cydelay_freq_hz
 .data          0x1fff80e4        0x1 .\CortexM3\ARM_GCC_541\Debug\Dashboard.a(ADC_GLV_V.o)
                0x1fff80e4                ADC_GLV_V_Config
 .data          0x1fff80e5        0x1 .\CortexM3\ARM_GCC_541\Debug\Dashboard.a(ADC_GLV_V_AMux.o)
 *fill*         0x1fff80e6        0x2 
 .data.impure_data
                0x1fff80e8       0x60 c:/program files (x86)/cypress/psoc creator/4.4/psoc creator/import/gnu/arm/5.4.1/bin/../lib/gcc/arm-none-eabi/5.4.1/../../../../arm-none-eabi/lib/armv7-m\libg_nano.a(lib_a-impure.o)
 .data._impure_ptr
                0x1fff8148        0x4 c:/program files (x86)/cypress/psoc creator/4.4/psoc creator/import/gnu/arm/5.4.1/bin/../lib/gcc/arm-none-eabi/5.4.1/../../../../arm-none-eabi/lib/armv7-m\libg_nano.a(lib_a-impure.o)
                0x1fff8148                _impure_ptr
                0x1fff8150                . = ALIGN (0x8)
 *fill*         0x1fff814c        0x4 
 *(.ram)
                0x1fff8150                _edata = .

.igot.plt       0x1fff8150        0x0 load address 0x0001f768
 .igot.plt      0x1fff8150        0x0 c:/program files (x86)/cypress/psoc creator/4.4/psoc creator/import/gnu/arm/5.4.1/bin/../lib/gcc/arm-none-eabi/5.4.1/armv7-m/crtbegin.o

.bss            0x1fff8150      0x108 load address 0x0001f768
                0x1fff8150                PROVIDE (__bss_start__, .)
 *(.shbss)
 *(.bss .bss.* .gnu.linkonce.b.*)
 .bss           0x1fff8150       0x1c c:/program files (x86)/cypress/psoc creator/4.4/psoc creator/import/gnu/arm/5.4.1/bin/../lib/gcc/arm-none-eabi/5.4.1/armv7-m/crtbegin.o
 .bss           0x1fff816c        0xc .\CortexM3\ARM_GCC_541\Debug\ugui.o
 .bss           0x1fff8178       0x32 .\CortexM3\ARM_GCC_541\Debug\main.o
                0x1fff8178                BSPD_CATCH
                0x1fff817c                pedalOK
                0x1fff8180                state
                0x1fff8182                bms_status
                0x1fff8184                switches
                0x1fff8185                shutdown_flags
                0x1fff8186                soc
                0x1fff8187                PACK_TEMP
                0x1fff8188                mc_temp
                0x1fff818a                motor_temp
                0x1fff818c                fault
                0x1fff8190                firstDrive
                0x1fff8194                firstHV
                0x1fff8198                firstLV
                0x1fff819c                firstStart
                0x1fff81a0                curr_voltage
                0x1fff81a2                charge
                0x1fff81a4                voltage
                0x1fff81a8                CURRENT
 .bss           0x1fff81aa        0x1 .\CortexM3\ARM_GCC_541\Debug\Dashboard.a(CAN.o)
                0x1fff81aa                CAN_initVar
 .bss           0x1fff81ab        0x1 .\CortexM3\ARM_GCC_541\Debug\Dashboard.a(GraphicLCDIntf.o)
                0x1fff81ab                GraphicLCDIntf_initVar
 .bss           0x1fff81ac        0x8 .\CortexM3\ARM_GCC_541\Debug\Dashboard.a(ADC_GLV_V.o)
                0x1fff81b0                ADC_GLV_V_stopConversion
                0x1fff81b1                ADC_GLV_V_convDone
                0x1fff81b2                ADC_GLV_V_initVar
                0x1fff81b3                ADC_GLV_V_started
 .bss.__malloc_sbrk_start
                0x1fff81b4        0x4 c:/program files (x86)/cypress/psoc creator/4.4/psoc creator/import/gnu/arm/5.4.1/bin/../lib/gcc/arm-none-eabi/5.4.1/../../../../arm-none-eabi/lib/armv7-m\libg_nano.a(lib_a-nano-mallocr.o)
                0x1fff81b4                __malloc_sbrk_start
 .bss.__malloc_free_list
                0x1fff81b8        0x4 c:/program files (x86)/cypress/psoc creator/4.4/psoc creator/import/gnu/arm/5.4.1/bin/../lib/gcc/arm-none-eabi/5.4.1/../../../../arm-none-eabi/lib/armv7-m\libg_nano.a(lib_a-nano-mallocr.o)
                0x1fff81b8                __malloc_free_list
 *(COMMON)
 COMMON         0x1fff81bc       0x78 .\CortexM3\ARM_GCC_541\Debug\ugui_SSD1963.o
                0x1fff81bc                gui1963
 COMMON         0x1fff8234       0x18 .\CortexM3\ARM_GCC_541\Debug\frucd_display.o
                0x1fff8234                last_glv_v_color
                0x1fff8238                last_SOC_color
                0x1fff823c                last_mc_temp_color
                0x1fff8240                last_state_color
                0x1fff8244                last_motor_temp_color
                0x1fff8248                last_max_pack_temp_color
 COMMON         0x1fff824c        0x8 .\CortexM3\ARM_GCC_541\Debug\Dashboard.a(ADC_GLV_V.o)
                0x1fff824c                ADC_GLV_V_Offset
                0x1fff8250                ADC_GLV_V_CountsPerVolt
 COMMON         0x1fff8254        0x4 c:/program files (x86)/cypress/psoc creator/4.4/psoc creator/import/gnu/arm/5.4.1/bin/../lib/gcc/arm-none-eabi/5.4.1/../../../../arm-none-eabi/lib/armv7-m\libg_nano.a(lib_a-reent.o)
                0x1fff8254                errno
                0x1fff8258                . = ALIGN (0x8)
 *(.ram.b)
                0x1fff8258                _end = .
                0x1fff8258                __end = .
                0x1fff8258                PROVIDE (end, .)
                0x1fff8258                PROVIDE (__bss_end__, .)
                0x0001f6e0                __cy_region_init_ram = LOADADDR (.data)
                0x00000088                __cy_region_init_size_ram = (_edata - ADDR (.data))
                0x00000108                __cy_region_zero_size_ram = (_end - _edata)

.heap           0x1fff8258       0x80 load address 0x0001f768
                0x1fff8258                . = _end
                0x1fff82d8                . = (. + 0x80)
 *fill*         0x1fff8258       0x80 
                0x1fff82d8                __cy_heap_limit = .

.stack          0x20007800      0x800
                0x20007800                __cy_stack_limit = .
                0x20008000                . = (. + 0x800)
 *fill*         0x20007800      0x800 
                0x00000001                ASSERT ((__cy_stack_limit >= __cy_heap_limit), region RAM overflowed with stack)
                0x00000000                cy_checksum_exclude_size = (CY_APPL_LOADABLE == 0x1)?SIZEOF (.cy_checksum_exclude):0x0
                0x00000001                ASSERT ((cy_checksum_exclude_size <= CY_CHECKSUM_EXCLUDE_SIZE), CY_BOOT: Section .cy_checksum_exclude size exceedes specified limit.)

.cyloadermeta
 *(.cyloadermeta)

.cyloadablemeta
 *(.cyloadablemeta)

.cyconfigecc    0x80000000      0x410
 *(.cyconfigecc)
 .cyconfigecc   0x80000000      0x410 .\CortexM3\ARM_GCC_541\Debug\cymetadata.o
                0x80000000                cy_meta_configecc

.cycustnvl      0x90000000        0x4
 *(.cycustnvl)
 .cycustnvl     0x90000000        0x4 .\CortexM3\ARM_GCC_541\Debug\cymetadata.o
                0x90000000                cy_meta_custnvl

.cywolatch      0x90100000        0x4
 *(.cywolatch)
 .cywolatch     0x90100000        0x4 .\CortexM3\ARM_GCC_541\Debug\cymetadata.o
                0x90100000                cy_meta_wonvl

.cyeeprom       0x90200000        0x0
 *(.cyeeprom)
                0x00000001                ASSERT ((. <= ((0x90200000 + ee_offset) + ee_size)), .cyeeprom data will not fit in EEPROM)

.cyflashprotect
                0x90400000      0x100
 *(.cyflashprotect)
 .cyflashprotect
                0x90400000      0x100 .\CortexM3\ARM_GCC_541\Debug\cymetadata.o
                0x90400000                cy_meta_flashprotect

.cymeta         0x90500000        0xc
 *(.cymeta)
 .cymeta        0x90500000        0xc .\CortexM3\ARM_GCC_541\Debug\cymetadata.o
                0x90500000                cy_metadata

.rel.dyn        0x0001f768        0x0 load address 0x9050000c
 .rel.iplt      0x0001f768        0x0 c:/program files (x86)/cypress/psoc creator/4.4/psoc creator/import/gnu/arm/5.4.1/bin/../lib/gcc/arm-none-eabi/5.4.1/armv7-m/crtbegin.o

.stab
 *(.stab)

.stabstr
 *(.stabstr)

.debug
 *(.debug)

.line
 *(.line)

.debug_srcinfo
 *(.debug_srcinfo)

.debug_sfnames
 *(.debug_sfnames)

.debug_aranges  0x00000000     0x1328
 *(.debug_aranges)
 .debug_aranges
                0x00000000      0x568 .\CortexM3\ARM_GCC_541\Debug\ugui.o
 .debug_aranges
                0x00000568       0x48 .\CortexM3\ARM_GCC_541\Debug\ugui_SSD1963.o
 .debug_aranges
                0x000005b0       0x58 .\CortexM3\ARM_GCC_541\Debug\frucd_display.o
 .debug_aranges
                0x00000608       0x38 .\CortexM3\ARM_GCC_541\Debug\main.o
 .debug_aranges
                0x00000640       0x78 .\CortexM3\ARM_GCC_541\Debug\can_manga.o
 .debug_aranges
                0x000006b8       0x68 .\CortexM3\ARM_GCC_541\Debug\cyfitter_cfg.o
 .debug_aranges
                0x00000720       0x18 .\CortexM3\ARM_GCC_541\Debug\cymetadata.o
 .debug_aranges
                0x00000738       0x48 .\CortexM3\ARM_GCC_541\Debug\Cm3Start.o
 .debug_aranges
                0x00000780       0xc8 .\CortexM3\ARM_GCC_541\Debug\Dashboard.a(CAN.o)
 .debug_aranges
                0x00000848       0x28 .\CortexM3\ARM_GCC_541\Debug\Dashboard.a(CAN_INT.o)
 .debug_aranges
                0x00000870       0x68 .\CortexM3\ARM_GCC_541\Debug\Dashboard.a(CAN_TX_RX_func.o)
 .debug_aranges
                0x000008d8       0x38 .\CortexM3\ARM_GCC_541\Debug\Dashboard.a(Buzzer.o)
 .debug_aranges
                0x00000910       0x38 .\CortexM3\ARM_GCC_541\Debug\Dashboard.a(HV.o)
 .debug_aranges
                0x00000948       0x38 .\CortexM3\ARM_GCC_541\Debug\Dashboard.a(Drive.o)
 .debug_aranges
                0x00000980       0x38 .\CortexM3\ARM_GCC_541\Debug\Dashboard.a(RGB3_1.o)
 .debug_aranges
                0x000009b8       0x38 .\CortexM3\ARM_GCC_541\Debug\Dashboard.a(RGB2_1.o)
 .debug_aranges
                0x000009f0       0x38 .\CortexM3\ARM_GCC_541\Debug\Dashboard.a(RGB1_1.o)
 .debug_aranges
                0x00000a28       0x88 .\CortexM3\ARM_GCC_541\Debug\Dashboard.a(GraphicLCDIntf.o)
 .debug_aranges
                0x00000ab0       0x38 .\CortexM3\ARM_GCC_541\Debug\Dashboard.a(D_BL.o)
 .debug_aranges
                0x00000ae8       0x38 .\CortexM3\ARM_GCC_541\Debug\Dashboard.a(D_RST.o)
 .debug_aranges
                0x00000b20      0x298 .\CortexM3\ARM_GCC_541\Debug\Dashboard.a(CyLib.o)
 .debug_aranges
                0x00000db8       0x98 .\CortexM3\ARM_GCC_541\Debug\Dashboard.a(cyPm.o)
 .debug_aranges
                0x00000e50       0xe8 .\CortexM3\ARM_GCC_541\Debug\Dashboard.a(ADC_GLV_V.o)
 .debug_aranges
                0x00000f38       0x38 .\CortexM3\ARM_GCC_541\Debug\Dashboard.a(ADC_GLV_V_INT.o)
 .debug_aranges
                0x00000f70       0x80 .\CortexM3\ARM_GCC_541\Debug\Dashboard.a(ADC_GLV_V_theACLK.o)
 .debug_aranges
                0x00000ff0       0x30 .\CortexM3\ARM_GCC_541\Debug\Dashboard.a(ADC_GLV_V_AMux.o)
 .debug_aranges
                0x00001020       0x70 .\CortexM3\ARM_GCC_541\Debug\Dashboard.a(ADC_GLV_V_Ext_CP_Clk.o)
 .debug_aranges
                0x00001090       0x38 .\CortexM3\ARM_GCC_541\Debug\Dashboard.a(IMD_LED.o)
 .debug_aranges
                0x000010c8       0x38 .\CortexM3\ARM_GCC_541\Debug\Dashboard.a(BMS_LED.o)
 .debug_aranges
                0x00001100       0x90 .\CortexM3\ARM_GCC_541\Debug\Dashboard.a(ReadyToDrive_Timer.o)
 .debug_aranges
                0x00001190       0x80 .\CortexM3\ARM_GCC_541\Debug\Dashboard.a(ReadyToDrive_Int.o)
 .debug_aranges
                0x00001210       0x20 .\CortexM3\ARM_GCC_541\Debug\Dashboard.a(CyBootAsmGnu.o)
 .debug_aranges
                0x00001230       0x80 .\CortexM3\ARM_GCC_541\Debug\Dashboard.a(CyFlash.o)
 .debug_aranges
                0x000012b0       0x78 .\CortexM3\ARM_GCC_541\Debug\Dashboard.a(CySpc.o)

.debug_pubnames
 *(.debug_pubnames)

.debug_info     0x00000000    0x11317
 *(.debug_info .gnu.linkonce.wi.*)
 .debug_info    0x00000000     0x5e45 .\CortexM3\ARM_GCC_541\Debug\ugui.o
 .debug_info    0x00005e45     0x186a .\CortexM3\ARM_GCC_541\Debug\ugui_SSD1963.o
 .debug_info    0x000076af     0x146e .\CortexM3\ARM_GCC_541\Debug\frucd_display.o
 .debug_info    0x00008b1d     0x1047 .\CortexM3\ARM_GCC_541\Debug\main.o
 .debug_info    0x00009b64      0xbc4 .\CortexM3\ARM_GCC_541\Debug\can_manga.o
 .debug_info    0x0000a728      0x6fe .\CortexM3\ARM_GCC_541\Debug\cyfitter_cfg.o
 .debug_info    0x0000ae26      0x135 .\CortexM3\ARM_GCC_541\Debug\cymetadata.o
 .debug_info    0x0000af5b      0x3a7 .\CortexM3\ARM_GCC_541\Debug\Cm3Start.o
 .debug_info    0x0000b302      0x8fb .\CortexM3\ARM_GCC_541\Debug\Dashboard.a(CAN.o)
 .debug_info    0x0000bbfd      0x28c .\CortexM3\ARM_GCC_541\Debug\Dashboard.a(CAN_INT.o)
 .debug_info    0x0000be89      0x550 .\CortexM3\ARM_GCC_541\Debug\Dashboard.a(CAN_TX_RX_func.o)
 .debug_info    0x0000c3d9      0x11f .\CortexM3\ARM_GCC_541\Debug\Dashboard.a(Buzzer.o)
 .debug_info    0x0000c4f8      0x11f .\CortexM3\ARM_GCC_541\Debug\Dashboard.a(HV.o)
 .debug_info    0x0000c617      0x11f .\CortexM3\ARM_GCC_541\Debug\Dashboard.a(Drive.o)
 .debug_info    0x0000c736      0x11f .\CortexM3\ARM_GCC_541\Debug\Dashboard.a(RGB3_1.o)
 .debug_info    0x0000c855      0x11f .\CortexM3\ARM_GCC_541\Debug\Dashboard.a(RGB2_1.o)
 .debug_info    0x0000c974      0x11f .\CortexM3\ARM_GCC_541\Debug\Dashboard.a(RGB1_1.o)
 .debug_info    0x0000ca93      0x392 .\CortexM3\ARM_GCC_541\Debug\Dashboard.a(GraphicLCDIntf.o)
 .debug_info    0x0000ce25      0x11f .\CortexM3\ARM_GCC_541\Debug\Dashboard.a(D_BL.o)
 .debug_info    0x0000cf44      0x11f .\CortexM3\ARM_GCC_541\Debug\Dashboard.a(D_RST.o)
 .debug_info    0x0000d063     0x1360 .\CortexM3\ARM_GCC_541\Debug\Dashboard.a(CyLib.o)
 .debug_info    0x0000e3c3      0xa1e .\CortexM3\ARM_GCC_541\Debug\Dashboard.a(cyPm.o)
 .debug_info    0x0000ede1      0xa18 .\CortexM3\ARM_GCC_541\Debug\Dashboard.a(ADC_GLV_V.o)
 .debug_info    0x0000f7f9       0xd3 .\CortexM3\ARM_GCC_541\Debug\Dashboard.a(ADC_GLV_V_INT.o)
 .debug_info    0x0000f8cc      0x2c4 .\CortexM3\ARM_GCC_541\Debug\Dashboard.a(ADC_GLV_V_theACLK.o)
 .debug_info    0x0000fb90      0x165 .\CortexM3\ARM_GCC_541\Debug\Dashboard.a(ADC_GLV_V_AMux.o)
 .debug_info    0x0000fcf5      0x283 .\CortexM3\ARM_GCC_541\Debug\Dashboard.a(ADC_GLV_V_Ext_CP_Clk.o)
 .debug_info    0x0000ff78      0x11f .\CortexM3\ARM_GCC_541\Debug\Dashboard.a(IMD_LED.o)
 .debug_info    0x00010097      0x11f .\CortexM3\ARM_GCC_541\Debug\Dashboard.a(BMS_LED.o)
 .debug_info    0x000101b6      0x2ee .\CortexM3\ARM_GCC_541\Debug\Dashboard.a(ReadyToDrive_Timer.o)
 .debug_info    0x000104a4      0x32b .\CortexM3\ARM_GCC_541\Debug\Dashboard.a(ReadyToDrive_Int.o)
 .debug_info    0x000107cf       0x9f .\CortexM3\ARM_GCC_541\Debug\Dashboard.a(CyBootAsmGnu.o)
 .debug_info    0x0001086e      0x5ba .\CortexM3\ARM_GCC_541\Debug\Dashboard.a(CyFlash.o)
 .debug_info    0x00010e28      0x4ef .\CortexM3\ARM_GCC_541\Debug\Dashboard.a(CySpc.o)

.debug_abbrev   0x00000000     0x2aac
 *(.debug_abbrev)
 .debug_abbrev  0x00000000      0x29c .\CortexM3\ARM_GCC_541\Debug\ugui.o
 .debug_abbrev  0x0000029c      0x283 .\CortexM3\ARM_GCC_541\Debug\ugui_SSD1963.o
 .debug_abbrev  0x0000051f      0x248 .\CortexM3\ARM_GCC_541\Debug\frucd_display.o
 .debug_abbrev  0x00000767      0x283 .\CortexM3\ARM_GCC_541\Debug\main.o
 .debug_abbrev  0x000009ea      0x209 .\CortexM3\ARM_GCC_541\Debug\can_manga.o
 .debug_abbrev  0x00000bf3      0x22d .\CortexM3\ARM_GCC_541\Debug\cyfitter_cfg.o
 .debug_abbrev  0x00000e20       0x66 .\CortexM3\ARM_GCC_541\Debug\cymetadata.o
 .debug_abbrev  0x00000e86      0x203 .\CortexM3\ARM_GCC_541\Debug\Cm3Start.o
 .debug_abbrev  0x00001089      0x195 .\CortexM3\ARM_GCC_541\Debug\Dashboard.a(CAN.o)
 .debug_abbrev  0x0000121e       0xd5 .\CortexM3\ARM_GCC_541\Debug\Dashboard.a(CAN_INT.o)
 .debug_abbrev  0x000012f3      0x199 .\CortexM3\ARM_GCC_541\Debug\Dashboard.a(CAN_TX_RX_func.o)
 .debug_abbrev  0x0000148c       0x90 .\CortexM3\ARM_GCC_541\Debug\Dashboard.a(Buzzer.o)
 .debug_abbrev  0x0000151c       0x90 .\CortexM3\ARM_GCC_541\Debug\Dashboard.a(HV.o)
 .debug_abbrev  0x000015ac       0x90 .\CortexM3\ARM_GCC_541\Debug\Dashboard.a(Drive.o)
 .debug_abbrev  0x0000163c       0x90 .\CortexM3\ARM_GCC_541\Debug\Dashboard.a(RGB3_1.o)
 .debug_abbrev  0x000016cc       0x90 .\CortexM3\ARM_GCC_541\Debug\Dashboard.a(RGB2_1.o)
 .debug_abbrev  0x0000175c       0x90 .\CortexM3\ARM_GCC_541\Debug\Dashboard.a(RGB1_1.o)
 .debug_abbrev  0x000017ec      0x176 .\CortexM3\ARM_GCC_541\Debug\Dashboard.a(GraphicLCDIntf.o)
 .debug_abbrev  0x00001962       0x90 .\CortexM3\ARM_GCC_541\Debug\Dashboard.a(D_BL.o)
 .debug_abbrev  0x000019f2       0x90 .\CortexM3\ARM_GCC_541\Debug\Dashboard.a(D_RST.o)
 .debug_abbrev  0x00001a82      0x254 .\CortexM3\ARM_GCC_541\Debug\Dashboard.a(CyLib.o)
 .debug_abbrev  0x00001cd6      0x1ab .\CortexM3\ARM_GCC_541\Debug\Dashboard.a(cyPm.o)
 .debug_abbrev  0x00001e81      0x1eb .\CortexM3\ARM_GCC_541\Debug\Dashboard.a(ADC_GLV_V.o)
 .debug_abbrev  0x0000206c       0x42 .\CortexM3\ARM_GCC_541\Debug\Dashboard.a(ADC_GLV_V_INT.o)
 .debug_abbrev  0x000020ae      0x121 .\CortexM3\ARM_GCC_541\Debug\Dashboard.a(ADC_GLV_V_theACLK.o)
 .debug_abbrev  0x000021cf       0xb1 .\CortexM3\ARM_GCC_541\Debug\Dashboard.a(ADC_GLV_V_AMux.o)
 .debug_abbrev  0x00002280      0x139 .\CortexM3\ARM_GCC_541\Debug\Dashboard.a(ADC_GLV_V_Ext_CP_Clk.o)
 .debug_abbrev  0x000023b9       0x90 .\CortexM3\ARM_GCC_541\Debug\Dashboard.a(IMD_LED.o)
 .debug_abbrev  0x00002449       0x90 .\CortexM3\ARM_GCC_541\Debug\Dashboard.a(BMS_LED.o)
 .debug_abbrev  0x000024d9      0x12b .\CortexM3\ARM_GCC_541\Debug\Dashboard.a(ReadyToDrive_Timer.o)
 .debug_abbrev  0x00002604      0x184 .\CortexM3\ARM_GCC_541\Debug\Dashboard.a(ReadyToDrive_Int.o)
 .debug_abbrev  0x00002788       0x14 .\CortexM3\ARM_GCC_541\Debug\Dashboard.a(CyBootAsmGnu.o)
 .debug_abbrev  0x0000279c      0x17c .\CortexM3\ARM_GCC_541\Debug\Dashboard.a(CyFlash.o)
 .debug_abbrev  0x00002918      0x194 .\CortexM3\ARM_GCC_541\Debug\Dashboard.a(CySpc.o)

.debug_line     0x00000000     0x543f
 *(.debug_line)
 .debug_line    0x00000000     0x196a .\CortexM3\ARM_GCC_541\Debug\ugui.o
 .debug_line    0x0000196a      0x364 .\CortexM3\ARM_GCC_541\Debug\ugui_SSD1963.o
 .debug_line    0x00001cce      0x34a .\CortexM3\ARM_GCC_541\Debug\frucd_display.o
 .debug_line    0x00002018      0x34e .\CortexM3\ARM_GCC_541\Debug\main.o
 .debug_line    0x00002366      0x2bf .\CortexM3\ARM_GCC_541\Debug\can_manga.o
 .debug_line    0x00002625      0x225 .\CortexM3\ARM_GCC_541\Debug\cyfitter_cfg.o
 .debug_line    0x0000284a      0x141 .\CortexM3\ARM_GCC_541\Debug\cymetadata.o
 .debug_line    0x0000298b      0x234 .\CortexM3\ARM_GCC_541\Debug\Cm3Start.o
 .debug_line    0x00002bbf      0x37e .\CortexM3\ARM_GCC_541\Debug\Dashboard.a(CAN.o)
 .debug_line    0x00002f3d       0xa8 .\CortexM3\ARM_GCC_541\Debug\Dashboard.a(CAN_INT.o)
 .debug_line    0x00002fe5      0x295 .\CortexM3\ARM_GCC_541\Debug\Dashboard.a(CAN_TX_RX_func.o)
 .debug_line    0x0000327a       0x93 .\CortexM3\ARM_GCC_541\Debug\Dashboard.a(Buzzer.o)
 .debug_line    0x0000330d       0x8f .\CortexM3\ARM_GCC_541\Debug\Dashboard.a(HV.o)
 .debug_line    0x0000339c       0x92 .\CortexM3\ARM_GCC_541\Debug\Dashboard.a(Drive.o)
 .debug_line    0x0000342e       0x93 .\CortexM3\ARM_GCC_541\Debug\Dashboard.a(RGB3_1.o)
 .debug_line    0x000034c1       0x93 .\CortexM3\ARM_GCC_541\Debug\Dashboard.a(RGB2_1.o)
 .debug_line    0x00003554       0x93 .\CortexM3\ARM_GCC_541\Debug\Dashboard.a(RGB1_1.o)
 .debug_line    0x000035e7      0x193 .\CortexM3\ARM_GCC_541\Debug\Dashboard.a(GraphicLCDIntf.o)
 .debug_line    0x0000377a       0x91 .\CortexM3\ARM_GCC_541\Debug\Dashboard.a(D_BL.o)
 .debug_line    0x0000380b       0x92 .\CortexM3\ARM_GCC_541\Debug\Dashboard.a(D_RST.o)
 .debug_line    0x0000389d      0x804 .\CortexM3\ARM_GCC_541\Debug\Dashboard.a(CyLib.o)
 .debug_line    0x000040a1      0x364 .\CortexM3\ARM_GCC_541\Debug\Dashboard.a(cyPm.o)
 .debug_line    0x00004405      0x36d .\CortexM3\ARM_GCC_541\Debug\Dashboard.a(ADC_GLV_V.o)
 .debug_line    0x00004772       0x86 .\CortexM3\ARM_GCC_541\Debug\Dashboard.a(ADC_GLV_V_INT.o)
 .debug_line    0x000047f8      0x1a3 .\CortexM3\ARM_GCC_541\Debug\Dashboard.a(ADC_GLV_V_theACLK.o)
 .debug_line    0x0000499b       0xb2 .\CortexM3\ARM_GCC_541\Debug\Dashboard.a(ADC_GLV_V_AMux.o)
 .debug_line    0x00004a4d      0x183 .\CortexM3\ARM_GCC_541\Debug\Dashboard.a(ADC_GLV_V_Ext_CP_Clk.o)
 .debug_line    0x00004bd0       0x94 .\CortexM3\ARM_GCC_541\Debug\Dashboard.a(IMD_LED.o)
 .debug_line    0x00004c64       0x94 .\CortexM3\ARM_GCC_541\Debug\Dashboard.a(BMS_LED.o)
 .debug_line    0x00004cf8      0x17d .\CortexM3\ARM_GCC_541\Debug\Dashboard.a(ReadyToDrive_Timer.o)
 .debug_line    0x00004e75      0x13f .\CortexM3\ARM_GCC_541\Debug\Dashboard.a(ReadyToDrive_Int.o)
 .debug_line    0x00004fb4       0x66 .\CortexM3\ARM_GCC_541\Debug\Dashboard.a(CyBootAsmGnu.o)
 .debug_line    0x0000501a      0x1e9 .\CortexM3\ARM_GCC_541\Debug\Dashboard.a(CyFlash.o)
 .debug_line    0x00005203      0x23c .\CortexM3\ARM_GCC_541\Debug\Dashboard.a(CySpc.o)

.debug_frame    0x00000000     0x3764
 *(.debug_frame)
 .debug_frame   0x00000000     0x13c4 .\CortexM3\ARM_GCC_541\Debug\ugui.o
 .debug_frame   0x000013c4       0xd8 .\CortexM3\ARM_GCC_541\Debug\ugui_SSD1963.o
 .debug_frame   0x0000149c      0x120 .\CortexM3\ARM_GCC_541\Debug\frucd_display.o
 .debug_frame   0x000015bc       0x84 .\CortexM3\ARM_GCC_541\Debug\main.o
 .debug_frame   0x00001640      0x10c .\CortexM3\ARM_GCC_541\Debug\can_manga.o
 .debug_frame   0x0000174c      0x104 .\CortexM3\ARM_GCC_541\Debug\cyfitter_cfg.o
 .debug_frame   0x00001850       0xac .\CortexM3\ARM_GCC_541\Debug\Cm3Start.o
 .debug_frame   0x000018fc      0x1cc .\CortexM3\ARM_GCC_541\Debug\Dashboard.a(CAN.o)
 .debug_frame   0x00001ac8       0x4c .\CortexM3\ARM_GCC_541\Debug\Dashboard.a(CAN_INT.o)
 .debug_frame   0x00001b14       0xc4 .\CortexM3\ARM_GCC_541\Debug\Dashboard.a(CAN_TX_RX_func.o)
 .debug_frame   0x00001bd8       0x50 .\CortexM3\ARM_GCC_541\Debug\Dashboard.a(Buzzer.o)
 .debug_frame   0x00001c28       0x50 .\CortexM3\ARM_GCC_541\Debug\Dashboard.a(HV.o)
 .debug_frame   0x00001c78       0x50 .\CortexM3\ARM_GCC_541\Debug\Dashboard.a(Drive.o)
 .debug_frame   0x00001cc8       0x50 .\CortexM3\ARM_GCC_541\Debug\Dashboard.a(RGB3_1.o)
 .debug_frame   0x00001d18       0x50 .\CortexM3\ARM_GCC_541\Debug\Dashboard.a(RGB2_1.o)
 .debug_frame   0x00001d68       0x50 .\CortexM3\ARM_GCC_541\Debug\Dashboard.a(RGB1_1.o)
 .debug_frame   0x00001db8      0x154 .\CortexM3\ARM_GCC_541\Debug\Dashboard.a(GraphicLCDIntf.o)
 .debug_frame   0x00001f0c       0x50 .\CortexM3\ARM_GCC_541\Debug\Dashboard.a(D_BL.o)
 .debug_frame   0x00001f5c       0x50 .\CortexM3\ARM_GCC_541\Debug\Dashboard.a(D_RST.o)
 .debug_frame   0x00001fac      0x728 .\CortexM3\ARM_GCC_541\Debug\Dashboard.a(CyLib.o)
 .debug_frame   0x000026d4      0x1f8 .\CortexM3\ARM_GCC_541\Debug\Dashboard.a(cyPm.o)
 .debug_frame   0x000028cc      0x278 .\CortexM3\ARM_GCC_541\Debug\Dashboard.a(ADC_GLV_V.o)
 .debug_frame   0x00002b44       0x50 .\CortexM3\ARM_GCC_541\Debug\Dashboard.a(ADC_GLV_V_INT.o)
 .debug_frame   0x00002b94      0x100 .\CortexM3\ARM_GCC_541\Debug\Dashboard.a(ADC_GLV_V_theACLK.o)
 .debug_frame   0x00002c94       0x64 .\CortexM3\ARM_GCC_541\Debug\Dashboard.a(ADC_GLV_V_AMux.o)
 .debug_frame   0x00002cf8       0xe0 .\CortexM3\ARM_GCC_541\Debug\Dashboard.a(ADC_GLV_V_Ext_CP_Clk.o)
 .debug_frame   0x00002dd8       0x50 .\CortexM3\ARM_GCC_541\Debug\Dashboard.a(IMD_LED.o)
 .debug_frame   0x00002e28       0x50 .\CortexM3\ARM_GCC_541\Debug\Dashboard.a(BMS_LED.o)
 .debug_frame   0x00002e78      0x124 .\CortexM3\ARM_GCC_541\Debug\Dashboard.a(ReadyToDrive_Timer.o)
 .debug_frame   0x00002f9c      0x110 .\CortexM3\ARM_GCC_541\Debug\Dashboard.a(ReadyToDrive_Int.o)
 .debug_frame   0x000030ac      0x174 .\CortexM3\ARM_GCC_541\Debug\Dashboard.a(CyFlash.o)
 .debug_frame   0x00003220      0x160 .\CortexM3\ARM_GCC_541\Debug\Dashboard.a(CySpc.o)
 .debug_frame   0x00003380       0x20 c:/program files (x86)/cypress/psoc creator/4.4/psoc creator/import/gnu/arm/5.4.1/bin/../lib/gcc/arm-none-eabi/5.4.1/../../../../arm-none-eabi/lib/armv7-m\libg_nano.a(lib_a-errno.o)
 .debug_frame   0x000033a0       0x28 c:/program files (x86)/cypress/psoc creator/4.4/psoc creator/import/gnu/arm/5.4.1/bin/../lib/gcc/arm-none-eabi/5.4.1/../../../../arm-none-eabi/lib/armv7-m\libg_nano.a(lib_a-exit.o)
 .debug_frame   0x000033c8       0x2c c:/program files (x86)/cypress/psoc creator/4.4/psoc creator/import/gnu/arm/5.4.1/bin/../lib/gcc/arm-none-eabi/5.4.1/../../../../arm-none-eabi/lib/armv7-m\libg_nano.a(lib_a-init.o)
 .debug_frame   0x000033f4       0x28 c:/program files (x86)/cypress/psoc creator/4.4/psoc creator/import/gnu/arm/5.4.1/bin/../lib/gcc/arm-none-eabi/5.4.1/../../../../arm-none-eabi/lib/armv7-m\libg_nano.a(lib_a-memcpy-stub.o)
 .debug_frame   0x0000341c       0x20 c:/program files (x86)/cypress/psoc creator/4.4/psoc creator/import/gnu/arm/5.4.1/bin/../lib/gcc/arm-none-eabi/5.4.1/../../../../arm-none-eabi/lib/armv7-m\libg_nano.a(lib_a-memset.o)
 .debug_frame   0x0000343c       0x70 c:/program files (x86)/cypress/psoc creator/4.4/psoc creator/import/gnu/arm/5.4.1/bin/../lib/gcc/arm-none-eabi/5.4.1/../../../../arm-none-eabi/lib/armv7-m\libg_nano.a(lib_a-sprintf.o)
 .debug_frame   0x000034ac       0x90 c:/program files (x86)/cypress/psoc creator/4.4/psoc creator/import/gnu/arm/5.4.1/bin/../lib/gcc/arm-none-eabi/5.4.1/../../../../arm-none-eabi/lib/armv7-m\libg_nano.a(lib_a-nano-svfprintf.o)
 .debug_frame   0x0000353c       0x60 c:/program files (x86)/cypress/psoc creator/4.4/psoc creator/import/gnu/arm/5.4.1/bin/../lib/gcc/arm-none-eabi/5.4.1/../../../../arm-none-eabi/lib/armv7-m\libg_nano.a(lib_a-nano-vfprintf_i.o)
 .debug_frame   0x0000359c       0x28 c:/program files (x86)/cypress/psoc creator/4.4/psoc creator/import/gnu/arm/5.4.1/bin/../lib/gcc/arm-none-eabi/5.4.1/../../../../arm-none-eabi/lib/armv7-m\libg_nano.a(lib_a-memchr-stub.o)
 .debug_frame   0x000035c4       0x28 c:/program files (x86)/cypress/psoc creator/4.4/psoc creator/import/gnu/arm/5.4.1/bin/../lib/gcc/arm-none-eabi/5.4.1/../../../../arm-none-eabi/lib/armv7-m\libg_nano.a(lib_a-memmove.o)
 .debug_frame   0x000035ec       0x38 c:/program files (x86)/cypress/psoc creator/4.4/psoc creator/import/gnu/arm/5.4.1/bin/../lib/gcc/arm-none-eabi/5.4.1/../../../../arm-none-eabi/lib/armv7-m\libg_nano.a(lib_a-nano-freer.o)
 .debug_frame   0x00003624       0x2c c:/program files (x86)/cypress/psoc creator/4.4/psoc creator/import/gnu/arm/5.4.1/bin/../lib/gcc/arm-none-eabi/5.4.1/../../../../arm-none-eabi/lib/armv7-m\libg_nano.a(lib_a-nano-mallocr.o)
 .debug_frame   0x00003650       0x3c c:/program files (x86)/cypress/psoc creator/4.4/psoc creator/import/gnu/arm/5.4.1/bin/../lib/gcc/arm-none-eabi/5.4.1/../../../../arm-none-eabi/lib/armv7-m\libg_nano.a(lib_a-nano-reallocr.o)
 .debug_frame   0x0000368c       0x2c c:/program files (x86)/cypress/psoc creator/4.4/psoc creator/import/gnu/arm/5.4.1/bin/../lib/gcc/arm-none-eabi/5.4.1/../../../../arm-none-eabi/lib/armv7-m\libg_nano.a(lib_a-sbrkr.o)
 .debug_frame   0x000036b8       0x30 c:/program files (x86)/cypress/psoc creator/4.4/psoc creator/import/gnu/arm/5.4.1/bin/../lib/gcc/arm-none-eabi/5.4.1/../../../../arm-none-eabi/lib/armv7-m\libg_nano.a(lib_a-mlock.o)
 .debug_frame   0x000036e8       0x20 c:/program files (x86)/cypress/psoc creator/4.4/psoc creator/import/gnu/arm/5.4.1/bin/../lib/gcc/arm-none-eabi/5.4.1/../../../../arm-none-eabi/lib/armv7-m\libg_nano.a(lib_a-nano-msizer.o)
 .debug_frame   0x00003708       0x5c c:/program files (x86)/cypress/psoc creator/4.4/psoc creator/import/gnu/arm/5.4.1/bin/../lib/gcc/arm-none-eabi/5.4.1/../../../../arm-none-eabi/lib/armv7-m\libg_nano.a(lib_a-reent.o)

.debug_str      0x00000000     0x406a
 *(.debug_str)
 .debug_str     0x00000000     0x125d .\CortexM3\ARM_GCC_541\Debug\ugui.o
                               0x131d (size before relaxing)
 .debug_str     0x0000125d      0x11d .\CortexM3\ARM_GCC_541\Debug\ugui_SSD1963.o
                                0x567 (size before relaxing)
 .debug_str     0x0000137a      0x1b0 .\CortexM3\ARM_GCC_541\Debug\frucd_display.o
                                0x651 (size before relaxing)
 .debug_str     0x0000152a      0x36b .\CortexM3\ARM_GCC_541\Debug\main.o
                                0x9d2 (size before relaxing)
 .debug_str     0x00001895      0x225 .\CortexM3\ARM_GCC_541\Debug\can_manga.o
                                0x780 (size before relaxing)
 .debug_str     0x00001aba      0x207 .\CortexM3\ARM_GCC_541\Debug\cyfitter_cfg.o
                                0x3b7 (size before relaxing)
 .debug_str     0x00001cc1       0x75 .\CortexM3\ARM_GCC_541\Debug\cymetadata.o
                                0x1f3 (size before relaxing)
 .debug_str     0x00001d36      0x144 .\CortexM3\ARM_GCC_541\Debug\Cm3Start.o
                                0x319 (size before relaxing)
 .debug_str     0x00001e7a      0x2dc .\CortexM3\ARM_GCC_541\Debug\Dashboard.a(CAN.o)
                                0x4f0 (size before relaxing)
 .debug_str     0x00002156       0xfe .\CortexM3\ARM_GCC_541\Debug\Dashboard.a(CAN_INT.o)
                                0x2f9 (size before relaxing)
 .debug_str     0x00002254       0x56 .\CortexM3\ARM_GCC_541\Debug\Dashboard.a(CAN_TX_RX_func.o)
                                0x520 (size before relaxing)
 .debug_str     0x000022aa       0x63 .\CortexM3\ARM_GCC_541\Debug\Dashboard.a(Buzzer.o)
                                0x1f6 (size before relaxing)
 .debug_str     0x0000230d       0x44 .\CortexM3\ARM_GCC_541\Debug\Dashboard.a(HV.o)
                                0x1e2 (size before relaxing)
 .debug_str     0x00002351       0x50 .\CortexM3\ARM_GCC_541\Debug\Dashboard.a(Drive.o)
                                0x1f1 (size before relaxing)
 .debug_str     0x000023a1       0x53 .\CortexM3\ARM_GCC_541\Debug\Dashboard.a(RGB3_1.o)
                                0x1f6 (size before relaxing)
 .debug_str     0x000023f4       0x53 .\CortexM3\ARM_GCC_541\Debug\Dashboard.a(RGB2_1.o)
                                0x1f6 (size before relaxing)
 .debug_str     0x00002447       0x53 .\CortexM3\ARM_GCC_541\Debug\Dashboard.a(RGB1_1.o)
                                0x1f6 (size before relaxing)
 .debug_str     0x0000249a      0x14d .\CortexM3\ARM_GCC_541\Debug\Dashboard.a(GraphicLCDIntf.o)
                                0x31d (size before relaxing)
 .debug_str     0x000025e7       0x4b .\CortexM3\ARM_GCC_541\Debug\Dashboard.a(D_BL.o)
                                0x1ec (size before relaxing)
 .debug_str     0x00002632       0x4f .\CortexM3\ARM_GCC_541\Debug\Dashboard.a(D_RST.o)
                                0x1f1 (size before relaxing)
 .debug_str     0x00002681      0x7c2 .\CortexM3\ARM_GCC_541\Debug\Dashboard.a(CyLib.o)
                                0xa3e (size before relaxing)
 .debug_str     0x00002e43      0x359 .\CortexM3\ARM_GCC_541\Debug\Dashboard.a(cyPm.o)
                                0x736 (size before relaxing)
 .debug_str     0x0000319c      0x422 .\CortexM3\ARM_GCC_541\Debug\Dashboard.a(ADC_GLV_V.o)
                                0x6ce (size before relaxing)
 .debug_str     0x000035be       0x63 .\CortexM3\ARM_GCC_541\Debug\Dashboard.a(ADC_GLV_V_INT.o)
                                0x1ed (size before relaxing)
 .debug_str     0x00003621      0x1da .\CortexM3\ARM_GCC_541\Debug\Dashboard.a(ADC_GLV_V_theACLK.o)
                                0x3c4 (size before relaxing)
 .debug_str     0x000037fb       0x77 .\CortexM3\ARM_GCC_541\Debug\Dashboard.a(ADC_GLV_V_AMux.o)
                                0x238 (size before relaxing)
 .debug_str     0x00003872      0x166 .\CortexM3\ARM_GCC_541\Debug\Dashboard.a(ADC_GLV_V_Ext_CP_Clk.o)
                                0x399 (size before relaxing)
 .debug_str     0x000039d8       0x57 .\CortexM3\ARM_GCC_541\Debug\Dashboard.a(IMD_LED.o)
                                0x1fb (size before relaxing)
 .debug_str     0x00003a2f       0x57 .\CortexM3\ARM_GCC_541\Debug\Dashboard.a(BMS_LED.o)
                                0x1fb (size before relaxing)
 .debug_str     0x00003a86      0x233 .\CortexM3\ARM_GCC_541\Debug\Dashboard.a(ReadyToDrive_Timer.o)
                                0x434 (size before relaxing)
 .debug_str     0x00003cb9      0x169 .\CortexM3\ARM_GCC_541\Debug\Dashboard.a(ReadyToDrive_Int.o)
                                0x374 (size before relaxing)
 .debug_str     0x00003e22      0x19c .\CortexM3\ARM_GCC_541\Debug\Dashboard.a(CyFlash.o)
                                0x3b0 (size before relaxing)
 .debug_str     0x00003fbe       0xac .\CortexM3\ARM_GCC_541\Debug\Dashboard.a(CySpc.o)
                                0x339 (size before relaxing)

.debug_loc      0x00000000     0xb4c3
 *(.debug_loc)
 .debug_loc     0x00000000     0x709c .\CortexM3\ARM_GCC_541\Debug\ugui.o
 .debug_loc     0x0000709c      0xb51 .\CortexM3\ARM_GCC_541\Debug\ugui_SSD1963.o
 .debug_loc     0x00007bed      0x3a3 .\CortexM3\ARM_GCC_541\Debug\frucd_display.o
 .debug_loc     0x00007f90      0x120 .\CortexM3\ARM_GCC_541\Debug\main.o
 .debug_loc     0x000080b0      0x18f .\CortexM3\ARM_GCC_541\Debug\can_manga.o
 .debug_loc     0x0000823f      0x29c .\CortexM3\ARM_GCC_541\Debug\cyfitter_cfg.o
 .debug_loc     0x000084db      0x144 .\CortexM3\ARM_GCC_541\Debug\Cm3Start.o
 .debug_loc     0x0000861f      0x980 .\CortexM3\ARM_GCC_541\Debug\Dashboard.a(CAN.o)
 .debug_loc     0x00008f9f       0x54 .\CortexM3\ARM_GCC_541\Debug\Dashboard.a(CAN_INT.o)
 .debug_loc     0x00008ff3      0x193 .\CortexM3\ARM_GCC_541\Debug\Dashboard.a(CAN_TX_RX_func.o)
 .debug_loc     0x00009186       0x42 .\CortexM3\ARM_GCC_541\Debug\Dashboard.a(Buzzer.o)
 .debug_loc     0x000091c8       0x42 .\CortexM3\ARM_GCC_541\Debug\Dashboard.a(HV.o)
 .debug_loc     0x0000920a       0x42 .\CortexM3\ARM_GCC_541\Debug\Dashboard.a(Drive.o)
 .debug_loc     0x0000924c       0x42 .\CortexM3\ARM_GCC_541\Debug\Dashboard.a(RGB3_1.o)
 .debug_loc     0x0000928e       0x42 .\CortexM3\ARM_GCC_541\Debug\Dashboard.a(RGB2_1.o)
 .debug_loc     0x000092d0       0x42 .\CortexM3\ARM_GCC_541\Debug\Dashboard.a(RGB1_1.o)
 .debug_loc     0x00009312      0x1a6 .\CortexM3\ARM_GCC_541\Debug\Dashboard.a(GraphicLCDIntf.o)
 .debug_loc     0x000094b8       0x42 .\CortexM3\ARM_GCC_541\Debug\Dashboard.a(D_BL.o)
 .debug_loc     0x000094fa       0x42 .\CortexM3\ARM_GCC_541\Debug\Dashboard.a(D_RST.o)
 .debug_loc     0x0000953c      0xa11 .\CortexM3\ARM_GCC_541\Debug\Dashboard.a(CyLib.o)
 .debug_loc     0x00009f4d      0x1e4 .\CortexM3\ARM_GCC_541\Debug\Dashboard.a(cyPm.o)
 .debug_loc     0x0000a131      0x681 .\CortexM3\ARM_GCC_541\Debug\Dashboard.a(ADC_GLV_V.o)
 .debug_loc     0x0000a7b2      0x14d .\CortexM3\ARM_GCC_541\Debug\Dashboard.a(ADC_GLV_V_theACLK.o)
 .debug_loc     0x0000a8ff       0x6c .\CortexM3\ARM_GCC_541\Debug\Dashboard.a(ADC_GLV_V_AMux.o)
 .debug_loc     0x0000a96b      0x12c .\CortexM3\ARM_GCC_541\Debug\Dashboard.a(ADC_GLV_V_Ext_CP_Clk.o)
 .debug_loc     0x0000aa97       0x42 .\CortexM3\ARM_GCC_541\Debug\Dashboard.a(IMD_LED.o)
 .debug_loc     0x0000aad9       0x42 .\CortexM3\ARM_GCC_541\Debug\Dashboard.a(BMS_LED.o)
 .debug_loc     0x0000ab1b       0x13 .\CortexM3\ARM_GCC_541\Debug\Dashboard.a(ReadyToDrive_Timer.o)
 .debug_loc     0x0000ab2e       0x56 .\CortexM3\ARM_GCC_541\Debug\Dashboard.a(ReadyToDrive_Int.o)
 .debug_loc     0x0000ab84      0x2f2 .\CortexM3\ARM_GCC_541\Debug\Dashboard.a(CyFlash.o)
 .debug_loc     0x0000ae76      0x64d .\CortexM3\ARM_GCC_541\Debug\Dashboard.a(CySpc.o)

.debug_macinfo
 *(.debug_macinfo)

.debug_ranges   0x00000000     0x10f0
 *(.debug_ranges)
 .debug_ranges  0x00000000      0x558 .\CortexM3\ARM_GCC_541\Debug\ugui.o
 .debug_ranges  0x00000558       0x38 .\CortexM3\ARM_GCC_541\Debug\ugui_SSD1963.o
 .debug_ranges  0x00000590       0x48 .\CortexM3\ARM_GCC_541\Debug\frucd_display.o
 .debug_ranges  0x000005d8       0x28 .\CortexM3\ARM_GCC_541\Debug\main.o
 .debug_ranges  0x00000600       0x68 .\CortexM3\ARM_GCC_541\Debug\can_manga.o
 .debug_ranges  0x00000668       0x58 .\CortexM3\ARM_GCC_541\Debug\cyfitter_cfg.o
 .debug_ranges  0x000006c0       0x38 .\CortexM3\ARM_GCC_541\Debug\Cm3Start.o
 .debug_ranges  0x000006f8       0xb8 .\CortexM3\ARM_GCC_541\Debug\Dashboard.a(CAN.o)
 .debug_ranges  0x000007b0       0x18 .\CortexM3\ARM_GCC_541\Debug\Dashboard.a(CAN_INT.o)
 .debug_ranges  0x000007c8       0x58 .\CortexM3\ARM_GCC_541\Debug\Dashboard.a(CAN_TX_RX_func.o)
 .debug_ranges  0x00000820       0x28 .\CortexM3\ARM_GCC_541\Debug\Dashboard.a(Buzzer.o)
 .debug_ranges  0x00000848       0x28 .\CortexM3\ARM_GCC_541\Debug\Dashboard.a(HV.o)
 .debug_ranges  0x00000870       0x28 .\CortexM3\ARM_GCC_541\Debug\Dashboard.a(Drive.o)
 .debug_ranges  0x00000898       0x28 .\CortexM3\ARM_GCC_541\Debug\Dashboard.a(RGB3_1.o)
 .debug_ranges  0x000008c0       0x28 .\CortexM3\ARM_GCC_541\Debug\Dashboard.a(RGB2_1.o)
 .debug_ranges  0x000008e8       0x28 .\CortexM3\ARM_GCC_541\Debug\Dashboard.a(RGB1_1.o)
 .debug_ranges  0x00000910       0x78 .\CortexM3\ARM_GCC_541\Debug\Dashboard.a(GraphicLCDIntf.o)
 .debug_ranges  0x00000988       0x28 .\CortexM3\ARM_GCC_541\Debug\Dashboard.a(D_BL.o)
 .debug_ranges  0x000009b0       0x28 .\CortexM3\ARM_GCC_541\Debug\Dashboard.a(D_RST.o)
 .debug_ranges  0x000009d8      0x288 .\CortexM3\ARM_GCC_541\Debug\Dashboard.a(CyLib.o)
 .debug_ranges  0x00000c60       0x88 .\CortexM3\ARM_GCC_541\Debug\Dashboard.a(cyPm.o)
 .debug_ranges  0x00000ce8       0xd8 .\CortexM3\ARM_GCC_541\Debug\Dashboard.a(ADC_GLV_V.o)
 .debug_ranges  0x00000dc0       0x28 .\CortexM3\ARM_GCC_541\Debug\Dashboard.a(ADC_GLV_V_INT.o)
 .debug_ranges  0x00000de8       0x70 .\CortexM3\ARM_GCC_541\Debug\Dashboard.a(ADC_GLV_V_theACLK.o)
 .debug_ranges  0x00000e58       0x20 .\CortexM3\ARM_GCC_541\Debug\Dashboard.a(ADC_GLV_V_AMux.o)
 .debug_ranges  0x00000e78       0x60 .\CortexM3\ARM_GCC_541\Debug\Dashboard.a(ADC_GLV_V_Ext_CP_Clk.o)
 .debug_ranges  0x00000ed8       0x28 .\CortexM3\ARM_GCC_541\Debug\Dashboard.a(IMD_LED.o)
 .debug_ranges  0x00000f00       0x28 .\CortexM3\ARM_GCC_541\Debug\Dashboard.a(BMS_LED.o)
 .debug_ranges  0x00000f28       0x80 .\CortexM3\ARM_GCC_541\Debug\Dashboard.a(ReadyToDrive_Timer.o)
 .debug_ranges  0x00000fa8       0x70 .\CortexM3\ARM_GCC_541\Debug\Dashboard.a(ReadyToDrive_Int.o)
 .debug_ranges  0x00001018       0x70 .\CortexM3\ARM_GCC_541\Debug\Dashboard.a(CyFlash.o)
 .debug_ranges  0x00001088       0x68 .\CortexM3\ARM_GCC_541\Debug\Dashboard.a(CySpc.o)

.comment        0x00000000       0x6e
 .comment       0x00000000       0x6e .\CortexM3\ARM_GCC_541\Debug\ugui.o
                                 0x6f (size before relaxing)
 .comment       0x0000006e       0x6f .\CortexM3\ARM_GCC_541\Debug\ugui_SSD1963.o
 .comment       0x0000006e       0x6f .\CortexM3\ARM_GCC_541\Debug\frucd_display.o
 .comment       0x0000006e       0x6f .\CortexM3\ARM_GCC_541\Debug\main.o
 .comment       0x0000006e       0x6f .\CortexM3\ARM_GCC_541\Debug\can_manga.o
 .comment       0x0000006e       0x6f .\CortexM3\ARM_GCC_541\Debug\cyfitter_cfg.o
 .comment       0x0000006e       0x6f .\CortexM3\ARM_GCC_541\Debug\cymetadata.o
 .comment       0x0000006e       0x6f .\CortexM3\ARM_GCC_541\Debug\Cm3Start.o
 .comment       0x0000006e       0x6f .\CortexM3\ARM_GCC_541\Debug\Dashboard.a(CAN.o)
 .comment       0x0000006e       0x6f .\CortexM3\ARM_GCC_541\Debug\Dashboard.a(CAN_INT.o)
 .comment       0x0000006e       0x6f .\CortexM3\ARM_GCC_541\Debug\Dashboard.a(CAN_TX_RX_func.o)
 .comment       0x0000006e       0x6f .\CortexM3\ARM_GCC_541\Debug\Dashboard.a(Buzzer.o)
 .comment       0x0000006e       0x6f .\CortexM3\ARM_GCC_541\Debug\Dashboard.a(HV.o)
 .comment       0x0000006e       0x6f .\CortexM3\ARM_GCC_541\Debug\Dashboard.a(Drive.o)
 .comment       0x0000006e       0x6f .\CortexM3\ARM_GCC_541\Debug\Dashboard.a(RGB3_1.o)
 .comment       0x0000006e       0x6f .\CortexM3\ARM_GCC_541\Debug\Dashboard.a(RGB2_1.o)
 .comment       0x0000006e       0x6f .\CortexM3\ARM_GCC_541\Debug\Dashboard.a(RGB1_1.o)
 .comment       0x0000006e       0x6f .\CortexM3\ARM_GCC_541\Debug\Dashboard.a(GraphicLCDIntf.o)
 .comment       0x0000006e       0x6f .\CortexM3\ARM_GCC_541\Debug\Dashboard.a(D_BL.o)
 .comment       0x0000006e       0x6f .\CortexM3\ARM_GCC_541\Debug\Dashboard.a(D_RST.o)
 .comment       0x0000006e       0x6f .\CortexM3\ARM_GCC_541\Debug\Dashboard.a(CyLib.o)
 .comment       0x0000006e       0x6f .\CortexM3\ARM_GCC_541\Debug\Dashboard.a(cyPm.o)
 .comment       0x0000006e       0x6f .\CortexM3\ARM_GCC_541\Debug\Dashboard.a(ADC_GLV_V.o)
 .comment       0x0000006e       0x6f .\CortexM3\ARM_GCC_541\Debug\Dashboard.a(ADC_GLV_V_INT.o)
 .comment       0x0000006e       0x6f .\CortexM3\ARM_GCC_541\Debug\Dashboard.a(ADC_GLV_V_theACLK.o)
 .comment       0x0000006e       0x6f .\CortexM3\ARM_GCC_541\Debug\Dashboard.a(ADC_GLV_V_AMux.o)
 .comment       0x0000006e       0x6f .\CortexM3\ARM_GCC_541\Debug\Dashboard.a(ADC_GLV_V_Ext_CP_Clk.o)
 .comment       0x0000006e       0x6f .\CortexM3\ARM_GCC_541\Debug\Dashboard.a(IMD_LED.o)
 .comment       0x0000006e       0x6f .\CortexM3\ARM_GCC_541\Debug\Dashboard.a(BMS_LED.o)
 .comment       0x0000006e       0x6f .\CortexM3\ARM_GCC_541\Debug\Dashboard.a(ReadyToDrive_Timer.o)
 .comment       0x0000006e       0x6f .\CortexM3\ARM_GCC_541\Debug\Dashboard.a(ReadyToDrive_Int.o)
 .comment       0x0000006e       0x6f .\CortexM3\ARM_GCC_541\Debug\Dashboard.a(CyFlash.o)
 .comment       0x0000006e       0x6f .\CortexM3\ARM_GCC_541\Debug\Dashboard.a(CySpc.o)

.debug_weaknames
 *(.debug_weaknames)

.debug_funcnames
 *(.debug_funcnames)

.debug_typenames
 *(.debug_typenames)

.debug_varnames
 *(.debug_varnames)

.note.gnu.arm.ident
 *(.note.gnu.arm.ident)

.ARM.attributes
                0x00000000       0x29
 *(.ARM.attributes)
 .ARM.attributes
                0x00000000       0x1d c:/program files (x86)/cypress/psoc creator/4.4/psoc creator/import/gnu/arm/5.4.1/bin/../lib/gcc/arm-none-eabi/5.4.1/armv7-m/crti.o
 .ARM.attributes
                0x0000001d       0x2d c:/program files (x86)/cypress/psoc creator/4.4/psoc creator/import/gnu/arm/5.4.1/bin/../lib/gcc/arm-none-eabi/5.4.1/armv7-m/crtbegin.o
 .ARM.attributes
                0x0000004a       0x1b c:/program files (x86)/cypress/psoc creator/4.4/psoc creator/import/gnu/arm/5.4.1/bin/../lib/gcc/arm-none-eabi/5.4.1/../../../../arm-none-eabi/lib/armv7-m/crt0.o
 .ARM.attributes
                0x00000065       0x33 .\CortexM3\ARM_GCC_541\Debug\ugui.o
 .ARM.attributes
                0x00000098       0x33 .\CortexM3\ARM_GCC_541\Debug\ugui_SSD1963.o
 .ARM.attributes
                0x000000cb       0x33 .\CortexM3\ARM_GCC_541\Debug\frucd_display.o
 .ARM.attributes
                0x000000fe       0x33 .\CortexM3\ARM_GCC_541\Debug\main.o
 .ARM.attributes
                0x00000131       0x33 .\CortexM3\ARM_GCC_541\Debug\can_manga.o
 .ARM.attributes
                0x00000164       0x33 .\CortexM3\ARM_GCC_541\Debug\cyfitter_cfg.o
 .ARM.attributes
                0x00000197       0x33 .\CortexM3\ARM_GCC_541\Debug\cymetadata.o
 .ARM.attributes
                0x000001ca       0x33 .\CortexM3\ARM_GCC_541\Debug\Cm3Start.o
 .ARM.attributes
                0x000001fd       0x33 .\CortexM3\ARM_GCC_541\Debug\Dashboard.a(CAN.o)
 .ARM.attributes
                0x00000230       0x33 .\CortexM3\ARM_GCC_541\Debug\Dashboard.a(CAN_INT.o)
 .ARM.attributes
                0x00000263       0x33 .\CortexM3\ARM_GCC_541\Debug\Dashboard.a(CAN_TX_RX_func.o)
 .ARM.attributes
                0x00000296       0x33 .\CortexM3\ARM_GCC_541\Debug\Dashboard.a(Buzzer.o)
 .ARM.attributes
                0x000002c9       0x33 .\CortexM3\ARM_GCC_541\Debug\Dashboard.a(HV.o)
 .ARM.attributes
                0x000002fc       0x33 .\CortexM3\ARM_GCC_541\Debug\Dashboard.a(Drive.o)
 .ARM.attributes
                0x0000032f       0x33 .\CortexM3\ARM_GCC_541\Debug\Dashboard.a(RGB3_1.o)
 .ARM.attributes
                0x00000362       0x33 .\CortexM3\ARM_GCC_541\Debug\Dashboard.a(RGB2_1.o)
 .ARM.attributes
                0x00000395       0x33 .\CortexM3\ARM_GCC_541\Debug\Dashboard.a(RGB1_1.o)
 .ARM.attributes
                0x000003c8       0x33 .\CortexM3\ARM_GCC_541\Debug\Dashboard.a(GraphicLCDIntf.o)
 .ARM.attributes
                0x000003fb       0x33 .\CortexM3\ARM_GCC_541\Debug\Dashboard.a(D_BL.o)
 .ARM.attributes
                0x0000042e       0x33 .\CortexM3\ARM_GCC_541\Debug\Dashboard.a(D_RST.o)
 .ARM.attributes
                0x00000461       0x33 .\CortexM3\ARM_GCC_541\Debug\Dashboard.a(CyLib.o)
 .ARM.attributes
                0x00000494       0x33 .\CortexM3\ARM_GCC_541\Debug\Dashboard.a(cyPm.o)
 .ARM.attributes
                0x000004c7       0x33 .\CortexM3\ARM_GCC_541\Debug\Dashboard.a(ADC_GLV_V.o)
 .ARM.attributes
                0x000004fa       0x33 .\CortexM3\ARM_GCC_541\Debug\Dashboard.a(ADC_GLV_V_INT.o)
 .ARM.attributes
                0x0000052d       0x33 .\CortexM3\ARM_GCC_541\Debug\Dashboard.a(ADC_GLV_V_theACLK.o)
 .ARM.attributes
                0x00000560       0x33 .\CortexM3\ARM_GCC_541\Debug\Dashboard.a(ADC_GLV_V_AMux.o)
 .ARM.attributes
                0x00000593       0x33 .\CortexM3\ARM_GCC_541\Debug\Dashboard.a(ADC_GLV_V_Ext_CP_Clk.o)
 .ARM.attributes
                0x000005c6       0x33 .\CortexM3\ARM_GCC_541\Debug\Dashboard.a(IMD_LED.o)
 .ARM.attributes
                0x000005f9       0x33 .\CortexM3\ARM_GCC_541\Debug\Dashboard.a(BMS_LED.o)
 .ARM.attributes
                0x0000062c       0x33 .\CortexM3\ARM_GCC_541\Debug\Dashboard.a(ReadyToDrive_Timer.o)
 .ARM.attributes
                0x0000065f       0x33 .\CortexM3\ARM_GCC_541\Debug\Dashboard.a(ReadyToDrive_Int.o)
 .ARM.attributes
                0x00000692       0x21 .\CortexM3\ARM_GCC_541\Debug\Dashboard.a(CyBootAsmGnu.o)
 .ARM.attributes
                0x000006b3       0x33 .\CortexM3\ARM_GCC_541\Debug\Dashboard.a(CyFlash.o)
 .ARM.attributes
                0x000006e6       0x33 .\CortexM3\ARM_GCC_541\Debug\Dashboard.a(CySpc.o)
 .ARM.attributes
                0x00000719       0x1d c:/program files (x86)/cypress/psoc creator/4.4/psoc creator/import/gnu/arm/5.4.1/bin/../lib/gcc/arm-none-eabi/5.4.1/armv7-m\libgcc.a(_arm_addsubdf3.o)
 .ARM.attributes
                0x00000736       0x1d c:/program files (x86)/cypress/psoc creator/4.4/psoc creator/import/gnu/arm/5.4.1/bin/../lib/gcc/arm-none-eabi/5.4.1/armv7-m\libgcc.a(_arm_cmpdf2.o)
 .ARM.attributes
                0x00000753       0x1d c:/program files (x86)/cypress/psoc creator/4.4/psoc creator/import/gnu/arm/5.4.1/bin/../lib/gcc/arm-none-eabi/5.4.1/armv7-m\libgcc.a(_arm_addsubsf3.o)
 .ARM.attributes
                0x00000770       0x1d c:/program files (x86)/cypress/psoc creator/4.4/psoc creator/import/gnu/arm/5.4.1/bin/../lib/gcc/arm-none-eabi/5.4.1/armv7-m\libgcc.a(_arm_muldivsf3.o)
 .ARM.attributes
                0x0000078d       0x1d c:/program files (x86)/cypress/psoc creator/4.4/psoc creator/import/gnu/arm/5.4.1/bin/../lib/gcc/arm-none-eabi/5.4.1/armv7-m\libgcc.a(_arm_fixunssfsi.o)
 .ARM.attributes
                0x000007aa       0x2d c:/program files (x86)/cypress/psoc creator/4.4/psoc creator/import/gnu/arm/5.4.1/bin/../lib/gcc/arm-none-eabi/5.4.1/../../../../arm-none-eabi/lib/armv7-m\libg_nano.a(lib_a-errno.o)
 .ARM.attributes
                0x000007d7       0x2d c:/program files (x86)/cypress/psoc creator/4.4/psoc creator/import/gnu/arm/5.4.1/bin/../lib/gcc/arm-none-eabi/5.4.1/../../../../arm-none-eabi/lib/armv7-m\libg_nano.a(lib_a-exit.o)
 .ARM.attributes
                0x00000804       0x2d c:/program files (x86)/cypress/psoc creator/4.4/psoc creator/import/gnu/arm/5.4.1/bin/../lib/gcc/arm-none-eabi/5.4.1/../../../../arm-none-eabi/lib/armv7-m\libg_nano.a(lib_a-impure.o)
 .ARM.attributes
                0x00000831       0x2d c:/program files (x86)/cypress/psoc creator/4.4/psoc creator/import/gnu/arm/5.4.1/bin/../lib/gcc/arm-none-eabi/5.4.1/../../../../arm-none-eabi/lib/armv7-m\libg_nano.a(lib_a-init.o)
 .ARM.attributes
                0x0000085e       0x2d c:/program files (x86)/cypress/psoc creator/4.4/psoc creator/import/gnu/arm/5.4.1/bin/../lib/gcc/arm-none-eabi/5.4.1/../../../../arm-none-eabi/lib/armv7-m\libg_nano.a(lib_a-memcpy-stub.o)
 .ARM.attributes
                0x0000088b       0x2d c:/program files (x86)/cypress/psoc creator/4.4/psoc creator/import/gnu/arm/5.4.1/bin/../lib/gcc/arm-none-eabi/5.4.1/../../../../arm-none-eabi/lib/armv7-m\libg_nano.a(lib_a-memset.o)
 .ARM.attributes
                0x000008b8       0x2d c:/program files (x86)/cypress/psoc creator/4.4/psoc creator/import/gnu/arm/5.4.1/bin/../lib/gcc/arm-none-eabi/5.4.1/../../../../arm-none-eabi/lib/armv7-m\libg_nano.a(lib_a-sprintf.o)
 .ARM.attributes
                0x000008e5       0x2d c:/program files (x86)/cypress/psoc creator/4.4/psoc creator/import/gnu/arm/5.4.1/bin/../lib/gcc/arm-none-eabi/5.4.1/../../../../arm-none-eabi/lib/armv7-m\libg_nano.a(lib_a-nano-svfprintf.o)
 .ARM.attributes
                0x00000912       0x2d c:/program files (x86)/cypress/psoc creator/4.4/psoc creator/import/gnu/arm/5.4.1/bin/../lib/gcc/arm-none-eabi/5.4.1/../../../../arm-none-eabi/lib/armv7-m\libg_nano.a(lib_a-nano-vfprintf_i.o)
 .ARM.attributes
                0x0000093f       0x2d c:/program files (x86)/cypress/psoc creator/4.4/psoc creator/import/gnu/arm/5.4.1/bin/../lib/gcc/arm-none-eabi/5.4.1/../../../../arm-none-eabi/lib/armv7-m\libg_nano.a(lib_a-memchr-stub.o)
 .ARM.attributes
                0x0000096c       0x2d c:/program files (x86)/cypress/psoc creator/4.4/psoc creator/import/gnu/arm/5.4.1/bin/../lib/gcc/arm-none-eabi/5.4.1/../../../../arm-none-eabi/lib/armv7-m\libg_nano.a(lib_a-memmove.o)
 .ARM.attributes
                0x00000999       0x2d c:/program files (x86)/cypress/psoc creator/4.4/psoc creator/import/gnu/arm/5.4.1/bin/../lib/gcc/arm-none-eabi/5.4.1/../../../../arm-none-eabi/lib/armv7-m\libg_nano.a(lib_a-nano-freer.o)
 .ARM.attributes
                0x000009c6       0x2d c:/program files (x86)/cypress/psoc creator/4.4/psoc creator/import/gnu/arm/5.4.1/bin/../lib/gcc/arm-none-eabi/5.4.1/../../../../arm-none-eabi/lib/armv7-m\libg_nano.a(lib_a-nano-mallocr.o)
 .ARM.attributes
                0x000009f3       0x2d c:/program files (x86)/cypress/psoc creator/4.4/psoc creator/import/gnu/arm/5.4.1/bin/../lib/gcc/arm-none-eabi/5.4.1/../../../../arm-none-eabi/lib/armv7-m\libg_nano.a(lib_a-nano-reallocr.o)
 .ARM.attributes
                0x00000a20       0x2d c:/program files (x86)/cypress/psoc creator/4.4/psoc creator/import/gnu/arm/5.4.1/bin/../lib/gcc/arm-none-eabi/5.4.1/../../../../arm-none-eabi/lib/armv7-m\libg_nano.a(lib_a-sbrkr.o)
 .ARM.attributes
                0x00000a4d       0x2d c:/program files (x86)/cypress/psoc creator/4.4/psoc creator/import/gnu/arm/5.4.1/bin/../lib/gcc/arm-none-eabi/5.4.1/../../../../arm-none-eabi/lib/armv7-m\libg_nano.a(lib_a-mlock.o)
 .ARM.attributes
                0x00000a7a       0x2d c:/program files (x86)/cypress/psoc creator/4.4/psoc creator/import/gnu/arm/5.4.1/bin/../lib/gcc/arm-none-eabi/5.4.1/../../../../arm-none-eabi/lib/armv7-m\libg_nano.a(lib_a-nano-msizer.o)
 .ARM.attributes
                0x00000aa7       0x2d c:/program files (x86)/cypress/psoc creator/4.4/psoc creator/import/gnu/arm/5.4.1/bin/../lib/gcc/arm-none-eabi/5.4.1/../../../../arm-none-eabi/lib/armv7-m\libg_nano.a(lib_a-reent.o)
 .ARM.attributes
                0x00000ad4       0x2d c:/program files (x86)/cypress/psoc creator/4.4/psoc creator/import/gnu/arm/5.4.1/bin/../lib/gcc/arm-none-eabi/5.4.1/armv7-m/crtend.o
 .ARM.attributes
                0x00000b01       0x1d c:/program files (x86)/cypress/psoc creator/4.4/psoc creator/import/gnu/arm/5.4.1/bin/../lib/gcc/arm-none-eabi/5.4.1/armv7-m/crtn.o

/DISCARD/
 *(.note.GNU-stack)
OUTPUT(C:\Users\leoja\Documents\GitHub\Dashboard-Firmware-FE9-FE7-Board\Dashboard.cydsn\CortexM3\ARM_GCC_541\Debug\Dashboard.elf elf32-littlearm)