Archive member included to satisfy reference by file (symbol)

.\CortexM3\ARM_GCC_541\Debug\Dashboard.a(CAN.o)
                              .\CortexM3\ARM_GCC_541\Debug\main.o (CAN_GlobalIntEnable)
.\CortexM3\ARM_GCC_541\Debug\Dashboard.a(CAN_INT.o)
                              .\CortexM3\ARM_GCC_541\Debug\Dashboard.a(CAN.o) (CAN_ISR)
.\CortexM3\ARM_GCC_541\Debug\Dashboard.a(CAN_TX_RX_func.o)
                              .\CortexM3\ARM_GCC_541\Debug\can_manga.o (CAN_SendMsg)
.\CortexM3\ARM_GCC_541\Debug\Dashboard.a(LED.o)
                              .\CortexM3\ARM_GCC_541\Debug\main.o (LED_Write)
.\CortexM3\ARM_GCC_541\Debug\Dashboard.a(Buzzer.o)
                              .\CortexM3\ARM_GCC_541\Debug\main.o (Buzzer_Write)
.\CortexM3\ARM_GCC_541\Debug\Dashboard.a(HV.o)
                              .\CortexM3\ARM_GCC_541\Debug\main.o (HV_Read)
.\CortexM3\ARM_GCC_541\Debug\Dashboard.a(Drive.o)
                              .\CortexM3\ARM_GCC_541\Debug\main.o (Drive_Read)
.\CortexM3\ARM_GCC_541\Debug\Dashboard.a(RGB3_1.o)
                              .\CortexM3\ARM_GCC_541\Debug\main.o (RGB3_1_Write)
.\CortexM3\ARM_GCC_541\Debug\Dashboard.a(RGB2_1.o)
                              .\CortexM3\ARM_GCC_541\Debug\main.o (RGB2_1_Write)
.\CortexM3\ARM_GCC_541\Debug\Dashboard.a(RGB1_1.o)
                              .\CortexM3\ARM_GCC_541\Debug\main.o (RGB1_1_Write)
.\CortexM3\ARM_GCC_541\Debug\Dashboard.a(Node_Timer.o)
                              .\CortexM3\ARM_GCC_541\Debug\main.o (Node_Timer_Start)
.\CortexM3\ARM_GCC_541\Debug\Dashboard.a(isr_nodeok.o)
                              .\CortexM3\ARM_GCC_541\Debug\main.o (isr_nodeok_Start)
.\CortexM3\ARM_GCC_541\Debug\Dashboard.a(EEPROM_1.o)
                              .\CortexM3\ARM_GCC_541\Debug\main.o (EEPROM_1_Start)
.\CortexM3\ARM_GCC_541\Debug\Dashboard.a(WDT_Reset.o)
                              .\CortexM3\ARM_GCC_541\Debug\main.o (WDT_Reset_Write)
.\CortexM3\ARM_GCC_541\Debug\Dashboard.a(WDT_Timer.o)
                              .\CortexM3\ARM_GCC_541\Debug\main.o (WDT_Timer_Start)
.\CortexM3\ARM_GCC_541\Debug\Dashboard.a(isr_wdt.o)
                              .\CortexM3\ARM_GCC_541\Debug\main.o (isr_wdt_StartEx)
.\CortexM3\ARM_GCC_541\Debug\Dashboard.a(GraphicLCDIntf.o)
                              .\CortexM3\ARM_GCC_541\Debug\main.o (GraphicLCDIntf_Start)
.\CortexM3\ARM_GCC_541\Debug\Dashboard.a(D_BL.o)
                              .\CortexM3\ARM_GCC_541\Debug\main.o (D_BL_Write)
.\CortexM3\ARM_GCC_541\Debug\Dashboard.a(D_RST.o)
                              .\CortexM3\ARM_GCC_541\Debug\ugui_SSD1963.o (D_RST_Write)
.\CortexM3\ARM_GCC_541\Debug\Dashboard.a(CyFlash.o)
                              .\CortexM3\ARM_GCC_541\Debug\Dashboard.a(EEPROM_1.o) (dieTemperature)
.\CortexM3\ARM_GCC_541\Debug\Dashboard.a(CyLib.o)
                              .\CortexM3\ARM_GCC_541\Debug\Cm3Start.o (CyHalt)
.\CortexM3\ARM_GCC_541\Debug\Dashboard.a(cyPm.o)
                              .\CortexM3\ARM_GCC_541\Debug\Dashboard.a(CyLib.o) (CyPmReadStatus)
.\CortexM3\ARM_GCC_541\Debug\Dashboard.a(CySpc.o)
                              .\CortexM3\ARM_GCC_541\Debug\Dashboard.a(EEPROM_1.o) (CySpcStart)
.\CortexM3\ARM_GCC_541\Debug\Dashboard.a(cyutils.o)
                              .\CortexM3\ARM_GCC_541\Debug\Dashboard.a(Node_Timer.o) (CySetReg24)
.\CortexM3\ARM_GCC_541\Debug\Dashboard.a(ADC_GLV_V.o)
                              .\CortexM3\ARM_GCC_541\Debug\main.o (ADC_GLV_V_Start)
.\CortexM3\ARM_GCC_541\Debug\Dashboard.a(ADC_GLV_V_INT.o)
                              .\CortexM3\ARM_GCC_541\Debug\Dashboard.a(ADC_GLV_V.o) (ADC_GLV_V_ISR1)
.\CortexM3\ARM_GCC_541\Debug\Dashboard.a(ADC_GLV_V_theACLK.o)
                              .\CortexM3\ARM_GCC_541\Debug\Dashboard.a(ADC_GLV_V.o) (ADC_GLV_V_theACLK_SetModeRegister)
.\CortexM3\ARM_GCC_541\Debug\Dashboard.a(ADC_GLV_V_AMux.o)
                              .\CortexM3\ARM_GCC_541\Debug\Dashboard.a(ADC_GLV_V.o) (ADC_GLV_V_AMux_Select)
.\CortexM3\ARM_GCC_541\Debug\Dashboard.a(ADC_GLV_V_Ext_CP_Clk.o)
                              .\CortexM3\ARM_GCC_541\Debug\Dashboard.a(ADC_GLV_V.o) (ADC_GLV_V_Ext_CP_Clk_SetModeRegister)
.\CortexM3\ARM_GCC_541\Debug\Dashboard.a(IMD_LED.o)
                              .\CortexM3\ARM_GCC_541\Debug\main.o (IMD_LED_Write)
.\CortexM3\ARM_GCC_541\Debug\Dashboard.a(BMS_LED.o)
                              .\CortexM3\ARM_GCC_541\Debug\main.o (BMS_LED_Write)
.\CortexM3\ARM_GCC_541\Debug\Dashboard.a(ReadyToDrive_Timer.o)
                              .\CortexM3\ARM_GCC_541\Debug\main.o (ReadyToDrive_Timer_Enable)
.\CortexM3\ARM_GCC_541\Debug\Dashboard.a(ReadyToDrive_Int.o)
                              .\CortexM3\ARM_GCC_541\Debug\main.o (ReadyToDrive_Int_Start)
.\CortexM3\ARM_GCC_541\Debug\Dashboard.a(CyBootAsmGnu.o)
                              .\CortexM3\ARM_GCC_541\Debug\cyfitter_cfg.o (CyDelayCycles)
[...]
Memory Configuration

Name             Origin             Length             Attributes
rom              0x00000000         0x00040000         xr
ram              0x1fff8000         0x00010000         xrw
*default*        0x00000000         0xffffffff

Linker script and memory map

LOAD c:/program files (x86)/cypress/psoc creator/4.4/psoc creator/import/gnu/arm/5.4.1/bin/../lib/gcc/arm-none-eabi/5.4.1/armv7-m/crti.o
LOAD c:/program files (x86)/cypress/psoc creator/4.4/psoc creator/import/gnu/arm/5.4.1/bin/../lib/gcc/arm-none-eabi/5.4.1/armv7-m/crtbegin.o
LOAD c:/program files (x86)/cypress/psoc creator/4.4/psoc creator/import/gnu/arm/5.4.1/bin/../lib/gcc/arm-none-eabi/5.4.1/../../../../arm-none-eabi/lib/armv7-m/crt0.o
START GROUP
LOAD .\CortexM3\ARM_GCC_541\Debug\ugui.o
LOAD .\CortexM3\ARM_GCC_541\Debug\ugui_SSD1963.o
LOAD .\CortexM3\ARM_GCC_541\Debug\frucd_display.o
LOAD .\CortexM3\ARM_GCC_541\Debug\main.o
LOAD .\CortexM3\ARM_GCC_541\Debug\can_manga.o
LOAD .\CortexM3\ARM_GCC_541\Debug\cyfitter_cfg.o
LOAD .\CortexM3\ARM_GCC_541\Debug\cymetadata.o
LOAD .\CortexM3\ARM_GCC_541\Debug\Cm3Start.o
LOAD .\CortexM3\ARM_GCC_541\Debug\Dashboard.a
LOAD C:\Program Files (x86)\Cypress\PSoC Creator\4.4\PSoC Creator\psoc\content\cycomponentlibrary\CyComponentLibrary.cylib\CortexM3\ARM_GCC_541\Debug\CyComponentLibrary.a
END GROUP
START GROUP
LOAD c:/program files (x86)/cypress/psoc creator/4.4/psoc creator/import/gnu/arm/5.4.1/bin/../lib/gcc/arm-none-eabi/5.4.1/armv7-m\libgcc.a
LOAD c:/program files (x86)/cypress/psoc creator/4.4/psoc creator/import/gnu/arm/5.4.1/bin/../lib/gcc/arm-none-eabi/5.4.1/../../../../arm-none-eabi/lib/armv7-m\libg_nano.a
LOAD c:/program files (x86)/cypress/psoc creator/4.4/psoc creator/import/gnu/arm/5.4.1/bin/../lib/gcc/arm-none-eabi/5.4.1/../../../../arm-none-eabi/lib/armv7-m\libc_nano.a
END GROUP
START GROUP
LOAD c:/program files (x86)/cypress/psoc creator/4.4/psoc creator/import/gnu/arm/5.4.1/bin/../lib/gcc/arm-none-eabi/5.4.1/armv7-m\libgcc.a
LOAD c:/program files (x86)/cypress/psoc creator/4.4/psoc creator/import/gnu/arm/5.4.1/bin/../lib/gcc/arm-none-eabi/5.4.1/../../../../arm-none-eabi/lib/armv7-m\libc_nano.a
END GROUP
LOAD c:/program files (x86)/cypress/psoc creator/4.4/psoc creator/import/gnu/arm/5.4.1/bin/../lib/gcc/arm-none-eabi/5.4.1/armv7-m/crtend.o
LOAD c:/program files (x86)/cypress/psoc creator/4.4/psoc creator/import/gnu/arm/5.4.1/bin/../lib/gcc/arm-none-eabi/5.4.1/armv7-m/crtn.o
START GROUP
LOAD c:/program files (x86)/cypress/psoc creator/4.4/psoc creator/import/gnu/arm/5.4.1/bin/../lib/gcc/arm-none-eabi/5.4.1/armv7-m\libgcc.a
LOAD c:/program files (x86)/cypress/psoc creator/4.4/psoc creator/import/gnu/arm/5.4.1/bin/../lib/gcc/arm-none-eabi/5.4.1/../../../../arm-none-eabi/lib/armv7-m\libc.a
LOAD c:/program files (x86)/cypress/psoc creator/4.4/psoc creator/import/gnu/arm/5.4.1/bin/../lib/gcc/arm-none-eabi/5.4.1/../../../../arm-none-eabi/lib/armv7-m\libnosys.a
END GROUP
                0x00000000                CY_APPL_ORIGIN = 0x0
                0x00000100                CY_FLASH_ROW_SIZE = 0x100
                0x00000020                CY_ECC_ROW_SIZE = 0x20
                0x00000000                CY_EE_IN_BTLDR = 0x0
                0x00000000                CY_APPL_LOADABLE = 0x0
                0x00000800                CY_EE_SIZE = 0x800
                0x00000001                CY_APPL_NUM = 0x1
                0x00000001                CY_APPL_MAX = 0x1
                0x00000040                CY_METADATA_SIZE = 0x40
                0x00000000                CY_APPL_LOADABLE = 0x0
                0x00000000                CY_CHECKSUM_EXCLUDE_SIZE = ALIGN (0x0, CY_FLASH_ROW_SIZE)
                [!provide]                PROVIDE (__cy_heap_start, _end)
                0x00000001                PROVIDE (__cy_region_num, ((__cy_regions_end - __cy_regions) / 0x10))
                0x20008000                PROVIDE (__cy_stack, (ORIGIN (ram) + LENGTH (ram)))
                [!provide]                PROVIDE (__cy_heap_end, (__cy_stack - 0x800))

.cybootloader   0x00000000        0x0
 *(.cybootloader)
                0x00000000                appl1_start = CY_APPL_ORIGIN?CY_APPL_ORIGIN:ALIGN (CY_FLASH_ROW_SIZE)
                0x0001ff00                appl2_start = (appl1_start + ALIGN ((((LENGTH (rom) - appl1_start) - (0x2 * CY_FLASH_ROW_SIZE)) / 0x2), CY_FLASH_ROW_SIZE))
                0x00000000                appl_start = (CY_APPL_NUM == 0x1)?appl1_start:appl2_start
                0x00000000                ecc_offset = ((appl_start / CY_FLASH_ROW_SIZE) * CY_ECC_ROW_SIZE)
                0x00000000                ee_offset = (CY_APPL_LOADABLE && ! (CY_EE_IN_BTLDR))?((CY_EE_SIZE / CY_APPL_MAX) * (CY_APPL_NUM - 0x1)):0x0
                0x00000800                ee_size = (CY_APPL_LOADABLE && ! (CY_EE_IN_BTLDR))?(CY_EE_SIZE / CY_APPL_MAX):CY_EE_SIZE
                [!provide]                PROVIDE (CY_ECC_OFFSET, ecc_offset)

.text           0x00000000     0x37e8
 CREATE_OBJECT_SYMBOLS
                0x00000000                PROVIDE (__cy_interrupt_vector, RomVectors)
 *(.romvectors)
 .romvectors    0x00000000       0x10 .\CortexM3\ARM_GCC_541\Debug\Cm3Start.o
                0x00000000                RomVectors
                0x00000001                ASSERT ((. != __cy_interrupt_vector), No interrupt vector)
                0x00000001                ASSERT (CY_APPL_ORIGIN?(SIZEOF (.cybootloader) <= CY_APPL_ORIGIN):0x1, Wrong image location)
                0x00000010                PROVIDE (__cy_reset, Reset)
 *(.text.Reset)
 .text.Reset    0x00000010       0x18 .\CortexM3\ARM_GCC_541\Debug\Cm3Start.o
                0x00000010                Reset
                0x00000001                ASSERT ((. != __cy_reset), No reset code)
 *(.dma_init)
                0x00000001                ASSERT ((((appl_start + .) <= 0x10000) || 0x1), DMA Init must be within the first 64k of flash)
 *(.text .text.* .gnu.linkonce.t.*)
 .text          0x00000028       0x5c c:/program files (x86)/cypress/psoc creator/4.4/psoc creator/import/gnu/arm/5.4.1/bin/../lib/gcc/arm-none-eabi/5.4.1/armv7-m/crtbegin.o
 .text.UG_Init  0x00000084       0x70 .\CortexM3\ARM_GCC_541\Debug\ugui.o
                0x00000084                UG_Init
 .text.UG_FontSelect
                0x000000f4       0x1c .\CortexM3\ARM_GCC_541\Debug\ugui.o
                0x000000f4                UG_FontSelect
 .text.UG_FillFrame
                0x00000110       0x70 .\CortexM3\ARM_GCC_541\Debug\ugui.o
                0x00000110                UG_FillFrame
 .text.UG_FillScreen
                0x00000180       0x2c .\CortexM3\ARM_GCC_541\Debug\ugui.o
                0x00000180                UG_FillScreen
 .text.UG_SetForecolor
                0x000001ac        0xc .\CortexM3\ARM_GCC_541\Debug\ugui.o
                0x000001ac                UG_SetForecolor
 .text.UG_SetBackcolor
                0x000001b8        0xc .\CortexM3\ARM_GCC_541\Debug\ugui.o
                0x000001b8                UG_SetBackcolor
 .text._UG_PutChar
                0x000001c4      0x370 .\CortexM3\ARM_GCC_541\Debug\ugui.o
                0x000001c4                _UG_PutChar
 .text.UG_PutChar
                0x00000534       0x1c .\CortexM3\ARM_GCC_541\Debug\ugui.o
                0x00000534                UG_PutChar
 .text.UG_PutString
                0x00000550       0x88 .\CortexM3\ARM_GCC_541\Debug\ugui.o
                0x00000550                UG_PutString
 .text.UG_PutColorString
                0x000005d8       0x8c .\CortexM3\ARM_GCC_541\Debug\ugui.o
                0x000005d8                UG_PutColorString
 .text.UG_DriverRegister
                0x00000664       0x1c .\CortexM3\ARM_GCC_541\Debug\ugui.o
                0x00000664                UG_DriverRegister
 .text.Display_Init
                0x00000680      0x254 .\CortexM3\ARM_GCC_541\Debug\ugui_SSD1963.o
                0x00000680                Display_Init
 .text.Display_WindowSet
                0x000008d4       0x5c .\CortexM3\ARM_GCC_541\Debug\ugui_SSD1963.o
                0x000008d4                Display_WindowSet
 .text.Display_PSet
                0x00000930       0x48 .\CortexM3\ARM_GCC_541\Debug\ugui_SSD1963.o
                0x00000930                Display_PSet
 .text.HW_FillFrame
                0x00000978       0xa4 .\CortexM3\ARM_GCC_541\Debug\ugui_SSD1963.o
                0x00000978                HW_FillFrame
 .text.HW_DrawLine
                0x00000a1c       0x68 .\CortexM3\ARM_GCC_541\Debug\ugui_SSD1963.o
                0x00000a1c                HW_DrawLine
 .text.HW_DrawImage
                0x00000a84       0x74 .\CortexM3\ARM_GCC_541\Debug\ugui_SSD1963.o
                0x00000a84                HW_DrawImage
 .text.calibrateScreen
                0x00000af8       0x74 .\CortexM3\ARM_GCC_541\Debug\frucd_display.o
                0x00000af8                calibrateScreen
 .text.initDashTemplate
                0x00000b6c       0x64 .\CortexM3\ARM_GCC_541\Debug\frucd_display.o
                0x00000b6c                initDashTemplate
 .text.disp_SOC
                0x00000bd0      0x108 .\CortexM3\ARM_GCC_541\Debug\frucd_display.o
                0x00000bd0                disp_SOC
 .text.disp_max_pack_temp
                0x00000cd8       0xb4 .\CortexM3\ARM_GCC_541\Debug\frucd_display.o
                0x00000cd8                disp_max_pack_temp
 .text.disp_state
                0x00000d8c      0x274 .\CortexM3\ARM_GCC_541\Debug\frucd_display.o
                0x00000d8c                disp_state
 .text.disp_glv_v
                0x00001000       0xd0 .\CortexM3\ARM_GCC_541\Debug\frucd_display.o
                0x00001000                disp_glv_v
 .text.disp_mc_temp
                0x000010d0       0x88 .\CortexM3\ARM_GCC_541\Debug\frucd_display.o
                0x000010d0                disp_mc_temp
 .text.disp_motor_temp
                0x00001158       0x8c .\CortexM3\ARM_GCC_541\Debug\frucd_display.o
                0x00001158                disp_motor_temp
 .text.ISR_WDT  0x000011e4       0x20 .\CortexM3\ARM_GCC_541\Debug\main.o
                0x000011e4                ISR_WDT
 .text.LED_color
                0x00001204       0xb4 .\CortexM3\ARM_GCC_541\Debug\main.o
                0x00001204                LED_color
 .text.LED_color_wheel
                0x000012b8       0x1c .\CortexM3\ARM_GCC_541\Debug\main.o
                0x000012b8                LED_color_wheel
 .text.nodeCheckStart
                0x000012d4        0xc .\CortexM3\ARM_GCC_541\Debug\main.o
                0x000012d4                nodeCheckStart
 .text.main     0x000012e0      0x188 .\CortexM3\ARM_GCC_541\Debug\main.o
                0x000012e0                main
 .text.can_receive
                0x00001468      0x134 .\CortexM3\ARM_GCC_541\Debug\can_manga.o
                0x00001468                can_receive
 .text.can_send
                0x0000159c       0x40 .\CortexM3\ARM_GCC_541\Debug\can_manga.o
                0x0000159c                can_send
 .text.can_send_switches
                0x000015dc       0x34 .\CortexM3\ARM_GCC_541\Debug\can_manga.o
                0x000015dc                can_send_switches
 .text.can_send_cmd
                0x00001610       0x3c .\CortexM3\ARM_GCC_541\Debug\can_manga.o
                0x00001610                can_send_cmd
 .text.CyClockStartupError
                0x0000164c        0x4 .\CortexM3\ARM_GCC_541\Debug\cyfitter_cfg.o
 .text.cfg_write_bytes32
                0x00001650       0x34 .\CortexM3\ARM_GCC_541\Debug\cyfitter_cfg.o
 .text.AnalogSetDefault
                0x00001684       0x40 .\CortexM3\ARM_GCC_541\Debug\cyfitter_cfg.o
 .text.CYMEMZERO
                0x000016c4        0xc .\CortexM3\ARM_GCC_541\Debug\cyfitter_cfg.o
 .text.CYCONFIGCPY
                0x000016d0        0x8 .\CortexM3\ARM_GCC_541\Debug\cyfitter_cfg.o
 .text.ClockSetup
                0x000016d8       0xf8 .\CortexM3\ARM_GCC_541\Debug\cyfitter_cfg.o
 .text.ADC_GLV_V_AMux_Set
                0x000017d0       0x1c .\CortexM3\ARM_GCC_541\Debug\cyfitter_cfg.o
                0x000017d0                ADC_GLV_V_AMux_Set
 .text.ADC_GLV_V_AMux_Unset
                0x000017ec       0x1c .\CortexM3\ARM_GCC_541\Debug\cyfitter_cfg.o
                0x000017ec                ADC_GLV_V_AMux_Unset
 .text.cyfitter_cfg
                0x00001808      0x174 .\CortexM3\ARM_GCC_541\Debug\cyfitter_cfg.o
                0x00001808                cyfitter_cfg
 .text.IntDefaultHandler
                0x0000197c        0x4 .\CortexM3\ARM_GCC_541\Debug\Cm3Start.o
                0x0000197c                IntDefaultHandler
 .text._sbrk    0x00001980       0x30 .\CortexM3\ARM_GCC_541\Debug\Cm3Start.o
                0x00001980                _sbrk
 .text.Start_c  0x000019b0       0x4c .\CortexM3\ARM_GCC_541\Debug\Cm3Start.o
                0x000019b0                Start_c
 .text.initialize_psoc
                0x000019fc       0x68 .\CortexM3\ARM_GCC_541\Debug\Cm3Start.o
                0x000019fc                initialize_psoc
 .text.CAN_GlobalIntEnable
                0x00001a64       0x20 .\CortexM3\ARM_GCC_541\Debug\Dashboard.a(CAN.o)
                0x00001a64                CAN_GlobalIntEnable
 .text.CAN_Enable
                0x00001a84       0x6c .\CortexM3\ARM_GCC_541\Debug\Dashboard.a(CAN.o)
                0x00001a84                CAN_Enable
 .text.CAN_SetPreScaler
                0x00001af0       0x24 .\CortexM3\ARM_GCC_541\Debug\Dashboard.a(CAN.o)
                0x00001af0                CAN_SetPreScaler
 .text.CAN_SetArbiter
                0x00001b14       0x3c .\CortexM3\ARM_GCC_541\Debug\Dashboard.a(CAN.o)
                0x00001b14                CAN_SetArbiter
 .text.CAN_SetTsegSample
                0x00001b50       0x84 .\CortexM3\ARM_GCC_541\Debug\Dashboard.a(CAN.o)
                0x00001b50                CAN_SetTsegSample
 .text.CAN_SetRestartType
                0x00001bd4       0x3c .\CortexM3\ARM_GCC_541\Debug\Dashboard.a(CAN.o)
                0x00001bd4                CAN_SetRestartType
 .text.CAN_SetEdgeMode
                0x00001c10       0x3c .\CortexM3\ARM_GCC_541\Debug\Dashboard.a(CAN.o)
                0x00001c10                CAN_SetEdgeMode
 .text.CAN_SetIrqMask
                0x00001c4c       0x18 .\CortexM3\ARM_GCC_541\Debug\Dashboard.a(CAN.o)
                0x00001c4c                CAN_SetIrqMask
 .text.CAN_RxBufConfig
                0x00001c64       0x90 .\CortexM3\ARM_GCC_541\Debug\Dashboard.a(CAN.o)
                0x00001c64                CAN_RxBufConfig
 .text.CAN_TxBufConfig
                0x00001cf4       0x54 .\CortexM3\ARM_GCC_541\Debug\Dashboard.a(CAN.o)
                0x00001cf4                CAN_TxBufConfig
 .text.CAN_RxTxBuffersConfig
                0x00001d48       0x50 .\CortexM3\ARM_GCC_541\Debug\Dashboard.a(CAN.o)
                0x00001d48                CAN_RxTxBuffersConfig
 .text.CAN_Init
                0x00001d98       0xe0 .\CortexM3\ARM_GCC_541\Debug\Dashboard.a(CAN.o)
                0x00001d98                CAN_Init
 .text.CAN_Start
                0x00001e78       0x24 .\CortexM3\ARM_GCC_541\Debug\Dashboard.a(CAN.o)
                0x00001e78                CAN_Start
 .text.CAN_MsgRXIsr
                0x00001e9c       0x44 .\CortexM3\ARM_GCC_541\Debug\Dashboard.a(CAN_INT.o)
                0x00001e9c                CAN_MsgRXIsr
 .text.CAN_ISR  0x00001ee0       0x18 .\CortexM3\ARM_GCC_541\Debug\Dashboard.a(CAN_INT.o)
                0x00001ee0                CAN_ISR
 .text.CAN_SendMsg
                0x00001ef8       0xdc .\CortexM3\ARM_GCC_541\Debug\Dashboard.a(CAN_TX_RX_func.o)
                0x00001ef8                CAN_SendMsg
 .text.CAN_ReceiveMsg
                0x00001fd4       0x6c .\CortexM3\ARM_GCC_541\Debug\Dashboard.a(CAN_TX_RX_func.o)
                0x00001fd4                CAN_ReceiveMsg
 .text.LED_Write
                0x00002040       0x18 .\CortexM3\ARM_GCC_541\Debug\Dashboard.a(LED.o)
                0x00002040                LED_Write
 .text.Buzzer_Write
                0x00002058       0x18 .\CortexM3\ARM_GCC_541\Debug\Dashboard.a(Buzzer.o)
                0x00002058                Buzzer_Write
 .text.HV_Read  0x00002070       0x10 .\CortexM3\ARM_GCC_541\Debug\Dashboard.a(HV.o)
                0x00002070                HV_Read
 .text.Drive_Read
                0x00002080       0x10 .\CortexM3\ARM_GCC_541\Debug\Dashboard.a(Drive.o)
                0x00002080                Drive_Read
 .text.RGB3_1_Write
                0x00002090       0x18 .\CortexM3\ARM_GCC_541\Debug\Dashboard.a(RGB3_1.o)
                0x00002090                RGB3_1_Write
 .text.RGB2_1_Write
                0x000020a8       0x18 .\CortexM3\ARM_GCC_541\Debug\Dashboard.a(RGB2_1.o)
                0x000020a8                RGB2_1_Write
 .text.RGB1_1_Write
                0x000020c0       0x18 .\CortexM3\ARM_GCC_541\Debug\Dashboard.a(RGB1_1.o)
                0x000020c0                RGB1_1_Write
 .text.Node_Timer_Enable
                0x000020d8       0x10 .\CortexM3\ARM_GCC_541\Debug\Dashboard.a(Node_Timer.o)
                0x000020d8                Node_Timer_Enable
 .text.Node_Timer_SetInterruptMode
                0x000020e8        0xc .\CortexM3\ARM_GCC_541\Debug\Dashboard.a(Node_Timer.o)
                0x000020e8                Node_Timer_SetInterruptMode
 .text.Node_Timer_ReadStatusRegister
                0x000020f4        0xc .\CortexM3\ARM_GCC_541\Debug\Dashboard.a(Node_Timer.o)
                0x000020f4                Node_Timer_ReadStatusRegister
 .text.Node_Timer_WritePeriod
                0x00002100       0x10 .\CortexM3\ARM_GCC_541\Debug\Dashboard.a(Node_Timer.o)
                0x00002100                Node_Timer_WritePeriod
 .text.Node_Timer_ReadCapture
                0x00002110       0x10 .\CortexM3\ARM_GCC_541\Debug\Dashboard.a(Node_Timer.o)
                0x00002110                Node_Timer_ReadCapture
 .text.Node_Timer_WriteCounter
                0x00002120       0x10 .\CortexM3\ARM_GCC_541\Debug\Dashboard.a(Node_Timer.o)
                0x00002120                Node_Timer_WriteCounter
 .text.Node_Timer_ClearFIFO
                0x00002130       0x14 .\CortexM3\ARM_GCC_541\Debug\Dashboard.a(Node_Timer.o)
                0x00002130                Node_Timer_ClearFIFO
 .text.Node_Timer_Init
                0x00002144       0x38 .\CortexM3\ARM_GCC_541\Debug\Dashboard.a(Node_Timer.o)
                0x00002144                Node_Timer_Init
 .text.Node_Timer_Start
                0x0000217c       0x1c .\CortexM3\ARM_GCC_541\Debug\Dashboard.a(Node_Timer.o)
                0x0000217c                Node_Timer_Start
 .text.isr_nodeok_Interrupt
                0x00002198        0x4 .\CortexM3\ARM_GCC_541\Debug\Dashboard.a(isr_nodeok.o)
                0x00002198                isr_nodeok_Interrupt
 .text.isr_nodeok_SetVector
                0x0000219c        0xc .\CortexM3\ARM_GCC_541\Debug\Dashboard.a(isr_nodeok.o)
                0x0000219c                isr_nodeok_SetVector
 .text.isr_nodeok_SetPriority
                0x000021a8       0x10 .\CortexM3\ARM_GCC_541\Debug\Dashboard.a(isr_nodeok.o)
                0x000021a8                isr_nodeok_SetPriority
 .text.isr_nodeok_Enable
                0x000021b8        0xc .\CortexM3\ARM_GCC_541\Debug\Dashboard.a(isr_nodeok.o)
                0x000021b8                isr_nodeok_Enable
 .text.isr_nodeok_Disable
                0x000021c4        0xc .\CortexM3\ARM_GCC_541\Debug\Dashboard.a(isr_nodeok.o)
                0x000021c4                isr_nodeok_Disable
 .text.isr_nodeok_Start
                0x000021d0       0x1c .\CortexM3\ARM_GCC_541\Debug\Dashboard.a(isr_nodeok.o)
                0x000021d0                isr_nodeok_Start
 .text.EEPROM_1_Enable
                0x000021ec        0xc .\CortexM3\ARM_GCC_541\Debug\Dashboard.a(EEPROM_1.o)
                0x000021ec                EEPROM_1_Enable
 .text.EEPROM_1_Start
                0x000021f8        0x8 .\CortexM3\ARM_GCC_541\Debug\Dashboard.a(EEPROM_1.o)
                0x000021f8                EEPROM_1_Start
 .text.WDT_Reset_Write
                0x00002200       0x18 .\CortexM3\ARM_GCC_541\Debug\Dashboard.a(WDT_Reset.o)
                0x00002200                WDT_Reset_Write
 .text.WDT_Timer_Enable
                0x00002218       0x10 .\CortexM3\ARM_GCC_541\Debug\Dashboard.a(WDT_Timer.o)
                0x00002218                WDT_Timer_Enable
 .text.WDT_Timer_SetInterruptMode
                0x00002228        0xc .\CortexM3\ARM_GCC_541\Debug\Dashboard.a(WDT_Timer.o)
                0x00002228                WDT_Timer_SetInterruptMode
 .text.WDT_Timer_ReadStatusRegister
                0x00002234        0xc .\CortexM3\ARM_GCC_541\Debug\Dashboard.a(WDT_Timer.o)
                0x00002234                WDT_Timer_ReadStatusRegister
 .text.WDT_Timer_WritePeriod
                0x00002240        0xc .\CortexM3\ARM_GCC_541\Debug\Dashboard.a(WDT_Timer.o)
                0x00002240                WDT_Timer_WritePeriod
 .text.WDT_Timer_ReadCapture
                0x0000224c        0xc .\CortexM3\ARM_GCC_541\Debug\Dashboard.a(WDT_Timer.o)
                0x0000224c                WDT_Timer_ReadCapture
 .text.WDT_Timer_WriteCounter
                0x00002258        0xc .\CortexM3\ARM_GCC_541\Debug\Dashboard.a(WDT_Timer.o)
                0x00002258                WDT_Timer_WriteCounter
 .text.WDT_Timer_ClearFIFO
                0x00002264       0x14 .\CortexM3\ARM_GCC_541\Debug\Dashboard.a(WDT_Timer.o)
                0x00002264                WDT_Timer_ClearFIFO
 .text.WDT_Timer_Init
                0x00002278       0x38 .\CortexM3\ARM_GCC_541\Debug\Dashboard.a(WDT_Timer.o)
                0x00002278                WDT_Timer_Init
 .text.WDT_Timer_Start
                0x000022b0       0x1c .\CortexM3\ARM_GCC_541\Debug\Dashboard.a(WDT_Timer.o)
                0x000022b0                WDT_Timer_Start
 .text.isr_wdt_SetVector
                0x000022cc        0xc .\CortexM3\ARM_GCC_541\Debug\Dashboard.a(isr_wdt.o)
                0x000022cc                isr_wdt_SetVector
 .text.isr_wdt_SetPriority
                0x000022d8       0x10 .\CortexM3\ARM_GCC_541\Debug\Dashboard.a(isr_wdt.o)
                0x000022d8                isr_wdt_SetPriority
 .text.isr_wdt_Enable
                0x000022e8        0xc .\CortexM3\ARM_GCC_541\Debug\Dashboard.a(isr_wdt.o)
                0x000022e8                isr_wdt_Enable
 .text.isr_wdt_Disable
                0x000022f4        0xc .\CortexM3\ARM_GCC_541\Debug\Dashboard.a(isr_wdt.o)
                0x000022f4                isr_wdt_Disable
 .text.isr_wdt_StartEx
                0x00002300       0x1c .\CortexM3\ARM_GCC_541\Debug\Dashboard.a(isr_wdt.o)
                0x00002300                isr_wdt_StartEx
 .text.GraphicLCDIntf_Init
                0x0000231c       0x14 .\CortexM3\ARM_GCC_541\Debug\Dashboard.a(GraphicLCDIntf.o)
                0x0000231c                GraphicLCDIntf_Init
 .text.GraphicLCDIntf_Start
                0x00002330       0x18 .\CortexM3\ARM_GCC_541\Debug\Dashboard.a(GraphicLCDIntf.o)
                0x00002330                GraphicLCDIntf_Start
 .text.GraphicLCDIntf_Write8
                0x00002348       0x1c .\CortexM3\ARM_GCC_541\Debug\Dashboard.a(GraphicLCDIntf.o)
                0x00002348                GraphicLCDIntf_Write8
 .text.GraphicLCDIntf_WriteM8
                0x00002364       0x2c .\CortexM3\ARM_GCC_541\Debug\Dashboard.a(GraphicLCDIntf.o)
                0x00002364                GraphicLCDIntf_WriteM8
 .text.D_BL_Write
                0x00002390       0x18 .\CortexM3\ARM_GCC_541\Debug\Dashboard.a(D_BL.o)
                0x00002390                D_BL_Write
 .text.D_RST_Write
                0x000023a8       0x18 .\CortexM3\ARM_GCC_541\Debug\Dashboard.a(D_RST.o)
                0x000023a8                D_RST_Write
 .text.CyFlashGetSpcAlgorithm
                0x000023c0       0x4c .\CortexM3\ARM_GCC_541\Debug\Dashboard.a(CyFlash.o)
 .text.CySetTempInt
                0x0000240c       0x60 .\CortexM3\ARM_GCC_541\Debug\Dashboard.a(CyFlash.o)
 .text.CySetTemp
                0x0000246c       0x14 .\CortexM3\ARM_GCC_541\Debug\Dashboard.a(CyFlash.o)
                0x0000246c                CySetTemp
 .text.CyEEPROM_Start
                0x00002480       0x54 .\CortexM3\ARM_GCC_541\Debug\Dashboard.a(CyFlash.o)
                0x00002480                CyEEPROM_Start
 .text.CyHalt   0x000024d4        0x4 .\CortexM3\ARM_GCC_541\Debug\Dashboard.a(CyLib.o)
                0x000024d4                CyHalt
 .text.CyDelay  0x000024d8       0x2c .\CortexM3\ARM_GCC_541\Debug\Dashboard.a(CyLib.o)
                0x000024d8                CyDelay
 .text.CyDelayUs
                0x00002504       0x14 .\CortexM3\ARM_GCC_541\Debug\Dashboard.a(CyLib.o)
                0x00002504                CyDelayUs
 .text.CyIntSetVector
                0x00002518       0x28 .\CortexM3\ARM_GCC_541\Debug\Dashboard.a(CyLib.o)
                0x00002518                CyIntSetVector
 .text.CyIntSetPriority
                0x00002540       0x30 .\CortexM3\ARM_GCC_541\Debug\Dashboard.a(CyLib.o)
                0x00002540                CyIntSetPriority
 .text.CySpcStart
                0x00002570       0x24 .\CortexM3\ARM_GCC_541\Debug\Dashboard.a(CySpc.o)
                0x00002570                CySpcStart
 .text.CySpcReadData
                0x00002594       0x34 .\CortexM3\ARM_GCC_541\Debug\Dashboard.a(CySpc.o)
                0x00002594                CySpcReadData
 .text.CySpcGetTemp
                0x000025c8       0x3c .\CortexM3\ARM_GCC_541\Debug\Dashboard.a(CySpc.o)
                0x000025c8                CySpcGetTemp
 .text.CySpcLock
                0x00002604       0x4c .\CortexM3\ARM_GCC_541\Debug\Dashboard.a(CySpc.o)
                0x00002604                CySpcLock
 .text.CySpcUnlock
                0x00002650       0x38 .\CortexM3\ARM_GCC_541\Debug\Dashboard.a(CySpc.o)
                0x00002650                CySpcUnlock
 .text.CySpcGetAlgorithm
                0x00002688       0x28 .\CortexM3\ARM_GCC_541\Debug\Dashboard.a(CySpc.o)
                0x00002688                CySpcGetAlgorithm
 .text.CySetReg24
                0x000026b0       0x14 .\CortexM3\ARM_GCC_541\Debug\Dashboard.a(cyutils.o)
                0x000026b0                CySetReg24
 .text.ADC_GLV_V_GainCompensation
                0x000026c4       0xdc .\CortexM3\ARM_GCC_541\Debug\Dashboard.a(ADC_GLV_V.o)
 .text.ADC_GLV_V_SetDSMRef0Reg
                0x000027a0       0x4c .\CortexM3\ARM_GCC_541\Debug\Dashboard.a(ADC_GLV_V.o)
 .text.ADC_GLV_V_InitConfig
                0x000027ec       0xe0 .\CortexM3\ARM_GCC_541\Debug\Dashboard.a(ADC_GLV_V.o)
 .text.ADC_GLV_V_Init
                0x000028cc       0xc4 .\CortexM3\ARM_GCC_541\Debug\Dashboard.a(ADC_GLV_V.o)
                0x000028cc                ADC_GLV_V_Init
 .text.ADC_GLV_V_Enable
                0x00002990       0xd8 .\CortexM3\ARM_GCC_541\Debug\Dashboard.a(ADC_GLV_V.o)
                0x00002990                ADC_GLV_V_Enable
 .text.ADC_GLV_V_Start
                0x00002a68       0x28 .\CortexM3\ARM_GCC_541\Debug\Dashboard.a(ADC_GLV_V.o)
                0x00002a68                ADC_GLV_V_Start
 .text.ADC_GLV_V_StartConvert
                0x00002a90       0x10 .\CortexM3\ARM_GCC_541\Debug\Dashboard.a(ADC_GLV_V.o)
                0x00002a90                ADC_GLV_V_StartConvert
 .text.ADC_GLV_V_StopConvert
                0x00002aa0       0x10 .\CortexM3\ARM_GCC_541\Debug\Dashboard.a(ADC_GLV_V.o)
                0x00002aa0                ADC_GLV_V_StopConvert
 .text.ADC_GLV_V_IsEndConversion
                0x00002ab0       0x30 .\CortexM3\ARM_GCC_541\Debug\Dashboard.a(ADC_GLV_V.o)
                0x00002ab0                ADC_GLV_V_IsEndConversion
 .text.ADC_GLV_V_GetResult16
                0x00002ae0       0x50 .\CortexM3\ARM_GCC_541\Debug\Dashboard.a(ADC_GLV_V.o)
                0x00002ae0                ADC_GLV_V_GetResult16
 .text.ADC_GLV_V_CountsTo_mVolts
                0x00002b30       0x24 .\CortexM3\ARM_GCC_541\Debug\Dashboard.a(ADC_GLV_V.o)
                0x00002b30                ADC_GLV_V_CountsTo_mVolts
 .text.ADC_GLV_V_Read16
                0x00002b54       0x28 .\CortexM3\ARM_GCC_541\Debug\Dashboard.a(ADC_GLV_V.o)
                0x00002b54                ADC_GLV_V_Read16
 .text.ADC_GLV_V_ISR1
                0x00002b7c        0x4 .\CortexM3\ARM_GCC_541\Debug\Dashboard.a(ADC_GLV_V_INT.o)
                0x00002b7c                ADC_GLV_V_ISR1
 .text.ADC_GLV_V_theACLK_GetDividerRegister
                0x00002b80        0xc .\CortexM3\ARM_GCC_541\Debug\Dashboard.a(ADC_GLV_V_theACLK.o)
                0x00002b80                ADC_GLV_V_theACLK_GetDividerRegister
 .text.ADC_GLV_V_theACLK_SetModeRegister
                0x00002b8c       0x14 .\CortexM3\ARM_GCC_541\Debug\Dashboard.a(ADC_GLV_V_theACLK.o)
                0x00002b8c                ADC_GLV_V_theACLK_SetModeRegister
 .text.ADC_GLV_V_theACLK_GetSourceRegister
                0x00002ba0       0x10 .\CortexM3\ARM_GCC_541\Debug\Dashboard.a(ADC_GLV_V_theACLK.o)
                0x00002ba0                ADC_GLV_V_theACLK_GetSourceRegister
 .text.ADC_GLV_V_theACLK_SetDividerRegister
                0x00002bb0       0xd8 .\CortexM3\ARM_GCC_541\Debug\Dashboard.a(ADC_GLV_V_theACLK.o)
                0x00002bb0                ADC_GLV_V_theACLK_SetDividerRegister
 .text.ADC_GLV_V_AMux_Start
                0x00002c88       0x20 .\CortexM3\ARM_GCC_541\Debug\Dashboard.a(ADC_GLV_V_AMux.o)
                0x00002c88                ADC_GLV_V_AMux_Start
 .text.ADC_GLV_V_AMux_Select
                0x00002ca8       0x18 .\CortexM3\ARM_GCC_541\Debug\Dashboard.a(ADC_GLV_V_AMux.o)
                0x00002ca8                ADC_GLV_V_AMux_Select
 .text.ADC_GLV_V_Ext_CP_Clk_GetDividerRegister
                0x00002cc0        0xc .\CortexM3\ARM_GCC_541\Debug\Dashboard.a(ADC_GLV_V_Ext_CP_Clk.o)
                0x00002cc0                ADC_GLV_V_Ext_CP_Clk_GetDividerRegister
 .text.ADC_GLV_V_Ext_CP_Clk_SetModeRegister
                0x00002ccc       0x14 .\CortexM3\ARM_GCC_541\Debug\Dashboard.a(ADC_GLV_V_Ext_CP_Clk.o)
                0x00002ccc                ADC_GLV_V_Ext_CP_Clk_SetModeRegister
 .text.ADC_GLV_V_Ext_CP_Clk_GetSourceRegister
                0x00002ce0       0x10 .\CortexM3\ARM_GCC_541\Debug\Dashboard.a(ADC_GLV_V_Ext_CP_Clk.o)
                0x00002ce0                ADC_GLV_V_Ext_CP_Clk_GetSourceRegister
 .text.ADC_GLV_V_Ext_CP_Clk_SetDividerRegister
                0x00002cf0       0xd8 .\CortexM3\ARM_GCC_541\Debug\Dashboard.a(ADC_GLV_V_Ext_CP_Clk.o)
                0x00002cf0                ADC_GLV_V_Ext_CP_Clk_SetDividerRegister
 .text.IMD_LED_Write
                0x00002dc8       0x18 .\CortexM3\ARM_GCC_541\Debug\Dashboard.a(IMD_LED.o)
                0x00002dc8                IMD_LED_Write
 .text.BMS_LED_Write
                0x00002de0       0x18 .\CortexM3\ARM_GCC_541\Debug\Dashboard.a(BMS_LED.o)
                0x00002de0                BMS_LED_Write
 .text.ReadyToDrive_Timer_Enable
                0x00002df8       0x10 .\CortexM3\ARM_GCC_541\Debug\Dashboard.a(ReadyToDrive_Timer.o)
                0x00002df8                ReadyToDrive_Timer_Enable
 .text.ReadyToDrive_Timer_Stop
                0x00002e08       0x10 .\CortexM3\ARM_GCC_541\Debug\Dashboard.a(ReadyToDrive_Timer.o)
                0x00002e08                ReadyToDrive_Timer_Stop
 .text.ReadyToDrive_Timer_SetInterruptMode
                0x00002e18        0xc .\CortexM3\ARM_GCC_541\Debug\Dashboard.a(ReadyToDrive_Timer.o)
                0x00002e18                ReadyToDrive_Timer_SetInterruptMode
 .text.ReadyToDrive_Timer_ReadStatusRegister
                0x00002e24        0xc .\CortexM3\ARM_GCC_541\Debug\Dashboard.a(ReadyToDrive_Timer.o)
                0x00002e24                ReadyToDrive_Timer_ReadStatusRegister
 .text.ReadyToDrive_Timer_WritePeriod
                0x00002e30        0xc .\CortexM3\ARM_GCC_541\Debug\Dashboard.a(ReadyToDrive_Timer.o)
                0x00002e30                ReadyToDrive_Timer_WritePeriod
 .text.ReadyToDrive_Timer_ReadCapture
                0x00002e3c        0xc .\CortexM3\ARM_GCC_541\Debug\Dashboard.a(ReadyToDrive_Timer.o)
                0x00002e3c                ReadyToDrive_Timer_ReadCapture
 .text.ReadyToDrive_Timer_WriteCounter
                0x00002e48        0xc .\CortexM3\ARM_GCC_541\Debug\Dashboard.a(ReadyToDrive_Timer.o)
                0x00002e48                ReadyToDrive_Timer_WriteCounter
 .text.ReadyToDrive_Timer_ClearFIFO
                0x00002e54       0x14 .\CortexM3\ARM_GCC_541\Debug\Dashboard.a(ReadyToDrive_Timer.o)
                0x00002e54                ReadyToDrive_Timer_ClearFIFO
 .text.ReadyToDrive_Timer_Init
                0x00002e68       0x38 .\CortexM3\ARM_GCC_541\Debug\Dashboard.a(ReadyToDrive_Timer.o)
                0x00002e68                ReadyToDrive_Timer_Init
 .text.ReadyToDrive_Int_Interrupt
                0x00002ea0       0x10 .\CortexM3\ARM_GCC_541\Debug\Dashboard.a(ReadyToDrive_Int.o)
                0x00002ea0                ReadyToDrive_Int_Interrupt
 .text.ReadyToDrive_Int_SetVector
                0x00002eb0        0xc .\CortexM3\ARM_GCC_541\Debug\Dashboard.a(ReadyToDrive_Int.o)
                0x00002eb0                ReadyToDrive_Int_SetVector
 .text.ReadyToDrive_Int_SetPriority
                0x00002ebc       0x10 .\CortexM3\ARM_GCC_541\Debug\Dashboard.a(ReadyToDrive_Int.o)
                0x00002ebc                ReadyToDrive_Int_SetPriority
 .text.ReadyToDrive_Int_Enable
                0x00002ecc        0xc .\CortexM3\ARM_GCC_541\Debug\Dashboard.a(ReadyToDrive_Int.o)
                0x00002ecc                ReadyToDrive_Int_Enable
 .text.ReadyToDrive_Int_Disable
                0x00002ed8        0xc .\CortexM3\ARM_GCC_541\Debug\Dashboard.a(ReadyToDrive_Int.o)
                0x00002ed8                ReadyToDrive_Int_Disable
 .text.ReadyToDrive_Int_Start
                0x00002ee4       0x1c .\CortexM3\ARM_GCC_541\Debug\Dashboard.a(ReadyToDrive_Int.o)
                0x00002ee4                ReadyToDrive_Int_Start
 .text          0x00002f00       0x20 .\CortexM3\ARM_GCC_541\Debug\Dashboard.a(CyBootAsmGnu.o)
                0x00002f00                CyDelayCycles
                0x00002f10                CyEnterCriticalSection
                0x00002f18                CyExitCriticalSection
 .text.__errno  0x00002f20        0xc c:/program files (x86)/cypress/psoc creator/4.4/psoc creator/import/gnu/arm/5.4.1/bin/../lib/gcc/arm-none-eabi/5.4.1/../../../../arm-none-eabi/lib/armv7-m\libg_nano.a(lib_a-errno.o)
                0x00002f20                __errno
 .text.__libc_init_array
                0x00002f2c       0x4c c:/program files (x86)/cypress/psoc creator/4.4/psoc creator/import/gnu/arm/5.4.1/bin/../lib/gcc/arm-none-eabi/5.4.1/../../../../arm-none-eabi/lib/armv7-m\libg_nano.a(lib_a-init.o)
                0x00002f2c                __libc_init_array
 .text.memcpy   0x00002f78       0x16 c:/program files (x86)/cypress/psoc creator/4.4/psoc creator/import/gnu/arm/5.4.1/bin/../lib/gcc/arm-none-eabi/5.4.1/../../../../arm-none-eabi/lib/armv7-m\libg_nano.a(lib_a-memcpy-stub.o)
                0x00002f78                memcpy
 .text.memset   0x00002f8e       0x10 c:/program files (x86)/cypress/psoc creator/4.4/psoc creator/import/gnu/arm/5.4.1/bin/../lib/gcc/arm-none-eabi/5.4.1/../../../../arm-none-eabi/lib/armv7-m\libg_nano.a(lib_a-memset.o)
                0x00002f8e                memset
 *fill*         0x00002f9e        0x2 
 .text.sprintf  0x00002fa0       0x48 c:/program files (x86)/cypress/psoc creator/4.4/psoc creator/import/gnu/arm/5.4.1/bin/../lib/gcc/arm-none-eabi/5.4.1/../../../../arm-none-eabi/lib/armv7-m\libg_nano.a(lib_a-sprintf.o)
                0x00002fa0                siprintf
                0x00002fa0                sprintf
 .text.__ssputs_r
                0x00002fe8       0xb2 c:/program files (x86)/cypress/psoc creator/4.4/psoc creator/import/gnu/arm/5.4.1/bin/../lib/gcc/arm-none-eabi/5.4.1/../../../../arm-none-eabi/lib/armv7-m\libg_nano.a(lib_a-nano-svfprintf.o)
                0x00002fe8                __ssputs_r
 *fill*         0x0000309a        0x2 
 .text._svfprintf_r
                0x0000309c      0x1e8 c:/program files (x86)/cypress/psoc creator/4.4/psoc creator/import/gnu/arm/5.4.1/bin/../lib/gcc/arm-none-eabi/5.4.1/../../../../arm-none-eabi/lib/armv7-m\libg_nano.a(lib_a-nano-svfprintf.o)
                0x0000309c                _svfiprintf_r
                0x0000309c                _svfprintf_r
 .text._printf_common
                0x00003284       0xec c:/program files (x86)/cypress/psoc creator/4.4/psoc creator/import/gnu/arm/5.4.1/bin/../lib/gcc/arm-none-eabi/5.4.1/../../../../arm-none-eabi/lib/armv7-m\libg_nano.a(lib_a-nano-vfprintf_i.o)
                0x00003284                _printf_common
 .text._printf_i
                0x00003370      0x24c c:/program files (x86)/cypress/psoc creator/4.4/psoc creator/import/gnu/arm/5.4.1/bin/../lib/gcc/arm-none-eabi/5.4.1/../../../../arm-none-eabi/lib/armv7-m\libg_nano.a(lib_a-nano-vfprintf_i.o)
                0x00003370                _printf_i
 .text.memchr   0x000035bc       0x1c c:/program files (x86)/cypress/psoc creator/4.4/psoc creator/import/gnu/arm/5.4.1/bin/../lib/gcc/arm-none-eabi/5.4.1/../../../../arm-none-eabi/lib/armv7-m\libg_nano.a(lib_a-memchr-stub.o)
                0x000035bc                memchr
 .text.memmove  0x000035d8       0x36 c:/program files (x86)/cypress/psoc creator/4.4/psoc creator/import/gnu/arm/5.4.1/bin/../lib/gcc/arm-none-eabi/5.4.1/../../../../arm-none-eabi/lib/armv7-m\libg_nano.a(lib_a-memmove.o)
                0x000035d8                memmove
 *fill*         0x0000360e        0x2 
 .text._free_r  0x00003610       0x98 c:/program files (x86)/cypress/psoc creator/4.4/psoc creator/import/gnu/arm/5.4.1/bin/../lib/gcc/arm-none-eabi/5.4.1/../../../../arm-none-eabi/lib/armv7-m\libg_nano.a(lib_a-nano-freer.o)
                0x00003610                _free_r
 .text._malloc_r
                0x000036a8       0xbc c:/program files (x86)/cypress/psoc creator/4.4/psoc creator/import/gnu/arm/5.4.1/bin/../lib/gcc/arm-none-eabi/5.4.1/../../../../arm-none-eabi/lib/armv7-m\libg_nano.a(lib_a-nano-mallocr.o)
                0x000036a8                _malloc_r
 .text._realloc_r
                0x00003764       0x4c c:/program files (x86)/cypress/psoc creator/4.4/psoc creator/import/gnu/arm/5.4.1/bin/../lib/gcc/arm-none-eabi/5.4.1/../../../../arm-none-eabi/lib/armv7-m\libg_nano.a(lib_a-nano-reallocr.o)
                0x00003764                _realloc_r
 .text._sbrk_r  0x000037b0       0x20 c:/program files (x86)/cypress/psoc creator/4.4/psoc creator/import/gnu/arm/5.4.1/bin/../lib/gcc/arm-none-eabi/5.4.1/../../../../arm-none-eabi/lib/armv7-m\libg_nano.a(lib_a-sbrkr.o)
                0x000037b0                _sbrk_r
 .text.__malloc_lock
                0x000037d0        0x2 c:/program files (x86)/cypress/psoc creator/4.4/psoc creator/import/gnu/arm/5.4.1/bin/../lib/gcc/arm-none-eabi/5.4.1/../../../../arm-none-eabi/lib/armv7-m\libg_nano.a(lib_a-mlock.o)
                0x000037d0                __malloc_lock
 .text.__malloc_unlock
                0x000037d2        0x2 c:/program files (x86)/cypress/psoc creator/4.4/psoc creator/import/gnu/arm/5.4.1/bin/../lib/gcc/arm-none-eabi/5.4.1/../../../../arm-none-eabi/lib/armv7-m\libg_nano.a(lib_a-mlock.o)
                0x000037d2                __malloc_unlock
 .text._malloc_usable_size_r
                0x000037d4       0x14 c:/program files (x86)/cypress/psoc creator/4.4/psoc creator/import/gnu/arm/5.4.1/bin/../lib/gcc/arm-none-eabi/5.4.1/../../../../arm-none-eabi/lib/armv7-m\libg_nano.a(lib_a-nano-msizer.o)
                0x000037d4                _malloc_usable_size_r
 *(.plt)
 *(.gnu.warning)
 *(.glue_7t)
 .glue_7t       0x000037e8        0x0 linker stubs
 *(.glue_7)
 .glue_7        0x000037e8        0x0 linker stubs
 *(.vfp11_veneer)
 .vfp11_veneer  0x000037e8        0x0 linker stubs
 *(.bootloader)
 *(.ARM.extab* .gnu.linkonce.armextab.*)
 *(.gcc_except_table)

.v4_bx          0x000037e8        0x0
 .v4_bx         0x000037e8        0x0 linker stubs

.iplt           0x000037e8        0x0
 .iplt          0x000037e8        0x0 c:/program files (x86)/cypress/psoc creator/4.4/psoc creator/import/gnu/arm/5.4.1/bin/../lib/gcc/arm-none-eabi/5.4.1/armv7-m/crtbegin.o

.eh_frame_hdr
 *(.eh_frame_hdr)

.eh_frame       0x000037e8        0x4
 *(.eh_frame)
 .eh_frame      0x000037e8        0x0 c:/program files (x86)/cypress/psoc creator/4.4/psoc creator/import/gnu/arm/5.4.1/bin/../lib/gcc/arm-none-eabi/5.4.1/armv7-m/crtbegin.o
 .eh_frame      0x000037e8        0x4 c:/program files (x86)/cypress/psoc creator/4.4/psoc creator/import/gnu/arm/5.4.1/bin/../lib/gcc/arm-none-eabi/5.4.1/armv7-m/crtend.o
                [!provide]                PROVIDE (__exidx_start, .)

.ARM.exidx
 *(.ARM.exidx* .gnu.linkonce.armexidx.*)
                0x000037ec                __exidx_end = .

.rodata         0x000037ec    0x1c484
 *(.rodata .rodata.* .gnu.linkonce.r.*)
 .rodata        0x000037ec    0x1c190 .\CortexM3\ARM_GCC_541\Debug\ugui.o
                0x000037ec                pal_button_pressed
                0x0000381c                pal_button_released
                0x0000384c                pal_checkbox_pressed
                0x0000387c                pal_checkbox_released
                0x000038ac                pal_window
                0x000038dc                FONT_32X53
                0x000038f0                FONT_22X36
                0x00003904                FONT_16X26
                0x00003918                FONT_12X16
                0x0000392c                FONT_8X14
                0x00003940                FONT_8X12
                0x00003954                FONT_6X10
                0x00003968                FONT_5X8
                0x0000397c                font_32x53
                0x00010d7c                font_22x36
                0x0001797c                font_16x26
                0x0001ad7c                font_12x16
                0x0001cd7c                font_8x14
                0x0001db7c                font_8x12
                0x0001e77c                font_6x10
                0x0001f17c                font_5x8
 .rodata.str1.4
                0x0001f97c       0xd8 .\CortexM3\ARM_GCC_541\Debug\frucd_display.o
                                 0xd7 (size before relaxing)
 .rodata        0x0001fa54       0x4c .\CortexM3\ARM_GCC_541\Debug\cyfitter_cfg.o
                0x0001fa54                ADC_GLV_V_AMux__addrTable
                0x0001fa5c                ADC_GLV_V_AMux__maskTable
 .rodata        0x0001faa0      0x160 .\CortexM3\ARM_GCC_541\Debug\Dashboard.a(CAN.o)
 .rodata.str1.1
                0x0001fc00        0x2 c:/program files (x86)/cypress/psoc creator/4.4/psoc creator/import/gnu/arm/5.4.1/bin/../lib/gcc/arm-none-eabi/5.4.1/../../../../arm-none-eabi/lib/armv7-m\libg_nano.a(lib_a-impure.o)
 .rodata.str1.1
                0x0001fc02       0x11 c:/program files (x86)/cypress/psoc creator/4.4/psoc creator/import/gnu/arm/5.4.1/bin/../lib/gcc/arm-none-eabi/5.4.1/../../../../arm-none-eabi/lib/armv7-m\libg_nano.a(lib_a-nano-svfprintf.o)
 .rodata.str1.1
                0x0001fc13       0x22 c:/program files (x86)/cypress/psoc creator/4.4/psoc creator/import/gnu/arm/5.4.1/bin/../lib/gcc/arm-none-eabi/5.4.1/../../../../arm-none-eabi/lib/armv7-m\libg_nano.a(lib_a-nano-vfprintf_i.o)
                0x0001fc38                . = ALIGN (0x4)
 *fill*         0x0001fc35        0x3 
 *(.init)
 .init          0x0001fc38        0x4 c:/program files (x86)/cypress/psoc creator/4.4/psoc creator/import/gnu/arm/5.4.1/bin/../lib/gcc/arm-none-eabi/5.4.1/armv7-m/crti.o
                0x0001fc38                _init
 .init          0x0001fc3c        0x8 c:/program files (x86)/cypress/psoc creator/4.4/psoc creator/import/gnu/arm/5.4.1/bin/../lib/gcc/arm-none-eabi/5.4.1/armv7-m/crtn.o
                0x0001fc44                . = ALIGN (0x4)
                0x0001fc44                __preinit_array_start = .
 *(.preinit_array)
                0x0001fc44                __preinit_array_end = .
                0x0001fc44                . = ALIGN (0x4)
                0x0001fc44                __init_array_start = .
 *(SORT(.init_array.*))
 *(.init_array)
 .init_array    0x0001fc44        0x4 c:/program files (x86)/cypress/psoc creator/4.4/psoc creator/import/gnu/arm/5.4.1/bin/../lib/gcc/arm-none-eabi/5.4.1/armv7-m/crtbegin.o
 .init_array    0x0001fc48        0x4 .\CortexM3\ARM_GCC_541\Debug\Cm3Start.o
                0x0001fc4c                __init_array_end = .
                0x0001fc4c                . = ALIGN (0x4)
 *(.fini)
 .fini          0x0001fc4c        0x4 c:/program files (x86)/cypress/psoc creator/4.4/psoc creator/import/gnu/arm/5.4.1/bin/../lib/gcc/arm-none-eabi/5.4.1/armv7-m/crti.o
                0x0001fc4c                _fini
 .fini          0x0001fc50        0x8 c:/program files (x86)/cypress/psoc creator/4.4/psoc creator/import/gnu/arm/5.4.1/bin/../lib/gcc/arm-none-eabi/5.4.1/armv7-m/crtn.o
                0x0001fc58                . = ALIGN (0x4)
                0x0001fc58                __fini_array_start = .
 *(.fini_array)
 .fini_array    0x0001fc58        0x4 c:/program files (x86)/cypress/psoc creator/4.4/psoc creator/import/gnu/arm/5.4.1/bin/../lib/gcc/arm-none-eabi/5.4.1/armv7-m/crtbegin.o
 *(SORT(.fini_array.*))
                0x0001fc5c                __fini_array_end = .
                0x0001fc5c                . = ALIGN (0x4)
 *crtbegin.o(.ctors)
 *(EXCLUDE_FILE(*crtend.o) .ctors)
 *(SORT(.ctors.*))
 *crtend.o(.ctors)
                0x0001fc5c                . = ALIGN (0x4)
 *crtbegin.o(.dtors)
 *(EXCLUDE_FILE(*crtend.o) .dtors)
 *(SORT(.dtors.*))
 *crtend.o(.dtors)
                0x0001fc5c                . = ALIGN (0x4)
                0x0001fc5c                __cy_regions = .
                0x0001fc5c        0x4 LONG 0x1fc70 __cy_region_init_ram
                0x0001fc60        0x4 LONG 0x1fff80c8 __cy_region_start_data
                0x0001fc64        0x4 LONG 0x88 __cy_region_init_size_ram
                0x0001fc68        0x4 LONG 0x138 __cy_region_zero_size_ram
                0x0001fc6c                __cy_regions_end = .
                0x0001fc70                . = ALIGN (0x8)
 *fill*         0x0001fc6c        0x4 
                0x0001fc70                _etext = .

.cy_checksum_exclude
                0x0001fc70        0x0
 *(.cy_checksum_exclude)

.ramvectors     0x1fff8000       0xc0
                0x1fff8000                __cy_region_start_ram = .
 *(.ramvectors)
 .ramvectors    0x1fff8000       0xc0 .\CortexM3\ARM_GCC_541\Debug\Cm3Start.o
                0x1fff8000                CyRamVectors

.noinit         0x1fff80c0        0x1
 *(.noinit)
 .noinit        0x1fff80c0        0x1 .\CortexM3\ARM_GCC_541\Debug\Dashboard.a(CyLib.o)
                0x1fff80c0                CyResetStatus

.data           0x1fff80c8       0x88 load address 0x0001fc70
                0x1fff80c8                __cy_region_start_data = .
 *(.jcr)
 .jcr           0x1fff80c8        0x0 c:/program files (x86)/cypress/psoc creator/4.4/psoc creator/import/gnu/arm/5.4.1/bin/../lib/gcc/arm-none-eabi/5.4.1/armv7-m/crtbegin.o
 .jcr           0x1fff80c8        0x4 c:/program files (x86)/cypress/psoc creator/4.4/psoc creator/import/gnu/arm/5.4.1/bin/../lib/gcc/arm-none-eabi/5.4.1/armv7-m/crtend.o
 *(.got.plt)
 *(.got)
 *(.shdata)
 *(.data .data.* .gnu.linkonce.d.*)
 .data          0x1fff80cc        0x4 .\CortexM3\ARM_GCC_541\Debug\main.o
                0x1fff80cc                previous_state
 .data          0x1fff80d0        0x4 .\CortexM3\ARM_GCC_541\Debug\Cm3Start.o
 .data          0x1fff80d4       0x10 .\CortexM3\ARM_GCC_541\Debug\Dashboard.a(CyLib.o)
                0x1fff80d4                cydelay_32k_ms
                0x1fff80d8                cydelay_freq_khz
                0x1fff80dc                cydelay_freq_mhz
                0x1fff80e0                cydelay_freq_hz
 .data          0x1fff80e4        0x1 .\CortexM3\ARM_GCC_541\Debug\Dashboard.a(ADC_GLV_V.o)
                0x1fff80e4                ADC_GLV_V_Config
 .data          0x1fff80e5        0x1 .\CortexM3\ARM_GCC_541\Debug\Dashboard.a(ADC_GLV_V_AMux.o)
 *fill*         0x1fff80e6        0x2 
 .data.impure_data
                0x1fff80e8       0x60 c:/program files (x86)/cypress/psoc creator/4.4/psoc creator/import/gnu/arm/5.4.1/bin/../lib/gcc/arm-none-eabi/5.4.1/../../../../arm-none-eabi/lib/armv7-m\libg_nano.a(lib_a-impure.o)
 .data._impure_ptr
                0x1fff8148        0x4 c:/program files (x86)/cypress/psoc creator/4.4/psoc creator/import/gnu/arm/5.4.1/bin/../lib/gcc/arm-none-eabi/5.4.1/../../../../arm-none-eabi/lib/armv7-m\libg_nano.a(lib_a-impure.o)
                0x1fff8148                _impure_ptr
                0x1fff8150                . = ALIGN (0x8)
 *fill*         0x1fff814c        0x4 
 *(.ram)
                0x1fff8150                _edata = .

.igot.plt       0x1fff8150        0x0 load address 0x0001fcf8
 .igot.plt      0x1fff8150        0x0 c:/program files (x86)/cypress/psoc creator/4.4/psoc creator/import/gnu/arm/5.4.1/bin/../lib/gcc/arm-none-eabi/5.4.1/armv7-m/crtbegin.o

.bss            0x1fff8150      0x138 load address 0x0001fcf8
                0x1fff8150                PROVIDE (__bss_start__, .)
 *(.shbss)
 *(.bss .bss.* .gnu.linkonce.b.*)
 .bss           0x1fff8150       0x1c c:/program files (x86)/cypress/psoc creator/4.4/psoc creator/import/gnu/arm/5.4.1/bin/../lib/gcc/arm-none-eabi/5.4.1/armv7-m/crtbegin.o
 .bss           0x1fff816c        0xc .\CortexM3\ARM_GCC_541\Debug\ugui.o
 .bss           0x1fff8178       0x32 .\CortexM3\ARM_GCC_541\Debug\main.o
                0x1fff8178                BSPD_CATCH
                0x1fff817c                pedalOK
                0x1fff8180                state
                0x1fff8182                bms_status
                0x1fff8184                switches
                0x1fff8185                soc
                0x1fff8186                PACK_TEMP
                0x1fff8188                mc_temp
                0x1fff818a                motor_temp
                0x1fff818c                fault
                0x1fff8190                firstDrive
                0x1fff8194                firstHV
                0x1fff8198                firstLV
                0x1fff819c                firstStart
                0x1fff81a0                curr_voltage
                0x1fff81a2                charge
                0x1fff81a4                voltage
                0x1fff81a8                CURRENT
 *fill*         0x1fff81aa        0x2 
 .bss           0x1fff81ac        0xe .\CortexM3\ARM_GCC_541\Debug\can_manga.o
                0x1fff81ac                CAPACITOR_VOLT
                0x1fff81ad                CURTIS_FAULT_CHECK
                0x1fff81ae                CURTIS_HEART_BEAT_CHECK
                0x1fff81af                ACK_RX
                0x1fff81b0                ERROR_TOLERANCE
                0x1fff81b1                ABS_MOTOR_RPM
                0x1fff81b4                current_bytes
                0x1fff81b8                THROTTLE_LOW
                0x1fff81b9                THROTTLE_HIGH
 .bss           0x1fff81ba        0x1 .\CortexM3\ARM_GCC_541\Debug\Dashboard.a(CAN.o)
                0x1fff81ba                CAN_initVar
 .bss           0x1fff81bb        0x1 .\CortexM3\ARM_GCC_541\Debug\Dashboard.a(Node_Timer.o)
                0x1fff81bb                Node_Timer_initVar
 .bss           0x1fff81bc        0x1 .\CortexM3\ARM_GCC_541\Debug\Dashboard.a(WDT_Timer.o)
                0x1fff81bc                WDT_Timer_initVar
 .bss           0x1fff81bd        0x1 .\CortexM3\ARM_GCC_541\Debug\Dashboard.a(GraphicLCDIntf.o)
                0x1fff81bd                GraphicLCDIntf_initVar
 *fill*         0x1fff81be        0x2 
 .bss           0x1fff81c0        0x8 .\CortexM3\ARM_GCC_541\Debug\Dashboard.a(CySpc.o)
                0x1fff81c0                SpcLockState
 .bss           0x1fff81c8        0x8 .\CortexM3\ARM_GCC_541\Debug\Dashboard.a(ADC_GLV_V.o)
                0x1fff81cc                ADC_GLV_V_stopConversion
                0x1fff81cd                ADC_GLV_V_convDone
                0x1fff81ce                ADC_GLV_V_initVar
                0x1fff81cf                ADC_GLV_V_started
 .bss.__malloc_sbrk_start
                0x1fff81d0        0x4 c:/program files (x86)/cypress/psoc creator/4.4/psoc creator/import/gnu/arm/5.4.1/bin/../lib/gcc/arm-none-eabi/5.4.1/../../../../arm-none-eabi/lib/armv7-m\libg_nano.a(lib_a-nano-mallocr.o)
                0x1fff81d0                __malloc_sbrk_start
 .bss.__malloc_free_list
                0x1fff81d4        0x4 c:/program files (x86)/cypress/psoc creator/4.4/psoc creator/import/gnu/arm/5.4.1/bin/../lib/gcc/arm-none-eabi/5.4.1/../../../../arm-none-eabi/lib/armv7-m\libg_nano.a(lib_a-nano-mallocr.o)
                0x1fff81d4                __malloc_free_list
 *(COMMON)
 COMMON         0x1fff81d8       0x78 .\CortexM3\ARM_GCC_541\Debug\ugui_SSD1963.o
                0x1fff81d8                gui1963
 COMMON         0x1fff8250       0x18 .\CortexM3\ARM_GCC_541\Debug\frucd_display.o
                0x1fff8250                last_glv_v_color
                0x1fff8254                last_SOC_color
                0x1fff8258                last_mc_temp_color
                0x1fff825c                last_state_color
                0x1fff8260                last_motor_temp_color
                0x1fff8264                last_max_pack_temp_color
 COMMON         0x1fff8268        0xc .\CortexM3\ARM_GCC_541\Debug\main.o
                0x1fff8268                shutdown_flags
                0x1fff826c                ERROR_NODE
                0x1fff8270                ERROR_IDX
 COMMON         0x1fff8274        0x2 .\CortexM3\ARM_GCC_541\Debug\Dashboard.a(CyFlash.o)
                0x1fff8274                dieTemperature
 *fill*         0x1fff8276        0x2 
 COMMON         0x1fff8278        0x8 .\CortexM3\ARM_GCC_541\Debug\Dashboard.a(ADC_GLV_V.o)
                0x1fff8278                ADC_GLV_V_Offset
                0x1fff827c                ADC_GLV_V_CountsPerVolt
 COMMON         0x1fff8280        0x4 c:/program files (x86)/cypress/psoc creator/4.4/psoc creator/import/gnu/arm/5.4.1/bin/../lib/gcc/arm-none-eabi/5.4.1/../../../../arm-none-eabi/lib/armv7-m\libg_nano.a(lib_a-reent.o)
                0x1fff8280                errno
                0x1fff8288                . = ALIGN (0x8)
 *fill*         0x1fff8284        0x4 
 *(.ram.b)
                0x1fff8288                _end = .
                0x1fff8288                __end = .
                0x1fff8288                PROVIDE (end, .)
                0x1fff8288                PROVIDE (__bss_end__, .)
                0x0001fc70                __cy_region_init_ram = LOADADDR (.data)
                0x00000088                __cy_region_init_size_ram = (_edata - ADDR (.data))
                0x00000138                __cy_region_zero_size_ram = (_end - _edata)

.heap           0x1fff8288       0x80 load address 0x0001fcf8
                0x1fff8288                . = _end
                0x1fff8308                . = (. + 0x80)
 *fill*         0x1fff8288       0x80 
                0x1fff8308                __cy_heap_limit = .

.stack          0x20007800      0x800
                0x20007800                __cy_stack_limit = .
                0x20008000                . = (. + 0x800)
 *fill*         0x20007800      0x800 
                0x00000001                ASSERT ((__cy_stack_limit >= __cy_heap_limit), region RAM overflowed with stack)
                0x00000000                cy_checksum_exclude_size = (CY_APPL_LOADABLE == 0x1)?SIZEOF (.cy_checksum_exclude):0x0
                0x00000001                ASSERT ((cy_checksum_exclude_size <= CY_CHECKSUM_EXCLUDE_SIZE), CY_BOOT: Section .cy_checksum_exclude size exceedes specified limit.)

.cyloadermeta
 *(.cyloadermeta)

.cyloadablemeta
 *(.cyloadablemeta)

.cyconfigecc    0x80000000      0x680
 *(.cyconfigecc)
 .cyconfigecc   0x80000000      0x680 .\CortexM3\ARM_GCC_541\Debug\cymetadata.o
                0x80000000                cy_meta_configecc

.cycustnvl      0x90000000        0x4
 *(.cycustnvl)
 .cycustnvl     0x90000000        0x4 .\CortexM3\ARM_GCC_541\Debug\cymetadata.o
                0x90000000                cy_meta_custnvl

.cywolatch      0x90100000        0x4
 *(.cywolatch)
 .cywolatch     0x90100000        0x4 .\CortexM3\ARM_GCC_541\Debug\cymetadata.o
                0x90100000                cy_meta_wonvl

.cyeeprom       0x90200000        0x0
 *(.cyeeprom)
                0x00000001                ASSERT ((. <= ((0x90200000 + ee_offset) + ee_size)), .cyeeprom data will not fit in EEPROM)

.cyflashprotect
                0x90400000      0x100
 *(.cyflashprotect)
 .cyflashprotect
                0x90400000      0x100 .\CortexM3\ARM_GCC_541\Debug\cymetadata.o
                0x90400000                cy_meta_flashprotect

.cymeta         0x90500000        0xc
 *(.cymeta)
 .cymeta        0x90500000        0xc .\CortexM3\ARM_GCC_541\Debug\cymetadata.o
                0x90500000                cy_metadata

.rel.dyn        0x0001fcf8        0x0 load address 0x9050000c
 .rel.iplt      0x0001fcf8        0x0 c:/program files (x86)/cypress/psoc creator/4.4/psoc creator/import/gnu/arm/5.4.1/bin/../lib/gcc/arm-none-eabi/5.4.1/armv7-m/crtbegin.o

.stab
 *(.stab)

.stabstr
 *(.stabstr)

.debug
 *(.debug)

.line
 *(.line)

.debug_srcinfo
 *(.debug_srcinfo)

.debug_sfnames
 *(.debug_sfnames)

.debug_aranges  0x00000000     0x1648
 *(.debug_aranges)
 .debug_aranges
                0x00000000      0x568 .\CortexM3\ARM_GCC_541\Debug\ugui.o
 .debug_aranges
                0x00000568       0x48 .\CortexM3\ARM_GCC_541\Debug\ugui_SSD1963.o
 .debug_aranges
                0x000005b0       0x58 .\CortexM3\ARM_GCC_541\Debug\frucd_display.o
 .debug_aranges
                0x00000608       0x50 .\CortexM3\ARM_GCC_541\Debug\main.o
 .debug_aranges
                0x00000658       0x80 .\CortexM3\ARM_GCC_541\Debug\can_manga.o
 .debug_aranges
                0x000006d8       0x68 .\CortexM3\ARM_GCC_541\Debug\cyfitter_cfg.o
 .debug_aranges
                0x00000740       0x18 .\CortexM3\ARM_GCC_541\Debug\cymetadata.o
 .debug_aranges
                0x00000758       0x48 .\CortexM3\ARM_GCC_541\Debug\Cm3Start.o
 .debug_aranges
                0x000007a0       0xc8 .\CortexM3\ARM_GCC_541\Debug\Dashboard.a(CAN.o)
 .debug_aranges
                0x00000868       0x28 .\CortexM3\ARM_GCC_541\Debug\Dashboard.a(CAN_INT.o)
 .debug_aranges
                0x00000890       0x40 .\CortexM3\ARM_GCC_541\Debug\Dashboard.a(CAN_TX_RX_func.o)
 .debug_aranges
                0x000008d0       0x38 .\CortexM3\ARM_GCC_541\Debug\Dashboard.a(LED.o)
 .debug_aranges
                0x00000908       0x38 .\CortexM3\ARM_GCC_541\Debug\Dashboard.a(Buzzer.o)
 .debug_aranges
                0x00000940       0x38 .\CortexM3\ARM_GCC_541\Debug\Dashboard.a(HV.o)
 .debug_aranges
                0x00000978       0x38 .\CortexM3\ARM_GCC_541\Debug\Dashboard.a(Drive.o)
 .debug_aranges
                0x000009b0       0x38 .\CortexM3\ARM_GCC_541\Debug\Dashboard.a(RGB3_1.o)
 .debug_aranges
                0x000009e8       0x38 .\CortexM3\ARM_GCC_541\Debug\Dashboard.a(RGB2_1.o)
 .debug_aranges
                0x00000a20       0x38 .\CortexM3\ARM_GCC_541\Debug\Dashboard.a(RGB1_1.o)
 .debug_aranges
                0x00000a58       0x90 .\CortexM3\ARM_GCC_541\Debug\Dashboard.a(Node_Timer.o)
 .debug_aranges
                0x00000ae8       0x80 .\CortexM3\ARM_GCC_541\Debug\Dashboard.a(isr_nodeok.o)
 .debug_aranges
                0x00000b68       0x78 .\CortexM3\ARM_GCC_541\Debug\Dashboard.a(EEPROM_1.o)
 .debug_aranges
                0x00000be0       0x38 .\CortexM3\ARM_GCC_541\Debug\Dashboard.a(WDT_Reset.o)
 .debug_aranges
                0x00000c18       0x90 .\CortexM3\ARM_GCC_541\Debug\Dashboard.a(WDT_Timer.o)
 .debug_aranges
                0x00000ca8       0x80 .\CortexM3\ARM_GCC_541\Debug\Dashboard.a(isr_wdt.o)
 .debug_aranges
                0x00000d28       0x88 .\CortexM3\ARM_GCC_541\Debug\Dashboard.a(GraphicLCDIntf.o)
 .debug_aranges
                0x00000db0       0x38 .\CortexM3\ARM_GCC_541\Debug\Dashboard.a(D_BL.o)
 .debug_aranges
                0x00000de8       0x38 .\CortexM3\ARM_GCC_541\Debug\Dashboard.a(D_RST.o)
 .debug_aranges
                0x00000e20       0x80 .\CortexM3\ARM_GCC_541\Debug\Dashboard.a(CyFlash.o)
 .debug_aranges
                0x00000ea0      0x298 .\CortexM3\ARM_GCC_541\Debug\Dashboard.a(CyLib.o)
 .debug_aranges
                0x00001138       0x98 .\CortexM3\ARM_GCC_541\Debug\Dashboard.a(cyPm.o)
 .debug_aranges
                0x000011d0       0x78 .\CortexM3\ARM_GCC_541\Debug\Dashboard.a(CySpc.o)
 .debug_aranges
                0x00001248       0x20 .\CortexM3\ARM_GCC_541\Debug\Dashboard.a(cyutils.o)
 .debug_aranges
                0x00001268       0xe8 .\CortexM3\ARM_GCC_541\Debug\Dashboard.a(ADC_GLV_V.o)
 .debug_aranges
                0x00001350       0x38 .\CortexM3\ARM_GCC_541\Debug\Dashboard.a(ADC_GLV_V_INT.o)
 .debug_aranges
                0x00001388       0x80 .\CortexM3\ARM_GCC_541\Debug\Dashboard.a(ADC_GLV_V_theACLK.o)
 .debug_aranges
                0x00001408       0x30 .\CortexM3\ARM_GCC_541\Debug\Dashboard.a(ADC_GLV_V_AMux.o)
 .debug_aranges
                0x00001438       0x70 .\CortexM3\ARM_GCC_541\Debug\Dashboard.a(ADC_GLV_V_Ext_CP_Clk.o)
 .debug_aranges
                0x000014a8       0x38 .\CortexM3\ARM_GCC_541\Debug\Dashboard.a(IMD_LED.o)
 .debug_aranges
                0x000014e0       0x38 .\CortexM3\ARM_GCC_541\Debug\Dashboard.a(BMS_LED.o)
 .debug_aranges
                0x00001518       0x90 .\CortexM3\ARM_GCC_541\Debug\Dashboard.a(ReadyToDrive_Timer.o)
 .debug_aranges
                0x000015a8       0x80 .\CortexM3\ARM_GCC_541\Debug\Dashboard.a(ReadyToDrive_Int.o)
 .debug_aranges
                0x00001628       0x20 .\CortexM3\ARM_GCC_541\Debug\Dashboard.a(CyBootAsmGnu.o)

.debug_pubnames
 *(.debug_pubnames)

.debug_info     0x00000000    0x129ef
 *(.debug_info .gnu.linkonce.wi.*)
 .debug_info    0x00000000     0x5e45 .\CortexM3\ARM_GCC_541\Debug\ugui.o
 .debug_info    0x00005e45     0x186a .\CortexM3\ARM_GCC_541\Debug\ugui_SSD1963.o
 .debug_info    0x000076af     0x146e .\CortexM3\ARM_GCC_541\Debug\frucd_display.o
 .debug_info    0x00008b1d     0x123d .\CortexM3\ARM_GCC_541\Debug\main.o
 .debug_info    0x00009d5a      0xd1b .\CortexM3\ARM_GCC_541\Debug\can_manga.o
 .debug_info    0x0000aa75      0x738 .\CortexM3\ARM_GCC_541\Debug\cyfitter_cfg.o
 .debug_info    0x0000b1ad      0x138 .\CortexM3\ARM_GCC_541\Debug\cymetadata.o
 .debug_info    0x0000b2e5      0x3a7 .\CortexM3\ARM_GCC_541\Debug\Cm3Start.o
 .debug_info    0x0000b68c      0x8fb .\CortexM3\ARM_GCC_541\Debug\Dashboard.a(CAN.o)
 .debug_info    0x0000bf87      0x20e .\CortexM3\ARM_GCC_541\Debug\Dashboard.a(CAN_INT.o)
 .debug_info    0x0000c195      0x427 .\CortexM3\ARM_GCC_541\Debug\Dashboard.a(CAN_TX_RX_func.o)
 .debug_info    0x0000c5bc      0x11f .\CortexM3\ARM_GCC_541\Debug\Dashboard.a(LED.o)
 .debug_info    0x0000c6db      0x11f .\CortexM3\ARM_GCC_541\Debug\Dashboard.a(Buzzer.o)
 .debug_info    0x0000c7fa      0x11f .\CortexM3\ARM_GCC_541\Debug\Dashboard.a(HV.o)
 .debug_info    0x0000c919      0x11f .\CortexM3\ARM_GCC_541\Debug\Dashboard.a(Drive.o)
 .debug_info    0x0000ca38      0x11f .\CortexM3\ARM_GCC_541\Debug\Dashboard.a(RGB3_1.o)
 .debug_info    0x0000cb57      0x11f .\CortexM3\ARM_GCC_541\Debug\Dashboard.a(RGB2_1.o)
 .debug_info    0x0000cc76      0x11f .\CortexM3\ARM_GCC_541\Debug\Dashboard.a(RGB1_1.o)
 .debug_info    0x0000cd95      0x332 .\CortexM3\ARM_GCC_541\Debug\Dashboard.a(Node_Timer.o)
 .debug_info    0x0000d0c7      0x2d2 .\CortexM3\ARM_GCC_541\Debug\Dashboard.a(isr_nodeok.o)
 .debug_info    0x0000d399      0x630 .\CortexM3\ARM_GCC_541\Debug\Dashboard.a(EEPROM_1.o)
 .debug_info    0x0000d9c9      0x11f .\CortexM3\ARM_GCC_541\Debug\Dashboard.a(WDT_Reset.o)
 .debug_info    0x0000dae8      0x2ee .\CortexM3\ARM_GCC_541\Debug\Dashboard.a(WDT_Timer.o)
 .debug_info    0x0000ddd6      0x2d2 .\CortexM3\ARM_GCC_541\Debug\Dashboard.a(isr_wdt.o)
 .debug_info    0x0000e0a8      0x392 .\CortexM3\ARM_GCC_541\Debug\Dashboard.a(GraphicLCDIntf.o)
 .debug_info    0x0000e43a      0x11f .\CortexM3\ARM_GCC_541\Debug\Dashboard.a(D_BL.o)
 .debug_info    0x0000e559      0x11f .\CortexM3\ARM_GCC_541\Debug\Dashboard.a(D_RST.o)
 .debug_info    0x0000e678      0x5ba .\CortexM3\ARM_GCC_541\Debug\Dashboard.a(CyFlash.o)
 .debug_info    0x0000ec32     0x1360 .\CortexM3\ARM_GCC_541\Debug\Dashboard.a(CyLib.o)
 .debug_info    0x0000ff92      0xa1e .\CortexM3\ARM_GCC_541\Debug\Dashboard.a(cyPm.o)
 .debug_info    0x000109b0      0x4ef .\CortexM3\ARM_GCC_541\Debug\Dashboard.a(CySpc.o)
 .debug_info    0x00010e9f       0xee .\CortexM3\ARM_GCC_541\Debug\Dashboard.a(cyutils.o)
 .debug_info    0x00010f8d      0xa18 .\CortexM3\ARM_GCC_541\Debug\Dashboard.a(ADC_GLV_V.o)
 .debug_info    0x000119a5       0xd3 .\CortexM3\ARM_GCC_541\Debug\Dashboard.a(ADC_GLV_V_INT.o)
 .debug_info    0x00011a78      0x2c4 .\CortexM3\ARM_GCC_541\Debug\Dashboard.a(ADC_GLV_V_theACLK.o)
 .debug_info    0x00011d3c      0x165 .\CortexM3\ARM_GCC_541\Debug\Dashboard.a(ADC_GLV_V_AMux.o)
 .debug_info    0x00011ea1      0x283 .\CortexM3\ARM_GCC_541\Debug\Dashboard.a(ADC_GLV_V_Ext_CP_Clk.o)
 .debug_info    0x00012124      0x11f .\CortexM3\ARM_GCC_541\Debug\Dashboard.a(IMD_LED.o)
 .debug_info    0x00012243      0x11f .\CortexM3\ARM_GCC_541\Debug\Dashboard.a(BMS_LED.o)
 .debug_info    0x00012362      0x2ee .\CortexM3\ARM_GCC_541\Debug\Dashboard.a(ReadyToDrive_Timer.o)
 .debug_info    0x00012650      0x309 .\CortexM3\ARM_GCC_541\Debug\Dashboard.a(ReadyToDrive_Int.o)
 .debug_info    0x00012959       0x96 .\CortexM3\ARM_GCC_541\Debug\Dashboard.a(CyBootAsmGnu.o)

.debug_abbrev   0x00000000     0x3375
 *(.debug_abbrev)
 .debug_abbrev  0x00000000      0x29c .\CortexM3\ARM_GCC_541\Debug\ugui.o
 .debug_abbrev  0x0000029c      0x283 .\CortexM3\ARM_GCC_541\Debug\ugui_SSD1963.o
 .debug_abbrev  0x0000051f      0x248 .\CortexM3\ARM_GCC_541\Debug\frucd_display.o
 .debug_abbrev  0x00000767      0x29b .\CortexM3\ARM_GCC_541\Debug\main.o
 .debug_abbrev  0x00000a02      0x24c .\CortexM3\ARM_GCC_541\Debug\can_manga.o
 .debug_abbrev  0x00000c4e      0x22d .\CortexM3\ARM_GCC_541\Debug\cyfitter_cfg.o
 .debug_abbrev  0x00000e7b       0x77 .\CortexM3\ARM_GCC_541\Debug\cymetadata.o
 .debug_abbrev  0x00000ef2      0x203 .\CortexM3\ARM_GCC_541\Debug\Cm3Start.o
 .debug_abbrev  0x000010f5      0x195 .\CortexM3\ARM_GCC_541\Debug\Dashboard.a(CAN.o)
 .debug_abbrev  0x0000128a       0xd5 .\CortexM3\ARM_GCC_541\Debug\Dashboard.a(CAN_INT.o)
 .debug_abbrev  0x0000135f      0x1b6 .\CortexM3\ARM_GCC_541\Debug\Dashboard.a(CAN_TX_RX_func.o)
 .debug_abbrev  0x00001515       0x90 .\CortexM3\ARM_GCC_541\Debug\Dashboard.a(LED.o)
 .debug_abbrev  0x000015a5       0x90 .\CortexM3\ARM_GCC_541\Debug\Dashboard.a(Buzzer.o)
 .debug_abbrev  0x00001635       0x90 .\CortexM3\ARM_GCC_541\Debug\Dashboard.a(HV.o)
 .debug_abbrev  0x000016c5       0x90 .\CortexM3\ARM_GCC_541\Debug\Dashboard.a(Drive.o)
 .debug_abbrev  0x00001755       0x90 .\CortexM3\ARM_GCC_541\Debug\Dashboard.a(RGB3_1.o)
 .debug_abbrev  0x000017e5       0x90 .\CortexM3\ARM_GCC_541\Debug\Dashboard.a(RGB2_1.o)
 .debug_abbrev  0x00001875       0x90 .\CortexM3\ARM_GCC_541\Debug\Dashboard.a(RGB1_1.o)
 .debug_abbrev  0x00001905      0x14b .\CortexM3\ARM_GCC_541\Debug\Dashboard.a(Node_Timer.o)
 .debug_abbrev  0x00001a50      0x173 .\CortexM3\ARM_GCC_541\Debug\Dashboard.a(isr_nodeok.o)
 .debug_abbrev  0x00001bc3      0x14e .\CortexM3\ARM_GCC_541\Debug\Dashboard.a(EEPROM_1.o)
 .debug_abbrev  0x00001d11       0x90 .\CortexM3\ARM_GCC_541\Debug\Dashboard.a(WDT_Reset.o)
 .debug_abbrev  0x00001da1      0x12b .\CortexM3\ARM_GCC_541\Debug\Dashboard.a(WDT_Timer.o)
 .debug_abbrev  0x00001ecc      0x173 .\CortexM3\ARM_GCC_541\Debug\Dashboard.a(isr_wdt.o)
 .debug_abbrev  0x0000203f      0x176 .\CortexM3\ARM_GCC_541\Debug\Dashboard.a(GraphicLCDIntf.o)
 .debug_abbrev  0x000021b5       0x90 .\CortexM3\ARM_GCC_541\Debug\Dashboard.a(D_BL.o)
 .debug_abbrev  0x00002245       0x90 .\CortexM3\ARM_GCC_541\Debug\Dashboard.a(D_RST.o)
 .debug_abbrev  0x000022d5      0x17c .\CortexM3\ARM_GCC_541\Debug\Dashboard.a(CyFlash.o)
 .debug_abbrev  0x00002451      0x254 .\CortexM3\ARM_GCC_541\Debug\Dashboard.a(CyLib.o)
 .debug_abbrev  0x000026a5      0x1ab .\CortexM3\ARM_GCC_541\Debug\Dashboard.a(cyPm.o)
 .debug_abbrev  0x00002850      0x194 .\CortexM3\ARM_GCC_541\Debug\Dashboard.a(CySpc.o)
 .debug_abbrev  0x000029e4       0x8e .\CortexM3\ARM_GCC_541\Debug\Dashboard.a(cyutils.o)
 .debug_abbrev  0x00002a72      0x1eb .\CortexM3\ARM_GCC_541\Debug\Dashboard.a(ADC_GLV_V.o)
 .debug_abbrev  0x00002c5d       0x42 .\CortexM3\ARM_GCC_541\Debug\Dashboard.a(ADC_GLV_V_INT.o)
 .debug_abbrev  0x00002c9f      0x121 .\CortexM3\ARM_GCC_541\Debug\Dashboard.a(ADC_GLV_V_theACLK.o)
 .debug_abbrev  0x00002dc0       0xb1 .\CortexM3\ARM_GCC_541\Debug\Dashboard.a(ADC_GLV_V_AMux.o)
 .debug_abbrev  0x00002e71      0x139 .\CortexM3\ARM_GCC_541\Debug\Dashboard.a(ADC_GLV_V_Ext_CP_Clk.o)
 .debug_abbrev  0x00002faa       0x90 .\CortexM3\ARM_GCC_541\Debug\Dashboard.a(IMD_LED.o)
 .debug_abbrev  0x0000303a       0x90 .\CortexM3\ARM_GCC_541\Debug\Dashboard.a(BMS_LED.o)
 .debug_abbrev  0x000030ca      0x12b .\CortexM3\ARM_GCC_541\Debug\Dashboard.a(ReadyToDrive_Timer.o)
 .debug_abbrev  0x000031f5      0x16c .\CortexM3\ARM_GCC_541\Debug\Dashboard.a(ReadyToDrive_Int.o)
 .debug_abbrev  0x00003361       0x14 .\CortexM3\ARM_GCC_541\Debug\Dashboard.a(CyBootAsmGnu.o)

.debug_line     0x00000000     0x5e36
 *(.debug_line)
 .debug_line    0x00000000     0x196a .\CortexM3\ARM_GCC_541\Debug\ugui.o
 .debug_line    0x0000196a      0x364 .\CortexM3\ARM_GCC_541\Debug\ugui_SSD1963.o
 .debug_line    0x00001cce      0x34a .\CortexM3\ARM_GCC_541\Debug\frucd_display.o
 .debug_line    0x00002018      0x3ec .\CortexM3\ARM_GCC_541\Debug\main.o
 .debug_line    0x00002404      0x308 .\CortexM3\ARM_GCC_541\Debug\can_manga.o
 .debug_line    0x0000270c      0x227 .\CortexM3\ARM_GCC_541\Debug\cyfitter_cfg.o
 .debug_line    0x00002933      0x141 .\CortexM3\ARM_GCC_541\Debug\cymetadata.o
 .debug_line    0x00002a74      0x234 .\CortexM3\ARM_GCC_541\Debug\Cm3Start.o
 .debug_line    0x00002ca8      0x37e .\CortexM3\ARM_GCC_541\Debug\Dashboard.a(CAN.o)
 .debug_line    0x00003026       0x9c .\CortexM3\ARM_GCC_541\Debug\Dashboard.a(CAN_INT.o)
 .debug_line    0x000030c2      0x24b .\CortexM3\ARM_GCC_541\Debug\Dashboard.a(CAN_TX_RX_func.o)
 .debug_line    0x0000330d       0x90 .\CortexM3\ARM_GCC_541\Debug\Dashboard.a(LED.o)
 .debug_line    0x0000339d       0x93 .\CortexM3\ARM_GCC_541\Debug\Dashboard.a(Buzzer.o)
 .debug_line    0x00003430       0x8f .\CortexM3\ARM_GCC_541\Debug\Dashboard.a(HV.o)
 .debug_line    0x000034bf       0x92 .\CortexM3\ARM_GCC_541\Debug\Dashboard.a(Drive.o)
 .debug_line    0x00003551       0x93 .\CortexM3\ARM_GCC_541\Debug\Dashboard.a(RGB3_1.o)
 .debug_line    0x000035e4       0x93 .\CortexM3\ARM_GCC_541\Debug\Dashboard.a(RGB2_1.o)
 .debug_line    0x00003677       0x93 .\CortexM3\ARM_GCC_541\Debug\Dashboard.a(RGB1_1.o)
 .debug_line    0x0000370a      0x175 .\CortexM3\ARM_GCC_541\Debug\Dashboard.a(Node_Timer.o)
 .debug_line    0x0000387f      0x137 .\CortexM3\ARM_GCC_541\Debug\Dashboard.a(isr_nodeok.o)
 .debug_line    0x000039b6      0x266 .\CortexM3\ARM_GCC_541\Debug\Dashboard.a(EEPROM_1.o)
 .debug_line    0x00003c1c       0x96 .\CortexM3\ARM_GCC_541\Debug\Dashboard.a(WDT_Reset.o)
 .debug_line    0x00003cb2      0x174 .\CortexM3\ARM_GCC_541\Debug\Dashboard.a(WDT_Timer.o)
 .debug_line    0x00003e26      0x134 .\CortexM3\ARM_GCC_541\Debug\Dashboard.a(isr_wdt.o)
 .debug_line    0x00003f5a      0x193 .\CortexM3\ARM_GCC_541\Debug\Dashboard.a(GraphicLCDIntf.o)
 .debug_line    0x000040ed       0x91 .\CortexM3\ARM_GCC_541\Debug\Dashboard.a(D_BL.o)
 .debug_line    0x0000417e       0x92 .\CortexM3\ARM_GCC_541\Debug\Dashboard.a(D_RST.o)
 .debug_line    0x00004210      0x1e9 .\CortexM3\ARM_GCC_541\Debug\Dashboard.a(CyFlash.o)
 .debug_line    0x000043f9      0x804 .\CortexM3\ARM_GCC_541\Debug\Dashboard.a(CyLib.o)
 .debug_line    0x00004bfd      0x364 .\CortexM3\ARM_GCC_541\Debug\Dashboard.a(cyPm.o)
 .debug_line    0x00004f61      0x23c .\CortexM3\ARM_GCC_541\Debug\Dashboard.a(CySpc.o)
 .debug_line    0x0000519d       0x60 .\CortexM3\ARM_GCC_541\Debug\Dashboard.a(cyutils.o)
 .debug_line    0x000051fd      0x36d .\CortexM3\ARM_GCC_541\Debug\Dashboard.a(ADC_GLV_V.o)
 .debug_line    0x0000556a       0x86 .\CortexM3\ARM_GCC_541\Debug\Dashboard.a(ADC_GLV_V_INT.o)
 .debug_line    0x000055f0      0x1a3 .\CortexM3\ARM_GCC_541\Debug\Dashboard.a(ADC_GLV_V_theACLK.o)
 .debug_line    0x00005793       0xb2 .\CortexM3\ARM_GCC_541\Debug\Dashboard.a(ADC_GLV_V_AMux.o)
 .debug_line    0x00005845      0x183 .\CortexM3\ARM_GCC_541\Debug\Dashboard.a(ADC_GLV_V_Ext_CP_Clk.o)
 .debug_line    0x000059c8       0x94 .\CortexM3\ARM_GCC_541\Debug\Dashboard.a(IMD_LED.o)
 .debug_line    0x00005a5c       0x94 .\CortexM3\ARM_GCC_541\Debug\Dashboard.a(BMS_LED.o)
 .debug_line    0x00005af0      0x17d .\CortexM3\ARM_GCC_541\Debug\Dashboard.a(ReadyToDrive_Timer.o)
 .debug_line    0x00005c6d      0x163 .\CortexM3\ARM_GCC_541\Debug\Dashboard.a(ReadyToDrive_Int.o)
 .debug_line    0x00005dd0       0x66 .\CortexM3\ARM_GCC_541\Debug\Dashboard.a(CyBootAsmGnu.o)

.debug_frame    0x00000000     0x3e38
 *(.debug_frame)
 .debug_frame   0x00000000     0x13c4 .\CortexM3\ARM_GCC_541\Debug\ugui.o
 .debug_frame   0x000013c4       0xd8 .\CortexM3\ARM_GCC_541\Debug\ugui_SSD1963.o
 .debug_frame   0x0000149c      0x120 .\CortexM3\ARM_GCC_541\Debug\frucd_display.o
 .debug_frame   0x000015bc       0xcc .\CortexM3\ARM_GCC_541\Debug\main.o
 .debug_frame   0x00001688      0x12c .\CortexM3\ARM_GCC_541\Debug\can_manga.o
 .debug_frame   0x000017b4      0x104 .\CortexM3\ARM_GCC_541\Debug\cyfitter_cfg.o
 .debug_frame   0x000018b8       0xac .\CortexM3\ARM_GCC_541\Debug\Cm3Start.o
 .debug_frame   0x00001964      0x1cc .\CortexM3\ARM_GCC_541\Debug\Dashboard.a(CAN.o)
 .debug_frame   0x00001b30       0x4c .\CortexM3\ARM_GCC_541\Debug\Dashboard.a(CAN_INT.o)
 .debug_frame   0x00001b7c       0x8c .\CortexM3\ARM_GCC_541\Debug\Dashboard.a(CAN_TX_RX_func.o)
 .debug_frame   0x00001c08       0x50 .\CortexM3\ARM_GCC_541\Debug\Dashboard.a(LED.o)
 .debug_frame   0x00001c58       0x50 .\CortexM3\ARM_GCC_541\Debug\Dashboard.a(Buzzer.o)
 .debug_frame   0x00001ca8       0x50 .\CortexM3\ARM_GCC_541\Debug\Dashboard.a(HV.o)
 .debug_frame   0x00001cf8       0x50 .\CortexM3\ARM_GCC_541\Debug\Dashboard.a(Drive.o)
 .debug_frame   0x00001d48       0x50 .\CortexM3\ARM_GCC_541\Debug\Dashboard.a(RGB3_1.o)
 .debug_frame   0x00001d98       0x50 .\CortexM3\ARM_GCC_541\Debug\Dashboard.a(RGB2_1.o)
 .debug_frame   0x00001de8       0x50 .\CortexM3\ARM_GCC_541\Debug\Dashboard.a(RGB1_1.o)
 .debug_frame   0x00001e38      0x13c .\CortexM3\ARM_GCC_541\Debug\Dashboard.a(Node_Timer.o)
 .debug_frame   0x00001f74      0x104 .\CortexM3\ARM_GCC_541\Debug\Dashboard.a(isr_nodeok.o)
 .debug_frame   0x00002078      0x17c .\CortexM3\ARM_GCC_541\Debug\Dashboard.a(EEPROM_1.o)
 .debug_frame   0x000021f4       0x50 .\CortexM3\ARM_GCC_541\Debug\Dashboard.a(WDT_Reset.o)
 .debug_frame   0x00002244      0x124 .\CortexM3\ARM_GCC_541\Debug\Dashboard.a(WDT_Timer.o)
 .debug_frame   0x00002368      0x104 .\CortexM3\ARM_GCC_541\Debug\Dashboard.a(isr_wdt.o)
 .debug_frame   0x0000246c      0x154 .\CortexM3\ARM_GCC_541\Debug\Dashboard.a(GraphicLCDIntf.o)
 .debug_frame   0x000025c0       0x50 .\CortexM3\ARM_GCC_541\Debug\Dashboard.a(D_BL.o)
 .debug_frame   0x00002610       0x50 .\CortexM3\ARM_GCC_541\Debug\Dashboard.a(D_RST.o)
 .debug_frame   0x00002660      0x174 .\CortexM3\ARM_GCC_541\Debug\Dashboard.a(CyFlash.o)
 .debug_frame   0x000027d4      0x728 .\CortexM3\ARM_GCC_541\Debug\Dashboard.a(CyLib.o)
 .debug_frame   0x00002efc      0x1f8 .\CortexM3\ARM_GCC_541\Debug\Dashboard.a(cyPm.o)
 .debug_frame   0x000030f4      0x160 .\CortexM3\ARM_GCC_541\Debug\Dashboard.a(CySpc.o)
 .debug_frame   0x00003254       0x20 .\CortexM3\ARM_GCC_541\Debug\Dashboard.a(cyutils.o)
 .debug_frame   0x00003274      0x278 .\CortexM3\ARM_GCC_541\Debug\Dashboard.a(ADC_GLV_V.o)
 .debug_frame   0x000034ec       0x50 .\CortexM3\ARM_GCC_541\Debug\Dashboard.a(ADC_GLV_V_INT.o)
 .debug_frame   0x0000353c      0x100 .\CortexM3\ARM_GCC_541\Debug\Dashboard.a(ADC_GLV_V_theACLK.o)
 .debug_frame   0x0000363c       0x64 .\CortexM3\ARM_GCC_541\Debug\Dashboard.a(ADC_GLV_V_AMux.o)
 .debug_frame   0x000036a0       0xe0 .\CortexM3\ARM_GCC_541\Debug\Dashboard.a(ADC_GLV_V_Ext_CP_Clk.o)
 .debug_frame   0x00003780       0x50 .\CortexM3\ARM_GCC_541\Debug\Dashboard.a(IMD_LED.o)
 .debug_frame   0x000037d0       0x50 .\CortexM3\ARM_GCC_541\Debug\Dashboard.a(BMS_LED.o)
 .debug_frame   0x00003820      0x124 .\CortexM3\ARM_GCC_541\Debug\Dashboard.a(ReadyToDrive_Timer.o)
 .debug_frame   0x00003944      0x110 .\CortexM3\ARM_GCC_541\Debug\Dashboard.a(ReadyToDrive_Int.o)
 .debug_frame   0x00003a54       0x20 c:/program files (x86)/cypress/psoc creator/4.4/psoc creator/import/gnu/arm/5.4.1/bin/../lib/gcc/arm-none-eabi/5.4.1/../../../../arm-none-eabi/lib/armv7-m\libg_nano.a(lib_a-errno.o)
 .debug_frame   0x00003a74       0x28 c:/program files (x86)/cypress/psoc creator/4.4/psoc creator/import/gnu/arm/5.4.1/bin/../lib/gcc/arm-none-eabi/5.4.1/../../../../arm-none-eabi/lib/armv7-m\libg_nano.a(lib_a-exit.o)
 .debug_frame   0x00003a9c       0x2c c:/program files (x86)/cypress/psoc creator/4.4/psoc creator/import/gnu/arm/5.4.1/bin/../lib/gcc/arm-none-eabi/5.4.1/../../../../arm-none-eabi/lib/armv7-m\libg_nano.a(lib_a-init.o)
 .debug_frame   0x00003ac8       0x28 c:/program files (x86)/cypress/psoc creator/4.4/psoc creator/import/gnu/arm/5.4.1/bin/../lib/gcc/arm-none-eabi/5.4.1/../../../../arm-none-eabi/lib/armv7-m\libg_nano.a(lib_a-memcpy-stub.o)
 .debug_frame   0x00003af0       0x20 c:/program files (x86)/cypress/psoc creator/4.4/psoc creator/import/gnu/arm/5.4.1/bin/../lib/gcc/arm-none-eabi/5.4.1/../../../../arm-none-eabi/lib/armv7-m\libg_nano.a(lib_a-memset.o)
 .debug_frame   0x00003b10       0x70 c:/program files (x86)/cypress/psoc creator/4.4/psoc creator/import/gnu/arm/5.4.1/bin/../lib/gcc/arm-none-eabi/5.4.1/../../../../arm-none-eabi/lib/armv7-m\libg_nano.a(lib_a-sprintf.o)
 .debug_frame   0x00003b80       0x90 c:/program files (x86)/cypress/psoc creator/4.4/psoc creator/import/gnu/arm/5.4.1/bin/../lib/gcc/arm-none-eabi/5.4.1/../../../../arm-none-eabi/lib/armv7-m\libg_nano.a(lib_a-nano-svfprintf.o)
 .debug_frame   0x00003c10       0x60 c:/program files (x86)/cypress/psoc creator/4.4/psoc creator/import/gnu/arm/5.4.1/bin/../lib/gcc/arm-none-eabi/5.4.1/../../../../arm-none-eabi/lib/armv7-m\libg_nano.a(lib_a-nano-vfprintf_i.o)
 .debug_frame   0x00003c70       0x28 c:/program files (x86)/cypress/psoc creator/4.4/psoc creator/import/gnu/arm/5.4.1/bin/../lib/gcc/arm-none-eabi/5.4.1/../../../../arm-none-eabi/lib/armv7-m\libg_nano.a(lib_a-memchr-stub.o)
 .debug_frame   0x00003c98       0x28 c:/program files (x86)/cypress/psoc creator/4.4/psoc creator/import/gnu/arm/5.4.1/bin/../lib/gcc/arm-none-eabi/5.4.1/../../../../arm-none-eabi/lib/armv7-m\libg_nano.a(lib_a-memmove.o)
 .debug_frame   0x00003cc0       0x38 c:/program files (x86)/cypress/psoc creator/4.4/psoc creator/import/gnu/arm/5.4.1/bin/../lib/gcc/arm-none-eabi/5.4.1/../../../../arm-none-eabi/lib/armv7-m\libg_nano.a(lib_a-nano-freer.o)
 .debug_frame   0x00003cf8       0x2c c:/program files (x86)/cypress/psoc creator/4.4/psoc creator/import/gnu/arm/5.4.1/bin/../lib/gcc/arm-none-eabi/5.4.1/../../../../arm-none-eabi/lib/armv7-m\libg_nano.a(lib_a-nano-mallocr.o)
 .debug_frame   0x00003d24       0x3c c:/program files (x86)/cypress/psoc creator/4.4/psoc creator/import/gnu/arm/5.4.1/bin/../lib/gcc/arm-none-eabi/5.4.1/../../../../arm-none-eabi/lib/armv7-m\libg_nano.a(lib_a-nano-reallocr.o)
 .debug_frame   0x00003d60       0x2c c:/program files (x86)/cypress/psoc creator/4.4/psoc creator/import/gnu/arm/5.4.1/bin/../lib/gcc/arm-none-eabi/5.4.1/../../../../arm-none-eabi/lib/armv7-m\libg_nano.a(lib_a-sbrkr.o)
 .debug_frame   0x00003d8c       0x30 c:/program files (x86)/cypress/psoc creator/4.4/psoc creator/import/gnu/arm/5.4.1/bin/../lib/gcc/arm-none-eabi/5.4.1/../../../../arm-none-eabi/lib/armv7-m\libg_nano.a(lib_a-mlock.o)
 .debug_frame   0x00003dbc       0x20 c:/program files (x86)/cypress/psoc creator/4.4/psoc creator/import/gnu/arm/5.4.1/bin/../lib/gcc/arm-none-eabi/5.4.1/../../../../arm-none-eabi/lib/armv7-m\libg_nano.a(lib_a-nano-msizer.o)
 .debug_frame   0x00003ddc       0x5c c:/program files (x86)/cypress/psoc creator/4.4/psoc creator/import/gnu/arm/5.4.1/bin/../lib/gcc/arm-none-eabi/5.4.1/../../../../arm-none-eabi/lib/armv7-m\libg_nano.a(lib_a-reent.o)

.debug_str      0x00000000     0x47f2
 *(.debug_str)
 .debug_str     0x00000000     0x1254 .\CortexM3\ARM_GCC_541\Debug\ugui.o
                               0x1314 (size before relaxing)
 .debug_str     0x00001254      0x11d .\CortexM3\ARM_GCC_541\Debug\ugui_SSD1963.o
                                0x55e (size before relaxing)
 .debug_str     0x00001371      0x1aa .\CortexM3\ARM_GCC_541\Debug\frucd_display.o
                                0x648 (size before relaxing)
 .debug_str     0x0000151b      0x449 .\CortexM3\ARM_GCC_541\Debug\main.o
                                0xab1 (size before relaxing)
 .debug_str     0x00001964      0x29e .\CortexM3\ARM_GCC_541\Debug\can_manga.o
                                0x953 (size before relaxing)
 .debug_str     0x00001c02      0x207 .\CortexM3\ARM_GCC_541\Debug\cyfitter_cfg.o
                                0x3ae (size before relaxing)
 .debug_str     0x00001e09       0x75 .\CortexM3\ARM_GCC_541\Debug\cymetadata.o
                                0x1ea (size before relaxing)
 .debug_str     0x00001e7e      0x144 .\CortexM3\ARM_GCC_541\Debug\Cm3Start.o
                                0x310 (size before relaxing)
 .debug_str     0x00001fc2      0x295 .\CortexM3\ARM_GCC_541\Debug\Dashboard.a(CAN.o)
                                0x4e7 (size before relaxing)
 .debug_str     0x00002257       0x59 .\CortexM3\ARM_GCC_541\Debug\Dashboard.a(CAN_INT.o)
                                0x24b (size before relaxing)
 .debug_str     0x000022b0       0x86 .\CortexM3\ARM_GCC_541\Debug\Dashboard.a(CAN_TX_RX_func.o)
                                0x309 (size before relaxing)
 .debug_str     0x00002336       0x2d .\CortexM3\ARM_GCC_541\Debug\Dashboard.a(LED.o)
                                0x1de (size before relaxing)
 .debug_str     0x00002363       0x53 .\CortexM3\ARM_GCC_541\Debug\Dashboard.a(Buzzer.o)
                                0x1ed (size before relaxing)
 .debug_str     0x000023b6       0x44 .\CortexM3\ARM_GCC_541\Debug\Dashboard.a(HV.o)
                                0x1d9 (size before relaxing)
 .debug_str     0x000023fa       0x50 .\CortexM3\ARM_GCC_541\Debug\Dashboard.a(Drive.o)
                                0x1e8 (size before relaxing)
 .debug_str     0x0000244a       0x53 .\CortexM3\ARM_GCC_541\Debug\Dashboard.a(RGB3_1.o)
                                0x1ed (size before relaxing)
 .debug_str     0x0000249d       0x53 .\CortexM3\ARM_GCC_541\Debug\Dashboard.a(RGB2_1.o)
                                0x1ed (size before relaxing)
 .debug_str     0x000024f0       0x53 .\CortexM3\ARM_GCC_541\Debug\Dashboard.a(RGB1_1.o)
                                0x1ed (size before relaxing)
 .debug_str     0x00002543      0x1cf .\CortexM3\ARM_GCC_541\Debug\Dashboard.a(Node_Timer.o)
                                0x3a6 (size before relaxing)
 .debug_str     0x00002712      0x133 .\CortexM3\ARM_GCC_541\Debug\Dashboard.a(isr_nodeok.o)
                                0x2f2 (size before relaxing)
 .debug_str     0x00002845      0x1f5 .\CortexM3\ARM_GCC_541\Debug\Dashboard.a(EEPROM_1.o)
                                0x3e2 (size before relaxing)
 .debug_str     0x00002a3a       0x5f .\CortexM3\ARM_GCC_541\Debug\Dashboard.a(WDT_Reset.o)
                                0x1fc (size before relaxing)
 .debug_str     0x00002a99      0x18e .\CortexM3\ARM_GCC_541\Debug\Dashboard.a(WDT_Timer.o)
                                0x389 (size before relaxing)
 .debug_str     0x00002c27       0xf2 .\CortexM3\ARM_GCC_541\Debug\Dashboard.a(isr_wdt.o)
                                0x2c8 (size before relaxing)
 .debug_str     0x00002d19      0x14d .\CortexM3\ARM_GCC_541\Debug\Dashboard.a(GraphicLCDIntf.o)
                                0x314 (size before relaxing)
 .debug_str     0x00002e66       0x4b .\CortexM3\ARM_GCC_541\Debug\Dashboard.a(D_BL.o)
                                0x1e3 (size before relaxing)
 .debug_str     0x00002eb1       0x4f .\CortexM3\ARM_GCC_541\Debug\Dashboard.a(D_RST.o)
                                0x1e8 (size before relaxing)
 .debug_str     0x00002f00      0x120 .\CortexM3\ARM_GCC_541\Debug\Dashboard.a(CyFlash.o)
                                0x3a7 (size before relaxing)
 .debug_str     0x00003020      0x792 .\CortexM3\ARM_GCC_541\Debug\Dashboard.a(CyLib.o)
                                0xa35 (size before relaxing)
 .debug_str     0x000037b2      0x343 .\CortexM3\ARM_GCC_541\Debug\Dashboard.a(cyPm.o)
                                0x72d (size before relaxing)
 .debug_str     0x00003af5       0x6e .\CortexM3\ARM_GCC_541\Debug\Dashboard.a(CySpc.o)
                                0x330 (size before relaxing)
 .debug_str     0x00003b63       0x2e .\CortexM3\ARM_GCC_541\Debug\Dashboard.a(cyutils.o)
                                0x1b8 (size before relaxing)
 .debug_str     0x00003b91      0x422 .\CortexM3\ARM_GCC_541\Debug\Dashboard.a(ADC_GLV_V.o)
                                0x6c5 (size before relaxing)
 .debug_str     0x00003fb3       0x63 .\CortexM3\ARM_GCC_541\Debug\Dashboard.a(ADC_GLV_V_INT.o)
                                0x1e4 (size before relaxing)
 .debug_str     0x00004016      0x1da .\CortexM3\ARM_GCC_541\Debug\Dashboard.a(ADC_GLV_V_theACLK.o)
                                0x3bb (size before relaxing)
 .debug_str     0x000041f0       0x77 .\CortexM3\ARM_GCC_541\Debug\Dashboard.a(ADC_GLV_V_AMux.o)
                                0x22f (size before relaxing)
 .debug_str     0x00004267      0x166 .\CortexM3\ARM_GCC_541\Debug\Dashboard.a(ADC_GLV_V_Ext_CP_Clk.o)
                                0x390 (size before relaxing)
 .debug_str     0x000043cd       0x57 .\CortexM3\ARM_GCC_541\Debug\Dashboard.a(IMD_LED.o)
                                0x1f2 (size before relaxing)
 .debug_str     0x00004424       0x57 .\CortexM3\ARM_GCC_541\Debug\Dashboard.a(BMS_LED.o)
                                0x1f2 (size before relaxing)
 .debug_str     0x0000447b      0x20e .\CortexM3\ARM_GCC_541\Debug\Dashboard.a(ReadyToDrive_Timer.o)
                                0x42b (size before relaxing)
 .debug_str     0x00004689      0x169 .\CortexM3\ARM_GCC_541\Debug\Dashboard.a(ReadyToDrive_Int.o)
                                0x36b (size before relaxing)

.debug_loc      0x00000000     0xbc28
 *(.debug_loc)
 .debug_loc     0x00000000     0x709c .\CortexM3\ARM_GCC_541\Debug\ugui.o
 .debug_loc     0x0000709c      0xb51 .\CortexM3\ARM_GCC_541\Debug\ugui_SSD1963.o
 .debug_loc     0x00007bed      0x3a3 .\CortexM3\ARM_GCC_541\Debug\frucd_display.o
 .debug_loc     0x00007f90      0x120 .\CortexM3\ARM_GCC_541\Debug\main.o
 .debug_loc     0x000080b0      0x206 .\CortexM3\ARM_GCC_541\Debug\can_manga.o
 .debug_loc     0x000082b6      0x2cb .\CortexM3\ARM_GCC_541\Debug\cyfitter_cfg.o
 .debug_loc     0x00008581      0x144 .\CortexM3\ARM_GCC_541\Debug\Cm3Start.o
 .debug_loc     0x000086c5      0x980 .\CortexM3\ARM_GCC_541\Debug\Dashboard.a(CAN.o)
 .debug_loc     0x00009045       0x54 .\CortexM3\ARM_GCC_541\Debug\Dashboard.a(CAN_INT.o)
 .debug_loc     0x00009099      0x1e4 .\CortexM3\ARM_GCC_541\Debug\Dashboard.a(CAN_TX_RX_func.o)
 .debug_loc     0x0000927d       0x42 .\CortexM3\ARM_GCC_541\Debug\Dashboard.a(LED.o)
 .debug_loc     0x000092bf       0x42 .\CortexM3\ARM_GCC_541\Debug\Dashboard.a(Buzzer.o)
 .debug_loc     0x00009301       0x42 .\CortexM3\ARM_GCC_541\Debug\Dashboard.a(HV.o)
 .debug_loc     0x00009343       0x42 .\CortexM3\ARM_GCC_541\Debug\Dashboard.a(Drive.o)
 .debug_loc     0x00009385       0x42 .\CortexM3\ARM_GCC_541\Debug\Dashboard.a(RGB3_1.o)
 .debug_loc     0x000093c7       0x42 .\CortexM3\ARM_GCC_541\Debug\Dashboard.a(RGB2_1.o)
 .debug_loc     0x00009409       0x42 .\CortexM3\ARM_GCC_541\Debug\Dashboard.a(RGB1_1.o)
 .debug_loc     0x0000944b       0x6b .\CortexM3\ARM_GCC_541\Debug\Dashboard.a(Node_Timer.o)
 .debug_loc     0x000094b6       0x56 .\CortexM3\ARM_GCC_541\Debug\Dashboard.a(isr_nodeok.o)
 .debug_loc     0x0000950c      0x49f .\CortexM3\ARM_GCC_541\Debug\Dashboard.a(EEPROM_1.o)
 .debug_loc     0x000099ab       0x42 .\CortexM3\ARM_GCC_541\Debug\Dashboard.a(WDT_Reset.o)
 .debug_loc     0x000099ed       0x13 .\CortexM3\ARM_GCC_541\Debug\Dashboard.a(WDT_Timer.o)
 .debug_loc     0x00009a00       0x56 .\CortexM3\ARM_GCC_541\Debug\Dashboard.a(isr_wdt.o)
 .debug_loc     0x00009a56      0x1a6 .\CortexM3\ARM_GCC_541\Debug\Dashboard.a(GraphicLCDIntf.o)
 .debug_loc     0x00009bfc       0x42 .\CortexM3\ARM_GCC_541\Debug\Dashboard.a(D_BL.o)
 .debug_loc     0x00009c3e       0x42 .\CortexM3\ARM_GCC_541\Debug\Dashboard.a(D_RST.o)
 .debug_loc     0x00009c80      0x2f2 .\CortexM3\ARM_GCC_541\Debug\Dashboard.a(CyFlash.o)
 .debug_loc     0x00009f72      0xa11 .\CortexM3\ARM_GCC_541\Debug\Dashboard.a(CyLib.o)
 .debug_loc     0x0000a983      0x1e4 .\CortexM3\ARM_GCC_541\Debug\Dashboard.a(cyPm.o)
 .debug_loc     0x0000ab67      0x64d .\CortexM3\ARM_GCC_541\Debug\Dashboard.a(CySpc.o)
 .debug_loc     0x0000b1b4       0x21 .\CortexM3\ARM_GCC_541\Debug\Dashboard.a(cyutils.o)
 .debug_loc     0x0000b1d5      0x681 .\CortexM3\ARM_GCC_541\Debug\Dashboard.a(ADC_GLV_V.o)
 .debug_loc     0x0000b856      0x14d .\CortexM3\ARM_GCC_541\Debug\Dashboard.a(ADC_GLV_V_theACLK.o)
 .debug_loc     0x0000b9a3       0x6c .\CortexM3\ARM_GCC_541\Debug\Dashboard.a(ADC_GLV_V_AMux.o)
 .debug_loc     0x0000ba0f      0x12c .\CortexM3\ARM_GCC_541\Debug\Dashboard.a(ADC_GLV_V_Ext_CP_Clk.o)
 .debug_loc     0x0000bb3b       0x42 .\CortexM3\ARM_GCC_541\Debug\Dashboard.a(IMD_LED.o)
 .debug_loc     0x0000bb7d       0x42 .\CortexM3\ARM_GCC_541\Debug\Dashboard.a(BMS_LED.o)
 .debug_loc     0x0000bbbf       0x13 .\CortexM3\ARM_GCC_541\Debug\Dashboard.a(ReadyToDrive_Timer.o)
 .debug_loc     0x0000bbd2       0x56 .\CortexM3\ARM_GCC_541\Debug\Dashboard.a(ReadyToDrive_Int.o)

.debug_macinfo
 *(.debug_macinfo)

.debug_ranges   0x00000000     0x1390
 *(.debug_ranges)
 .debug_ranges  0x00000000      0x558 .\CortexM3\ARM_GCC_541\Debug\ugui.o
 .debug_ranges  0x00000558       0x38 .\CortexM3\ARM_GCC_541\Debug\ugui_SSD1963.o
 .debug_ranges  0x00000590       0x48 .\CortexM3\ARM_GCC_541\Debug\frucd_display.o
 .debug_ranges  0x000005d8       0x40 .\CortexM3\ARM_GCC_541\Debug\main.o
 .debug_ranges  0x00000618       0x70 .\CortexM3\ARM_GCC_541\Debug\can_manga.o
 .debug_ranges  0x00000688       0x58 .\CortexM3\ARM_GCC_541\Debug\cyfitter_cfg.o
 .debug_ranges  0x000006e0       0x38 .\CortexM3\ARM_GCC_541\Debug\Cm3Start.o
 .debug_ranges  0x00000718       0xb8 .\CortexM3\ARM_GCC_541\Debug\Dashboard.a(CAN.o)
 .debug_ranges  0x000007d0       0x18 .\CortexM3\ARM_GCC_541\Debug\Dashboard.a(CAN_INT.o)
 .debug_ranges  0x000007e8       0x30 .\CortexM3\ARM_GCC_541\Debug\Dashboard.a(CAN_TX_RX_func.o)
 .debug_ranges  0x00000818       0x28 .\CortexM3\ARM_GCC_541\Debug\Dashboard.a(LED.o)
 .debug_ranges  0x00000840       0x28 .\CortexM3\ARM_GCC_541\Debug\Dashboard.a(Buzzer.o)
 .debug_ranges  0x00000868       0x28 .\CortexM3\ARM_GCC_541\Debug\Dashboard.a(HV.o)
 .debug_ranges  0x00000890       0x28 .\CortexM3\ARM_GCC_541\Debug\Dashboard.a(Drive.o)
 .debug_ranges  0x000008b8       0x28 .\CortexM3\ARM_GCC_541\Debug\Dashboard.a(RGB3_1.o)
 .debug_ranges  0x000008e0       0x28 .\CortexM3\ARM_GCC_541\Debug\Dashboard.a(RGB2_1.o)
 .debug_ranges  0x00000908       0x28 .\CortexM3\ARM_GCC_541\Debug\Dashboard.a(RGB1_1.o)
 .debug_ranges  0x00000930       0x80 .\CortexM3\ARM_GCC_541\Debug\Dashboard.a(Node_Timer.o)
 .debug_ranges  0x000009b0       0x70 .\CortexM3\ARM_GCC_541\Debug\Dashboard.a(isr_nodeok.o)
 .debug_ranges  0x00000a20       0x68 .\CortexM3\ARM_GCC_541\Debug\Dashboard.a(EEPROM_1.o)
 .debug_ranges  0x00000a88       0x28 .\CortexM3\ARM_GCC_541\Debug\Dashboard.a(WDT_Reset.o)
 .debug_ranges  0x00000ab0       0x80 .\CortexM3\ARM_GCC_541\Debug\Dashboard.a(WDT_Timer.o)
 .debug_ranges  0x00000b30       0x70 .\CortexM3\ARM_GCC_541\Debug\Dashboard.a(isr_wdt.o)
 .debug_ranges  0x00000ba0       0x78 .\CortexM3\ARM_GCC_541\Debug\Dashboard.a(GraphicLCDIntf.o)
 .debug_ranges  0x00000c18       0x28 .\CortexM3\ARM_GCC_541\Debug\Dashboard.a(D_BL.o)
 .debug_ranges  0x00000c40       0x28 .\CortexM3\ARM_GCC_541\Debug\Dashboard.a(D_RST.o)
 .debug_ranges  0x00000c68       0x70 .\CortexM3\ARM_GCC_541\Debug\Dashboard.a(CyFlash.o)
 .debug_ranges  0x00000cd8      0x288 .\CortexM3\ARM_GCC_541\Debug\Dashboard.a(CyLib.o)
 .debug_ranges  0x00000f60       0x88 .\CortexM3\ARM_GCC_541\Debug\Dashboard.a(cyPm.o)
 .debug_ranges  0x00000fe8       0x68 .\CortexM3\ARM_GCC_541\Debug\Dashboard.a(CySpc.o)