Archive member included to satisfy reference by file (symbol)

.\CortexM3\ARM_GCC_541\Debug\Dashboard.a(CAN.o)
                              .\CortexM3\ARM_GCC_541\Debug\main.o (CAN_GlobalIntEnable)
.\CortexM3\ARM_GCC_541\Debug\Dashboard.a(CAN_INT.o)
                              .\CortexM3\ARM_GCC_541\Debug\Dashboard.a(CAN.o) (CAN_ISR)
.\CortexM3\ARM_GCC_541\Debug\Dashboard.a(CAN_TX_RX_func.o)
                              .\CortexM3\ARM_GCC_541\Debug\can_manga.o (CAN_SendMsg)
.\CortexM3\ARM_GCC_541\Debug\Dashboard.a(LED.o)
                              .\CortexM3\ARM_GCC_541\Debug\main.o (LED_Write)
.\CortexM3\ARM_GCC_541\Debug\Dashboard.a(Buzzer.o)
                              .\CortexM3\ARM_GCC_541\Debug\main.o (Buzzer_Write)
.\CortexM3\ARM_GCC_541\Debug\Dashboard.a(HV.o)
                              .\CortexM3\ARM_GCC_541\Debug\main.o (HV_Read)
.\CortexM3\ARM_GCC_541\Debug\Dashboard.a(Drive.o)
                              .\CortexM3\ARM_GCC_541\Debug\main.o (Drive_Read)
.\CortexM3\ARM_GCC_541\Debug\Dashboard.a(RGB3_1.o)
                              .\CortexM3\ARM_GCC_541\Debug\main.o (RGB3_1_Write)
.\CortexM3\ARM_GCC_541\Debug\Dashboard.a(RGB2_1.o)
                              .\CortexM3\ARM_GCC_541\Debug\main.o (RGB2_1_Write)
.\CortexM3\ARM_GCC_541\Debug\Dashboard.a(RGB1_1.o)
                              .\CortexM3\ARM_GCC_541\Debug\main.o (RGB1_1_Write)
.\CortexM3\ARM_GCC_541\Debug\Dashboard.a(Node_Timer.o)
                              .\CortexM3\ARM_GCC_541\Debug\main.o (Node_Timer_Start)
.\CortexM3\ARM_GCC_541\Debug\Dashboard.a(isr_nodeok.o)
                              .\CortexM3\ARM_GCC_541\Debug\main.o (isr_nodeok_Start)
.\CortexM3\ARM_GCC_541\Debug\Dashboard.a(EEPROM_1.o)
                              .\CortexM3\ARM_GCC_541\Debug\main.o (EEPROM_1_Start)
.\CortexM3\ARM_GCC_541\Debug\Dashboard.a(WDT_Reset.o)
                              .\CortexM3\ARM_GCC_541\Debug\main.o (WDT_Reset_Write)
.\CortexM3\ARM_GCC_541\Debug\Dashboard.a(WDT_Timer.o)
                              .\CortexM3\ARM_GCC_541\Debug\main.o (WDT_Timer_Start)
.\CortexM3\ARM_GCC_541\Debug\Dashboard.a(isr_wdt.o)
                              .\CortexM3\ARM_GCC_541\Debug\main.o (isr_wdt_StartEx)
.\CortexM3\ARM_GCC_541\Debug\Dashboard.a(GraphicLCDIntf.o)
                              .\CortexM3\ARM_GCC_541\Debug\main.o (GraphicLCDIntf_Start)
.\CortexM3\ARM_GCC_541\Debug\Dashboard.a(D_BL.o)
                              .\CortexM3\ARM_GCC_541\Debug\main.o (D_BL_Write)
.\CortexM3\ARM_GCC_541\Debug\Dashboard.a(D_RST.o)
                              .\CortexM3\ARM_GCC_541\Debug\ugui_SSD1963.o (D_RST_Write)
.\CortexM3\ARM_GCC_541\Debug\Dashboard.a(CyFlash.o)
                              .\CortexM3\ARM_GCC_541\Debug\Dashboard.a(EEPROM_1.o) (dieTemperature)
.\CortexM3\ARM_GCC_541\Debug\Dashboard.a(CyLib.o)
                              .\CortexM3\ARM_GCC_541\Debug\Cm3Start.o (CyHalt)
.\CortexM3\ARM_GCC_541\Debug\Dashboard.a(cyPm.o)
                              .\CortexM3\ARM_GCC_541\Debug\Dashboard.a(CyLib.o) (CyPmReadStatus)
.\CortexM3\ARM_GCC_541\Debug\Dashboard.a(CySpc.o)
                              .\CortexM3\ARM_GCC_541\Debug\Dashboard.a(EEPROM_1.o) (CySpcStart)
.\CortexM3\ARM_GCC_541\Debug\Dashboard.a(cyutils.o)
                              .\CortexM3\ARM_GCC_541\Debug\Dashboard.a(Node_Timer.o) (CySetReg24)
.\CortexM3\ARM_GCC_541\Debug\Dashboard.a(ADC_GLV_V.o)
                              .\CortexM3\ARM_GCC_541\Debug\main.o (ADC_GLV_V_Start)
.\CortexM3\ARM_GCC_541\Debug\Dashboard.a(ADC_GLV_V_INT.o)
                              .\CortexM3\ARM_GCC_541\Debug\Dashboard.a(ADC_GLV_V.o) (ADC_GLV_V_ISR1)
.\CortexM3\ARM_GCC_541\Debug\Dashboard.a(ADC_GLV_V_theACLK.o)
                              .\CortexM3\ARM_GCC_541\Debug\Dashboard.a(ADC_GLV_V.o) (ADC_GLV_V_theACLK_SetModeRegister)
.\CortexM3\ARM_GCC_541\Debug\Dashboard.a(ADC_GLV_V_AMux.o)
                              .\CortexM3\ARM_GCC_541\Debug\Dashboard.a(ADC_GLV_V.o) (ADC_GLV_V_AMux_Select)
.\CortexM3\ARM_GCC_541\Debug\Dashboard.a(ADC_GLV_V_Ext_CP_Clk.o)
                              .\CortexM3\ARM_GCC_541\Debug\Dashboard.a(ADC_GLV_V.o) (ADC_GLV_V_Ext_CP_Clk_SetModeRegister)
.\CortexM3\ARM_GCC_541\Debug\Dashboard.a(IMD_LED.o)
                              .\CortexM3\ARM_GCC_541\Debug\main.o (IMD_LED_Write)
.\CortexM3\ARM_GCC_541\Debug\Dashboard.a(BMS_LED.o)
                              .\CortexM3\ARM_GCC_541\Debug\main.o (BMS_LED_Write)
.\CortexM3\ARM_GCC_541\Debug\Dashboard.a(ReadyToDrive_Timer.o)
                              .\CortexM3\ARM_GCC_541\Debug\main.o (ReadyToDrive_Timer_Enable)
.\CortexM3\ARM_GCC_541\Debug\Dashboard.a(ReadyToDrive_Int.o)
                              .\CortexM3\ARM_GCC_541\Debug\main.o (ReadyToDrive_Int_Start)
.\CortexM3\ARM_GCC_541\Debug\Dashboard.a(CyBootAsmGnu.o)
                              .\CortexM3\ARM_GCC_541\Debug\cyfitter_cfg.o (CyDelayCycles)
[...]
Memory Configuration

Name             Origin             Length             Attributes
rom              0x00000000         0x00040000         xr
ram              0x1fff8000         0x00010000         xrw
*default*        0x00000000         0xffffffff

Linker script and memory map

LOAD c:/program files (x86)/cypress/psoc creator/4.4/psoc creator/import/gnu/arm/5.4.1/bin/../lib/gcc/arm-none-eabi/5.4.1/armv7-m/crti.o
LOAD c:/program files (x86)/cypress/psoc creator/4.4/psoc creator/import/gnu/arm/5.4.1/bin/../lib/gcc/arm-none-eabi/5.4.1/armv7-m/crtbegin.o
LOAD c:/program files (x86)/cypress/psoc creator/4.4/psoc creator/import/gnu/arm/5.4.1/bin/../lib/gcc/arm-none-eabi/5.4.1/../../../../arm-none-eabi/lib/armv7-m/crt0.o
START GROUP
LOAD .\CortexM3\ARM_GCC_541\Debug\ugui.o
LOAD .\CortexM3\ARM_GCC_541\Debug\ugui_SSD1963.o
LOAD .\CortexM3\ARM_GCC_541\Debug\frucd_display.o
LOAD .\CortexM3\ARM_GCC_541\Debug\main.o
LOAD .\CortexM3\ARM_GCC_541\Debug\can_manga.o
LOAD .\CortexM3\ARM_GCC_541\Debug\cyfitter_cfg.o
LOAD .\CortexM3\ARM_GCC_541\Debug\cymetadata.o
LOAD .\CortexM3\ARM_GCC_541\Debug\Cm3Start.o
LOAD .\CortexM3\ARM_GCC_541\Debug\Dashboard.a
LOAD C:\Program Files (x86)\Cypress\PSoC Creator\4.4\PSoC Creator\psoc\content\cycomponentlibrary\CyComponentLibrary.cylib\CortexM3\ARM_GCC_541\Debug\CyComponentLibrary.a
END GROUP
START GROUP
LOAD c:/program files (x86)/cypress/psoc creator/4.4/psoc creator/import/gnu/arm/5.4.1/bin/../lib/gcc/arm-none-eabi/5.4.1/armv7-m\libgcc.a
LOAD c:/program files (x86)/cypress/psoc creator/4.4/psoc creator/import/gnu/arm/5.4.1/bin/../lib/gcc/arm-none-eabi/5.4.1/../../../../arm-none-eabi/lib/armv7-m\libg_nano.a
LOAD c:/program files (x86)/cypress/psoc creator/4.4/psoc creator/import/gnu/arm/5.4.1/bin/../lib/gcc/arm-none-eabi/5.4.1/../../../../arm-none-eabi/lib/armv7-m\libc_nano.a
END GROUP
START GROUP
LOAD c:/program files (x86)/cypress/psoc creator/4.4/psoc creator/import/gnu/arm/5.4.1/bin/../lib/gcc/arm-none-eabi/5.4.1/armv7-m\libgcc.a
LOAD c:/program files (x86)/cypress/psoc creator/4.4/psoc creator/import/gnu/arm/5.4.1/bin/../lib/gcc/arm-none-eabi/5.4.1/../../../../arm-none-eabi/lib/armv7-m\libc_nano.a
END GROUP
LOAD c:/program files (x86)/cypress/psoc creator/4.4/psoc creator/import/gnu/arm/5.4.1/bin/../lib/gcc/arm-none-eabi/5.4.1/armv7-m/crtend.o
LOAD c:/program files (x86)/cypress/psoc creator/4.4/psoc creator/import/gnu/arm/5.4.1/bin/../lib/gcc/arm-none-eabi/5.4.1/armv7-m/crtn.o
START GROUP
LOAD c:/program files (x86)/cypress/psoc creator/4.4/psoc creator/import/gnu/arm/5.4.1/bin/../lib/gcc/arm-none-eabi/5.4.1/armv7-m\libgcc.a
LOAD c:/program files (x86)/cypress/psoc creator/4.4/psoc creator/import/gnu/arm/5.4.1/bin/../lib/gcc/arm-none-eabi/5.4.1/../../../../arm-none-eabi/lib/armv7-m\libc.a
LOAD c:/program files (x86)/cypress/psoc creator/4.4/psoc creator/import/gnu/arm/5.4.1/bin/../lib/gcc/arm-none-eabi/5.4.1/../../../../arm-none-eabi/lib/armv7-m\libnosys.a
END GROUP
                0x00000000                CY_APPL_ORIGIN = 0x0
                0x00000100                CY_FLASH_ROW_SIZE = 0x100
                0x00000020                CY_ECC_ROW_SIZE = 0x20
                0x00000000                CY_EE_IN_BTLDR = 0x0
                0x00000000                CY_APPL_LOADABLE = 0x0
                0x00000800                CY_EE_SIZE = 0x800
                0x00000001                CY_APPL_NUM = 0x1
                0x00000001                CY_APPL_MAX = 0x1
                0x00000040                CY_METADATA_SIZE = 0x40
                0x00000000                CY_APPL_LOADABLE = 0x0
                0x00000000                CY_CHECKSUM_EXCLUDE_SIZE = ALIGN (0x0, CY_FLASH_ROW_SIZE)
                [!provide]                PROVIDE (__cy_heap_start, _end)
                0x00000001                PROVIDE (__cy_region_num, ((__cy_regions_end - __cy_regions) / 0x10))
                0x20008000                PROVIDE (__cy_stack, (ORIGIN (ram) + LENGTH (ram)))
                [!provide]                PROVIDE (__cy_heap_end, (__cy_stack - 0x800))

.cybootloader   0x00000000        0x0
 *(.cybootloader)
                0x00000000                appl1_start = CY_APPL_ORIGIN?CY_APPL_ORIGIN:ALIGN (CY_FLASH_ROW_SIZE)
                0x0001ff00                appl2_start = (appl1_start + ALIGN ((((LENGTH (rom) - appl1_start) - (0x2 * CY_FLASH_ROW_SIZE)) / 0x2), CY_FLASH_ROW_SIZE))
                0x00000000                appl_start = (CY_APPL_NUM == 0x1)?appl1_start:appl2_start
                0x00000000                ecc_offset = ((appl_start / CY_FLASH_ROW_SIZE) * CY_ECC_ROW_SIZE)
                0x00000000                ee_offset = (CY_APPL_LOADABLE && ! (CY_EE_IN_BTLDR))?((CY_EE_SIZE / CY_APPL_MAX) * (CY_APPL_NUM - 0x1)):0x0
                0x00000800                ee_size = (CY_APPL_LOADABLE && ! (CY_EE_IN_BTLDR))?(CY_EE_SIZE / CY_APPL_MAX):CY_EE_SIZE
                [!provide]                PROVIDE (CY_ECC_OFFSET, ecc_offset)

.text           0x00000000     0x3790
 CREATE_OBJECT_SYMBOLS
                0x00000000                PROVIDE (__cy_interrupt_vector, RomVectors)
 *(.romvectors)
 .romvectors    0x00000000       0x10 .\CortexM3\ARM_GCC_541\Debug\Cm3Start.o
                0x00000000                RomVectors
                0x00000001                ASSERT ((. != __cy_interrupt_vector), No interrupt vector)
                0x00000001                ASSERT (CY_APPL_ORIGIN?(SIZEOF (.cybootloader) <= CY_APPL_ORIGIN):0x1, Wrong image location)
                0x00000010                PROVIDE (__cy_reset, Reset)
 *(.text.Reset)
 .text.Reset    0x00000010       0x18 .\CortexM3\ARM_GCC_541\Debug\Cm3Start.o
                0x00000010                Reset
                0x00000001                ASSERT ((. != __cy_reset), No reset code)
 *(.dma_init)
                0x00000001                ASSERT ((((appl_start + .) <= 0x10000) || 0x1), DMA Init must be within the first 64k of flash)
 *(.text .text.* .gnu.linkonce.t.*)
 .text          0x00000028       0x5c c:/program files (x86)/cypress/psoc creator/4.4/psoc creator/import/gnu/arm/5.4.1/bin/../lib/gcc/arm-none-eabi/5.4.1/armv7-m/crtbegin.o
 .text.UG_Init  0x00000084       0x70 .\CortexM3\ARM_GCC_541\Debug\ugui.o
                0x00000084                UG_Init
 .text.UG_FontSelect
                0x000000f4       0x1c .\CortexM3\ARM_GCC_541\Debug\ugui.o
                0x000000f4                UG_FontSelect
 .text.UG_FillFrame
                0x00000110       0x70 .\CortexM3\ARM_GCC_541\Debug\ugui.o
                0x00000110                UG_FillFrame
 .text.UG_FillScreen
                0x00000180       0x2c .\CortexM3\ARM_GCC_541\Debug\ugui.o
                0x00000180                UG_FillScreen
 .text.UG_SetForecolor
                0x000001ac        0xc .\CortexM3\ARM_GCC_541\Debug\ugui.o
                0x000001ac                UG_SetForecolor
 .text.UG_SetBackcolor
                0x000001b8        0xc .\CortexM3\ARM_GCC_541\Debug\ugui.o
                0x000001b8                UG_SetBackcolor
 .text._UG_PutChar
                0x000001c4      0x370 .\CortexM3\ARM_GCC_541\Debug\ugui.o
                0x000001c4                _UG_PutChar
 .text.UG_PutChar
                0x00000534       0x1c .\CortexM3\ARM_GCC_541\Debug\ugui.o
                0x00000534                UG_PutChar
 .text.UG_PutString
                0x00000550       0x88 .\CortexM3\ARM_GCC_541\Debug\ugui.o
                0x00000550                UG_PutString
 .text.UG_PutColorString
                0x000005d8       0x8c .\CortexM3\ARM_GCC_541\Debug\ugui.o
                0x000005d8                UG_PutColorString
 .text.UG_DriverRegister
                0x00000664       0x1c .\CortexM3\ARM_GCC_541\Debug\ugui.o
                0x00000664                UG_DriverRegister
 .text.Display_Init
                0x00000680      0x254 .\CortexM3\ARM_GCC_541\Debug\ugui_SSD1963.o
                0x00000680                Display_Init
 .text.Display_WindowSet
                0x000008d4       0x5c .\CortexM3\ARM_GCC_541\Debug\ugui_SSD1963.o
                0x000008d4                Display_WindowSet
 .text.Display_PSet
                0x00000930       0x48 .\CortexM3\ARM_GCC_541\Debug\ugui_SSD1963.o
                0x00000930                Display_PSet
 .text.HW_FillFrame
                0x00000978       0xa4 .\CortexM3\ARM_GCC_541\Debug\ugui_SSD1963.o
                0x00000978                HW_FillFrame
 .text.HW_DrawLine
                0x00000a1c       0x68 .\CortexM3\ARM_GCC_541\Debug\ugui_SSD1963.o
                0x00000a1c                HW_DrawLine
 .text.HW_DrawImage
                0x00000a84       0x74 .\CortexM3\ARM_GCC_541\Debug\ugui_SSD1963.o
                0x00000a84                HW_DrawImage
 .text.calibrateScreen
                0x00000af8       0x74 .\CortexM3\ARM_GCC_541\Debug\frucd_display.o
                0x00000af8                calibrateScreen
 .text.initDashTemplate
                0x00000b6c       0x64 .\CortexM3\ARM_GCC_541\Debug\frucd_display.o
                0x00000b6c                initDashTemplate
 .text.disp_SOC
                0x00000bd0      0x108 .\CortexM3\ARM_GCC_541\Debug\frucd_display.o
                0x00000bd0                disp_SOC
 .text.disp_max_pack_temp
                0x00000cd8       0xb4 .\CortexM3\ARM_GCC_541\Debug\frucd_display.o
                0x00000cd8                disp_max_pack_temp
 .text.disp_state
                0x00000d8c      0x274 .\CortexM3\ARM_GCC_541\Debug\frucd_display.o
                0x00000d8c                disp_state
 .text.disp_glv_v
                0x00001000       0xd0 .\CortexM3\ARM_GCC_541\Debug\frucd_display.o
                0x00001000                disp_glv_v
 .text.disp_mc_temp
                0x000010d0       0x88 .\CortexM3\ARM_GCC_541\Debug\frucd_display.o
                0x000010d0                disp_mc_temp
 .text.disp_motor_temp
                0x00001158       0x8c .\CortexM3\ARM_GCC_541\Debug\frucd_display.o
                0x00001158                disp_motor_temp
 .text.ISR_WDT  0x000011e4       0x20 .\CortexM3\ARM_GCC_541\Debug\main.o
                0x000011e4                ISR_WDT
 .text.LED_color
                0x00001204       0xb4 .\CortexM3\ARM_GCC_541\Debug\main.o
                0x00001204                LED_color
 .text.LED_color_wheel
                0x000012b8       0x1c .\CortexM3\ARM_GCC_541\Debug\main.o
                0x000012b8                LED_color_wheel
 .text.nodeCheckStart
                0x000012d4        0xc .\CortexM3\ARM_GCC_541\Debug\main.o
                0x000012d4                nodeCheckStart
 .text.main     0x000012e0      0x184 .\CortexM3\ARM_GCC_541\Debug\main.o
                0x000012e0                main
 .text.can_send
                0x00001464       0x40 .\CortexM3\ARM_GCC_541\Debug\can_manga.o
                0x00001464                can_send
 .text.can_send_switches
                0x000014a4       0x34 .\CortexM3\ARM_GCC_541\Debug\can_manga.o
                0x000014a4                can_send_switches
 .text.can_send_cmd
                0x000014d8       0x3c .\CortexM3\ARM_GCC_541\Debug\can_manga.o
                0x000014d8                can_send_cmd
 .text.CyClockStartupError
                0x00001514        0x4 .\CortexM3\ARM_GCC_541\Debug\cyfitter_cfg.o
 .text.cfg_write_bytes32
                0x00001518       0x34 .\CortexM3\ARM_GCC_541\Debug\cyfitter_cfg.o
 .text.AnalogSetDefault
                0x0000154c       0x40 .\CortexM3\ARM_GCC_541\Debug\cyfitter_cfg.o
 .text.CYMEMZERO
                0x0000158c        0xc .\CortexM3\ARM_GCC_541\Debug\cyfitter_cfg.o
 .text.CYCONFIGCPY
                0x00001598        0x8 .\CortexM3\ARM_GCC_541\Debug\cyfitter_cfg.o
 .text.ClockSetup
                0x000015a0       0xf8 .\CortexM3\ARM_GCC_541\Debug\cyfitter_cfg.o
 .text.ADC_GLV_V_AMux_Set
                0x00001698       0x1c .\CortexM3\ARM_GCC_541\Debug\cyfitter_cfg.o
                0x00001698                ADC_GLV_V_AMux_Set
 .text.ADC_GLV_V_AMux_Unset
                0x000016b4       0x1c .\CortexM3\ARM_GCC_541\Debug\cyfitter_cfg.o
                0x000016b4                ADC_GLV_V_AMux_Unset
 .text.cyfitter_cfg
                0x000016d0      0x174 .\CortexM3\ARM_GCC_541\Debug\cyfitter_cfg.o
                0x000016d0                cyfitter_cfg
 .text.IntDefaultHandler
                0x00001844        0x4 .\CortexM3\ARM_GCC_541\Debug\Cm3Start.o
                0x00001844                IntDefaultHandler
 .text._sbrk    0x00001848       0x30 .\CortexM3\ARM_GCC_541\Debug\Cm3Start.o
                0x00001848                _sbrk
 .text.Start_c  0x00001878       0x4c .\CortexM3\ARM_GCC_541\Debug\Cm3Start.o
                0x00001878                Start_c
 .text.initialize_psoc
                0x000018c4       0x68 .\CortexM3\ARM_GCC_541\Debug\Cm3Start.o
                0x000018c4                initialize_psoc
 .text.CAN_GlobalIntEnable
                0x0000192c       0x20 .\CortexM3\ARM_GCC_541\Debug\Dashboard.a(CAN.o)
                0x0000192c                CAN_GlobalIntEnable
 .text.CAN_Enable
                0x0000194c       0x6c .\CortexM3\ARM_GCC_541\Debug\Dashboard.a(CAN.o)
                0x0000194c                CAN_Enable
 .text.CAN_SetPreScaler
                0x000019b8       0x24 .\CortexM3\ARM_GCC_541\Debug\Dashboard.a(CAN.o)
                0x000019b8                CAN_SetPreScaler
 .text.CAN_SetArbiter
                0x000019dc       0x3c .\CortexM3\ARM_GCC_541\Debug\Dashboard.a(CAN.o)
                0x000019dc                CAN_SetArbiter
 .text.CAN_SetTsegSample
                0x00001a18       0x84 .\CortexM3\ARM_GCC_541\Debug\Dashboard.a(CAN.o)
                0x00001a18                CAN_SetTsegSample
 .text.CAN_SetRestartType
                0x00001a9c       0x3c .\CortexM3\ARM_GCC_541\Debug\Dashboard.a(CAN.o)
                0x00001a9c                CAN_SetRestartType
 .text.CAN_SetEdgeMode
                0x00001ad8       0x3c .\CortexM3\ARM_GCC_541\Debug\Dashboard.a(CAN.o)
                0x00001ad8                CAN_SetEdgeMode
 .text.CAN_SetIrqMask
                0x00001b14       0x18 .\CortexM3\ARM_GCC_541\Debug\Dashboard.a(CAN.o)
                0x00001b14                CAN_SetIrqMask
 .text.CAN_RxBufConfig
                0x00001b2c       0x90 .\CortexM3\ARM_GCC_541\Debug\Dashboard.a(CAN.o)
                0x00001b2c                CAN_RxBufConfig
 .text.CAN_TxBufConfig
                0x00001bbc       0x54 .\CortexM3\ARM_GCC_541\Debug\Dashboard.a(CAN.o)
                0x00001bbc                CAN_TxBufConfig
 .text.CAN_RxTxBuffersConfig
                0x00001c10       0x50 .\CortexM3\ARM_GCC_541\Debug\Dashboard.a(CAN.o)
                0x00001c10                CAN_RxTxBuffersConfig
 .text.CAN_Init
                0x00001c60       0xe0 .\CortexM3\ARM_GCC_541\Debug\Dashboard.a(CAN.o)
                0x00001c60                CAN_Init
 .text.CAN_Start
                0x00001d40       0x24 .\CortexM3\ARM_GCC_541\Debug\Dashboard.a(CAN.o)
                0x00001d40                CAN_Start
 .text.CAN_MsgRXIsr
                0x00001d64       0x7c .\CortexM3\ARM_GCC_541\Debug\Dashboard.a(CAN_INT.o)
                0x00001d64                CAN_MsgRXIsr
 .text.CAN_ISR  0x00001de0       0x18 .\CortexM3\ARM_GCC_541\Debug\Dashboard.a(CAN_INT.o)
                0x00001de0                CAN_ISR
 .text.CAN_SendMsg
                0x00001df8       0xdc .\CortexM3\ARM_GCC_541\Debug\Dashboard.a(CAN_TX_RX_func.o)
                0x00001df8                CAN_SendMsg
 .text.CAN_ReceiveMsg
                0x00001ed4       0x1c .\CortexM3\ARM_GCC_541\Debug\Dashboard.a(CAN_TX_RX_func.o)
                0x00001ed4                CAN_ReceiveMsg
 .text.CAN_ReceiveMsgVEHICLE_STATE
                0x00001ef0       0x1c .\CortexM3\ARM_GCC_541\Debug\Dashboard.a(CAN_TX_RX_func.o)
                0x00001ef0                CAN_ReceiveMsgVEHICLE_STATE
 .text.CAN_ReceiveMsgBMS_STATUS_MSG
                0x00001f0c       0x34 .\CortexM3\ARM_GCC_541\Debug\Dashboard.a(CAN_TX_RX_func.o)
                0x00001f0c                CAN_ReceiveMsgBMS_STATUS_MSG
 .text.CAN_ReceiveMsgBMS_TEMPERATURES
                0x00001f40       0x1c .\CortexM3\ARM_GCC_541\Debug\Dashboard.a(CAN_TX_RX_func.o)
                0x00001f40                CAN_ReceiveMsgBMS_TEMPERATURES
 .text.CAN_ReceiveMsgMC_PDO_SEND
                0x00001f5c       0x2c .\CortexM3\ARM_GCC_541\Debug\Dashboard.a(CAN_TX_RX_func.o)
                0x00001f5c                CAN_ReceiveMsgMC_PDO_SEND
 .text.CAN_ReceiveMsgMC_PDO_ACK
                0x00001f88       0x28 .\CortexM3\ARM_GCC_541\Debug\Dashboard.a(CAN_TX_RX_func.o)
                0x00001f88                CAN_ReceiveMsgMC_PDO_ACK
 .text.CAN_ReceiveMsgPEI_CURRENT
                0x00001fb0       0x34 .\CortexM3\ARM_GCC_541\Debug\Dashboard.a(CAN_TX_RX_func.o)
                0x00001fb0                CAN_ReceiveMsgPEI_CURRENT
 .text.LED_Write
                0x00001fe4       0x18 .\CortexM3\ARM_GCC_541\Debug\Dashboard.a(LED.o)
                0x00001fe4                LED_Write
 .text.Buzzer_Write
                0x00001ffc       0x18 .\CortexM3\ARM_GCC_541\Debug\Dashboard.a(Buzzer.o)
                0x00001ffc                Buzzer_Write
 .text.HV_Read  0x00002014       0x10 .\CortexM3\ARM_GCC_541\Debug\Dashboard.a(HV.o)
                0x00002014                HV_Read
 .text.Drive_Read
                0x00002024       0x10 .\CortexM3\ARM_GCC_541\Debug\Dashboard.a(Drive.o)
                0x00002024                Drive_Read
 .text.RGB3_1_Write
                0x00002034       0x18 .\CortexM3\ARM_GCC_541\Debug\Dashboard.a(RGB3_1.o)
                0x00002034                RGB3_1_Write
 .text.RGB2_1_Write
                0x0000204c       0x18 .\CortexM3\ARM_GCC_541\Debug\Dashboard.a(RGB2_1.o)
                0x0000204c                RGB2_1_Write
 .text.RGB1_1_Write
                0x00002064       0x18 .\CortexM3\ARM_GCC_541\Debug\Dashboard.a(RGB1_1.o)
                0x00002064                RGB1_1_Write
 .text.Node_Timer_Enable
                0x0000207c       0x10 .\CortexM3\ARM_GCC_541\Debug\Dashboard.a(Node_Timer.o)
                0x0000207c                Node_Timer_Enable
 .text.Node_Timer_SetInterruptMode
                0x0000208c        0xc .\CortexM3\ARM_GCC_541\Debug\Dashboard.a(Node_Timer.o)
                0x0000208c                Node_Timer_SetInterruptMode
 .text.Node_Timer_ReadStatusRegister
                0x00002098        0xc .\CortexM3\ARM_GCC_541\Debug\Dashboard.a(Node_Timer.o)
                0x00002098                Node_Timer_ReadStatusRegister
 .text.Node_Timer_WritePeriod
                0x000020a4       0x10 .\CortexM3\ARM_GCC_541\Debug\Dashboard.a(Node_Timer.o)
                0x000020a4                Node_Timer_WritePeriod
 .text.Node_Timer_ReadCapture
                0x000020b4       0x10 .\CortexM3\ARM_GCC_541\Debug\Dashboard.a(Node_Timer.o)
                0x000020b4                Node_Timer_ReadCapture
 .text.Node_Timer_WriteCounter
                0x000020c4       0x10 .\CortexM3\ARM_GCC_541\Debug\Dashboard.a(Node_Timer.o)
                0x000020c4                Node_Timer_WriteCounter
 .text.Node_Timer_ClearFIFO
                0x000020d4       0x14 .\CortexM3\ARM_GCC_541\Debug\Dashboard.a(Node_Timer.o)
                0x000020d4                Node_Timer_ClearFIFO
 .text.Node_Timer_Init
                0x000020e8       0x38 .\CortexM3\ARM_GCC_541\Debug\Dashboard.a(Node_Timer.o)
                0x000020e8                Node_Timer_Init
 .text.Node_Timer_Start
                0x00002120       0x1c .\CortexM3\ARM_GCC_541\Debug\Dashboard.a(Node_Timer.o)
                0x00002120                Node_Timer_Start
 .text.isr_nodeok_Interrupt
                0x0000213c        0x4 .\CortexM3\ARM_GCC_541\Debug\Dashboard.a(isr_nodeok.o)
                0x0000213c                isr_nodeok_Interrupt
 .text.isr_nodeok_SetVector
                0x00002140        0xc .\CortexM3\ARM_GCC_541\Debug\Dashboard.a(isr_nodeok.o)
                0x00002140                isr_nodeok_SetVector
 .text.isr_nodeok_SetPriority
                0x0000214c       0x10 .\CortexM3\ARM_GCC_541\Debug\Dashboard.a(isr_nodeok.o)
                0x0000214c                isr_nodeok_SetPriority
 .text.isr_nodeok_Enable
                0x0000215c        0xc .\CortexM3\ARM_GCC_541\Debug\Dashboard.a(isr_nodeok.o)
                0x0000215c                isr_nodeok_Enable
 .text.isr_nodeok_Disable
                0x00002168        0xc .\CortexM3\ARM_GCC_541\Debug\Dashboard.a(isr_nodeok.o)
                0x00002168                isr_nodeok_Disable
 .text.isr_nodeok_Start
                0x00002174       0x1c .\CortexM3\ARM_GCC_541\Debug\Dashboard.a(isr_nodeok.o)
                0x00002174                isr_nodeok_Start
 .text.EEPROM_1_Enable
                0x00002190        0xc .\CortexM3\ARM_GCC_541\Debug\Dashboard.a(EEPROM_1.o)
                0x00002190                EEPROM_1_Enable
 .text.EEPROM_1_Start
                0x0000219c        0x8 .\CortexM3\ARM_GCC_541\Debug\Dashboard.a(EEPROM_1.o)
                0x0000219c                EEPROM_1_Start
 .text.WDT_Reset_Write
                0x000021a4       0x18 .\CortexM3\ARM_GCC_541\Debug\Dashboard.a(WDT_Reset.o)
                0x000021a4                WDT_Reset_Write
 .text.WDT_Timer_Enable
                0x000021bc       0x10 .\CortexM3\ARM_GCC_541\Debug\Dashboard.a(WDT_Timer.o)
                0x000021bc                WDT_Timer_Enable
 .text.WDT_Timer_SetInterruptMode
                0x000021cc        0xc .\CortexM3\ARM_GCC_541\Debug\Dashboard.a(WDT_Timer.o)
                0x000021cc                WDT_Timer_SetInterruptMode
 .text.WDT_Timer_ReadStatusRegister
                0x000021d8        0xc .\CortexM3\ARM_GCC_541\Debug\Dashboard.a(WDT_Timer.o)
                0x000021d8                WDT_Timer_ReadStatusRegister
 .text.WDT_Timer_WritePeriod
                0x000021e4        0xc .\CortexM3\ARM_GCC_541\Debug\Dashboard.a(WDT_Timer.o)
                0x000021e4                WDT_Timer_WritePeriod
 .text.WDT_Timer_ReadCapture
                0x000021f0        0xc .\CortexM3\ARM_GCC_541\Debug\Dashboard.a(WDT_Timer.o)
                0x000021f0                WDT_Timer_ReadCapture
 .text.WDT_Timer_WriteCounter
                0x000021fc        0xc .\CortexM3\ARM_GCC_541\Debug\Dashboard.a(WDT_Timer.o)
                0x000021fc                WDT_Timer_WriteCounter
 .text.WDT_Timer_ClearFIFO
                0x00002208       0x14 .\CortexM3\ARM_GCC_541\Debug\Dashboard.a(WDT_Timer.o)
                0x00002208                WDT_Timer_ClearFIFO
 .text.WDT_Timer_Init
                0x0000221c       0x38 .\CortexM3\ARM_GCC_541\Debug\Dashboard.a(WDT_Timer.o)
                0x0000221c                WDT_Timer_Init
 .text.WDT_Timer_Start
                0x00002254       0x1c .\CortexM3\ARM_GCC_541\Debug\Dashboard.a(WDT_Timer.o)
                0x00002254                WDT_Timer_Start
 .text.isr_wdt_SetVector
                0x00002270        0xc .\CortexM3\ARM_GCC_541\Debug\Dashboard.a(isr_wdt.o)
                0x00002270                isr_wdt_SetVector
 .text.isr_wdt_SetPriority
                0x0000227c       0x10 .\CortexM3\ARM_GCC_541\Debug\Dashboard.a(isr_wdt.o)
                0x0000227c                isr_wdt_SetPriority
 .text.isr_wdt_Enable
                0x0000228c        0xc .\CortexM3\ARM_GCC_541\Debug\Dashboard.a(isr_wdt.o)
                0x0000228c                isr_wdt_Enable
 .text.isr_wdt_Disable
                0x00002298        0xc .\CortexM3\ARM_GCC_541\Debug\Dashboard.a(isr_wdt.o)
                0x00002298                isr_wdt_Disable
 .text.isr_wdt_StartEx
                0x000022a4       0x1c .\CortexM3\ARM_GCC_541\Debug\Dashboard.a(isr_wdt.o)
                0x000022a4                isr_wdt_StartEx
 .text.GraphicLCDIntf_Init
                0x000022c0       0x14 .\CortexM3\ARM_GCC_541\Debug\Dashboard.a(GraphicLCDIntf.o)
                0x000022c0                GraphicLCDIntf_Init
 .text.GraphicLCDIntf_Start
                0x000022d4       0x18 .\CortexM3\ARM_GCC_541\Debug\Dashboard.a(GraphicLCDIntf.o)
                0x000022d4                GraphicLCDIntf_Start
 .text.GraphicLCDIntf_Write8
                0x000022ec       0x1c .\CortexM3\ARM_GCC_541\Debug\Dashboard.a(GraphicLCDIntf.o)
                0x000022ec                GraphicLCDIntf_Write8
 .text.GraphicLCDIntf_WriteM8
                0x00002308       0x2c .\CortexM3\ARM_GCC_541\Debug\Dashboard.a(GraphicLCDIntf.o)
                0x00002308                GraphicLCDIntf_WriteM8
 .text.D_BL_Write
                0x00002334       0x18 .\CortexM3\ARM_GCC_541\Debug\Dashboard.a(D_BL.o)
                0x00002334                D_BL_Write
 .text.D_RST_Write
                0x0000234c       0x18 .\CortexM3\ARM_GCC_541\Debug\Dashboard.a(D_RST.o)
                0x0000234c                D_RST_Write
 .text.CyFlashGetSpcAlgorithm
                0x00002364       0x4c .\CortexM3\ARM_GCC_541\Debug\Dashboard.a(CyFlash.o)
 .text.CySetTempInt
                0x000023b0       0x60 .\CortexM3\ARM_GCC_541\Debug\Dashboard.a(CyFlash.o)
 .text.CySetTemp
                0x00002410       0x14 .\CortexM3\ARM_GCC_541\Debug\Dashboard.a(CyFlash.o)
                0x00002410                CySetTemp
 .text.CyEEPROM_Start
                0x00002424       0x54 .\CortexM3\ARM_GCC_541\Debug\Dashboard.a(CyFlash.o)
                0x00002424                CyEEPROM_Start
 .text.CyHalt   0x00002478        0x4 .\CortexM3\ARM_GCC_541\Debug\Dashboard.a(CyLib.o)
                0x00002478                CyHalt
 .text.CyDelay  0x0000247c       0x2c .\CortexM3\ARM_GCC_541\Debug\Dashboard.a(CyLib.o)
                0x0000247c                CyDelay
 .text.CyDelayUs
                0x000024a8       0x14 .\CortexM3\ARM_GCC_541\Debug\Dashboard.a(CyLib.o)
                0x000024a8                CyDelayUs
 .text.CyIntSetVector
                0x000024bc       0x28 .\CortexM3\ARM_GCC_541\Debug\Dashboard.a(CyLib.o)
                0x000024bc                CyIntSetVector
 .text.CyIntSetPriority
                0x000024e4       0x30 .\CortexM3\ARM_GCC_541\Debug\Dashboard.a(CyLib.o)
                0x000024e4                CyIntSetPriority
 .text.CySpcStart
                0x00002514       0x24 .\CortexM3\ARM_GCC_541\Debug\Dashboard.a(CySpc.o)
                0x00002514                CySpcStart
 .text.CySpcReadData
                0x00002538       0x34 .\CortexM3\ARM_GCC_541\Debug\Dashboard.a(CySpc.o)
                0x00002538                CySpcReadData
 .text.CySpcGetTemp
                0x0000256c       0x3c .\CortexM3\ARM_GCC_541\Debug\Dashboard.a(CySpc.o)
                0x0000256c                CySpcGetTemp
 .text.CySpcLock
                0x000025a8       0x4c .\CortexM3\ARM_GCC_541\Debug\Dashboard.a(CySpc.o)
                0x000025a8                CySpcLock
 .text.CySpcUnlock
                0x000025f4       0x38 .\CortexM3\ARM_GCC_541\Debug\Dashboard.a(CySpc.o)
                0x000025f4                CySpcUnlock
 .text.CySpcGetAlgorithm
                0x0000262c       0x28 .\CortexM3\ARM_GCC_541\Debug\Dashboard.a(CySpc.o)
                0x0000262c                CySpcGetAlgorithm
 .text.CySetReg24
                0x00002654       0x14 .\CortexM3\ARM_GCC_541\Debug\Dashboard.a(cyutils.o)
                0x00002654                CySetReg24
 .text.ADC_GLV_V_GainCompensation
                0x00002668       0xdc .\CortexM3\ARM_GCC_541\Debug\Dashboard.a(ADC_GLV_V.o)
 .text.ADC_GLV_V_SetDSMRef0Reg
                0x00002744       0x4c .\CortexM3\ARM_GCC_541\Debug\Dashboard.a(ADC_GLV_V.o)
 .text.ADC_GLV_V_InitConfig
                0x00002790       0xe0 .\CortexM3\ARM_GCC_541\Debug\Dashboard.a(ADC_GLV_V.o)
 .text.ADC_GLV_V_Init
                0x00002870       0xc4 .\CortexM3\ARM_GCC_541\Debug\Dashboard.a(ADC_GLV_V.o)
                0x00002870                ADC_GLV_V_Init
 .text.ADC_GLV_V_Enable
                0x00002934       0xd8 .\CortexM3\ARM_GCC_541\Debug\Dashboard.a(ADC_GLV_V.o)
                0x00002934                ADC_GLV_V_Enable
 .text.ADC_GLV_V_Start
                0x00002a0c       0x28 .\CortexM3\ARM_GCC_541\Debug\Dashboard.a(ADC_GLV_V.o)
                0x00002a0c                ADC_GLV_V_Start
 .text.ADC_GLV_V_StartConvert
                0x00002a34       0x10 .\CortexM3\ARM_GCC_541\Debug\Dashboard.a(ADC_GLV_V.o)
                0x00002a34                ADC_GLV_V_StartConvert
 .text.ADC_GLV_V_StopConvert
                0x00002a44       0x10 .\CortexM3\ARM_GCC_541\Debug\Dashboard.a(ADC_GLV_V.o)
                0x00002a44                ADC_GLV_V_StopConvert
 .text.ADC_GLV_V_IsEndConversion
                0x00002a54       0x30 .\CortexM3\ARM_GCC_541\Debug\Dashboard.a(ADC_GLV_V.o)
                0x00002a54                ADC_GLV_V_IsEndConversion
 .text.ADC_GLV_V_GetResult16
                0x00002a84       0x50 .\CortexM3\ARM_GCC_541\Debug\Dashboard.a(ADC_GLV_V.o)
                0x00002a84                ADC_GLV_V_GetResult16
 .text.ADC_GLV_V_CountsTo_mVolts
                0x00002ad4       0x24 .\CortexM3\ARM_GCC_541\Debug\Dashboard.a(ADC_GLV_V.o)
                0x00002ad4                ADC_GLV_V_CountsTo_mVolts
 .text.ADC_GLV_V_Read16
                0x00002af8       0x28 .\CortexM3\ARM_GCC_541\Debug\Dashboard.a(ADC_GLV_V.o)
                0x00002af8                ADC_GLV_V_Read16
 .text.ADC_GLV_V_ISR1
                0x00002b20        0x4 .\CortexM3\ARM_GCC_541\Debug\Dashboard.a(ADC_GLV_V_INT.o)
                0x00002b20                ADC_GLV_V_ISR1
 .text.ADC_GLV_V_theACLK_GetDividerRegister
                0x00002b24        0xc .\CortexM3\ARM_GCC_541\Debug\Dashboard.a(ADC_GLV_V_theACLK.o)
                0x00002b24                ADC_GLV_V_theACLK_GetDividerRegister
 .text.ADC_GLV_V_theACLK_SetModeRegister
                0x00002b30       0x14 .\CortexM3\ARM_GCC_541\Debug\Dashboard.a(ADC_GLV_V_theACLK.o)
                0x00002b30                ADC_GLV_V_theACLK_SetModeRegister
 .text.ADC_GLV_V_theACLK_GetSourceRegister
                0x00002b44       0x10 .\CortexM3\ARM_GCC_541\Debug\Dashboard.a(ADC_GLV_V_theACLK.o)
                0x00002b44                ADC_GLV_V_theACLK_GetSourceRegister
 .text.ADC_GLV_V_theACLK_SetDividerRegister
                0x00002b54       0xd8 .\CortexM3\ARM_GCC_541\Debug\Dashboard.a(ADC_GLV_V_theACLK.o)
                0x00002b54                ADC_GLV_V_theACLK_SetDividerRegister
 .text.ADC_GLV_V_AMux_Start
                0x00002c2c       0x20 .\CortexM3\ARM_GCC_541\Debug\Dashboard.a(ADC_GLV_V_AMux.o)
                0x00002c2c                ADC_GLV_V_AMux_Start
 .text.ADC_GLV_V_AMux_Select
                0x00002c4c       0x18 .\CortexM3\ARM_GCC_541\Debug\Dashboard.a(ADC_GLV_V_AMux.o)
                0x00002c4c                ADC_GLV_V_AMux_Select
 .text.ADC_GLV_V_Ext_CP_Clk_GetDividerRegister
                0x00002c64        0xc .\CortexM3\ARM_GCC_541\Debug\Dashboard.a(ADC_GLV_V_Ext_CP_Clk.o)
                0x00002c64                ADC_GLV_V_Ext_CP_Clk_GetDividerRegister
 .text.ADC_GLV_V_Ext_CP_Clk_SetModeRegister
                0x00002c70       0x14 .\CortexM3\ARM_GCC_541\Debug\Dashboard.a(ADC_GLV_V_Ext_CP_Clk.o)
                0x00002c70                ADC_GLV_V_Ext_CP_Clk_SetModeRegister
 .text.ADC_GLV_V_Ext_CP_Clk_GetSourceRegister
                0x00002c84       0x10 .\CortexM3\ARM_GCC_541\Debug\Dashboard.a(ADC_GLV_V_Ext_CP_Clk.o)
                0x00002c84                ADC_GLV_V_Ext_CP_Clk_GetSourceRegister
 .text.ADC_GLV_V_Ext_CP_Clk_SetDividerRegister
                0x00002c94       0xd8 .\CortexM3\ARM_GCC_541\Debug\Dashboard.a(ADC_GLV_V_Ext_CP_Clk.o)
                0x00002c94                ADC_GLV_V_Ext_CP_Clk_SetDividerRegister
 .text.IMD_LED_Write
                0x00002d6c       0x18 .\CortexM3\ARM_GCC_541\Debug\Dashboard.a(IMD_LED.o)
                0x00002d6c                IMD_LED_Write
 .text.BMS_LED_Write
                0x00002d84       0x18 .\CortexM3\ARM_GCC_541\Debug\Dashboard.a(BMS_LED.o)
                0x00002d84                BMS_LED_Write
 .text.ReadyToDrive_Timer_Enable
                0x00002d9c       0x10 .\CortexM3\ARM_GCC_541\Debug\Dashboard.a(ReadyToDrive_Timer.o)
                0x00002d9c                ReadyToDrive_Timer_Enable
 .text.ReadyToDrive_Timer_Stop
                0x00002dac       0x10 .\CortexM3\ARM_GCC_541\Debug\Dashboard.a(ReadyToDrive_Timer.o)
                0x00002dac                ReadyToDrive_Timer_Stop
 .text.ReadyToDrive_Timer_SetInterruptMode
                0x00002dbc        0xc .\CortexM3\ARM_GCC_541\Debug\Dashboard.a(ReadyToDrive_Timer.o)
                0x00002dbc                ReadyToDrive_Timer_SetInterruptMode
 .text.ReadyToDrive_Timer_ReadStatusRegister
                0x00002dc8        0xc .\CortexM3\ARM_GCC_541\Debug\Dashboard.a(ReadyToDrive_Timer.o)
                0x00002dc8                ReadyToDrive_Timer_ReadStatusRegister
 .text.ReadyToDrive_Timer_WritePeriod
                0x00002dd4        0xc .\CortexM3\ARM_GCC_541\Debug\Dashboard.a(ReadyToDrive_Timer.o)
                0x00002dd4                ReadyToDrive_Timer_WritePeriod
 .text.ReadyToDrive_Timer_ReadCapture
                0x00002de0        0xc .\CortexM3\ARM_GCC_541\Debug\Dashboard.a(ReadyToDrive_Timer.o)
                0x00002de0                ReadyToDrive_Timer_ReadCapture
 .text.ReadyToDrive_Timer_WriteCounter
                0x00002dec        0xc .\CortexM3\ARM_GCC_541\Debug\Dashboard.a(ReadyToDrive_Timer.o)
                0x00002dec                ReadyToDrive_Timer_WriteCounter
 .text.ReadyToDrive_Timer_ClearFIFO
                0x00002df8       0x14 .\CortexM3\ARM_GCC_541\Debug\Dashboard.a(ReadyToDrive_Timer.o)
                0x00002df8                ReadyToDrive_Timer_ClearFIFO
 .text.ReadyToDrive_Timer_Init
                0x00002e0c       0x38 .\CortexM3\ARM_GCC_541\Debug\Dashboard.a(ReadyToDrive_Timer.o)
                0x00002e0c                ReadyToDrive_Timer_Init
 .text.ReadyToDrive_Int_Interrupt
                0x00002e44       0x10 .\CortexM3\ARM_GCC_541\Debug\Dashboard.a(ReadyToDrive_Int.o)
                0x00002e44                ReadyToDrive_Int_Interrupt
 .text.ReadyToDrive_Int_SetVector
                0x00002e54        0xc .\CortexM3\ARM_GCC_541\Debug\Dashboard.a(ReadyToDrive_Int.o)
                0x00002e54                ReadyToDrive_Int_SetVector
 .text.ReadyToDrive_Int_SetPriority
                0x00002e60       0x10 .\CortexM3\ARM_GCC_541\Debug\Dashboard.a(ReadyToDrive_Int.o)
                0x00002e60                ReadyToDrive_Int_SetPriority
 .text.ReadyToDrive_Int_Enable
                0x00002e70        0xc .\CortexM3\ARM_GCC_541\Debug\Dashboard.a(ReadyToDrive_Int.o)
                0x00002e70                ReadyToDrive_Int_Enable
 .text.ReadyToDrive_Int_Disable
                0x00002e7c        0xc .\CortexM3\ARM_GCC_541\Debug\Dashboard.a(ReadyToDrive_Int.o)
                0x00002e7c                ReadyToDrive_Int_Disable
 .text.ReadyToDrive_Int_Start
                0x00002e88       0x1c .\CortexM3\ARM_GCC_541\Debug\Dashboard.a(ReadyToDrive_Int.o)
                0x00002e88                ReadyToDrive_Int_Start
 *fill*         0x00002ea4        0x4 
 .text          0x00002ea8       0x20 .\CortexM3\ARM_GCC_541\Debug\Dashboard.a(CyBootAsmGnu.o)
                0x00002ea8                CyDelayCycles
                0x00002eb8                CyEnterCriticalSection
                0x00002ec0                CyExitCriticalSection
 .text.__errno  0x00002ec8        0xc c:/program files (x86)/cypress/psoc creator/4.4/psoc creator/import/gnu/arm/5.4.1/bin/../lib/gcc/arm-none-eabi/5.4.1/../../../../arm-none-eabi/lib/armv7-m\libg_nano.a(lib_a-errno.o)
                0x00002ec8                __errno
 .text.__libc_init_array
                0x00002ed4       0x4c c:/program files (x86)/cypress/psoc creator/4.4/psoc creator/import/gnu/arm/5.4.1/bin/../lib/gcc/arm-none-eabi/5.4.1/../../../../arm-none-eabi/lib/armv7-m\libg_nano.a(lib_a-init.o)
                0x00002ed4                __libc_init_array
 .text.memcpy   0x00002f20       0x16 c:/program files (x86)/cypress/psoc creator/4.4/psoc creator/import/gnu/arm/5.4.1/bin/../lib/gcc/arm-none-eabi/5.4.1/../../../../arm-none-eabi/lib/armv7-m\libg_nano.a(lib_a-memcpy-stub.o)
                0x00002f20                memcpy
 .text.memset   0x00002f36       0x10 c:/program files (x86)/cypress/psoc creator/4.4/psoc creator/import/gnu/arm/5.4.1/bin/../lib/gcc/arm-none-eabi/5.4.1/../../../../arm-none-eabi/lib/armv7-m\libg_nano.a(lib_a-memset.o)
                0x00002f36                memset
 *fill*         0x00002f46        0x2 
 .text.sprintf  0x00002f48       0x48 c:/program files (x86)/cypress/psoc creator/4.4/psoc creator/import/gnu/arm/5.4.1/bin/../lib/gcc/arm-none-eabi/5.4.1/../../../../arm-none-eabi/lib/armv7-m\libg_nano.a(lib_a-sprintf.o)
                0x00002f48                siprintf
                0x00002f48                sprintf
 .text.__ssputs_r
                0x00002f90       0xb2 c:/program files (x86)/cypress/psoc creator/4.4/psoc creator/import/gnu/arm/5.4.1/bin/../lib/gcc/arm-none-eabi/5.4.1/../../../../arm-none-eabi/lib/armv7-m\libg_nano.a(lib_a-nano-svfprintf.o)
                0x00002f90                __ssputs_r
 *fill*         0x00003042        0x2 
 .text._svfprintf_r
                0x00003044      0x1e8 c:/program files (x86)/cypress/psoc creator/4.4/psoc creator/import/gnu/arm/5.4.1/bin/../lib/gcc/arm-none-eabi/5.4.1/../../../../arm-none-eabi/lib/armv7-m\libg_nano.a(lib_a-nano-svfprintf.o)
                0x00003044                _svfiprintf_r
                0x00003044                _svfprintf_r
 .text._printf_common
                0x0000322c       0xec c:/program files (x86)/cypress/psoc creator/4.4/psoc creator/import/gnu/arm/5.4.1/bin/../lib/gcc/arm-none-eabi/5.4.1/../../../../arm-none-eabi/lib/armv7-m\libg_nano.a(lib_a-nano-vfprintf_i.o)
                0x0000322c                _printf_common
 .text._printf_i
                0x00003318      0x24c c:/program files (x86)/cypress/psoc creator/4.4/psoc creator/import/gnu/arm/5.4.1/bin/../lib/gcc/arm-none-eabi/5.4.1/../../../../arm-none-eabi/lib/armv7-m\libg_nano.a(lib_a-nano-vfprintf_i.o)
                0x00003318                _printf_i
 .text.memchr   0x00003564       0x1c c:/program files (x86)/cypress/psoc creator/4.4/psoc creator/import/gnu/arm/5.4.1/bin/../lib/gcc/arm-none-eabi/5.4.1/../../../../arm-none-eabi/lib/armv7-m\libg_nano.a(lib_a-memchr-stub.o)
                0x00003564                memchr
 .text.memmove  0x00003580       0x36 c:/program files (x86)/cypress/psoc creator/4.4/psoc creator/import/gnu/arm/5.4.1/bin/../lib/gcc/arm-none-eabi/5.4.1/../../../../arm-none-eabi/lib/armv7-m\libg_nano.a(lib_a-memmove.o)
                0x00003580                memmove
 *fill*         0x000035b6        0x2 
 .text._free_r  0x000035b8       0x98 c:/program files (x86)/cypress/psoc creator/4.4/psoc creator/import/gnu/arm/5.4.1/bin/../lib/gcc/arm-none-eabi/5.4.1/../../../../arm-none-eabi/lib/armv7-m\libg_nano.a(lib_a-nano-freer.o)
                0x000035b8                _free_r
 .text._malloc_r
                0x00003650       0xbc c:/program files (x86)/cypress/psoc creator/4.4/psoc creator/import/gnu/arm/5.4.1/bin/../lib/gcc/arm-none-eabi/5.4.1/../../../../arm-none-eabi/lib/armv7-m\libg_nano.a(lib_a-nano-mallocr.o)
                0x00003650                _malloc_r
 .text._realloc_r
                0x0000370c       0x4c c:/program files (x86)/cypress/psoc creator/4.4/psoc creator/import/gnu/arm/5.4.1/bin/../lib/gcc/arm-none-eabi/5.4.1/../../../../arm-none-eabi/lib/armv7-m\libg_nano.a(lib_a-nano-reallocr.o)
                0x0000370c                _realloc_r
 .text._sbrk_r  0x00003758       0x20 c:/program files (x86)/cypress/psoc creator/4.4/psoc creator/import/gnu/arm/5.4.1/bin/../lib/gcc/arm-none-eabi/5.4.1/../../../../arm-none-eabi/lib/armv7-m\libg_nano.a(lib_a-sbrkr.o)
                0x00003758                _sbrk_r
 .text.__malloc_lock
                0x00003778        0x2 c:/program files (x86)/cypress/psoc creator/4.4/psoc creator/import/gnu/arm/5.4.1/bin/../lib/gcc/arm-none-eabi/5.4.1/../../../../arm-none-eabi/lib/armv7-m\libg_nano.a(lib_a-mlock.o)
                0x00003778                __malloc_lock
 .text.__malloc_unlock
                0x0000377a        0x2 c:/program files (x86)/cypress/psoc creator/4.4/psoc creator/import/gnu/arm/5.4.1/bin/../lib/gcc/arm-none-eabi/5.4.1/../../../../arm-none-eabi/lib/armv7-m\libg_nano.a(lib_a-mlock.o)
                0x0000377a                __malloc_unlock
 .text._malloc_usable_size_r
                0x0000377c       0x14 c:/program files (x86)/cypress/psoc creator/4.4/psoc creator/import/gnu/arm/5.4.1/bin/../lib/gcc/arm-none-eabi/5.4.1/../../../../arm-none-eabi/lib/armv7-m\libg_nano.a(lib_a-nano-msizer.o)
                0x0000377c                _malloc_usable_size_r
 *(.plt)
 *(.gnu.warning)
 *(.glue_7t)
 .glue_7t       0x00003790        0x0 linker stubs
 *(.glue_7)
 .glue_7        0x00003790        0x0 linker stubs
 *(.vfp11_veneer)
 .vfp11_veneer  0x00003790        0x0 linker stubs
 *(.bootloader)
 *(.ARM.extab* .gnu.linkonce.armextab.*)
 *(.gcc_except_table)

.v4_bx          0x00003790        0x0
 .v4_bx         0x00003790        0x0 linker stubs

.iplt           0x00003790        0x0
 .iplt          0x00003790        0x0 c:/program files (x86)/cypress/psoc creator/4.4/psoc creator/import/gnu/arm/5.4.1/bin/../lib/gcc/arm-none-eabi/5.4.1/armv7-m/crtbegin.o

.eh_frame_hdr
 *(.eh_frame_hdr)

.eh_frame       0x00003790        0x4
 *(.eh_frame)
 .eh_frame      0x00003790        0x0 c:/program files (x86)/cypress/psoc creator/4.4/psoc creator/import/gnu/arm/5.4.1/bin/../lib/gcc/arm-none-eabi/5.4.1/armv7-m/crtbegin.o
 .eh_frame      0x00003790        0x4 c:/program files (x86)/cypress/psoc creator/4.4/psoc creator/import/gnu/arm/5.4.1/bin/../lib/gcc/arm-none-eabi/5.4.1/armv7-m/crtend.o
                [!provide]                PROVIDE (__exidx_start, .)

.ARM.exidx
 *(.ARM.exidx* .gnu.linkonce.armexidx.*)
                0x00003794                __exidx_end = .

.rodata         0x00003794    0x1c484
 *(.rodata .rodata.* .gnu.linkonce.r.*)
 .rodata        0x00003794    0x1c190 .\CortexM3\ARM_GCC_541\Debug\ugui.o
                0x00003794                pal_button_pressed
                0x000037c4                pal_button_released
                0x000037f4                pal_checkbox_pressed
                0x00003824                pal_checkbox_released
                0x00003854                pal_window
                0x00003884                FONT_32X53
                0x00003898                FONT_22X36
                0x000038ac                FONT_16X26
                0x000038c0                FONT_12X16
                0x000038d4                FONT_8X14
                0x000038e8                FONT_8X12
                0x000038fc                FONT_6X10
                0x00003910                FONT_5X8
                0x00003924                font_32x53
                0x00010d24                font_22x36
                0x00017924                font_16x26
                0x0001ad24                font_12x16
                0x0001cd24                font_8x14
                0x0001db24                font_8x12
                0x0001e724                font_6x10
                0x0001f124                font_5x8
 .rodata.str1.4
                0x0001f924       0xd8 .\CortexM3\ARM_GCC_541\Debug\frucd_display.o
                                 0xd7 (size before relaxing)
 .rodata        0x0001f9fc       0x4c .\CortexM3\ARM_GCC_541\Debug\cyfitter_cfg.o
                0x0001f9fc                ADC_GLV_V_AMux__addrTable
                0x0001fa04                ADC_GLV_V_AMux__maskTable
 .rodata        0x0001fa48      0x160 .\CortexM3\ARM_GCC_541\Debug\Dashboard.a(CAN.o)
 .rodata.str1.1
                0x0001fba8        0x2 c:/program files (x86)/cypress/psoc creator/4.4/psoc creator/import/gnu/arm/5.4.1/bin/../lib/gcc/arm-none-eabi/5.4.1/../../../../arm-none-eabi/lib/armv7-m\libg_nano.a(lib_a-impure.o)
 .rodata.str1.1
                0x0001fbaa       0x11 c:/program files (x86)/cypress/psoc creator/4.4/psoc creator/import/gnu/arm/5.4.1/bin/../lib/gcc/arm-none-eabi/5.4.1/../../../../arm-none-eabi/lib/armv7-m\libg_nano.a(lib_a-nano-svfprintf.o)
 .rodata.str1.1
                0x0001fbbb       0x22 c:/program files (x86)/cypress/psoc creator/4.4/psoc creator/import/gnu/arm/5.4.1/bin/../lib/gcc/arm-none-eabi/5.4.1/../../../../arm-none-eabi/lib/armv7-m\libg_nano.a(lib_a-nano-vfprintf_i.o)
                0x0001fbe0                . = ALIGN (0x4)
 *fill*         0x0001fbdd        0x3 
 *(.init)
 .init          0x0001fbe0        0x4 c:/program files (x86)/cypress/psoc creator/4.4/psoc creator/import/gnu/arm/5.4.1/bin/../lib/gcc/arm-none-eabi/5.4.1/armv7-m/crti.o
                0x0001fbe0                _init
 .init          0x0001fbe4        0x8 c:/program files (x86)/cypress/psoc creator/4.4/psoc creator/import/gnu/arm/5.4.1/bin/../lib/gcc/arm-none-eabi/5.4.1/armv7-m/crtn.o
                0x0001fbec                . = ALIGN (0x4)
                0x0001fbec                __preinit_array_start = .
 *(.preinit_array)
                0x0001fbec                __preinit_array_end = .
                0x0001fbec                . = ALIGN (0x4)
                0x0001fbec                __init_array_start = .
 *(SORT(.init_array.*))
 *(.init_array)
 .init_array    0x0001fbec        0x4 c:/program files (x86)/cypress/psoc creator/4.4/psoc creator/import/gnu/arm/5.4.1/bin/../lib/gcc/arm-none-eabi/5.4.1/armv7-m/crtbegin.o
 .init_array    0x0001fbf0        0x4 .\CortexM3\ARM_GCC_541\Debug\Cm3Start.o
                0x0001fbf4                __init_array_end = .
                0x0001fbf4                . = ALIGN (0x4)
 *(.fini)
 .fini          0x0001fbf4        0x4 c:/program files (x86)/cypress/psoc creator/4.4/psoc creator/import/gnu/arm/5.4.1/bin/../lib/gcc/arm-none-eabi/5.4.1/armv7-m/crti.o
                0x0001fbf4                _fini
 .fini          0x0001fbf8        0x8 c:/program files (x86)/cypress/psoc creator/4.4/psoc creator/import/gnu/arm/5.4.1/bin/../lib/gcc/arm-none-eabi/5.4.1/armv7-m/crtn.o
                0x0001fc00                . = ALIGN (0x4)
                0x0001fc00                __fini_array_start = .
 *(.fini_array)
 .fini_array    0x0001fc00        0x4 c:/program files (x86)/cypress/psoc creator/4.4/psoc creator/import/gnu/arm/5.4.1/bin/../lib/gcc/arm-none-eabi/5.4.1/armv7-m/crtbegin.o
 *(SORT(.fini_array.*))
                0x0001fc04                __fini_array_end = .
                0x0001fc04                . = ALIGN (0x4)
 *crtbegin.o(.ctors)
 *(EXCLUDE_FILE(*crtend.o) .ctors)
 *(SORT(.ctors.*))
 *crtend.o(.ctors)
                0x0001fc04                . = ALIGN (0x4)
 *crtbegin.o(.dtors)
 *(EXCLUDE_FILE(*crtend.o) .dtors)
 *(SORT(.dtors.*))
 *crtend.o(.dtors)
                0x0001fc04                . = ALIGN (0x4)
                0x0001fc04                __cy_regions = .
                0x0001fc04        0x4 LONG 0x1fc18 __cy_region_init_ram
                0x0001fc08        0x4 LONG 0x1fff80c8 __cy_region_start_data
                0x0001fc0c        0x4 LONG 0x88 __cy_region_init_size_ram
                0x0001fc10        0x4 LONG 0x118 __cy_region_zero_size_ram
                0x0001fc14                __cy_regions_end = .
                0x0001fc18                . = ALIGN (0x8)
 *fill*         0x0001fc14        0x4 
                0x0001fc18                _etext = .

.cy_checksum_exclude
                0x0001fc18        0x0
 *(.cy_checksum_exclude)

.ramvectors     0x1fff8000       0xc0
                0x1fff8000                __cy_region_start_ram = .
 *(.ramvectors)
 .ramvectors    0x1fff8000       0xc0 .\CortexM3\ARM_GCC_541\Debug\Cm3Start.o
                0x1fff8000                CyRamVectors

.noinit         0x1fff80c0        0x1
 *(.noinit)
 .noinit        0x1fff80c0        0x1 .\CortexM3\ARM_GCC_541\Debug\Dashboard.a(CyLib.o)
                0x1fff80c0                CyResetStatus

.data           0x1fff80c8       0x88 load address 0x0001fc18
                0x1fff80c8                __cy_region_start_data = .
 *(.jcr)
 .jcr           0x1fff80c8        0x0 c:/program files (x86)/cypress/psoc creator/4.4/psoc creator/import/gnu/arm/5.4.1/bin/../lib/gcc/arm-none-eabi/5.4.1/armv7-m/crtbegin.o
 .jcr           0x1fff80c8        0x4 c:/program files (x86)/cypress/psoc creator/4.4/psoc creator/import/gnu/arm/5.4.1/bin/../lib/gcc/arm-none-eabi/5.4.1/armv7-m/crtend.o
 *(.got.plt)
 *(.got)
 *(.shdata)
 *(.data .data.* .gnu.linkonce.d.*)
 .data          0x1fff80cc        0x4 .\CortexM3\ARM_GCC_541\Debug\main.o
                0x1fff80cc                previous_state
 .data          0x1fff80d0        0x4 .\CortexM3\ARM_GCC_541\Debug\Cm3Start.o
 .data          0x1fff80d4       0x10 .\CortexM3\ARM_GCC_541\Debug\Dashboard.a(CyLib.o)
                0x1fff80d4                cydelay_32k_ms
                0x1fff80d8                cydelay_freq_khz
                0x1fff80dc                cydelay_freq_mhz
                0x1fff80e0                cydelay_freq_hz
 .data          0x1fff80e4        0x1 .\CortexM3\ARM_GCC_541\Debug\Dashboard.a(ADC_GLV_V.o)
                0x1fff80e4                ADC_GLV_V_Config
 .data          0x1fff80e5        0x1 .\CortexM3\ARM_GCC_541\Debug\Dashboard.a(ADC_GLV_V_AMux.o)
 *fill*         0x1fff80e6        0x2 
 .data.impure_data
                0x1fff80e8       0x60 c:/program files (x86)/cypress/psoc creator/4.4/psoc creator/import/gnu/arm/5.4.1/bin/../lib/gcc/arm-none-eabi/5.4.1/../../../../arm-none-eabi/lib/armv7-m\libg_nano.a(lib_a-impure.o)
 .data._impure_ptr
                0x1fff8148        0x4 c:/program files (x86)/cypress/psoc creator/4.4/psoc creator/import/gnu/arm/5.4.1/bin/../lib/gcc/arm-none-eabi/5.4.1/../../../../arm-none-eabi/lib/armv7-m\libg_nano.a(lib_a-impure.o)
                0x1fff8148                _impure_ptr
                0x1fff8150                . = ALIGN (0x8)
 *fill*         0x1fff814c        0x4 
 *(.ram)
                0x1fff8150                _edata = .

.igot.plt       0x1fff8150        0x0 load address 0x0001fca0
 .igot.plt      0x1fff8150        0x0 c:/program files (x86)/cypress/psoc creator/4.4/psoc creator/import/gnu/arm/5.4.1/bin/../lib/gcc/arm-none-eabi/5.4.1/armv7-m/crtbegin.o

.bss            0x1fff8150      0x118 load address 0x0001fca0
                0x1fff8150                PROVIDE (__bss_start__, .)
 *(.shbss)
 *(.bss .bss.* .gnu.linkonce.b.*)
 .bss           0x1fff8150       0x1c c:/program files (x86)/cypress/psoc creator/4.4/psoc creator/import/gnu/arm/5.4.1/bin/../lib/gcc/arm-none-eabi/5.4.1/armv7-m/crtbegin.o
 .bss           0x1fff816c        0xc .\CortexM3\ARM_GCC_541\Debug\ugui.o
 .bss           0x1fff8178       0x32 .\CortexM3\ARM_GCC_541\Debug\main.o
                0x1fff8178                BSPD_CATCH
                0x1fff817c                pedalOK
                0x1fff8180                state
                0x1fff8182                bms_status
                0x1fff8184                switches
                0x1fff8185                shutdown_flags
                0x1fff8186                soc
                0x1fff8187                PACK_TEMP
                0x1fff8188                mc_temp
                0x1fff818a                motor_temp
                0x1fff818c                fault
                0x1fff8190                firstDrive
                0x1fff8194                firstHV
                0x1fff8198                firstLV
                0x1fff819c                firstStart
                0x1fff81a0                curr_voltage
                0x1fff81a2                charge
                0x1fff81a4                voltage
                0x1fff81a8                CURRENT
 .bss           0x1fff81aa        0x1 .\CortexM3\ARM_GCC_541\Debug\Dashboard.a(CAN.o)
                0x1fff81aa                CAN_initVar
 .bss           0x1fff81ab        0x1 .\CortexM3\ARM_GCC_541\Debug\Dashboard.a(Node_Timer.o)
                0x1fff81ab                Node_Timer_initVar
 .bss           0x1fff81ac        0x1 .\CortexM3\ARM_GCC_541\Debug\Dashboard.a(WDT_Timer.o)
                0x1fff81ac                WDT_Timer_initVar
 .bss           0x1fff81ad        0x1 .\CortexM3\ARM_GCC_541\Debug\Dashboard.a(GraphicLCDIntf.o)
                0x1fff81ad                GraphicLCDIntf_initVar
 *fill*         0x1fff81ae        0x2 
 .bss           0x1fff81b0        0x8 .\CortexM3\ARM_GCC_541\Debug\Dashboard.a(CySpc.o)
                0x1fff81b0                SpcLockState
 .bss           0x1fff81b8        0x8 .\CortexM3\ARM_GCC_541\Debug\Dashboard.a(ADC_GLV_V.o)
                0x1fff81bc                ADC_GLV_V_stopConversion
                0x1fff81bd                ADC_GLV_V_convDone
                0x1fff81be                ADC_GLV_V_initVar
                0x1fff81bf                ADC_GLV_V_started
 .bss.__malloc_sbrk_start
                0x1fff81c0        0x4 c:/program files (x86)/cypress/psoc creator/4.4/psoc creator/import/gnu/arm/5.4.1/bin/../lib/gcc/arm-none-eabi/5.4.1/../../../../arm-none-eabi/lib/armv7-m\libg_nano.a(lib_a-nano-mallocr.o)
                0x1fff81c0                __malloc_sbrk_start
 .bss.__malloc_free_list
                0x1fff81c4        0x4 c:/program files (x86)/cypress/psoc creator/4.4/psoc creator/import/gnu/arm/5.4.1/bin/../lib/gcc/arm-none-eabi/5.4.1/../../../../arm-none-eabi/lib/armv7-m\libg_nano.a(lib_a-nano-mallocr.o)
                0x1fff81c4                __malloc_free_list
 *(COMMON)
 COMMON         0x1fff81c8       0x78 .\CortexM3\ARM_GCC_541\Debug\ugui_SSD1963.o
                0x1fff81c8                gui1963
 COMMON         0x1fff8240       0x18 .\CortexM3\ARM_GCC_541\Debug\frucd_display.o
                0x1fff8240                last_glv_v_color
                0x1fff8244                last_SOC_color
                0x1fff8248                last_mc_temp_color
                0x1fff824c                last_state_color
                0x1fff8250                last_motor_temp_color
                0x1fff8254                last_max_pack_temp_color
 COMMON         0x1fff8258        0x2 .\CortexM3\ARM_GCC_541\Debug\Dashboard.a(CyFlash.o)
                0x1fff8258                dieTemperature
 *fill*         0x1fff825a        0x2 
 COMMON         0x1fff825c        0x8 .\CortexM3\ARM_GCC_541\Debug\Dashboard.a(ADC_GLV_V.o)
                0x1fff825c                ADC_GLV_V_Offset
                0x1fff8260                ADC_GLV_V_CountsPerVolt
 COMMON         0x1fff8264        0x4 c:/program files (x86)/cypress/psoc creator/4.4/psoc creator/import/gnu/arm/5.4.1/bin/../lib/gcc/arm-none-eabi/5.4.1/../../../../arm-none-eabi/lib/armv7-m\libg_nano.a(lib_a-reent.o)
                0x1fff8264                errno
                0x1fff8268                . = ALIGN (0x8)
 *(.ram.b)
                0x1fff8268                _end = .
                0x1fff8268                __end = .
                0x1fff8268                PROVIDE (end, .)
                0x1fff8268                PROVIDE (__bss_end__, .)
                0x0001fc18                __cy_region_init_ram = LOADADDR (.data)
                0x00000088                __cy_region_init_size_ram = (_edata - ADDR (.data))
                0x00000118                __cy_region_zero_size_ram = (_end - _edata)

.heap           0x1fff8268       0x80 load address 0x0001fca0
                0x1fff8268                . = _end
                0x1fff82e8                . = (. + 0x80)
 *fill*         0x1fff8268       0x80 
                0x1fff82e8                __cy_heap_limit = .

.stack          0x20007800      0x800
                0x20007800                __cy_stack_limit = .
                0x20008000                . = (. + 0x800)
 *fill*         0x20007800      0x800 
                0x00000001                ASSERT ((__cy_stack_limit >= __cy_heap_limit), region RAM overflowed with stack)
                0x00000000                cy_checksum_exclude_size = (CY_APPL_LOADABLE == 0x1)?SIZEOF (.cy_checksum_exclude):0x0
                0x00000001                ASSERT ((cy_checksum_exclude_size <= CY_CHECKSUM_EXCLUDE_SIZE), CY_BOOT: Section .cy_checksum_exclude size exceedes specified limit.)

.cyloadermeta
 *(.cyloadermeta)

.cyloadablemeta
 *(.cyloadablemeta)

.cyconfigecc    0x80000000      0x680
 *(.cyconfigecc)
 .cyconfigecc   0x80000000      0x680 .\CortexM3\ARM_GCC_541\Debug\cymetadata.o
                0x80000000                cy_meta_configecc

.cycustnvl      0x90000000        0x4
 *(.cycustnvl)
 .cycustnvl     0x90000000        0x4 .\CortexM3\ARM_GCC_541\Debug\cymetadata.o
                0x90000000                cy_meta_custnvl

.cywolatch      0x90100000        0x4
 *(.cywolatch)
 .cywolatch     0x90100000        0x4 .\CortexM3\ARM_GCC_541\Debug\cymetadata.o
                0x90100000                cy_meta_wonvl

.cyeeprom       0x90200000        0x0
 *(.cyeeprom)
                0x00000001                ASSERT ((. <= ((0x90200000 + ee_offset) + ee_size)), .cyeeprom data will not fit in EEPROM)

.cyflashprotect
                0x90400000      0x100
 *(.cyflashprotect)
 .cyflashprotect
                0x90400000      0x100 .\CortexM3\ARM_GCC_541\Debug\cymetadata.o
                0x90400000                cy_meta_flashprotect

.cymeta         0x90500000        0xc
 *(.cymeta)
 .cymeta        0x90500000        0xc .\CortexM3\ARM_GCC_541\Debug\cymetadata.o
                0x90500000                cy_metadata

.rel.dyn        0x0001fca0        0x0 load address 0x9050000c
 .rel.iplt      0x0001fca0        0x0 c:/program files (x86)/cypress/psoc creator/4.4/psoc creator/import/gnu/arm/5.4.1/bin/../lib/gcc/arm-none-eabi/5.4.1/armv7-m/crtbegin.o

.stab
 *(.stab)

.stabstr
 *(.stabstr)

.debug
 *(.debug)

.line
 *(.line)

.debug_srcinfo
 *(.debug_srcinfo)

.debug_sfnames
 *(.debug_sfnames)

.debug_aranges  0x00000000     0x1668
 *(.debug_aranges)
 .debug_aranges
                0x00000000      0x568 .\CortexM3\ARM_GCC_541\Debug\ugui.o
 .debug_aranges
                0x00000568       0x48 .\CortexM3\ARM_GCC_541\Debug\ugui_SSD1963.o
 .debug_aranges
                0x000005b0       0x58 .\CortexM3\ARM_GCC_541\Debug\frucd_display.o
 .debug_aranges
                0x00000608       0x50 .\CortexM3\ARM_GCC_541\Debug\main.o
 .debug_aranges
                0x00000658       0x78 .\CortexM3\ARM_GCC_541\Debug\can_manga.o
 .debug_aranges
                0x000006d0       0x68 .\CortexM3\ARM_GCC_541\Debug\cyfitter_cfg.o
 .debug_aranges
                0x00000738       0x18 .\CortexM3\ARM_GCC_541\Debug\cymetadata.o
 .debug_aranges
                0x00000750       0x48 .\CortexM3\ARM_GCC_541\Debug\Cm3Start.o
 .debug_aranges
                0x00000798       0xc8 .\CortexM3\ARM_GCC_541\Debug\Dashboard.a(CAN.o)
 .debug_aranges
                0x00000860       0x28 .\CortexM3\ARM_GCC_541\Debug\Dashboard.a(CAN_INT.o)
 .debug_aranges
                0x00000888       0x68 .\CortexM3\ARM_GCC_541\Debug\Dashboard.a(CAN_TX_RX_func.o)
 .debug_aranges
                0x000008f0       0x38 .\CortexM3\ARM_GCC_541\Debug\Dashboard.a(LED.o)
 .debug_aranges
                0x00000928       0x38 .\CortexM3\ARM_GCC_541\Debug\Dashboard.a(Buzzer.o)
 .debug_aranges
                0x00000960       0x38 .\CortexM3\ARM_GCC_541\Debug\Dashboard.a(HV.o)
 .debug_aranges
                0x00000998       0x38 .\CortexM3\ARM_GCC_541\Debug\Dashboard.a(Drive.o)
 .debug_aranges
                0x000009d0       0x38 .\CortexM3\ARM_GCC_541\Debug\Dashboard.a(RGB3_1.o)
 .debug_aranges
                0x00000a08       0x38 .\CortexM3\ARM_GCC_541\Debug\Dashboard.a(RGB2_1.o)
 .debug_aranges
                0x00000a40       0x38 .\CortexM3\ARM_GCC_541\Debug\Dashboard.a(RGB1_1.o)
 .debug_aranges
                0x00000a78       0x90 .\CortexM3\ARM_GCC_541\Debug\Dashboard.a(Node_Timer.o)
 .debug_aranges
                0x00000b08       0x80 .\CortexM3\ARM_GCC_541\Debug\Dashboard.a(isr_nodeok.o)
 .debug_aranges
                0x00000b88       0x78 .\CortexM3\ARM_GCC_541\Debug\Dashboard.a(EEPROM_1.o)
 .debug_aranges
                0x00000c00       0x38 .\CortexM3\ARM_GCC_541\Debug\Dashboard.a(WDT_Reset.o)
 .debug_aranges
                0x00000c38       0x90 .\CortexM3\ARM_GCC_541\Debug\Dashboard.a(WDT_Timer.o)
 .debug_aranges
                0x00000cc8       0x80 .\CortexM3\ARM_GCC_541\Debug\Dashboard.a(isr_wdt.o)
 .debug_aranges
                0x00000d48       0x88 .\CortexM3\ARM_GCC_541\Debug\Dashboard.a(GraphicLCDIntf.o)
 .debug_aranges
                0x00000dd0       0x38 .\CortexM3\ARM_GCC_541\Debug\Dashboard.a(D_BL.o)
 .debug_aranges
                0x00000e08       0x38 .\CortexM3\ARM_GCC_541\Debug\Dashboard.a(D_RST.o)
 .debug_aranges
                0x00000e40       0x80 .\CortexM3\ARM_GCC_541\Debug\Dashboard.a(CyFlash.o)
 .debug_aranges
                0x00000ec0      0x298 .\CortexM3\ARM_GCC_541\Debug\Dashboard.a(CyLib.o)
 .debug_aranges
                0x00001158       0x98 .\CortexM3\ARM_GCC_541\Debug\Dashboard.a(cyPm.o)
 .debug_aranges
                0x000011f0       0x78 .\CortexM3\ARM_GCC_541\Debug\Dashboard.a(CySpc.o)
 .debug_aranges
                0x00001268       0x20 .\CortexM3\ARM_GCC_541\Debug\Dashboard.a(cyutils.o)
 .debug_aranges
                0x00001288       0xe8 .\CortexM3\ARM_GCC_541\Debug\Dashboard.a(ADC_GLV_V.o)
 .debug_aranges
                0x00001370       0x38 .\CortexM3\ARM_GCC_541\Debug\Dashboard.a(ADC_GLV_V_INT.o)
 .debug_aranges
                0x000013a8       0x80 .\CortexM3\ARM_GCC_541\Debug\Dashboard.a(ADC_GLV_V_theACLK.o)
 .debug_aranges
                0x00001428       0x30 .\CortexM3\ARM_GCC_541\Debug\Dashboard.a(ADC_GLV_V_AMux.o)
 .debug_aranges
                0x00001458       0x70 .\CortexM3\ARM_GCC_541\Debug\Dashboard.a(ADC_GLV_V_Ext_CP_Clk.o)
 .debug_aranges
                0x000014c8       0x38 .\CortexM3\ARM_GCC_541\Debug\Dashboard.a(IMD_LED.o)
 .debug_aranges
                0x00001500       0x38 .\CortexM3\ARM_GCC_541\Debug\Dashboard.a(BMS_LED.o)
 .debug_aranges
                0x00001538       0x90 .\CortexM3\ARM_GCC_541\Debug\Dashboard.a(ReadyToDrive_Timer.o)
 .debug_aranges
                0x000015c8       0x80 .\CortexM3\ARM_GCC_541\Debug\Dashboard.a(ReadyToDrive_Int.o)
 .debug_aranges
                0x00001648       0x20 .\CortexM3\ARM_GCC_541\Debug\Dashboard.a(CyBootAsmGnu.o)

.debug_pubnames
 *(.debug_pubnames)

.debug_info     0x00000000    0x12978
 *(.debug_info .gnu.linkonce.wi.*)
 .debug_info    0x00000000     0x5e45 .\CortexM3\ARM_GCC_541\Debug\ugui.o
 .debug_info    0x00005e45     0x186a .\CortexM3\ARM_GCC_541\Debug\ugui_SSD1963.o
 .debug_info    0x000076af     0x146e .\CortexM3\ARM_GCC_541\Debug\frucd_display.o
 .debug_info    0x00008b1d     0x11a0 .\CortexM3\ARM_GCC_541\Debug\main.o
 .debug_info    0x00009cbd      0xb78 .\CortexM3\ARM_GCC_541\Debug\can_manga.o
 .debug_info    0x0000a835      0x738 .\CortexM3\ARM_GCC_541\Debug\cyfitter_cfg.o
 .debug_info    0x0000af6d      0x138 .\CortexM3\ARM_GCC_541\Debug\cymetadata.o
 .debug_info    0x0000b0a5      0x3a7 .\CortexM3\ARM_GCC_541\Debug\Cm3Start.o
 .debug_info    0x0000b44c      0x8fb .\CortexM3\ARM_GCC_541\Debug\Dashboard.a(CAN.o)
 .debug_info    0x0000bd47      0x28c .\CortexM3\ARM_GCC_541\Debug\Dashboard.a(CAN_INT.o)
 .debug_info    0x0000bfd3      0x550 .\CortexM3\ARM_GCC_541\Debug\Dashboard.a(CAN_TX_RX_func.o)
 .debug_info    0x0000c523      0x11f .\CortexM3\ARM_GCC_541\Debug\Dashboard.a(LED.o)
 .debug_info    0x0000c642      0x11f .\CortexM3\ARM_GCC_541\Debug\Dashboard.a(Buzzer.o)
 .debug_info    0x0000c761      0x11f .\CortexM3\ARM_GCC_541\Debug\Dashboard.a(HV.o)
 .debug_info    0x0000c880      0x11f .\CortexM3\ARM_GCC_541\Debug\Dashboard.a(Drive.o)
 .debug_info    0x0000c99f      0x11f .\CortexM3\ARM_GCC_541\Debug\Dashboard.a(RGB3_1.o)
 .debug_info    0x0000cabe      0x11f .\CortexM3\ARM_GCC_541\Debug\Dashboard.a(RGB2_1.o)
 .debug_info    0x0000cbdd      0x11f .\CortexM3\ARM_GCC_541\Debug\Dashboard.a(RGB1_1.o)
 .debug_info    0x0000ccfc      0x332 .\CortexM3\ARM_GCC_541\Debug\Dashboard.a(Node_Timer.o)
 .debug_info    0x0000d02e      0x2d2 .\CortexM3\ARM_GCC_541\Debug\Dashboard.a(isr_nodeok.o)
 .debug_info    0x0000d300      0x630 .\CortexM3\ARM_GCC_541\Debug\Dashboard.a(EEPROM_1.o)
 .debug_info    0x0000d930      0x11f .\CortexM3\ARM_GCC_541\Debug\Dashboard.a(WDT_Reset.o)
 .debug_info    0x0000da4f      0x2ee .\CortexM3\ARM_GCC_541\Debug\Dashboard.a(WDT_Timer.o)
 .debug_info    0x0000dd3d      0x2d2 .\CortexM3\ARM_GCC_541\Debug\Dashboard.a(isr_wdt.o)
 .debug_info    0x0000e00f      0x392 .\CortexM3\ARM_GCC_541\Debug\Dashboard.a(GraphicLCDIntf.o)
 .debug_info    0x0000e3a1      0x11f .\CortexM3\ARM_GCC_541\Debug\Dashboard.a(D_BL.o)
 .debug_info    0x0000e4c0      0x11f .\CortexM3\ARM_GCC_541\Debug\Dashboard.a(D_RST.o)
 .debug_info    0x0000e5df      0x5ba .\CortexM3\ARM_GCC_541\Debug\Dashboard.a(CyFlash.o)
 .debug_info    0x0000eb99     0x1360 .\CortexM3\ARM_GCC_541\Debug\Dashboard.a(CyLib.o)
 .debug_info    0x0000fef9      0xa1e .\CortexM3\ARM_GCC_541\Debug\Dashboard.a(cyPm.o)
 .debug_info    0x00010917      0x4ef .\CortexM3\ARM_GCC_541\Debug\Dashboard.a(CySpc.o)
 .debug_info    0x00010e06       0xee .\CortexM3\ARM_GCC_541\Debug\Dashboard.a(cyutils.o)
 .debug_info    0x00010ef4      0xa18 .\CortexM3\ARM_GCC_541\Debug\Dashboard.a(ADC_GLV_V.o)
 .debug_info    0x0001190c       0xd3 .\CortexM3\ARM_GCC_541\Debug\Dashboard.a(ADC_GLV_V_INT.o)
 .debug_info    0x000119df      0x2c4 .\CortexM3\ARM_GCC_541\Debug\Dashboard.a(ADC_GLV_V_theACLK.o)
 .debug_info    0x00011ca3      0x165 .\CortexM3\ARM_GCC_541\Debug\Dashboard.a(ADC_GLV_V_AMux.o)
 .debug_info    0x00011e08      0x283 .\CortexM3\ARM_GCC_541\Debug\Dashboard.a(ADC_GLV_V_Ext_CP_Clk.o)
 .debug_info    0x0001208b      0x11f .\CortexM3\ARM_GCC_541\Debug\Dashboard.a(IMD_LED.o)
 .debug_info    0x000121aa      0x11f .\CortexM3\ARM_GCC_541\Debug\Dashboard.a(BMS_LED.o)
 .debug_info    0x000122c9      0x2ee .\CortexM3\ARM_GCC_541\Debug\Dashboard.a(ReadyToDrive_Timer.o)
 .debug_info    0x000125b7      0x32b .\CortexM3\ARM_GCC_541\Debug\Dashboard.a(ReadyToDrive_Int.o)
 .debug_info    0x000128e2       0x96 .\CortexM3\ARM_GCC_541\Debug\Dashboard.a(CyBootAsmGnu.o)

.debug_abbrev   0x00000000     0x332b
 *(.debug_abbrev)
 .debug_abbrev  0x00000000      0x29c .\CortexM3\ARM_GCC_541\Debug\ugui.o
 .debug_abbrev  0x0000029c      0x283 .\CortexM3\ARM_GCC_541\Debug\ugui_SSD1963.o
 .debug_abbrev  0x0000051f      0x248 .\CortexM3\ARM_GCC_541\Debug\frucd_display.o
 .debug_abbrev  0x00000767      0x29b .\CortexM3\ARM_GCC_541\Debug\main.o
 .debug_abbrev  0x00000a02      0x207 .\CortexM3\ARM_GCC_541\Debug\can_manga.o
 .debug_abbrev  0x00000c09      0x22d .\CortexM3\ARM_GCC_541\Debug\cyfitter_cfg.o
 .debug_abbrev  0x00000e36       0x77 .\CortexM3\ARM_GCC_541\Debug\cymetadata.o
 .debug_abbrev  0x00000ead      0x203 .\CortexM3\ARM_GCC_541\Debug\Cm3Start.o
 .debug_abbrev  0x000010b0      0x195 .\CortexM3\ARM_GCC_541\Debug\Dashboard.a(CAN.o)
 .debug_abbrev  0x00001245       0xd5 .\CortexM3\ARM_GCC_541\Debug\Dashboard.a(CAN_INT.o)
 .debug_abbrev  0x0000131a      0x199 .\CortexM3\ARM_GCC_541\Debug\Dashboard.a(CAN_TX_RX_func.o)
 .debug_abbrev  0x000014b3       0x90 .\CortexM3\ARM_GCC_541\Debug\Dashboard.a(LED.o)
 .debug_abbrev  0x00001543       0x90 .\CortexM3\ARM_GCC_541\Debug\Dashboard.a(Buzzer.o)
 .debug_abbrev  0x000015d3       0x90 .\CortexM3\ARM_GCC_541\Debug\Dashboard.a(HV.o)
 .debug_abbrev  0x00001663       0x90 .\CortexM3\ARM_GCC_541\Debug\Dashboard.a(Drive.o)
 .debug_abbrev  0x000016f3       0x90 .\CortexM3\ARM_GCC_541\Debug\Dashboard.a(RGB3_1.o)
 .debug_abbrev  0x00001783       0x90 .\CortexM3\ARM_GCC_541\Debug\Dashboard.a(RGB2_1.o)
 .debug_abbrev  0x00001813       0x90 .\CortexM3\ARM_GCC_541\Debug\Dashboard.a(RGB1_1.o)
 .debug_abbrev  0x000018a3      0x14b .\CortexM3\ARM_GCC_541\Debug\Dashboard.a(Node_Timer.o)
 .debug_abbrev  0x000019ee      0x173 .\CortexM3\ARM_GCC_541\Debug\Dashboard.a(isr_nodeok.o)
 .debug_abbrev  0x00001b61      0x14e .\CortexM3\ARM_GCC_541\Debug\Dashboard.a(EEPROM_1.o)
 .debug_abbrev  0x00001caf       0x90 .\CortexM3\ARM_GCC_541\Debug\Dashboard.a(WDT_Reset.o)
 .debug_abbrev  0x00001d3f      0x12b .\CortexM3\ARM_GCC_541\Debug\Dashboard.a(WDT_Timer.o)
 .debug_abbrev  0x00001e6a      0x173 .\CortexM3\ARM_GCC_541\Debug\Dashboard.a(isr_wdt.o)
 .debug_abbrev  0x00001fdd      0x176 .\CortexM3\ARM_GCC_541\Debug\Dashboard.a(GraphicLCDIntf.o)
 .debug_abbrev  0x00002153       0x90 .\CortexM3\ARM_GCC_541\Debug\Dashboard.a(D_BL.o)
 .debug_abbrev  0x000021e3       0x90 .\CortexM3\ARM_GCC_541\Debug\Dashboard.a(D_RST.o)
 .debug_abbrev  0x00002273      0x17c .\CortexM3\ARM_GCC_541\Debug\Dashboard.a(CyFlash.o)
 .debug_abbrev  0x000023ef      0x254 .\CortexM3\ARM_GCC_541\Debug\Dashboard.a(CyLib.o)
 .debug_abbrev  0x00002643      0x1ab .\CortexM3\ARM_GCC_541\Debug\Dashboard.a(cyPm.o)
 .debug_abbrev  0x000027ee      0x194 .\CortexM3\ARM_GCC_541\Debug\Dashboard.a(CySpc.o)
 .debug_abbrev  0x00002982       0x8e .\CortexM3\ARM_GCC_541\Debug\Dashboard.a(cyutils.o)
 .debug_abbrev  0x00002a10      0x1eb .\CortexM3\ARM_GCC_541\Debug\Dashboard.a(ADC_GLV_V.o)
 .debug_abbrev  0x00002bfb       0x42 .\CortexM3\ARM_GCC_541\Debug\Dashboard.a(ADC_GLV_V_INT.o)
 .debug_abbrev  0x00002c3d      0x121 .\CortexM3\ARM_GCC_541\Debug\Dashboard.a(ADC_GLV_V_theACLK.o)
 .debug_abbrev  0x00002d5e       0xb1 .\CortexM3\ARM_GCC_541\Debug\Dashboard.a(ADC_GLV_V_AMux.o)
 .debug_abbrev  0x00002e0f      0x139 .\CortexM3\ARM_GCC_541\Debug\Dashboard.a(ADC_GLV_V_Ext_CP_Clk.o)
 .debug_abbrev  0x00002f48       0x90 .\CortexM3\ARM_GCC_541\Debug\Dashboard.a(IMD_LED.o)
 .debug_abbrev  0x00002fd8       0x90 .\CortexM3\ARM_GCC_541\Debug\Dashboard.a(BMS_LED.o)
 .debug_abbrev  0x00003068      0x12b .\CortexM3\ARM_GCC_541\Debug\Dashboard.a(ReadyToDrive_Timer.o)
 .debug_abbrev  0x00003193      0x184 .\CortexM3\ARM_GCC_541\Debug\Dashboard.a(ReadyToDrive_Int.o)
 .debug_abbrev  0x00003317       0x14 .\CortexM3\ARM_GCC_541\Debug\Dashboard.a(CyBootAsmGnu.o)

.debug_line     0x00000000     0x5e35
 *(.debug_line)
 .debug_line    0x00000000     0x196a .\CortexM3\ARM_GCC_541\Debug\ugui.o
 .debug_line    0x0000196a      0x364 .\CortexM3\ARM_GCC_541\Debug\ugui_SSD1963.o
 .debug_line    0x00001cce      0x34a .\CortexM3\ARM_GCC_541\Debug\frucd_display.o
 .debug_line    0x00002018      0x3eb .\CortexM3\ARM_GCC_541\Debug\main.o
 .debug_line    0x00002403      0x2d6 .\CortexM3\ARM_GCC_541\Debug\can_manga.o
 .debug_line    0x000026d9      0x227 .\CortexM3\ARM_GCC_541\Debug\cyfitter_cfg.o
 .debug_line    0x00002900      0x141 .\CortexM3\ARM_GCC_541\Debug\cymetadata.o
 .debug_line    0x00002a41      0x234 .\CortexM3\ARM_GCC_541\Debug\Cm3Start.o
 .debug_line    0x00002c75      0x37e .\CortexM3\ARM_GCC_541\Debug\Dashboard.a(CAN.o)
 .debug_line    0x00002ff3       0xa8 .\CortexM3\ARM_GCC_541\Debug\Dashboard.a(CAN_INT.o)
 .debug_line    0x0000309b      0x295 .\CortexM3\ARM_GCC_541\Debug\Dashboard.a(CAN_TX_RX_func.o)
 .debug_line    0x00003330       0x90 .\CortexM3\ARM_GCC_541\Debug\Dashboard.a(LED.o)
 .debug_line    0x000033c0       0x93 .\CortexM3\ARM_GCC_541\Debug\Dashboard.a(Buzzer.o)
 .debug_line    0x00003453       0x8f .\CortexM3\ARM_GCC_541\Debug\Dashboard.a(HV.o)
 .debug_line    0x000034e2       0x92 .\CortexM3\ARM_GCC_541\Debug\Dashboard.a(Drive.o)
 .debug_line    0x00003574       0x93 .\CortexM3\ARM_GCC_541\Debug\Dashboard.a(RGB3_1.o)
 .debug_line    0x00003607       0x93 .\CortexM3\ARM_GCC_541\Debug\Dashboard.a(RGB2_1.o)
 .debug_line    0x0000369a       0x93 .\CortexM3\ARM_GCC_541\Debug\Dashboard.a(RGB1_1.o)
 .debug_line    0x0000372d      0x175 .\CortexM3\ARM_GCC_541\Debug\Dashboard.a(Node_Timer.o)
 .debug_line    0x000038a2      0x137 .\CortexM3\ARM_GCC_541\Debug\Dashboard.a(isr_nodeok.o)
 .debug_line    0x000039d9      0x266 .\CortexM3\ARM_GCC_541\Debug\Dashboard.a(EEPROM_1.o)
 .debug_line    0x00003c3f       0x96 .\CortexM3\ARM_GCC_541\Debug\Dashboard.a(WDT_Reset.o)
 .debug_line    0x00003cd5      0x174 .\CortexM3\ARM_GCC_541\Debug\Dashboard.a(WDT_Timer.o)
 .debug_line    0x00003e49      0x134 .\CortexM3\ARM_GCC_541\Debug\Dashboard.a(isr_wdt.o)
 .debug_line    0x00003f7d      0x193 .\CortexM3\ARM_GCC_541\Debug\Dashboard.a(GraphicLCDIntf.o)
 .debug_line    0x00004110       0x91 .\CortexM3\ARM_GCC_541\Debug\Dashboard.a(D_BL.o)
 .debug_line    0x000041a1       0x92 .\CortexM3\ARM_GCC_541\Debug\Dashboard.a(D_RST.o)
 .debug_line    0x00004233      0x1e9 .\CortexM3\ARM_GCC_541\Debug\Dashboard.a(CyFlash.o)
 .debug_line    0x0000441c      0x804 .\CortexM3\ARM_GCC_541\Debug\Dashboard.a(CyLib.o)
 .debug_line    0x00004c20      0x364 .\CortexM3\ARM_GCC_541\Debug\Dashboard.a(cyPm.o)
 .debug_line    0x00004f84      0x23c .\CortexM3\ARM_GCC_541\Debug\Dashboard.a(CySpc.o)
 .debug_line    0x000051c0       0x60 .\CortexM3\ARM_GCC_541\Debug\Dashboard.a(cyutils.o)
 .debug_line    0x00005220      0x36d .\CortexM3\ARM_GCC_541\Debug\Dashboard.a(ADC_GLV_V.o)
 .debug_line    0x0000558d       0x86 .\CortexM3\ARM_GCC_541\Debug\Dashboard.a(ADC_GLV_V_INT.o)
 .debug_line    0x00005613      0x1a3 .\CortexM3\ARM_GCC_541\Debug\Dashboard.a(ADC_GLV_V_theACLK.o)
 .debug_line    0x000057b6       0xb2 .\CortexM3\ARM_GCC_541\Debug\Dashboard.a(ADC_GLV_V_AMux.o)
 .debug_line    0x00005868      0x183 .\CortexM3\ARM_GCC_541\Debug\Dashboard.a(ADC_GLV_V_Ext_CP_Clk.o)
 .debug_line    0x000059eb       0x94 .\CortexM3\ARM_GCC_541\Debug\Dashboard.a(IMD_LED.o)
 .debug_line    0x00005a7f       0x94 .\CortexM3\ARM_GCC_541\Debug\Dashboard.a(BMS_LED.o)
 .debug_line    0x00005b13      0x17d .\CortexM3\ARM_GCC_541\Debug\Dashboard.a(ReadyToDrive_Timer.o)
 .debug_line    0x00005c90      0x13f .\CortexM3\ARM_GCC_541\Debug\Dashboard.a(ReadyToDrive_Int.o)
 .debug_line    0x00005dcf       0x66 .\CortexM3\ARM_GCC_541\Debug\Dashboard.a(CyBootAsmGnu.o)

.debug_frame    0x00000000     0x3e50
 *(.debug_frame)
 .debug_frame   0x00000000     0x13c4 .\CortexM3\ARM_GCC_541\Debug\ugui.o
 .debug_frame   0x000013c4       0xd8 .\CortexM3\ARM_GCC_541\Debug\ugui_SSD1963.o
 .debug_frame   0x0000149c      0x120 .\CortexM3\ARM_GCC_541\Debug\frucd_display.o
 .debug_frame   0x000015bc       0xcc .\CortexM3\ARM_GCC_541\Debug\main.o
 .debug_frame   0x00001688      0x10c .\CortexM3\ARM_GCC_541\Debug\can_manga.o
 .debug_frame   0x00001794      0x104 .\CortexM3\ARM_GCC_541\Debug\cyfitter_cfg.o
 .debug_frame   0x00001898       0xac .\CortexM3\ARM_GCC_541\Debug\Cm3Start.o
 .debug_frame   0x00001944      0x1cc .\CortexM3\ARM_GCC_541\Debug\Dashboard.a(CAN.o)
 .debug_frame   0x00001b10       0x4c .\CortexM3\ARM_GCC_541\Debug\Dashboard.a(CAN_INT.o)
 .debug_frame   0x00001b5c       0xc4 .\CortexM3\ARM_GCC_541\Debug\Dashboard.a(CAN_TX_RX_func.o)
 .debug_frame   0x00001c20       0x50 .\CortexM3\ARM_GCC_541\Debug\Dashboard.a(LED.o)
 .debug_frame   0x00001c70       0x50 .\CortexM3\ARM_GCC_541\Debug\Dashboard.a(Buzzer.o)
 .debug_frame   0x00001cc0       0x50 .\CortexM3\ARM_GCC_541\Debug\Dashboard.a(HV.o)
 .debug_frame   0x00001d10       0x50 .\CortexM3\ARM_GCC_541\Debug\Dashboard.a(Drive.o)
 .debug_frame   0x00001d60       0x50 .\CortexM3\ARM_GCC_541\Debug\Dashboard.a(RGB3_1.o)
 .debug_frame   0x00001db0       0x50 .\CortexM3\ARM_GCC_541\Debug\Dashboard.a(RGB2_1.o)
 .debug_frame   0x00001e00       0x50 .\CortexM3\ARM_GCC_541\Debug\Dashboard.a(RGB1_1.o)
 .debug_frame   0x00001e50      0x13c .\CortexM3\ARM_GCC_541\Debug\Dashboard.a(Node_Timer.o)
 .debug_frame   0x00001f8c      0x104 .\CortexM3\ARM_GCC_541\Debug\Dashboard.a(isr_nodeok.o)
 .debug_frame   0x00002090      0x17c .\CortexM3\ARM_GCC_541\Debug\Dashboard.a(EEPROM_1.o)
 .debug_frame   0x0000220c       0x50 .\CortexM3\ARM_GCC_541\Debug\Dashboard.a(WDT_Reset.o)
 .debug_frame   0x0000225c      0x124 .\CortexM3\ARM_GCC_541\Debug\Dashboard.a(WDT_Timer.o)
 .debug_frame   0x00002380      0x104 .\CortexM3\ARM_GCC_541\Debug\Dashboard.a(isr_wdt.o)
 .debug_frame   0x00002484      0x154 .\CortexM3\ARM_GCC_541\Debug\Dashboard.a(GraphicLCDIntf.o)
 .debug_frame   0x000025d8       0x50 .\CortexM3\ARM_GCC_541\Debug\Dashboard.a(D_BL.o)
 .debug_frame   0x00002628       0x50 .\CortexM3\ARM_GCC_541\Debug\Dashboard.a(D_RST.o)
 .debug_frame   0x00002678      0x174 .\CortexM3\ARM_GCC_541\Debug\Dashboard.a(CyFlash.o)
 .debug_frame   0x000027ec      0x728 .\CortexM3\ARM_GCC_541\Debug\Dashboard.a(CyLib.o)
 .debug_frame   0x00002f14      0x1f8 .\CortexM3\ARM_GCC_541\Debug\Dashboard.a(cyPm.o)
 .debug_frame   0x0000310c      0x160 .\CortexM3\ARM_GCC_541\Debug\Dashboard.a(CySpc.o)
 .debug_frame   0x0000326c       0x20 .\CortexM3\ARM_GCC_541\Debug\Dashboard.a(cyutils.o)
 .debug_frame   0x0000328c      0x278 .\CortexM3\ARM_GCC_541\Debug\Dashboard.a(ADC_GLV_V.o)
 .debug_frame   0x00003504       0x50 .\CortexM3\ARM_GCC_541\Debug\Dashboard.a(ADC_GLV_V_INT.o)
 .debug_frame   0x00003554      0x100 .\CortexM3\ARM_GCC_541\Debug\Dashboard.a(ADC_GLV_V_theACLK.o)
 .debug_frame   0x00003654       0x64 .\CortexM3\ARM_GCC_541\Debug\Dashboard.a(ADC_GLV_V_AMux.o)
 .debug_frame   0x000036b8       0xe0 .\CortexM3\ARM_GCC_541\Debug\Dashboard.a(ADC_GLV_V_Ext_CP_Clk.o)
 .debug_frame   0x00003798       0x50 .\CortexM3\ARM_GCC_541\Debug\Dashboard.a(IMD_LED.o)
 .debug_frame   0x000037e8       0x50 .\CortexM3\ARM_GCC_541\Debug\Dashboard.a(BMS_LED.o)
 .debug_frame   0x00003838      0x124 .\CortexM3\ARM_GCC_541\Debug\Dashboard.a(ReadyToDrive_Timer.o)
 .debug_frame   0x0000395c      0x110 .\CortexM3\ARM_GCC_541\Debug\Dashboard.a(ReadyToDrive_Int.o)
 .debug_frame   0x00003a6c       0x20 c:/program files (x86)/cypress/psoc creator/4.4/psoc creator/import/gnu/arm/5.4.1/bin/../lib/gcc/arm-none-eabi/5.4.1/../../../../arm-none-eabi/lib/armv7-m\libg_nano.a(lib_a-errno.o)
 .debug_frame   0x00003a8c       0x28 c:/program files (x86)/cypress/psoc creator/4.4/psoc creator/import/gnu/arm/5.4.1/bin/../lib/gcc/arm-none-eabi/5.4.1/../../../../arm-none-eabi/lib/armv7-m\libg_nano.a(lib_a-exit.o)
 .debug_frame   0x00003ab4       0x2c c:/program files (x86)/cypress/psoc creator/4.4/psoc creator/import/gnu/arm/5.4.1/bin/../lib/gcc/arm-none-eabi/5.4.1/../../../../arm-none-eabi/lib/armv7-m\libg_nano.a(lib_a-init.o)
 .debug_frame   0x00003ae0       0x28 c:/program files (x86)/cypress/psoc creator/4.4/psoc creator/import/gnu/arm/5.4.1/bin/../lib/gcc/arm-none-eabi/5.4.1/../../../../arm-none-eabi/lib/armv7-m\libg_nano.a(lib_a-memcpy-stub.o)
 .debug_frame   0x00003b08       0x20 c:/program files (x86)/cypress/psoc creator/4.4/psoc creator/import/gnu/arm/5.4.1/bin/../lib/gcc/arm-none-eabi/5.4.1/../../../../arm-none-eabi/lib/armv7-m\libg_nano.a(lib_a-memset.o)
 .debug_frame   0x00003b28       0x70 c:/program files (x86)/cypress/psoc creator/4.4/psoc creator/import/gnu/arm/5.4.1/bin/../lib/gcc/arm-none-eabi/5.4.1/../../../../arm-none-eabi/lib/armv7-m\libg_nano.a(lib_a-sprintf.o)
 .debug_frame   0x00003b98       0x90 c:/program files (x86)/cypress/psoc creator/4.4/psoc creator/import/gnu/arm/5.4.1/bin/../lib/gcc/arm-none-eabi/5.4.1/../../../../arm-none-eabi/lib/armv7-m\libg_nano.a(lib_a-nano-svfprintf.o)
 .debug_frame   0x00003c28       0x60 c:/program files (x86)/cypress/psoc creator/4.4/psoc creator/import/gnu/arm/5.4.1/bin/../lib/gcc/arm-none-eabi/5.4.1/../../../../arm-none-eabi/lib/armv7-m\libg_nano.a(lib_a-nano-vfprintf_i.o)
 .debug_frame   0x00003c88       0x28 c:/program files (x86)/cypress/psoc creator/4.4/psoc creator/import/gnu/arm/5.4.1/bin/../lib/gcc/arm-none-eabi/5.4.1/../../../../arm-none-eabi/lib/armv7-m\libg_nano.a(lib_a-memchr-stub.o)
 .debug_frame   0x00003cb0       0x28 c:/program files (x86)/cypress/psoc creator/4.4/psoc creator/import/gnu/arm/5.4.1/bin/../lib/gcc/arm-none-eabi/5.4.1/../../../../arm-none-eabi/lib/armv7-m\libg_nano.a(lib_a-memmove.o)
 .debug_frame   0x00003cd8       0x38 c:/program files (x86)/cypress/psoc creator/4.4/psoc creator/import/gnu/arm/5.4.1/bin/../lib/gcc/arm-none-eabi/5.4.1/../../../../arm-none-eabi/lib/armv7-m\libg_nano.a(lib_a-nano-freer.o)
 .debug_frame   0x00003d10       0x2c c:/program files (x86)/cypress/psoc creator/4.4/psoc creator/import/gnu/arm/5.4.1/bin/../lib/gcc/arm-none-eabi/5.4.1/../../../../arm-none-eabi/lib/armv7-m\libg_nano.a(lib_a-nano-mallocr.o)
 .debug_frame   0x00003d3c       0x3c c:/program files (x86)/cypress/psoc creator/4.4/psoc creator/import/gnu/arm/5.4.1/bin/../lib/gcc/arm-none-eabi/5.4.1/../../../../arm-none-eabi/lib/armv7-m\libg_nano.a(lib_a-nano-reallocr.o)
 .debug_frame   0x00003d78       0x2c c:/program files (x86)/cypress/psoc creator/4.4/psoc creator/import/gnu/arm/5.4.1/bin/../lib/gcc/arm-none-eabi/5.4.1/../../../../arm-none-eabi/lib/armv7-m\libg_nano.a(lib_a-sbrkr.o)
 .debug_frame   0x00003da4       0x30 c:/program files (x86)/cypress/psoc creator/4.4/psoc creator/import/gnu/arm/5.4.1/bin/../lib/gcc/arm-none-eabi/5.4.1/../../../../arm-none-eabi/lib/armv7-m\libg_nano.a(lib_a-mlock.o)
 .debug_frame   0x00003dd4       0x20 c:/program files (x86)/cypress/psoc creator/4.4/psoc creator/import/gnu/arm/5.4.1/bin/../lib/gcc/arm-none-eabi/5.4.1/../../../../arm-none-eabi/lib/armv7-m\libg_nano.a(lib_a-nano-msizer.o)
 .debug_frame   0x00003df4       0x5c c:/program files (x86)/cypress/psoc creator/4.4/psoc creator/import/gnu/arm/5.4.1/bin/../lib/gcc/arm-none-eabi/5.4.1/../../../../arm-none-eabi/lib/armv7-m\libg_nano.a(lib_a-reent.o)

.debug_str      0x00000000     0x480d
 *(.debug_str)
 .debug_str     0x00000000     0x1254 .\CortexM3\ARM_GCC_541\Debug\ugui.o
                               0x1314 (size before relaxing)
 .debug_str     0x00001254      0x11d .\CortexM3\ARM_GCC_541\Debug\ugui_SSD1963.o
                                0x55e (size before relaxing)
 .debug_str     0x00001371      0x1aa .\CortexM3\ARM_GCC_541\Debug\frucd_display.o
                                0x648 (size before relaxing)
 .debug_str     0x0000151b      0x400 .\CortexM3\ARM_GCC_541\Debug\main.o
                                0xa68 (size before relaxing)
 .debug_str     0x0000191b      0x1fc .\CortexM3\ARM_GCC_541\Debug\can_manga.o
                                0x7b4 (size before relaxing)
 .debug_str     0x00001b17      0x207 .\CortexM3\ARM_GCC_541\Debug\cyfitter_cfg.o
                                0x3ae (size before relaxing)
 .debug_str     0x00001d1e       0x75 .\CortexM3\ARM_GCC_541\Debug\cymetadata.o
                                0x1ea (size before relaxing)
 .debug_str     0x00001d93      0x144 .\CortexM3\ARM_GCC_541\Debug\Cm3Start.o
                                0x310 (size before relaxing)
 .debug_str     0x00001ed7      0x30b .\CortexM3\ARM_GCC_541\Debug\Dashboard.a(CAN.o)
                                0x4e7 (size before relaxing)
 .debug_str     0x000021e2       0xfe .\CortexM3\ARM_GCC_541\Debug\Dashboard.a(CAN_INT.o)
                                0x2f0 (size before relaxing)
 .debug_str     0x000022e0       0x71 .\CortexM3\ARM_GCC_541\Debug\Dashboard.a(CAN_TX_RX_func.o)
                                0x517 (size before relaxing)
 .debug_str     0x00002351       0x2d .\CortexM3\ARM_GCC_541\Debug\Dashboard.a(LED.o)
                                0x1de (size before relaxing)
 .debug_str     0x0000237e       0x53 .\CortexM3\ARM_GCC_541\Debug\Dashboard.a(Buzzer.o)
                                0x1ed (size before relaxing)
 .debug_str     0x000023d1       0x44 .\CortexM3\ARM_GCC_541\Debug\Dashboard.a(HV.o)
                                0x1d9 (size before relaxing)
 .debug_str     0x00002415       0x50 .\CortexM3\ARM_GCC_541\Debug\Dashboard.a(Drive.o)
                                0x1e8 (size before relaxing)
 .debug_str     0x00002465       0x53 .\CortexM3\ARM_GCC_541\Debug\Dashboard.a(RGB3_1.o)
                                0x1ed (size before relaxing)
 .debug_str     0x000024b8       0x53 .\CortexM3\ARM_GCC_541\Debug\Dashboard.a(RGB2_1.o)
                                0x1ed (size before relaxing)
 .debug_str     0x0000250b       0x53 .\CortexM3\ARM_GCC_541\Debug\Dashboard.a(RGB1_1.o)
                                0x1ed (size before relaxing)
 .debug_str     0x0000255e      0x1cf .\CortexM3\ARM_GCC_541\Debug\Dashboard.a(Node_Timer.o)
                                0x3a6 (size before relaxing)
 .debug_str     0x0000272d      0x133 .\CortexM3\ARM_GCC_541\Debug\Dashboard.a(isr_nodeok.o)
                                0x2f2 (size before relaxing)
 .debug_str     0x00002860      0x1f5 .\CortexM3\ARM_GCC_541\Debug\Dashboard.a(EEPROM_1.o)
                                0x3e2 (size before relaxing)
 .debug_str     0x00002a55       0x5f .\CortexM3\ARM_GCC_541\Debug\Dashboard.a(WDT_Reset.o)
                                0x1fc (size before relaxing)
 .debug_str     0x00002ab4      0x18e .\CortexM3\ARM_GCC_541\Debug\Dashboard.a(WDT_Timer.o)
                                0x389 (size before relaxing)
 .debug_str     0x00002c42       0xf2 .\CortexM3\ARM_GCC_541\Debug\Dashboard.a(isr_wdt.o)
                                0x2c8 (size before relaxing)
 .debug_str     0x00002d34      0x14d .\CortexM3\ARM_GCC_541\Debug\Dashboard.a(GraphicLCDIntf.o)
                                0x314 (size before relaxing)
 .debug_str     0x00002e81       0x4b .\CortexM3\ARM_GCC_541\Debug\Dashboard.a(D_BL.o)
                                0x1e3 (size before relaxing)
 .debug_str     0x00002ecc       0x4f .\CortexM3\ARM_GCC_541\Debug\Dashboard.a(D_RST.o)
                                0x1e8 (size before relaxing)
 .debug_str     0x00002f1b      0x120 .\CortexM3\ARM_GCC_541\Debug\Dashboard.a(CyFlash.o)
                                0x3a7 (size before relaxing)
 .debug_str     0x0000303b      0x792 .\CortexM3\ARM_GCC_541\Debug\Dashboard.a(CyLib.o)
                                0xa35 (size before relaxing)
 .debug_str     0x000037cd      0x343 .\CortexM3\ARM_GCC_541\Debug\Dashboard.a(cyPm.o)
                                0x72d (size before relaxing)
 .debug_str     0x00003b10       0x6e .\CortexM3\ARM_GCC_541\Debug\Dashboard.a(CySpc.o)
                                0x330 (size before relaxing)
 .debug_str     0x00003b7e       0x2e .\CortexM3\ARM_GCC_541\Debug\Dashboard.a(cyutils.o)
                                0x1b8 (size before relaxing)
 .debug_str     0x00003bac      0x422 .\CortexM3\ARM_GCC_541\Debug\Dashboard.a(ADC_GLV_V.o)
                                0x6c5 (size before relaxing)
 .debug_str     0x00003fce       0x63 .\CortexM3\ARM_GCC_541\Debug\Dashboard.a(ADC_GLV_V_INT.o)
                                0x1e4 (size before relaxing)
 .debug_str     0x00004031      0x1da .\CortexM3\ARM_GCC_541\Debug\Dashboard.a(ADC_GLV_V_theACLK.o)
                                0x3bb (size before relaxing)
 .debug_str     0x0000420b       0x77 .\CortexM3\ARM_GCC_541\Debug\Dashboard.a(ADC_GLV_V_AMux.o)
                                0x22f (size before relaxing)
 .debug_str     0x00004282      0x166 .\CortexM3\ARM_GCC_541\Debug\Dashboard.a(ADC_GLV_V_Ext_CP_Clk.o)
                                0x390 (size before relaxing)
 .debug_str     0x000043e8       0x57 .\CortexM3\ARM_GCC_541\Debug\Dashboard.a(IMD_LED.o)
                                0x1f2 (size before relaxing)
 .debug_str     0x0000443f       0x57 .\CortexM3\ARM_GCC_541\Debug\Dashboard.a(BMS_LED.o)
                                0x1f2 (size before relaxing)
 .debug_str     0x00004496      0x20e .\CortexM3\ARM_GCC_541\Debug\Dashboard.a(ReadyToDrive_Timer.o)
                                0x42b (size before relaxing)
 .debug_str     0x000046a4      0x169 .\CortexM3\ARM_GCC_541\Debug\Dashboard.a(ReadyToDrive_Int.o)
                                0x36b (size before relaxing)

.debug_loc      0x00000000     0xbb6c
 *(.debug_loc)
 .debug_loc     0x00000000     0x709c .\CortexM3\ARM_GCC_541\Debug\ugui.o
 .debug_loc     0x0000709c      0xb51 .\CortexM3\ARM_GCC_541\Debug\ugui_SSD1963.o
 .debug_loc     0x00007bed      0x3a3 .\CortexM3\ARM_GCC_541\Debug\frucd_display.o
 .debug_loc     0x00007f90      0x120 .\CortexM3\ARM_GCC_541\Debug\main.o
 .debug_loc     0x000080b0      0x19b .\CortexM3\ARM_GCC_541\Debug\can_manga.o
 .debug_loc     0x0000824b      0x2cb .\CortexM3\ARM_GCC_541\Debug\cyfitter_cfg.o
 .debug_loc     0x00008516      0x144 .\CortexM3\ARM_GCC_541\Debug\Cm3Start.o
 .debug_loc     0x0000865a      0x980 .\CortexM3\ARM_GCC_541\Debug\Dashboard.a(CAN.o)
 .debug_loc     0x00008fda       0x54 .\CortexM3\ARM_GCC_541\Debug\Dashboard.a(CAN_INT.o)
 .debug_loc     0x0000902e      0x193 .\CortexM3\ARM_GCC_541\Debug\Dashboard.a(CAN_TX_RX_func.o)
 .debug_loc     0x000091c1       0x42 .\CortexM3\ARM_GCC_541\Debug\Dashboard.a(LED.o)
 .debug_loc     0x00009203       0x42 .\CortexM3\ARM_GCC_541\Debug\Dashboard.a(Buzzer.o)
 .debug_loc     0x00009245       0x42 .\CortexM3\ARM_GCC_541\Debug\Dashboard.a(HV.o)
 .debug_loc     0x00009287       0x42 .\CortexM3\ARM_GCC_541\Debug\Dashboard.a(Drive.o)
 .debug_loc     0x000092c9       0x42 .\CortexM3\ARM_GCC_541\Debug\Dashboard.a(RGB3_1.o)
 .debug_loc     0x0000930b       0x42 .\CortexM3\ARM_GCC_541\Debug\Dashboard.a(RGB2_1.o)
 .debug_loc     0x0000934d       0x42 .\CortexM3\ARM_GCC_541\Debug\Dashboard.a(RGB1_1.o)
 .debug_loc     0x0000938f       0x6b .\CortexM3\ARM_GCC_541\Debug\Dashboard.a(Node_Timer.o)
 .debug_loc     0x000093fa       0x56 .\CortexM3\ARM_GCC_541\Debug\Dashboard.a(isr_nodeok.o)
 .debug_loc     0x00009450      0x49f .\CortexM3\ARM_GCC_541\Debug\Dashboard.a(EEPROM_1.o)
 .debug_loc     0x000098ef       0x42 .\CortexM3\ARM_GCC_541\Debug\Dashboard.a(WDT_Reset.o)
 .debug_loc     0x00009931       0x13 .\CortexM3\ARM_GCC_541\Debug\Dashboard.a(WDT_Timer.o)
 .debug_loc     0x00009944       0x56 .\CortexM3\ARM_GCC_541\Debug\Dashboard.a(isr_wdt.o)
 .debug_loc     0x0000999a      0x1a6 .\CortexM3\ARM_GCC_541\Debug\Dashboard.a(GraphicLCDIntf.o)
 .debug_loc     0x00009b40       0x42 .\CortexM3\ARM_GCC_541\Debug\Dashboard.a(D_BL.o)
 .debug_loc     0x00009b82       0x42 .\CortexM3\ARM_GCC_541\Debug\Dashboard.a(D_RST.o)
 .debug_loc     0x00009bc4      0x2f2 .\CortexM3\ARM_GCC_541\Debug\Dashboard.a(CyFlash.o)
 .debug_loc     0x00009eb6      0xa11 .\CortexM3\ARM_GCC_541\Debug\Dashboard.a(CyLib.o)
 .debug_loc     0x0000a8c7      0x1e4 .\CortexM3\ARM_GCC_541\Debug\Dashboard.a(cyPm.o)
 .debug_loc     0x0000aaab      0x64d .\CortexM3\ARM_GCC_541\Debug\Dashboard.a(CySpc.o)
 .debug_loc     0x0000b0f8       0x21 .\CortexM3\ARM_GCC_541\Debug\Dashboard.a(cyutils.o)
 .debug_loc     0x0000b119      0x681 .\CortexM3\ARM_GCC_541\Debug\Dashboard.a(ADC_GLV_V.o)
 .debug_loc     0x0000b79a      0x14d .\CortexM3\ARM_GCC_541\Debug\Dashboard.a(ADC_GLV_V_theACLK.o)
 .debug_loc     0x0000b8e7       0x6c .\CortexM3\ARM_GCC_541\Debug\Dashboard.a(ADC_GLV_V_AMux.o)
 .debug_loc     0x0000b953      0x12c .\CortexM3\ARM_GCC_541\Debug\Dashboard.a(ADC_GLV_V_Ext_CP_Clk.o)
 .debug_loc     0x0000ba7f       0x42 .\CortexM3\ARM_GCC_541\Debug\Dashboard.a(IMD_LED.o)
 .debug_loc     0x0000bac1       0x42 .\CortexM3\ARM_GCC_541\Debug\Dashboard.a(BMS_LED.o)
 .debug_loc     0x0000bb03       0x13 .\CortexM3\ARM_GCC_541\Debug\Dashboard.a(ReadyToDrive_Timer.o)
 .debug_loc     0x0000bb16       0x56 .\CortexM3\ARM_GCC_541\Debug\Dashboard.a(ReadyToDrive_Int.o)

.debug_macinfo
 *(.debug_macinfo)

.debug_ranges   0x00000000     0x13b0
 *(.debug_ranges)
 .debug_ranges  0x00000000      0x558 .\CortexM3\ARM_GCC_541\Debug\ugui.o
 .debug_ranges  0x00000558       0x38 .\CortexM3\ARM_GCC_541\Debug\ugui_SSD1963.o
 .debug_ranges  0x00000590       0x48 .\CortexM3\ARM_GCC_541\Debug\frucd_display.o
 .debug_ranges  0x000005d8       0x40 .\CortexM3\ARM_GCC_541\Debug\main.o
 .debug_ranges  0x00000618       0x68 .\CortexM3\ARM_GCC_541\Debug\can_manga.o
 .debug_ranges  0x00000680       0x58 .\CortexM3\ARM_GCC_541\Debug\cyfitter_cfg.o
 .debug_ranges  0x000006d8       0x38 .\CortexM3\ARM_GCC_541\Debug\Cm3Start.o
 .debug_ranges  0x00000710       0xb8 .\CortexM3\ARM_GCC_541\Debug\Dashboard.a(CAN.o)
 .debug_ranges  0x000007c8       0x18 .\CortexM3\ARM_GCC_541\Debug\Dashboard.a(CAN_INT.o)
 .debug_ranges  0x000007e0       0x58 .\CortexM3\ARM_GCC_541\Debug\Dashboard.a(CAN_TX_RX_func.o)
 .debug_ranges  0x00000838       0x28 .\CortexM3\ARM_GCC_541\Debug\Dashboard.a(LED.o)
 .debug_ranges  0x00000860       0x28 .\CortexM3\ARM_GCC_541\Debug\Dashboard.a(Buzzer.o)
 .debug_ranges  0x00000888       0x28 .\CortexM3\ARM_GCC_541\Debug\Dashboard.a(HV.o)
 .debug_ranges  0x000008b0       0x28 .\CortexM3\ARM_GCC_541\Debug\Dashboard.a(Drive.o)
 .debug_ranges  0x000008d8       0x28 .\CortexM3\ARM_GCC_541\Debug\Dashboard.a(RGB3_1.o)
 .debug_ranges  0x00000900       0x28 .\CortexM3\ARM_GCC_541\Debug\Dashboard.a(RGB2_1.o)
 .debug_ranges  0x00000928       0x28 .\CortexM3\ARM_GCC_541\Debug\Dashboard.a(RGB1_1.o)
 .debug_ranges  0x00000950       0x80 .\CortexM3\ARM_GCC_541\Debug\Dashboard.a(Node_Timer.o)
 .debug_ranges  0x000009d0       0x70 .\CortexM3\ARM_GCC_541\Debug\Dashboard.a(isr_nodeok.o)
 .debug_ranges  0x00000a40       0x68 .\CortexM3\ARM_GCC_541\Debug\Dashboard.a(EEPROM_1.o)
 .debug_ranges  0x00000aa8       0x28 .\CortexM3\ARM_GCC_541\Debug\Dashboard.a(WDT_Reset.o)
 .debug_ranges  0x00000ad0       0x80 .\CortexM3\ARM_GCC_541\Debug\Dashboard.a(WDT_Timer.o)
 .debug_ranges  0x00000b50       0x70 .\CortexM3\ARM_GCC_541\Debug\Dashboard.a(isr_wdt.o)
 .debug_ranges  0x00000bc0       0x78 .\CortexM3\ARM_GCC_541\Debug\Dashboard.a(GraphicLCDIntf.o)
 .debug_ranges  0x00000c38       0x28 .\CortexM3\ARM_GCC_541\Debug\Dashboard.a(D_BL.o)
 .debug_ranges  0x00000c60       0x28 .\CortexM3\ARM_GCC_541\Debug\Dashboard.a(D_RST.o)
 .debug_ranges  0x00000c88       0x70 .\CortexM3\ARM_GCC_541\Debug\Dashboard.a(CyFlash.o)