Archive member included to satisfy reference by file (symbol)

.\CortexM3\ARM_GCC_541\Debug\Dashboard.a(CAN.o)
                              .\CortexM3\ARM_GCC_541\Debug\main.o (CAN_GlobalIntEnable)
.\CortexM3\ARM_GCC_541\Debug\Dashboard.a(CAN_INT.o)
                              .\CortexM3\ARM_GCC_541\Debug\Dashboard.a(CAN.o) (CAN_ISR)
.\CortexM3\ARM_GCC_541\Debug\Dashboard.a(CAN_TX_RX_func.o)
                              .\CortexM3\ARM_GCC_541\Debug\can_manga.o (CAN_SendMsg)
.\CortexM3\ARM_GCC_541\Debug\Dashboard.a(Buzzer.o)
                              .\CortexM3\ARM_GCC_541\Debug\main.o (Buzzer_Write)
.\CortexM3\ARM_GCC_541\Debug\Dashboard.a(HV.o)
                              .\CortexM3\ARM_GCC_541\Debug\main.o (HV_Read)
.\CortexM3\ARM_GCC_541\Debug\Dashboard.a(Drive.o)
                              .\CortexM3\ARM_GCC_541\Debug\main.o (Drive_Read)
.\CortexM3\ARM_GCC_541\Debug\Dashboard.a(RGB3_1.o)
                              .\CortexM3\ARM_GCC_541\Debug\main.o (RGB3_1_Write)
.\CortexM3\ARM_GCC_541\Debug\Dashboard.a(RGB2_1.o)
                              .\CortexM3\ARM_GCC_541\Debug\main.o (RGB2_1_Write)
.\CortexM3\ARM_GCC_541\Debug\Dashboard.a(RGB1_1.o)
                              .\CortexM3\ARM_GCC_541\Debug\main.o (RGB1_1_Write)
.\CortexM3\ARM_GCC_541\Debug\Dashboard.a(GraphicLCDIntf.o)
                              .\CortexM3\ARM_GCC_541\Debug\main.o (GraphicLCDIntf_Start)
.\CortexM3\ARM_GCC_541\Debug\Dashboard.a(D_BL.o)
                              .\CortexM3\ARM_GCC_541\Debug\main.o (D_BL_Write)
.\CortexM3\ARM_GCC_541\Debug\Dashboard.a(D_RST.o)
                              .\CortexM3\ARM_GCC_541\Debug\ugui_SSD1963.o (D_RST_Write)
.\CortexM3\ARM_GCC_541\Debug\Dashboard.a(CyLib.o)
                              .\CortexM3\ARM_GCC_541\Debug\Cm3Start.o (CyHalt)
.\CortexM3\ARM_GCC_541\Debug\Dashboard.a(cyPm.o)
                              .\CortexM3\ARM_GCC_541\Debug\Dashboard.a(CyLib.o) (CyPmReadStatus)
.\CortexM3\ARM_GCC_541\Debug\Dashboard.a(ADC_GLV_V.o)
                              .\CortexM3\ARM_GCC_541\Debug\main.o (ADC_GLV_V_Start)
.\CortexM3\ARM_GCC_541\Debug\Dashboard.a(ADC_GLV_V_INT.o)
                              .\CortexM3\ARM_GCC_541\Debug\Dashboard.a(ADC_GLV_V.o) (ADC_GLV_V_ISR1)
.\CortexM3\ARM_GCC_541\Debug\Dashboard.a(ADC_GLV_V_theACLK.o)
                              .\CortexM3\ARM_GCC_541\Debug\Dashboard.a(ADC_GLV_V.o) (ADC_GLV_V_theACLK_SetModeRegister)
.\CortexM3\ARM_GCC_541\Debug\Dashboard.a(ADC_GLV_V_AMux.o)
                              .\CortexM3\ARM_GCC_541\Debug\Dashboard.a(ADC_GLV_V.o) (ADC_GLV_V_AMux_Select)
.\CortexM3\ARM_GCC_541\Debug\Dashboard.a(ADC_GLV_V_Ext_CP_Clk.o)
                              .\CortexM3\ARM_GCC_541\Debug\Dashboard.a(ADC_GLV_V.o) (ADC_GLV_V_Ext_CP_Clk_SetModeRegister)
.\CortexM3\ARM_GCC_541\Debug\Dashboard.a(IMD_LED.o)
                              .\CortexM3\ARM_GCC_541\Debug\main.o (IMD_LED_Write)
.\CortexM3\ARM_GCC_541\Debug\Dashboard.a(BMS_LED.o)
                              .\CortexM3\ARM_GCC_541\Debug\main.o (BMS_LED_Write)
.\CortexM3\ARM_GCC_541\Debug\Dashboard.a(ReadyToDrive_Timer.o)
                              .\CortexM3\ARM_GCC_541\Debug\main.o (ReadyToDrive_Timer_Enable)
.\CortexM3\ARM_GCC_541\Debug\Dashboard.a(ReadyToDrive_Int.o)
                              .\CortexM3\ARM_GCC_541\Debug\main.o (ReadyToDrive_Int_Start)
.\CortexM3\ARM_GCC_541\Debug\Dashboard.a(CyBootAsmGnu.o)
                              .\CortexM3\ARM_GCC_541\Debug\cyfitter_cfg.o (CyDelayCycles)
.\CortexM3\ARM_GCC_541\Debug\Dashboard.a(CyFlash.o)
                              .\CortexM3\ARM_GCC_541\Debug\Dashboard.a(cyPm.o) (CyFlash_SetWaitCycles)
.\CortexM3\ARM_GCC_541\Debug\Dashboard.a(CySpc.o)
                              .\CortexM3\ARM_GCC_541\Debug\Dashboard.a(CyFlash.o) (CySpcStart)
c:/program files (x86)/cypress/psoc creator/4.4/psoc creator/import/gnu/arm/5.4.1/bin/../lib/gcc/arm-none-eabi/5.4.1/armv7-m\libgcc.a(_arm_addsubdf3.o)
                              .\CortexM3\ARM_GCC_541\Debug\Dashboard.a(ADC_GLV_V.o) (__aeabi_f2d)
c:/program files (x86)/cypress/psoc creator/4.4/psoc creator/import/gnu/arm/5.4.1/bin/../lib/gcc/arm-none-eabi/5.4.1/armv7-m\libgcc.a(_arm_cmpdf2.o)
                              .\CortexM3\ARM_GCC_541\Debug\Dashboard.a(ADC_GLV_V.o) (__aeabi_dcmpgt)
c:/program files (x86)/cypress/psoc creator/4.4/psoc creator/import/gnu/arm/5.4.1/bin/../lib/gcc/arm-none-eabi/5.4.1/armv7-m\libgcc.a(_arm_addsubsf3.o)
                              .\CortexM3\ARM_GCC_541\Debug\Dashboard.a(ADC_GLV_V.o) (__aeabi_ui2f)
c:/program files (x86)/cypress/psoc creator/4.4/psoc creator/import/gnu/arm/5.4.1/bin/../lib/gcc/arm-none-eabi/5.4.1/armv7-m\libgcc.a(_arm_muldivsf3.o)
                              .\CortexM3\ARM_GCC_541\Debug\Dashboard.a(ADC_GLV_V.o) (__aeabi_fmul)
[...]
Memory Configuration

Name             Origin             Length             Attributes
rom              0x00000000         0x00040000         xr
ram              0x1fff8000         0x00010000         xrw
*default*        0x00000000         0xffffffff

Linker script and memory map

LOAD c:/program files (x86)/cypress/psoc creator/4.4/psoc creator/import/gnu/arm/5.4.1/bin/../lib/gcc/arm-none-eabi/5.4.1/armv7-m/crti.o
LOAD c:/program files (x86)/cypress/psoc creator/4.4/psoc creator/import/gnu/arm/5.4.1/bin/../lib/gcc/arm-none-eabi/5.4.1/armv7-m/crtbegin.o
LOAD c:/program files (x86)/cypress/psoc creator/4.4/psoc creator/import/gnu/arm/5.4.1/bin/../lib/gcc/arm-none-eabi/5.4.1/../../../../arm-none-eabi/lib/armv7-m/crt0.o
START GROUP
LOAD .\CortexM3\ARM_GCC_541\Debug\ugui.o
LOAD .\CortexM3\ARM_GCC_541\Debug\ugui_SSD1963.o
LOAD .\CortexM3\ARM_GCC_541\Debug\frucd_display.o
LOAD .\CortexM3\ARM_GCC_541\Debug\main.o
LOAD .\CortexM3\ARM_GCC_541\Debug\can_manga.o
LOAD .\CortexM3\ARM_GCC_541\Debug\cyfitter_cfg.o
LOAD .\CortexM3\ARM_GCC_541\Debug\cymetadata.o
LOAD .\CortexM3\ARM_GCC_541\Debug\Cm3Start.o
LOAD .\CortexM3\ARM_GCC_541\Debug\Dashboard.a
LOAD C:\Program Files (x86)\Cypress\PSoC Creator\4.4\PSoC Creator\psoc\content\cycomponentlibrary\CyComponentLibrary.cylib\CortexM3\ARM_GCC_541\Debug\CyComponentLibrary.a
END GROUP
START GROUP
LOAD c:/program files (x86)/cypress/psoc creator/4.4/psoc creator/import/gnu/arm/5.4.1/bin/../lib/gcc/arm-none-eabi/5.4.1/armv7-m\libgcc.a
LOAD c:/program files (x86)/cypress/psoc creator/4.4/psoc creator/import/gnu/arm/5.4.1/bin/../lib/gcc/arm-none-eabi/5.4.1/../../../../arm-none-eabi/lib/armv7-m\libg_nano.a
LOAD c:/program files (x86)/cypress/psoc creator/4.4/psoc creator/import/gnu/arm/5.4.1/bin/../lib/gcc/arm-none-eabi/5.4.1/../../../../arm-none-eabi/lib/armv7-m\libc_nano.a
END GROUP
START GROUP
LOAD c:/program files (x86)/cypress/psoc creator/4.4/psoc creator/import/gnu/arm/5.4.1/bin/../lib/gcc/arm-none-eabi/5.4.1/armv7-m\libgcc.a
LOAD c:/program files (x86)/cypress/psoc creator/4.4/psoc creator/import/gnu/arm/5.4.1/bin/../lib/gcc/arm-none-eabi/5.4.1/../../../../arm-none-eabi/lib/armv7-m\libc_nano.a
END GROUP
LOAD c:/program files (x86)/cypress/psoc creator/4.4/psoc creator/import/gnu/arm/5.4.1/bin/../lib/gcc/arm-none-eabi/5.4.1/armv7-m/crtend.o
LOAD c:/program files (x86)/cypress/psoc creator/4.4/psoc creator/import/gnu/arm/5.4.1/bin/../lib/gcc/arm-none-eabi/5.4.1/armv7-m/crtn.o
START GROUP
LOAD c:/program files (x86)/cypress/psoc creator/4.4/psoc creator/import/gnu/arm/5.4.1/bin/../lib/gcc/arm-none-eabi/5.4.1/armv7-m\libgcc.a
LOAD c:/program files (x86)/cypress/psoc creator/4.4/psoc creator/import/gnu/arm/5.4.1/bin/../lib/gcc/arm-none-eabi/5.4.1/../../../../arm-none-eabi/lib/armv7-m\libc.a
LOAD c:/program files (x86)/cypress/psoc creator/4.4/psoc creator/import/gnu/arm/5.4.1/bin/../lib/gcc/arm-none-eabi/5.4.1/../../../../arm-none-eabi/lib/armv7-m\libnosys.a
END GROUP
                0x00000000                CY_APPL_ORIGIN = 0x0
                0x00000100                CY_FLASH_ROW_SIZE = 0x100
                0x00000020                CY_ECC_ROW_SIZE = 0x20
                0x00000000                CY_EE_IN_BTLDR = 0x0
                0x00000000                CY_APPL_LOADABLE = 0x0
                0x00000800                CY_EE_SIZE = 0x800
                0x00000001                CY_APPL_NUM = 0x1
                0x00000001                CY_APPL_MAX = 0x1
                0x00000040                CY_METADATA_SIZE = 0x40
                0x00000000                CY_APPL_LOADABLE = 0x0
                0x00000000                CY_CHECKSUM_EXCLUDE_SIZE = ALIGN (0x0, CY_FLASH_ROW_SIZE)
                [!provide]                PROVIDE (__cy_heap_start, _end)
                0x00000001                PROVIDE (__cy_region_num, ((__cy_regions_end - __cy_regions) / 0x10))
                0x20008000                PROVIDE (__cy_stack, (ORIGIN (ram) + LENGTH (ram)))
                [!provide]                PROVIDE (__cy_heap_end, (__cy_stack - 0x800))

.cybootloader   0x00000000        0x0
 *(.cybootloader)
                0x00000000                appl1_start = CY_APPL_ORIGIN?CY_APPL_ORIGIN:ALIGN (CY_FLASH_ROW_SIZE)
                0x0001ff00                appl2_start = (appl1_start + ALIGN ((((LENGTH (rom) - appl1_start) - (0x2 * CY_FLASH_ROW_SIZE)) / 0x2), CY_FLASH_ROW_SIZE))
                0x00000000                appl_start = (CY_APPL_NUM == 0x1)?appl1_start:appl2_start
                0x00000000                ecc_offset = ((appl_start / CY_FLASH_ROW_SIZE) * CY_ECC_ROW_SIZE)
                0x00000000                ee_offset = (CY_APPL_LOADABLE && ! (CY_EE_IN_BTLDR))?((CY_EE_SIZE / CY_APPL_MAX) * (CY_APPL_NUM - 0x1)):0x0
                0x00000800                ee_size = (CY_APPL_LOADABLE && ! (CY_EE_IN_BTLDR))?(CY_EE_SIZE / CY_APPL_MAX):CY_EE_SIZE
                [!provide]                PROVIDE (CY_ECC_OFFSET, ecc_offset)

.text           0x00000000     0x3368
 CREATE_OBJECT_SYMBOLS
                0x00000000                PROVIDE (__cy_interrupt_vector, RomVectors)
 *(.romvectors)
 .romvectors    0x00000000       0x10 .\CortexM3\ARM_GCC_541\Debug\Cm3Start.o
                0x00000000                RomVectors
                0x00000001                ASSERT ((. != __cy_interrupt_vector), No interrupt vector)
                0x00000001                ASSERT (CY_APPL_ORIGIN?(SIZEOF (.cybootloader) <= CY_APPL_ORIGIN):0x1, Wrong image location)
                0x00000010                PROVIDE (__cy_reset, Reset)
 *(.text.Reset)
 .text.Reset    0x00000010       0x18 .\CortexM3\ARM_GCC_541\Debug\Cm3Start.o
                0x00000010                Reset
                0x00000001                ASSERT ((. != __cy_reset), No reset code)
 *(.dma_init)
                0x00000001                ASSERT ((((appl_start + .) <= 0x10000) || 0x1), DMA Init must be within the first 64k of flash)
 *(.text .text.* .gnu.linkonce.t.*)
 .text          0x00000028       0x5c c:/program files (x86)/cypress/psoc creator/4.4/psoc creator/import/gnu/arm/5.4.1/bin/../lib/gcc/arm-none-eabi/5.4.1/armv7-m/crtbegin.o
 .text.UG_Init  0x00000084       0x70 .\CortexM3\ARM_GCC_541\Debug\ugui.o
                0x00000084                UG_Init
 .text.UG_FontSelect
                0x000000f4       0x1c .\CortexM3\ARM_GCC_541\Debug\ugui.o
                0x000000f4                UG_FontSelect
 .text.UG_FillFrame
                0x00000110       0x70 .\CortexM3\ARM_GCC_541\Debug\ugui.o
                0x00000110                UG_FillFrame
 .text.UG_FillScreen
                0x00000180       0x2c .\CortexM3\ARM_GCC_541\Debug\ugui.o
                0x00000180                UG_FillScreen
 .text.UG_SetForecolor
                0x000001ac        0xc .\CortexM3\ARM_GCC_541\Debug\ugui.o
                0x000001ac                UG_SetForecolor
 .text.UG_SetBackcolor
                0x000001b8        0xc .\CortexM3\ARM_GCC_541\Debug\ugui.o
                0x000001b8                UG_SetBackcolor
 .text._UG_PutChar
                0x000001c4      0x370 .\CortexM3\ARM_GCC_541\Debug\ugui.o
                0x000001c4                _UG_PutChar
 .text.UG_PutChar
                0x00000534       0x1c .\CortexM3\ARM_GCC_541\Debug\ugui.o
                0x00000534                UG_PutChar
 .text.UG_PutString
                0x00000550       0x88 .\CortexM3\ARM_GCC_541\Debug\ugui.o
                0x00000550                UG_PutString
 .text.UG_PutColorString
                0x000005d8       0x8c .\CortexM3\ARM_GCC_541\Debug\ugui.o
                0x000005d8                UG_PutColorString
 .text.UG_DriverRegister
                0x00000664       0x1c .\CortexM3\ARM_GCC_541\Debug\ugui.o
                0x00000664                UG_DriverRegister
 .text.Display_Init
                0x00000680      0x254 .\CortexM3\ARM_GCC_541\Debug\ugui_SSD1963.o
                0x00000680                Display_Init
 .text.Display_WindowSet
                0x000008d4       0x5c .\CortexM3\ARM_GCC_541\Debug\ugui_SSD1963.o
                0x000008d4                Display_WindowSet
 .text.Display_PSet
                0x00000930       0x48 .\CortexM3\ARM_GCC_541\Debug\ugui_SSD1963.o
                0x00000930                Display_PSet
 .text.HW_FillFrame
                0x00000978       0xa4 .\CortexM3\ARM_GCC_541\Debug\ugui_SSD1963.o
                0x00000978                HW_FillFrame
 .text.HW_DrawLine
                0x00000a1c       0x68 .\CortexM3\ARM_GCC_541\Debug\ugui_SSD1963.o
                0x00000a1c                HW_DrawLine
 .text.HW_DrawImage
                0x00000a84       0x74 .\CortexM3\ARM_GCC_541\Debug\ugui_SSD1963.o
                0x00000a84                HW_DrawImage
 .text.HW_DrawImage_Special
                0x00000af8       0x6c .\CortexM3\ARM_GCC_541\Debug\ugui_SSD1963.o
                0x00000af8                HW_DrawImage_Special
 .text.initDashTemplate
                0x00000b64       0x64 .\CortexM3\ARM_GCC_541\Debug\frucd_display.o
                0x00000b64                initDashTemplate
 .text.disp_SOC
                0x00000bc8      0x108 .\CortexM3\ARM_GCC_541\Debug\frucd_display.o
                0x00000bc8                disp_SOC
 .text.disp_max_pack_temp
                0x00000cd0       0xb4 .\CortexM3\ARM_GCC_541\Debug\frucd_display.o
                0x00000cd0                disp_max_pack_temp
 .text.state_rect
                0x00000d84       0x2c .\CortexM3\ARM_GCC_541\Debug\frucd_display.o
                0x00000d84                state_rect
 .text.disp_state
                0x00000db0      0x2a0 .\CortexM3\ARM_GCC_541\Debug\frucd_display.o
                0x00000db0                disp_state
 .text.disp_glv_v
                0x00001050       0xd0 .\CortexM3\ARM_GCC_541\Debug\frucd_display.o
                0x00001050                disp_glv_v
 .text.disp_mc_temp
                0x00001120       0x88 .\CortexM3\ARM_GCC_541\Debug\frucd_display.o
                0x00001120                disp_mc_temp
 .text.disp_motor_temp
                0x000011a8       0x8c .\CortexM3\ARM_GCC_541\Debug\frucd_display.o
                0x000011a8                disp_motor_temp
 .text.LED_color
                0x00001234       0xb4 .\CortexM3\ARM_GCC_541\Debug\main.o
                0x00001234                LED_color
 .text.LED_color_wheel
                0x000012e8       0x1c .\CortexM3\ARM_GCC_541\Debug\main.o
                0x000012e8                LED_color_wheel
 .text.main     0x00001304      0x1a0 .\CortexM3\ARM_GCC_541\Debug\main.o
                0x00001304                main
 .text.can_send
                0x000014a4       0x40 .\CortexM3\ARM_GCC_541\Debug\can_manga.o
                0x000014a4                can_send
 .text.can_send_switches
                0x000014e4       0x10 .\CortexM3\ARM_GCC_541\Debug\can_manga.o
                0x000014e4                can_send_switches
 .text.can_send_cmd
                0x000014f4       0x3c .\CortexM3\ARM_GCC_541\Debug\can_manga.o
                0x000014f4                can_send_cmd
 .text.CyClockStartupError
                0x00001530        0x4 .\CortexM3\ARM_GCC_541\Debug\cyfitter_cfg.o
 .text.cfg_write_bytes32
                0x00001534       0x34 .\CortexM3\ARM_GCC_541\Debug\cyfitter_cfg.o
 .text.AnalogSetDefault
                0x00001568       0x40 .\CortexM3\ARM_GCC_541\Debug\cyfitter_cfg.o
 .text.CYMEMZERO
                0x000015a8        0xc .\CortexM3\ARM_GCC_541\Debug\cyfitter_cfg.o
 .text.CYCONFIGCPY
                0x000015b4        0x8 .\CortexM3\ARM_GCC_541\Debug\cyfitter_cfg.o
 .text.ClockSetup
                0x000015bc       0xf0 .\CortexM3\ARM_GCC_541\Debug\cyfitter_cfg.o
 .text.ADC_GLV_V_AMux_Set
                0x000016ac       0x1c .\CortexM3\ARM_GCC_541\Debug\cyfitter_cfg.o
                0x000016ac                ADC_GLV_V_AMux_Set
 .text.ADC_GLV_V_AMux_Unset
                0x000016c8       0x1c .\CortexM3\ARM_GCC_541\Debug\cyfitter_cfg.o
                0x000016c8                ADC_GLV_V_AMux_Unset
 .text.cyfitter_cfg
                0x000016e4      0x160 .\CortexM3\ARM_GCC_541\Debug\cyfitter_cfg.o
                0x000016e4                cyfitter_cfg
 .text.IntDefaultHandler
                0x00001844        0x4 .\CortexM3\ARM_GCC_541\Debug\Cm3Start.o
                0x00001844                IntDefaultHandler
 .text._sbrk    0x00001848       0x30 .\CortexM3\ARM_GCC_541\Debug\Cm3Start.o
                0x00001848                _sbrk
 .text.Start_c  0x00001878       0x4c .\CortexM3\ARM_GCC_541\Debug\Cm3Start.o
                0x00001878                Start_c
 .text.initialize_psoc
                0x000018c4       0x68 .\CortexM3\ARM_GCC_541\Debug\Cm3Start.o
                0x000018c4                initialize_psoc
 .text.CAN_GlobalIntEnable
                0x0000192c       0x20 .\CortexM3\ARM_GCC_541\Debug\Dashboard.a(CAN.o)
                0x0000192c                CAN_GlobalIntEnable
 .text.CAN_Enable
                0x0000194c       0x6c .\CortexM3\ARM_GCC_541\Debug\Dashboard.a(CAN.o)
                0x0000194c                CAN_Enable
 .text.CAN_SetPreScaler
                0x000019b8       0x24 .\CortexM3\ARM_GCC_541\Debug\Dashboard.a(CAN.o)
                0x000019b8                CAN_SetPreScaler
 .text.CAN_SetArbiter
                0x000019dc       0x3c .\CortexM3\ARM_GCC_541\Debug\Dashboard.a(CAN.o)
                0x000019dc                CAN_SetArbiter
 .text.CAN_SetTsegSample
                0x00001a18       0x84 .\CortexM3\ARM_GCC_541\Debug\Dashboard.a(CAN.o)
                0x00001a18                CAN_SetTsegSample
 .text.CAN_SetRestartType
                0x00001a9c       0x3c .\CortexM3\ARM_GCC_541\Debug\Dashboard.a(CAN.o)
                0x00001a9c                CAN_SetRestartType
 .text.CAN_SetEdgeMode
                0x00001ad8       0x3c .\CortexM3\ARM_GCC_541\Debug\Dashboard.a(CAN.o)
                0x00001ad8                CAN_SetEdgeMode
 .text.CAN_SetIrqMask
                0x00001b14       0x18 .\CortexM3\ARM_GCC_541\Debug\Dashboard.a(CAN.o)
                0x00001b14                CAN_SetIrqMask
 .text.CAN_RxBufConfig
                0x00001b2c       0x90 .\CortexM3\ARM_GCC_541\Debug\Dashboard.a(CAN.o)
                0x00001b2c                CAN_RxBufConfig
 .text.CAN_TxBufConfig
                0x00001bbc       0x54 .\CortexM3\ARM_GCC_541\Debug\Dashboard.a(CAN.o)
                0x00001bbc                CAN_TxBufConfig
 .text.CAN_RxTxBuffersConfig
                0x00001c10       0x50 .\CortexM3\ARM_GCC_541\Debug\Dashboard.a(CAN.o)
                0x00001c10                CAN_RxTxBuffersConfig
 .text.CAN_Init
                0x00001c60       0xe0 .\CortexM3\ARM_GCC_541\Debug\Dashboard.a(CAN.o)
                0x00001c60                CAN_Init
 .text.CAN_Start
                0x00001d40       0x24 .\CortexM3\ARM_GCC_541\Debug\Dashboard.a(CAN.o)
                0x00001d40                CAN_Start
 .text.CAN_MsgRXIsr
                0x00001d64       0x7c .\CortexM3\ARM_GCC_541\Debug\Dashboard.a(CAN_INT.o)
                0x00001d64                CAN_MsgRXIsr
 .text.CAN_ISR  0x00001de0       0x18 .\CortexM3\ARM_GCC_541\Debug\Dashboard.a(CAN_INT.o)
                0x00001de0                CAN_ISR
 .text.CAN_SendMsg
                0x00001df8       0xdc .\CortexM3\ARM_GCC_541\Debug\Dashboard.a(CAN_TX_RX_func.o)
                0x00001df8                CAN_SendMsg
 .text.CAN_SendMsgDRIVER_SWITCHES
                0x00001ed4       0x20 .\CortexM3\ARM_GCC_541\Debug\Dashboard.a(CAN_TX_RX_func.o)
                0x00001ed4                CAN_SendMsgDRIVER_SWITCHES
 .text.CAN_ReceiveMsg
                0x00001ef4       0x1c .\CortexM3\ARM_GCC_541\Debug\Dashboard.a(CAN_TX_RX_func.o)
                0x00001ef4                CAN_ReceiveMsg
 .text.CAN_ReceiveMsgTORQUE_REQUEST
                0x00001f10       0x1c .\CortexM3\ARM_GCC_541\Debug\Dashboard.a(CAN_TX_RX_func.o)
                0x00001f10                CAN_ReceiveMsgTORQUE_REQUEST
 .text.CAN_ReceiveMsgBMS_STATUS_MSG
                0x00001f2c       0x40 .\CortexM3\ARM_GCC_541\Debug\Dashboard.a(CAN_TX_RX_func.o)
                0x00001f2c                CAN_ReceiveMsgBMS_STATUS_MSG
 .text.CAN_ReceiveMsgBMS_TEMPERATURES
                0x00001f6c       0x1c .\CortexM3\ARM_GCC_541\Debug\Dashboard.a(CAN_TX_RX_func.o)
                0x00001f6c                CAN_ReceiveMsgBMS_TEMPERATURES
 .text.CAN_ReceiveMsgMC_PDO_SEND
                0x00001f88       0x10 .\CortexM3\ARM_GCC_541\Debug\Dashboard.a(CAN_TX_RX_func.o)
                0x00001f88                CAN_ReceiveMsgMC_PDO_SEND
 .text.CAN_ReceiveMsgMC_PDO_ACK
                0x00001f98       0x1c .\CortexM3\ARM_GCC_541\Debug\Dashboard.a(CAN_TX_RX_func.o)
                0x00001f98                CAN_ReceiveMsgMC_PDO_ACK
 .text.CAN_ReceiveMsgPEI_CURRENT
                0x00001fb4       0x34 .\CortexM3\ARM_GCC_541\Debug\Dashboard.a(CAN_TX_RX_func.o)
                0x00001fb4                CAN_ReceiveMsgPEI_CURRENT
 .text.Buzzer_Write
                0x00001fe8       0x18 .\CortexM3\ARM_GCC_541\Debug\Dashboard.a(Buzzer.o)
                0x00001fe8                Buzzer_Write
 .text.HV_Read  0x00002000       0x10 .\CortexM3\ARM_GCC_541\Debug\Dashboard.a(HV.o)
                0x00002000                HV_Read
 .text.Drive_Read
                0x00002010       0x10 .\CortexM3\ARM_GCC_541\Debug\Dashboard.a(Drive.o)
                0x00002010                Drive_Read
 .text.RGB3_1_Write
                0x00002020       0x18 .\CortexM3\ARM_GCC_541\Debug\Dashboard.a(RGB3_1.o)
                0x00002020                RGB3_1_Write
 .text.RGB2_1_Write
                0x00002038       0x18 .\CortexM3\ARM_GCC_541\Debug\Dashboard.a(RGB2_1.o)
                0x00002038                RGB2_1_Write
 .text.RGB1_1_Write
                0x00002050       0x18 .\CortexM3\ARM_GCC_541\Debug\Dashboard.a(RGB1_1.o)
                0x00002050                RGB1_1_Write
 .text.GraphicLCDIntf_Init
                0x00002068       0x14 .\CortexM3\ARM_GCC_541\Debug\Dashboard.a(GraphicLCDIntf.o)
                0x00002068                GraphicLCDIntf_Init
 .text.GraphicLCDIntf_Start
                0x0000207c       0x18 .\CortexM3\ARM_GCC_541\Debug\Dashboard.a(GraphicLCDIntf.o)
                0x0000207c                GraphicLCDIntf_Start
 .text.GraphicLCDIntf_Write8
                0x00002094       0x1c .\CortexM3\ARM_GCC_541\Debug\Dashboard.a(GraphicLCDIntf.o)
                0x00002094                GraphicLCDIntf_Write8
 .text.GraphicLCDIntf_WriteM8
                0x000020b0       0x2c .\CortexM3\ARM_GCC_541\Debug\Dashboard.a(GraphicLCDIntf.o)
                0x000020b0                GraphicLCDIntf_WriteM8
 .text.GraphicLCDIntf_WriteM8_Compressed
                0x000020dc       0x9c .\CortexM3\ARM_GCC_541\Debug\Dashboard.a(GraphicLCDIntf.o)
                0x000020dc                GraphicLCDIntf_WriteM8_Compressed
 .text.D_BL_Write
                0x00002178       0x18 .\CortexM3\ARM_GCC_541\Debug\Dashboard.a(D_BL.o)
                0x00002178                D_BL_Write
 .text.D_RST_Write
                0x00002190       0x18 .\CortexM3\ARM_GCC_541\Debug\Dashboard.a(D_RST.o)
                0x00002190                D_RST_Write
 .text.CyHalt   0x000021a8        0x4 .\CortexM3\ARM_GCC_541\Debug\Dashboard.a(CyLib.o)
                0x000021a8                CyHalt
 .text.CyDelay  0x000021ac       0x2c .\CortexM3\ARM_GCC_541\Debug\Dashboard.a(CyLib.o)
                0x000021ac                CyDelay
 .text.CyDelayUs
                0x000021d8       0x14 .\CortexM3\ARM_GCC_541\Debug\Dashboard.a(CyLib.o)
                0x000021d8                CyDelayUs
 .text.CyIntSetVector
                0x000021ec       0x28 .\CortexM3\ARM_GCC_541\Debug\Dashboard.a(CyLib.o)
                0x000021ec                CyIntSetVector
 .text.CyIntSetPriority
                0x00002214       0x30 .\CortexM3\ARM_GCC_541\Debug\Dashboard.a(CyLib.o)
                0x00002214                CyIntSetPriority
 .text.ADC_GLV_V_GainCompensation
                0x00002244       0xdc .\CortexM3\ARM_GCC_541\Debug\Dashboard.a(ADC_GLV_V.o)
 .text.ADC_GLV_V_SetDSMRef0Reg
                0x00002320       0x4c .\CortexM3\ARM_GCC_541\Debug\Dashboard.a(ADC_GLV_V.o)
 .text.ADC_GLV_V_InitConfig
                0x0000236c       0xe0 .\CortexM3\ARM_GCC_541\Debug\Dashboard.a(ADC_GLV_V.o)
 .text.ADC_GLV_V_Init
                0x0000244c       0xc4 .\CortexM3\ARM_GCC_541\Debug\Dashboard.a(ADC_GLV_V.o)
                0x0000244c                ADC_GLV_V_Init
 .text.ADC_GLV_V_Enable
                0x00002510       0xd8 .\CortexM3\ARM_GCC_541\Debug\Dashboard.a(ADC_GLV_V.o)
                0x00002510                ADC_GLV_V_Enable
 .text.ADC_GLV_V_Start
                0x000025e8       0x28 .\CortexM3\ARM_GCC_541\Debug\Dashboard.a(ADC_GLV_V.o)
                0x000025e8                ADC_GLV_V_Start
 .text.ADC_GLV_V_StartConvert
                0x00002610       0x10 .\CortexM3\ARM_GCC_541\Debug\Dashboard.a(ADC_GLV_V.o)
                0x00002610                ADC_GLV_V_StartConvert
 .text.ADC_GLV_V_StopConvert
                0x00002620       0x10 .\CortexM3\ARM_GCC_541\Debug\Dashboard.a(ADC_GLV_V.o)
                0x00002620                ADC_GLV_V_StopConvert
 .text.ADC_GLV_V_IsEndConversion
                0x00002630       0x30 .\CortexM3\ARM_GCC_541\Debug\Dashboard.a(ADC_GLV_V.o)
                0x00002630                ADC_GLV_V_IsEndConversion
 .text.ADC_GLV_V_GetResult16
                0x00002660       0x50 .\CortexM3\ARM_GCC_541\Debug\Dashboard.a(ADC_GLV_V.o)
                0x00002660                ADC_GLV_V_GetResult16
 .text.ADC_GLV_V_CountsTo_mVolts
                0x000026b0       0x24 .\CortexM3\ARM_GCC_541\Debug\Dashboard.a(ADC_GLV_V.o)
                0x000026b0                ADC_GLV_V_CountsTo_mVolts
 .text.ADC_GLV_V_Read16
                0x000026d4       0x28 .\CortexM3\ARM_GCC_541\Debug\Dashboard.a(ADC_GLV_V.o)
                0x000026d4                ADC_GLV_V_Read16
 .text.ADC_GLV_V_ISR1
                0x000026fc        0x4 .\CortexM3\ARM_GCC_541\Debug\Dashboard.a(ADC_GLV_V_INT.o)
                0x000026fc                ADC_GLV_V_ISR1
 .text.ADC_GLV_V_theACLK_GetDividerRegister
                0x00002700        0xc .\CortexM3\ARM_GCC_541\Debug\Dashboard.a(ADC_GLV_V_theACLK.o)
                0x00002700                ADC_GLV_V_theACLK_GetDividerRegister
 .text.ADC_GLV_V_theACLK_SetModeRegister
                0x0000270c       0x14 .\CortexM3\ARM_GCC_541\Debug\Dashboard.a(ADC_GLV_V_theACLK.o)
                0x0000270c                ADC_GLV_V_theACLK_SetModeRegister
 .text.ADC_GLV_V_theACLK_GetSourceRegister
                0x00002720       0x10 .\CortexM3\ARM_GCC_541\Debug\Dashboard.a(ADC_GLV_V_theACLK.o)
                0x00002720                ADC_GLV_V_theACLK_GetSourceRegister
 .text.ADC_GLV_V_theACLK_SetDividerRegister
                0x00002730       0xd8 .\CortexM3\ARM_GCC_541\Debug\Dashboard.a(ADC_GLV_V_theACLK.o)
                0x00002730                ADC_GLV_V_theACLK_SetDividerRegister
 .text.ADC_GLV_V_AMux_Start
                0x00002808       0x20 .\CortexM3\ARM_GCC_541\Debug\Dashboard.a(ADC_GLV_V_AMux.o)
                0x00002808                ADC_GLV_V_AMux_Start
 .text.ADC_GLV_V_AMux_Select
                0x00002828       0x18 .\CortexM3\ARM_GCC_541\Debug\Dashboard.a(ADC_GLV_V_AMux.o)
                0x00002828                ADC_GLV_V_AMux_Select
 .text.ADC_GLV_V_Ext_CP_Clk_GetDividerRegister
                0x00002840        0xc .\CortexM3\ARM_GCC_541\Debug\Dashboard.a(ADC_GLV_V_Ext_CP_Clk.o)
                0x00002840                ADC_GLV_V_Ext_CP_Clk_GetDividerRegister
 .text.ADC_GLV_V_Ext_CP_Clk_SetModeRegister
                0x0000284c       0x14 .\CortexM3\ARM_GCC_541\Debug\Dashboard.a(ADC_GLV_V_Ext_CP_Clk.o)
                0x0000284c                ADC_GLV_V_Ext_CP_Clk_SetModeRegister
 .text.ADC_GLV_V_Ext_CP_Clk_GetSourceRegister
                0x00002860       0x10 .\CortexM3\ARM_GCC_541\Debug\Dashboard.a(ADC_GLV_V_Ext_CP_Clk.o)
                0x00002860                ADC_GLV_V_Ext_CP_Clk_GetSourceRegister
 .text.ADC_GLV_V_Ext_CP_Clk_SetDividerRegister
                0x00002870       0xd8 .\CortexM3\ARM_GCC_541\Debug\Dashboard.a(ADC_GLV_V_Ext_CP_Clk.o)
                0x00002870                ADC_GLV_V_Ext_CP_Clk_SetDividerRegister
 .text.IMD_LED_Write
                0x00002948       0x18 .\CortexM3\ARM_GCC_541\Debug\Dashboard.a(IMD_LED.o)
                0x00002948                IMD_LED_Write
 .text.BMS_LED_Write
                0x00002960       0x18 .\CortexM3\ARM_GCC_541\Debug\Dashboard.a(BMS_LED.o)
                0x00002960                BMS_LED_Write
 .text.ReadyToDrive_Timer_Enable
                0x00002978       0x10 .\CortexM3\ARM_GCC_541\Debug\Dashboard.a(ReadyToDrive_Timer.o)
                0x00002978                ReadyToDrive_Timer_Enable
 .text.ReadyToDrive_Timer_Stop
                0x00002988       0x10 .\CortexM3\ARM_GCC_541\Debug\Dashboard.a(ReadyToDrive_Timer.o)
                0x00002988                ReadyToDrive_Timer_Stop
 .text.ReadyToDrive_Timer_SetInterruptMode
                0x00002998        0xc .\CortexM3\ARM_GCC_541\Debug\Dashboard.a(ReadyToDrive_Timer.o)
                0x00002998                ReadyToDrive_Timer_SetInterruptMode
 .text.ReadyToDrive_Timer_ReadStatusRegister
                0x000029a4        0xc .\CortexM3\ARM_GCC_541\Debug\Dashboard.a(ReadyToDrive_Timer.o)
                0x000029a4                ReadyToDrive_Timer_ReadStatusRegister
 .text.ReadyToDrive_Timer_WritePeriod
                0x000029b0        0xc .\CortexM3\ARM_GCC_541\Debug\Dashboard.a(ReadyToDrive_Timer.o)
                0x000029b0                ReadyToDrive_Timer_WritePeriod
 .text.ReadyToDrive_Timer_ReadCapture
                0x000029bc        0xc .\CortexM3\ARM_GCC_541\Debug\Dashboard.a(ReadyToDrive_Timer.o)
                0x000029bc                ReadyToDrive_Timer_ReadCapture
 .text.ReadyToDrive_Timer_WriteCounter
                0x000029c8        0xc .\CortexM3\ARM_GCC_541\Debug\Dashboard.a(ReadyToDrive_Timer.o)
                0x000029c8                ReadyToDrive_Timer_WriteCounter
 .text.ReadyToDrive_Timer_ClearFIFO
                0x000029d4       0x14 .\CortexM3\ARM_GCC_541\Debug\Dashboard.a(ReadyToDrive_Timer.o)
                0x000029d4                ReadyToDrive_Timer_ClearFIFO
 .text.ReadyToDrive_Timer_Init
                0x000029e8       0x38 .\CortexM3\ARM_GCC_541\Debug\Dashboard.a(ReadyToDrive_Timer.o)
                0x000029e8                ReadyToDrive_Timer_Init
 .text.ReadyToDrive_Int_Interrupt
                0x00002a20       0x10 .\CortexM3\ARM_GCC_541\Debug\Dashboard.a(ReadyToDrive_Int.o)
                0x00002a20                ReadyToDrive_Int_Interrupt
 .text.ReadyToDrive_Int_SetVector
                0x00002a30        0xc .\CortexM3\ARM_GCC_541\Debug\Dashboard.a(ReadyToDrive_Int.o)
                0x00002a30                ReadyToDrive_Int_SetVector
 .text.ReadyToDrive_Int_SetPriority
                0x00002a3c       0x10 .\CortexM3\ARM_GCC_541\Debug\Dashboard.a(ReadyToDrive_Int.o)
                0x00002a3c                ReadyToDrive_Int_SetPriority
 .text.ReadyToDrive_Int_Enable
                0x00002a4c        0xc .\CortexM3\ARM_GCC_541\Debug\Dashboard.a(ReadyToDrive_Int.o)
                0x00002a4c                ReadyToDrive_Int_Enable
 .text.ReadyToDrive_Int_Disable
                0x00002a58        0xc .\CortexM3\ARM_GCC_541\Debug\Dashboard.a(ReadyToDrive_Int.o)
                0x00002a58                ReadyToDrive_Int_Disable
 .text.ReadyToDrive_Int_Start
                0x00002a64       0x1c .\CortexM3\ARM_GCC_541\Debug\Dashboard.a(ReadyToDrive_Int.o)
                0x00002a64                ReadyToDrive_Int_Start
 .text          0x00002a80       0x20 .\CortexM3\ARM_GCC_541\Debug\Dashboard.a(CyBootAsmGnu.o)
                0x00002a80                CyDelayCycles
                0x00002a90                CyEnterCriticalSection
                0x00002a98                CyExitCriticalSection
 .text.__errno  0x00002aa0        0xc c:/program files (x86)/cypress/psoc creator/4.4/psoc creator/import/gnu/arm/5.4.1/bin/../lib/gcc/arm-none-eabi/5.4.1/../../../../arm-none-eabi/lib/armv7-m\libg_nano.a(lib_a-errno.o)
                0x00002aa0                __errno
 .text.__libc_init_array
                0x00002aac       0x4c c:/program files (x86)/cypress/psoc creator/4.4/psoc creator/import/gnu/arm/5.4.1/bin/../lib/gcc/arm-none-eabi/5.4.1/../../../../arm-none-eabi/lib/armv7-m\libg_nano.a(lib_a-init.o)
                0x00002aac                __libc_init_array
 .text.memcpy   0x00002af8       0x16 c:/program files (x86)/cypress/psoc creator/4.4/psoc creator/import/gnu/arm/5.4.1/bin/../lib/gcc/arm-none-eabi/5.4.1/../../../../arm-none-eabi/lib/armv7-m\libg_nano.a(lib_a-memcpy-stub.o)
                0x00002af8                memcpy
 .text.memset   0x00002b0e       0x10 c:/program files (x86)/cypress/psoc creator/4.4/psoc creator/import/gnu/arm/5.4.1/bin/../lib/gcc/arm-none-eabi/5.4.1/../../../../arm-none-eabi/lib/armv7-m\libg_nano.a(lib_a-memset.o)
                0x00002b0e                memset
 *fill*         0x00002b1e        0x2 
 .text.sprintf  0x00002b20       0x48 c:/program files (x86)/cypress/psoc creator/4.4/psoc creator/import/gnu/arm/5.4.1/bin/../lib/gcc/arm-none-eabi/5.4.1/../../../../arm-none-eabi/lib/armv7-m\libg_nano.a(lib_a-sprintf.o)
                0x00002b20                siprintf
                0x00002b20                sprintf
 .text.__ssputs_r
                0x00002b68       0xb2 c:/program files (x86)/cypress/psoc creator/4.4/psoc creator/import/gnu/arm/5.4.1/bin/../lib/gcc/arm-none-eabi/5.4.1/../../../../arm-none-eabi/lib/armv7-m\libg_nano.a(lib_a-nano-svfprintf.o)
                0x00002b68                __ssputs_r
 *fill*         0x00002c1a        0x2 
 .text._svfprintf_r
                0x00002c1c      0x1e8 c:/program files (x86)/cypress/psoc creator/4.4/psoc creator/import/gnu/arm/5.4.1/bin/../lib/gcc/arm-none-eabi/5.4.1/../../../../arm-none-eabi/lib/armv7-m\libg_nano.a(lib_a-nano-svfprintf.o)
                0x00002c1c                _svfiprintf_r
                0x00002c1c                _svfprintf_r
 .text._printf_common
                0x00002e04       0xec c:/program files (x86)/cypress/psoc creator/4.4/psoc creator/import/gnu/arm/5.4.1/bin/../lib/gcc/arm-none-eabi/5.4.1/../../../../arm-none-eabi/lib/armv7-m\libg_nano.a(lib_a-nano-vfprintf_i.o)
                0x00002e04                _printf_common
 .text._printf_i
                0x00002ef0      0x24c c:/program files (x86)/cypress/psoc creator/4.4/psoc creator/import/gnu/arm/5.4.1/bin/../lib/gcc/arm-none-eabi/5.4.1/../../../../arm-none-eabi/lib/armv7-m\libg_nano.a(lib_a-nano-vfprintf_i.o)
                0x00002ef0                _printf_i
 .text.memchr   0x0000313c       0x1c c:/program files (x86)/cypress/psoc creator/4.4/psoc creator/import/gnu/arm/5.4.1/bin/../lib/gcc/arm-none-eabi/5.4.1/../../../../arm-none-eabi/lib/armv7-m\libg_nano.a(lib_a-memchr-stub.o)
                0x0000313c                memchr
 .text.memmove  0x00003158       0x36 c:/program files (x86)/cypress/psoc creator/4.4/psoc creator/import/gnu/arm/5.4.1/bin/../lib/gcc/arm-none-eabi/5.4.1/../../../../arm-none-eabi/lib/armv7-m\libg_nano.a(lib_a-memmove.o)
                0x00003158                memmove
 *fill*         0x0000318e        0x2 
 .text._free_r  0x00003190       0x98 c:/program files (x86)/cypress/psoc creator/4.4/psoc creator/import/gnu/arm/5.4.1/bin/../lib/gcc/arm-none-eabi/5.4.1/../../../../arm-none-eabi/lib/armv7-m\libg_nano.a(lib_a-nano-freer.o)
                0x00003190                _free_r
 .text._malloc_r
                0x00003228       0xbc c:/program files (x86)/cypress/psoc creator/4.4/psoc creator/import/gnu/arm/5.4.1/bin/../lib/gcc/arm-none-eabi/5.4.1/../../../../arm-none-eabi/lib/armv7-m\libg_nano.a(lib_a-nano-mallocr.o)
                0x00003228                _malloc_r
 .text._realloc_r
                0x000032e4       0x4c c:/program files (x86)/cypress/psoc creator/4.4/psoc creator/import/gnu/arm/5.4.1/bin/../lib/gcc/arm-none-eabi/5.4.1/../../../../arm-none-eabi/lib/armv7-m\libg_nano.a(lib_a-nano-reallocr.o)
                0x000032e4                _realloc_r
 .text._sbrk_r  0x00003330       0x20 c:/program files (x86)/cypress/psoc creator/4.4/psoc creator/import/gnu/arm/5.4.1/bin/../lib/gcc/arm-none-eabi/5.4.1/../../../../arm-none-eabi/lib/armv7-m\libg_nano.a(lib_a-sbrkr.o)
                0x00003330                _sbrk_r
 .text.__malloc_lock
                0x00003350        0x2 c:/program files (x86)/cypress/psoc creator/4.4/psoc creator/import/gnu/arm/5.4.1/bin/../lib/gcc/arm-none-eabi/5.4.1/../../../../arm-none-eabi/lib/armv7-m\libg_nano.a(lib_a-mlock.o)
                0x00003350                __malloc_lock
 .text.__malloc_unlock
                0x00003352        0x2 c:/program files (x86)/cypress/psoc creator/4.4/psoc creator/import/gnu/arm/5.4.1/bin/../lib/gcc/arm-none-eabi/5.4.1/../../../../arm-none-eabi/lib/armv7-m\libg_nano.a(lib_a-mlock.o)
                0x00003352                __malloc_unlock
 .text._malloc_usable_size_r
                0x00003354       0x14 c:/program files (x86)/cypress/psoc creator/4.4/psoc creator/import/gnu/arm/5.4.1/bin/../lib/gcc/arm-none-eabi/5.4.1/../../../../arm-none-eabi/lib/armv7-m\libg_nano.a(lib_a-nano-msizer.o)
                0x00003354                _malloc_usable_size_r
 *(.plt)
 *(.gnu.warning)
 *(.glue_7t)
 .glue_7t       0x00003368        0x0 linker stubs
 *(.glue_7)
 .glue_7        0x00003368        0x0 linker stubs
 *(.vfp11_veneer)
 .vfp11_veneer  0x00003368        0x0 linker stubs
 *(.bootloader)
 *(.ARM.extab* .gnu.linkonce.armextab.*)
 *(.gcc_except_table)

.v4_bx          0x00003368        0x0
 .v4_bx         0x00003368        0x0 linker stubs

.iplt           0x00003368        0x0
 .iplt          0x00003368        0x0 c:/program files (x86)/cypress/psoc creator/4.4/psoc creator/import/gnu/arm/5.4.1/bin/../lib/gcc/arm-none-eabi/5.4.1/armv7-m/crtbegin.o

.eh_frame_hdr
 *(.eh_frame_hdr)

.eh_frame       0x00003368        0x4
 *(.eh_frame)
 .eh_frame      0x00003368        0x0 c:/program files (x86)/cypress/psoc creator/4.4/psoc creator/import/gnu/arm/5.4.1/bin/../lib/gcc/arm-none-eabi/5.4.1/armv7-m/crtbegin.o
 .eh_frame      0x00003368        0x4 c:/program files (x86)/cypress/psoc creator/4.4/psoc creator/import/gnu/arm/5.4.1/bin/../lib/gcc/arm-none-eabi/5.4.1/armv7-m/crtend.o
                [!provide]                PROVIDE (__exidx_start, .)

.ARM.exidx
 *(.ARM.exidx* .gnu.linkonce.armexidx.*)
                0x0000336c                __exidx_end = .

.rodata         0x0000336c     0xf864
 *(.rodata .rodata.* .gnu.linkonce.r.*)
 .rodata        0x0000336c     0xf518 .\CortexM3\ARM_GCC_541\Debug\ugui.o
                0x0000336c                pal_button_pressed
                0x0000339c                pal_button_released
                0x000033cc                pal_checkbox_pressed
                0x000033fc                pal_checkbox_released
                0x0000342c                pal_window
                0x0000345c                FONT_32X53
                0x00003470                FONT_12X16
                0x00003484                font_32x53
                0x00010884                font_12x16
 .rodata.str1.4
                0x00012884      0x12c .\CortexM3\ARM_GCC_541\Debug\frucd_display.o
                                0x12b (size before relaxing)
 .rodata        0x000129b0       0x46 .\CortexM3\ARM_GCC_541\Debug\cyfitter_cfg.o
                0x000129b0                ADC_GLV_V_AMux__addrTable
                0x000129b8                ADC_GLV_V_AMux__maskTable
 *fill*         0x000129f6        0x2 
 .rodata        0x000129f8      0x160 .\CortexM3\ARM_GCC_541\Debug\Dashboard.a(CAN.o)
 .rodata        0x00012b58        0xb .\CortexM3\ARM_GCC_541\Debug\Dashboard.a(GraphicLCDIntf.o)
 .rodata.str1.1
                0x00012b63        0x2 c:/program files (x86)/cypress/psoc creator/4.4/psoc creator/import/gnu/arm/5.4.1/bin/../lib/gcc/arm-none-eabi/5.4.1/../../../../arm-none-eabi/lib/armv7-m\libg_nano.a(lib_a-impure.o)
 .rodata.str1.1
                0x00012b65       0x11 c:/program files (x86)/cypress/psoc creator/4.4/psoc creator/import/gnu/arm/5.4.1/bin/../lib/gcc/arm-none-eabi/5.4.1/../../../../arm-none-eabi/lib/armv7-m\libg_nano.a(lib_a-nano-svfprintf.o)
 .rodata.str1.1
                0x00012b76       0x22 c:/program files (x86)/cypress/psoc creator/4.4/psoc creator/import/gnu/arm/5.4.1/bin/../lib/gcc/arm-none-eabi/5.4.1/../../../../arm-none-eabi/lib/armv7-m\libg_nano.a(lib_a-nano-vfprintf_i.o)
                0x00012b98                . = ALIGN (0x4)
 *(.init)
 .init          0x00012b98        0x4 c:/program files (x86)/cypress/psoc creator/4.4/psoc creator/import/gnu/arm/5.4.1/bin/../lib/gcc/arm-none-eabi/5.4.1/armv7-m/crti.o
                0x00012b98                _init
 .init          0x00012b9c        0x8 c:/program files (x86)/cypress/psoc creator/4.4/psoc creator/import/gnu/arm/5.4.1/bin/../lib/gcc/arm-none-eabi/5.4.1/armv7-m/crtn.o
                0x00012ba4                . = ALIGN (0x4)
                0x00012ba4                __preinit_array_start = .
 *(.preinit_array)
                0x00012ba4                __preinit_array_end = .
                0x00012ba4                . = ALIGN (0x4)
                0x00012ba4                __init_array_start = .
 *(SORT(.init_array.*))
 *(.init_array)
 .init_array    0x00012ba4        0x4 c:/program files (x86)/cypress/psoc creator/4.4/psoc creator/import/gnu/arm/5.4.1/bin/../lib/gcc/arm-none-eabi/5.4.1/armv7-m/crtbegin.o
 .init_array    0x00012ba8        0x4 .\CortexM3\ARM_GCC_541\Debug\Cm3Start.o
                0x00012bac                __init_array_end = .
                0x00012bac                . = ALIGN (0x4)
 *(.fini)
 .fini          0x00012bac        0x4 c:/program files (x86)/cypress/psoc creator/4.4/psoc creator/import/gnu/arm/5.4.1/bin/../lib/gcc/arm-none-eabi/5.4.1/armv7-m/crti.o
                0x00012bac                _fini
 .fini          0x00012bb0        0x8 c:/program files (x86)/cypress/psoc creator/4.4/psoc creator/import/gnu/arm/5.4.1/bin/../lib/gcc/arm-none-eabi/5.4.1/armv7-m/crtn.o
                0x00012bb8                . = ALIGN (0x4)
                0x00012bb8                __fini_array_start = .
 *(.fini_array)
 .fini_array    0x00012bb8        0x4 c:/program files (x86)/cypress/psoc creator/4.4/psoc creator/import/gnu/arm/5.4.1/bin/../lib/gcc/arm-none-eabi/5.4.1/armv7-m/crtbegin.o
 *(SORT(.fini_array.*))
                0x00012bbc                __fini_array_end = .
                0x00012bbc                . = ALIGN (0x4)
 *crtbegin.o(.ctors)
 *(EXCLUDE_FILE(*crtend.o) .ctors)
 *(SORT(.ctors.*))
 *crtend.o(.ctors)
                0x00012bbc                . = ALIGN (0x4)
 *crtbegin.o(.dtors)
 *(EXCLUDE_FILE(*crtend.o) .dtors)
 *(SORT(.dtors.*))
 *crtend.o(.dtors)
                0x00012bbc                . = ALIGN (0x4)
                0x00012bbc                __cy_regions = .
                0x00012bbc        0x4 LONG 0x12bd0 __cy_region_init_ram
                0x00012bc0        0x4 LONG 0x1fff80c8 __cy_region_start_data
                0x00012bc4        0x4 LONG 0x838 __cy_region_init_size_ram
                0x00012bc8        0x4 LONG 0x108 __cy_region_zero_size_ram
                0x00012bcc                __cy_regions_end = .
                0x00012bd0                . = ALIGN (0x8)
 *fill*         0x00012bcc        0x4 
                0x00012bd0                _etext = .

.cy_checksum_exclude
                0x00012bd0        0x0
 *(.cy_checksum_exclude)

.ramvectors     0x1fff8000       0xc0
                0x1fff8000                __cy_region_start_ram = .
 *(.ramvectors)
 .ramvectors    0x1fff8000       0xc0 .\CortexM3\ARM_GCC_541\Debug\Cm3Start.o
                0x1fff8000                CyRamVectors

.noinit         0x1fff80c0        0x1
 *(.noinit)
 .noinit        0x1fff80c0        0x1 .\CortexM3\ARM_GCC_541\Debug\Dashboard.a(CyLib.o)
                0x1fff80c0                CyResetStatus

.data           0x1fff80c8      0x838 load address 0x00012bd0
                0x1fff80c8                __cy_region_start_data = .
 *(.jcr)
 .jcr           0x1fff80c8        0x0 c:/program files (x86)/cypress/psoc creator/4.4/psoc creator/import/gnu/arm/5.4.1/bin/../lib/gcc/arm-none-eabi/5.4.1/armv7-m/crtbegin.o
 .jcr           0x1fff80c8        0x4 c:/program files (x86)/cypress/psoc creator/4.4/psoc creator/import/gnu/arm/5.4.1/bin/../lib/gcc/arm-none-eabi/5.4.1/armv7-m/crtend.o
 *(.got.plt)
 *(.got)
 *(.shdata)
 *(.data .data.* .gnu.linkonce.d.*)
 .data          0x1fff80cc      0x7b8 .\CortexM3\ARM_GCC_541\Debug\main.o
                0x1fff80cc                logo
                0x1fff8880                previous_state
 .data          0x1fff8884        0x4 .\CortexM3\ARM_GCC_541\Debug\Cm3Start.o
 .data          0x1fff8888       0x10 .\CortexM3\ARM_GCC_541\Debug\Dashboard.a(CyLib.o)
                0x1fff8888                cydelay_32k_ms
                0x1fff888c                cydelay_freq_khz
                0x1fff8890                cydelay_freq_mhz
                0x1fff8894                cydelay_freq_hz
 .data          0x1fff8898        0x1 .\CortexM3\ARM_GCC_541\Debug\Dashboard.a(ADC_GLV_V.o)
                0x1fff8898                ADC_GLV_V_Config
 .data          0x1fff8899        0x1 .\CortexM3\ARM_GCC_541\Debug\Dashboard.a(ADC_GLV_V_AMux.o)
 *fill*         0x1fff889a        0x2 
 .data.impure_data
                0x1fff889c       0x60 c:/program files (x86)/cypress/psoc creator/4.4/psoc creator/import/gnu/arm/5.4.1/bin/../lib/gcc/arm-none-eabi/5.4.1/../../../../arm-none-eabi/lib/armv7-m\libg_nano.a(lib_a-impure.o)
 .data._impure_ptr
                0x1fff88fc        0x4 c:/program files (x86)/cypress/psoc creator/4.4/psoc creator/import/gnu/arm/5.4.1/bin/../lib/gcc/arm-none-eabi/5.4.1/../../../../arm-none-eabi/lib/armv7-m\libg_nano.a(lib_a-impure.o)
                0x1fff88fc                _impure_ptr
                0x1fff8900                . = ALIGN (0x8)
 *(.ram)
                0x1fff8900                _edata = .

.igot.plt       0x1fff8900        0x0 load address 0x00013408
 .igot.plt      0x1fff8900        0x0 c:/program files (x86)/cypress/psoc creator/4.4/psoc creator/import/gnu/arm/5.4.1/bin/../lib/gcc/arm-none-eabi/5.4.1/armv7-m/crtbegin.o

.bss            0x1fff8900      0x108 load address 0x00013408
                0x1fff8900                PROVIDE (__bss_start__, .)
 *(.shbss)
 *(.bss .bss.* .gnu.linkonce.b.*)
 .bss           0x1fff8900       0x1c c:/program files (x86)/cypress/psoc creator/4.4/psoc creator/import/gnu/arm/5.4.1/bin/../lib/gcc/arm-none-eabi/5.4.1/armv7-m/crtbegin.o
 .bss           0x1fff891c        0xc .\CortexM3\ARM_GCC_541\Debug\ugui.o
 .bss           0x1fff8928       0x32 .\CortexM3\ARM_GCC_541\Debug\main.o
                0x1fff8928                BSPD_CATCH
                0x1fff892c                pedalOK
                0x1fff8930                state
                0x1fff8932                bms_status
                0x1fff8934                switches
                0x1fff8935                shutdown_flags
                0x1fff8936                soc
                0x1fff8937                PACK_TEMP
                0x1fff8938                mc_temp
                0x1fff893a                motor_temp
                0x1fff893c                fault
                0x1fff8940                firstDrive
                0x1fff8944                firstHV
                0x1fff8948                firstLV
                0x1fff894c                firstStart
                0x1fff8950                curr_voltage
                0x1fff8952                charge
                0x1fff8954                voltage
                0x1fff8958                CURRENT
 .bss           0x1fff895a        0x1 .\CortexM3\ARM_GCC_541\Debug\Dashboard.a(CAN.o)
                0x1fff895a                CAN_initVar
 .bss           0x1fff895b        0x1 .\CortexM3\ARM_GCC_541\Debug\Dashboard.a(GraphicLCDIntf.o)
                0x1fff895b                GraphicLCDIntf_initVar
 .bss           0x1fff895c        0x8 .\CortexM3\ARM_GCC_541\Debug\Dashboard.a(ADC_GLV_V.o)
                0x1fff8960                ADC_GLV_V_stopConversion
                0x1fff8961                ADC_GLV_V_convDone
                0x1fff8962                ADC_GLV_V_initVar
                0x1fff8963                ADC_GLV_V_started
 .bss.__malloc_sbrk_start
                0x1fff8964        0x4 c:/program files (x86)/cypress/psoc creator/4.4/psoc creator/import/gnu/arm/5.4.1/bin/../lib/gcc/arm-none-eabi/5.4.1/../../../../arm-none-eabi/lib/armv7-m\libg_nano.a(lib_a-nano-mallocr.o)
                0x1fff8964                __malloc_sbrk_start
 .bss.__malloc_free_list
                0x1fff8968        0x4 c:/program files (x86)/cypress/psoc creator/4.4/psoc creator/import/gnu/arm/5.4.1/bin/../lib/gcc/arm-none-eabi/5.4.1/../../../../arm-none-eabi/lib/armv7-m\libg_nano.a(lib_a-nano-mallocr.o)
                0x1fff8968                __malloc_free_list
 *(COMMON)
 COMMON         0x1fff896c       0x78 .\CortexM3\ARM_GCC_541\Debug\ugui_SSD1963.o
                0x1fff896c                gui1963
 COMMON         0x1fff89e4       0x18 .\CortexM3\ARM_GCC_541\Debug\frucd_display.o
                0x1fff89e4                last_glv_v_color
                0x1fff89e8                last_SOC_color
                0x1fff89ec                last_mc_temp_color
                0x1fff89f0                last_state_color
                0x1fff89f4                last_motor_temp_color
                0x1fff89f8                last_max_pack_temp_color
 COMMON         0x1fff89fc        0x8 .\CortexM3\ARM_GCC_541\Debug\Dashboard.a(ADC_GLV_V.o)
                0x1fff89fc                ADC_GLV_V_Offset
                0x1fff8a00                ADC_GLV_V_CountsPerVolt
 COMMON         0x1fff8a04        0x4 c:/program files (x86)/cypress/psoc creator/4.4/psoc creator/import/gnu/arm/5.4.1/bin/../lib/gcc/arm-none-eabi/5.4.1/../../../../arm-none-eabi/lib/armv7-m\libg_nano.a(lib_a-reent.o)
                0x1fff8a04                errno
                0x1fff8a08                . = ALIGN (0x8)
 *(.ram.b)
                0x1fff8a08                _end = .
                0x1fff8a08                __end = .
                0x1fff8a08                PROVIDE (end, .)
                0x1fff8a08                PROVIDE (__bss_end__, .)
                0x00012bd0                __cy_region_init_ram = LOADADDR (.data)
                0x00000838                __cy_region_init_size_ram = (_edata - ADDR (.data))
                0x00000108                __cy_region_zero_size_ram = (_end - _edata)

.heap           0x1fff8a08       0x80 load address 0x00013408
                0x1fff8a08                . = _end
                0x1fff8a88                . = (. + 0x80)
 *fill*         0x1fff8a08       0x80 
                0x1fff8a88                __cy_heap_limit = .

.stack          0x20007800      0x800
                0x20007800                __cy_stack_limit = .
                0x20008000                . = (. + 0x800)
 *fill*         0x20007800      0x800 
                0x00000001                ASSERT ((__cy_stack_limit >= __cy_heap_limit), region RAM overflowed with stack)
                0x00000000                cy_checksum_exclude_size = (CY_APPL_LOADABLE == 0x1)?SIZEOF (.cy_checksum_exclude):0x0
                0x00000001                ASSERT ((cy_checksum_exclude_size <= CY_CHECKSUM_EXCLUDE_SIZE), CY_BOOT: Section .cy_checksum_exclude size exceedes specified limit.)

.cyloadermeta
 *(.cyloadermeta)

.cyloadablemeta
 *(.cyloadablemeta)

.cyconfigecc    0x80000000      0x410
 *(.cyconfigecc)
 .cyconfigecc   0x80000000      0x410 .\CortexM3\ARM_GCC_541\Debug\cymetadata.o
                0x80000000                cy_meta_configecc

.cycustnvl      0x90000000        0x4
 *(.cycustnvl)
 .cycustnvl     0x90000000        0x4 .\CortexM3\ARM_GCC_541\Debug\cymetadata.o
                0x90000000                cy_meta_custnvl

.cywolatch      0x90100000        0x4
 *(.cywolatch)
 .cywolatch     0x90100000        0x4 .\CortexM3\ARM_GCC_541\Debug\cymetadata.o
                0x90100000                cy_meta_wonvl

.cyeeprom       0x90200000        0x0
 *(.cyeeprom)
                0x00000001                ASSERT ((. <= ((0x90200000 + ee_offset) + ee_size)), .cyeeprom data will not fit in EEPROM)

.cyflashprotect
                0x90400000      0x100
 *(.cyflashprotect)
 .cyflashprotect
                0x90400000      0x100 .\CortexM3\ARM_GCC_541\Debug\cymetadata.o
                0x90400000                cy_meta_flashprotect

.cymeta         0x90500000        0xc
 *(.cymeta)
 .cymeta        0x90500000        0xc .\CortexM3\ARM_GCC_541\Debug\cymetadata.o
                0x90500000                cy_metadata

.rel.dyn        0x00013408        0x0 load address 0x9050000c
 .rel.iplt      0x00013408        0x0 c:/program files (x86)/cypress/psoc creator/4.4/psoc creator/import/gnu/arm/5.4.1/bin/../lib/gcc/arm-none-eabi/5.4.1/armv7-m/crtbegin.o

.stab
 *(.stab)

.stabstr
 *(.stabstr)

.debug
 *(.debug)

.line
 *(.line)

.debug_srcinfo
 *(.debug_srcinfo)

.debug_sfnames
 *(.debug_sfnames)

.debug_aranges  0x00000000     0x1340
 *(.debug_aranges)
 .debug_aranges
                0x00000000      0x568 .\CortexM3\ARM_GCC_541\Debug\ugui.o
 .debug_aranges
                0x00000568       0x50 .\CortexM3\ARM_GCC_541\Debug\ugui_SSD1963.o
 .debug_aranges
                0x000005b8       0x60 .\CortexM3\ARM_GCC_541\Debug\frucd_display.o
 .debug_aranges
                0x00000618       0x38 .\CortexM3\ARM_GCC_541\Debug\main.o
 .debug_aranges
                0x00000650       0x78 .\CortexM3\ARM_GCC_541\Debug\can_manga.o
 .debug_aranges
                0x000006c8       0x68 .\CortexM3\ARM_GCC_541\Debug\cyfitter_cfg.o
 .debug_aranges
                0x00000730       0x18 .\CortexM3\ARM_GCC_541\Debug\cymetadata.o
 .debug_aranges
                0x00000748       0x48 .\CortexM3\ARM_GCC_541\Debug\Cm3Start.o
 .debug_aranges
                0x00000790       0xc8 .\CortexM3\ARM_GCC_541\Debug\Dashboard.a(CAN.o)
 .debug_aranges
                0x00000858       0x28 .\CortexM3\ARM_GCC_541\Debug\Dashboard.a(CAN_INT.o)
 .debug_aranges
                0x00000880       0x68 .\CortexM3\ARM_GCC_541\Debug\Dashboard.a(CAN_TX_RX_func.o)
 .debug_aranges
                0x000008e8       0x38 .\CortexM3\ARM_GCC_541\Debug\Dashboard.a(Buzzer.o)
 .debug_aranges
                0x00000920       0x38 .\CortexM3\ARM_GCC_541\Debug\Dashboard.a(HV.o)
 .debug_aranges
                0x00000958       0x38 .\CortexM3\ARM_GCC_541\Debug\Dashboard.a(Drive.o)
 .debug_aranges
                0x00000990       0x38 .\CortexM3\ARM_GCC_541\Debug\Dashboard.a(RGB3_1.o)
 .debug_aranges
                0x000009c8       0x38 .\CortexM3\ARM_GCC_541\Debug\Dashboard.a(RGB2_1.o)
 .debug_aranges
                0x00000a00       0x38 .\CortexM3\ARM_GCC_541\Debug\Dashboard.a(RGB1_1.o)
 .debug_aranges
                0x00000a38       0x90 .\CortexM3\ARM_GCC_541\Debug\Dashboard.a(GraphicLCDIntf.o)
 .debug_aranges
                0x00000ac8       0x38 .\CortexM3\ARM_GCC_541\Debug\Dashboard.a(D_BL.o)
 .debug_aranges
                0x00000b00       0x38 .\CortexM3\ARM_GCC_541\Debug\Dashboard.a(D_RST.o)
 .debug_aranges
                0x00000b38      0x298 .\CortexM3\ARM_GCC_541\Debug\Dashboard.a(CyLib.o)
 .debug_aranges
                0x00000dd0       0x98 .\CortexM3\ARM_GCC_541\Debug\Dashboard.a(cyPm.o)
 .debug_aranges
                0x00000e68       0xe8 .\CortexM3\ARM_GCC_541\Debug\Dashboard.a(ADC_GLV_V.o)
 .debug_aranges
                0x00000f50       0x38 .\CortexM3\ARM_GCC_541\Debug\Dashboard.a(ADC_GLV_V_INT.o)
 .debug_aranges
                0x00000f88       0x80 .\CortexM3\ARM_GCC_541\Debug\Dashboard.a(ADC_GLV_V_theACLK.o)
 .debug_aranges
                0x00001008       0x30 .\CortexM3\ARM_GCC_541\Debug\Dashboard.a(ADC_GLV_V_AMux.o)
 .debug_aranges
                0x00001038       0x70 .\CortexM3\ARM_GCC_541\Debug\Dashboard.a(ADC_GLV_V_Ext_CP_Clk.o)
 .debug_aranges
                0x000010a8       0x38 .\CortexM3\ARM_GCC_541\Debug\Dashboard.a(IMD_LED.o)
 .debug_aranges
                0x000010e0       0x38 .\CortexM3\ARM_GCC_541\Debug\Dashboard.a(BMS_LED.o)
 .debug_aranges
                0x00001118       0x90 .\CortexM3\ARM_GCC_541\Debug\Dashboard.a(ReadyToDrive_Timer.o)
 .debug_aranges
                0x000011a8       0x80 .\CortexM3\ARM_GCC_541\Debug\Dashboard.a(ReadyToDrive_Int.o)
 .debug_aranges
                0x00001228       0x20 .\CortexM3\ARM_GCC_541\Debug\Dashboard.a(CyBootAsmGnu.o)
 .debug_aranges
                0x00001248       0x80 .\CortexM3\ARM_GCC_541\Debug\Dashboard.a(CyFlash.o)
 .debug_aranges
                0x000012c8       0x78 .\CortexM3\ARM_GCC_541\Debug\Dashboard.a(CySpc.o)

.debug_pubnames
 *(.debug_pubnames)

.debug_info     0x00000000    0x1160e
 *(.debug_info .gnu.linkonce.wi.*)
 .debug_info    0x00000000     0x5ccb .\CortexM3\ARM_GCC_541\Debug\ugui.o
 .debug_info    0x00005ccb     0x1961 .\CortexM3\ARM_GCC_541\Debug\ugui_SSD1963.o
 .debug_info    0x0000762c     0x1676 .\CortexM3\ARM_GCC_541\Debug\frucd_display.o
 .debug_info    0x00008ca2     0x10dc .\CortexM3\ARM_GCC_541\Debug\main.o
 .debug_info    0x00009d7e      0xbca .\CortexM3\ARM_GCC_541\Debug\can_manga.o
 .debug_info    0x0000a948      0x6fe .\CortexM3\ARM_GCC_541\Debug\cyfitter_cfg.o
 .debug_info    0x0000b046      0x135 .\CortexM3\ARM_GCC_541\Debug\cymetadata.o
 .debug_info    0x0000b17b      0x3a7 .\CortexM3\ARM_GCC_541\Debug\Cm3Start.o
 .debug_info    0x0000b522      0x8fb .\CortexM3\ARM_GCC_541\Debug\Dashboard.a(CAN.o)
 .debug_info    0x0000be1d      0x28c .\CortexM3\ARM_GCC_541\Debug\Dashboard.a(CAN_INT.o)
 .debug_info    0x0000c0a9      0x545 .\CortexM3\ARM_GCC_541\Debug\Dashboard.a(CAN_TX_RX_func.o)
 .debug_info    0x0000c5ee      0x11f .\CortexM3\ARM_GCC_541\Debug\Dashboard.a(Buzzer.o)
 .debug_info    0x0000c70d      0x11f .\CortexM3\ARM_GCC_541\Debug\Dashboard.a(HV.o)
 .debug_info    0x0000c82c      0x11f .\CortexM3\ARM_GCC_541\Debug\Dashboard.a(Drive.o)
 .debug_info    0x0000c94b      0x11f .\CortexM3\ARM_GCC_541\Debug\Dashboard.a(RGB3_1.o)
 .debug_info    0x0000ca6a      0x11f .\CortexM3\ARM_GCC_541\Debug\Dashboard.a(RGB2_1.o)
 .debug_info    0x0000cb89      0x11f .\CortexM3\ARM_GCC_541\Debug\Dashboard.a(RGB1_1.o)
 .debug_info    0x0000cca8      0x474 .\CortexM3\ARM_GCC_541\Debug\Dashboard.a(GraphicLCDIntf.o)
 .debug_info    0x0000d11c      0x11f .\CortexM3\ARM_GCC_541\Debug\Dashboard.a(D_BL.o)
 .debug_info    0x0000d23b      0x11f .\CortexM3\ARM_GCC_541\Debug\Dashboard.a(D_RST.o)
 .debug_info    0x0000d35a     0x1360 .\CortexM3\ARM_GCC_541\Debug\Dashboard.a(CyLib.o)
 .debug_info    0x0000e6ba      0xa1e .\CortexM3\ARM_GCC_541\Debug\Dashboard.a(cyPm.o)
 .debug_info    0x0000f0d8      0xa18 .\CortexM3\ARM_GCC_541\Debug\Dashboard.a(ADC_GLV_V.o)
 .debug_info    0x0000faf0       0xd3 .\CortexM3\ARM_GCC_541\Debug\Dashboard.a(ADC_GLV_V_INT.o)
 .debug_info    0x0000fbc3      0x2c4 .\CortexM3\ARM_GCC_541\Debug\Dashboard.a(ADC_GLV_V_theACLK.o)
 .debug_info    0x0000fe87      0x165 .\CortexM3\ARM_GCC_541\Debug\Dashboard.a(ADC_GLV_V_AMux.o)
 .debug_info    0x0000ffec      0x283 .\CortexM3\ARM_GCC_541\Debug\Dashboard.a(ADC_GLV_V_Ext_CP_Clk.o)
 .debug_info    0x0001026f      0x11f .\CortexM3\ARM_GCC_541\Debug\Dashboard.a(IMD_LED.o)
 .debug_info    0x0001038e      0x11f .\CortexM3\ARM_GCC_541\Debug\Dashboard.a(BMS_LED.o)
 .debug_info    0x000104ad      0x2ee .\CortexM3\ARM_GCC_541\Debug\Dashboard.a(ReadyToDrive_Timer.o)
 .debug_info    0x0001079b      0x32b .\CortexM3\ARM_GCC_541\Debug\Dashboard.a(ReadyToDrive_Int.o)
 .debug_info    0x00010ac6       0x9f .\CortexM3\ARM_GCC_541\Debug\Dashboard.a(CyBootAsmGnu.o)
 .debug_info    0x00010b65      0x5ba .\CortexM3\ARM_GCC_541\Debug\Dashboard.a(CyFlash.o)
 .debug_info    0x0001111f      0x4ef .\CortexM3\ARM_GCC_541\Debug\Dashboard.a(CySpc.o)

.debug_abbrev   0x00000000     0x2b24
 *(.debug_abbrev)
 .debug_abbrev  0x00000000      0x29c .\CortexM3\ARM_GCC_541\Debug\ugui.o
 .debug_abbrev  0x0000029c      0x2ac .\CortexM3\ARM_GCC_541\Debug\ugui_SSD1963.o
 .debug_abbrev  0x00000548      0x251 .\CortexM3\ARM_GCC_541\Debug\frucd_display.o
 .debug_abbrev  0x00000799      0x28c .\CortexM3\ARM_GCC_541\Debug\main.o
 .debug_abbrev  0x00000a25      0x209 .\CortexM3\ARM_GCC_541\Debug\can_manga.o
 .debug_abbrev  0x00000c2e      0x22d .\CortexM3\ARM_GCC_541\Debug\cyfitter_cfg.o
 .debug_abbrev  0x00000e5b       0x66 .\CortexM3\ARM_GCC_541\Debug\cymetadata.o
 .debug_abbrev  0x00000ec1      0x203 .\CortexM3\ARM_GCC_541\Debug\Cm3Start.o
 .debug_abbrev  0x000010c4      0x195 .\CortexM3\ARM_GCC_541\Debug\Dashboard.a(CAN.o)
 .debug_abbrev  0x00001259       0xd5 .\CortexM3\ARM_GCC_541\Debug\Dashboard.a(CAN_INT.o)
 .debug_abbrev  0x0000132e      0x199 .\CortexM3\ARM_GCC_541\Debug\Dashboard.a(CAN_TX_RX_func.o)
 .debug_abbrev  0x000014c7       0x90 .\CortexM3\ARM_GCC_541\Debug\Dashboard.a(Buzzer.o)
 .debug_abbrev  0x00001557       0x90 .\CortexM3\ARM_GCC_541\Debug\Dashboard.a(HV.o)
 .debug_abbrev  0x000015e7       0x90 .\CortexM3\ARM_GCC_541\Debug\Dashboard.a(Drive.o)
 .debug_abbrev  0x00001677       0x90 .\CortexM3\ARM_GCC_541\Debug\Dashboard.a(RGB3_1.o)
 .debug_abbrev  0x00001707       0x90 .\CortexM3\ARM_GCC_541\Debug\Dashboard.a(RGB2_1.o)
 .debug_abbrev  0x00001797       0x90 .\CortexM3\ARM_GCC_541\Debug\Dashboard.a(RGB1_1.o)
 .debug_abbrev  0x00001827      0x1b3 .\CortexM3\ARM_GCC_541\Debug\Dashboard.a(GraphicLCDIntf.o)
 .debug_abbrev  0x000019da       0x90 .\CortexM3\ARM_GCC_541\Debug\Dashboard.a(D_BL.o)
 .debug_abbrev  0x00001a6a       0x90 .\CortexM3\ARM_GCC_541\Debug\Dashboard.a(D_RST.o)
 .debug_abbrev  0x00001afa      0x254 .\CortexM3\ARM_GCC_541\Debug\Dashboard.a(CyLib.o)
 .debug_abbrev  0x00001d4e      0x1ab .\CortexM3\ARM_GCC_541\Debug\Dashboard.a(cyPm.o)
 .debug_abbrev  0x00001ef9      0x1eb .\CortexM3\ARM_GCC_541\Debug\Dashboard.a(ADC_GLV_V.o)
 .debug_abbrev  0x000020e4       0x42 .\CortexM3\ARM_GCC_541\Debug\Dashboard.a(ADC_GLV_V_INT.o)
 .debug_abbrev  0x00002126      0x121 .\CortexM3\ARM_GCC_541\Debug\Dashboard.a(ADC_GLV_V_theACLK.o)
 .debug_abbrev  0x00002247       0xb1 .\CortexM3\ARM_GCC_541\Debug\Dashboard.a(ADC_GLV_V_AMux.o)
 .debug_abbrev  0x000022f8      0x139 .\CortexM3\ARM_GCC_541\Debug\Dashboard.a(ADC_GLV_V_Ext_CP_Clk.o)
 .debug_abbrev  0x00002431       0x90 .\CortexM3\ARM_GCC_541\Debug\Dashboard.a(IMD_LED.o)
 .debug_abbrev  0x000024c1       0x90 .\CortexM3\ARM_GCC_541\Debug\Dashboard.a(BMS_LED.o)
 .debug_abbrev  0x00002551      0x12b .\CortexM3\ARM_GCC_541\Debug\Dashboard.a(ReadyToDrive_Timer.o)
 .debug_abbrev  0x0000267c      0x184 .\CortexM3\ARM_GCC_541\Debug\Dashboard.a(ReadyToDrive_Int.o)
 .debug_abbrev  0x00002800       0x14 .\CortexM3\ARM_GCC_541\Debug\Dashboard.a(CyBootAsmGnu.o)
 .debug_abbrev  0x00002814      0x17c .\CortexM3\ARM_GCC_541\Debug\Dashboard.a(CyFlash.o)
 .debug_abbrev  0x00002990      0x194 .\CortexM3\ARM_GCC_541\Debug\Dashboard.a(CySpc.o)

.debug_line     0x00000000     0x55f3
 *(.debug_line)
 .debug_line    0x00000000     0x196a .\CortexM3\ARM_GCC_541\Debug\ugui.o
 .debug_line    0x0000196a      0x39f .\CortexM3\ARM_GCC_541\Debug\ugui_SSD1963.o
 .debug_line    0x00001d09      0x364 .\CortexM3\ARM_GCC_541\Debug\frucd_display.o
 .debug_line    0x0000206d      0x358 .\CortexM3\ARM_GCC_541\Debug\main.o
 .debug_line    0x000023c5      0x2bf .\CortexM3\ARM_GCC_541\Debug\can_manga.o
 .debug_line    0x00002684      0x225 .\CortexM3\ARM_GCC_541\Debug\cyfitter_cfg.o
 .debug_line    0x000028a9      0x141 .\CortexM3\ARM_GCC_541\Debug\cymetadata.o
 .debug_line    0x000029ea      0x234 .\CortexM3\ARM_GCC_541\Debug\Cm3Start.o
 .debug_line    0x00002c1e      0x37e .\CortexM3\ARM_GCC_541\Debug\Dashboard.a(CAN.o)
 .debug_line    0x00002f9c       0xa8 .\CortexM3\ARM_GCC_541\Debug\Dashboard.a(CAN_INT.o)
 .debug_line    0x00003044      0x297 .\CortexM3\ARM_GCC_541\Debug\Dashboard.a(CAN_TX_RX_func.o)
 .debug_line    0x000032db       0x93 .\CortexM3\ARM_GCC_541\Debug\Dashboard.a(Buzzer.o)
 .debug_line    0x0000336e       0x8f .\CortexM3\ARM_GCC_541\Debug\Dashboard.a(HV.o)
 .debug_line    0x000033fd       0x92 .\CortexM3\ARM_GCC_541\Debug\Dashboard.a(Drive.o)
 .debug_line    0x0000348f       0x93 .\CortexM3\ARM_GCC_541\Debug\Dashboard.a(RGB3_1.o)
 .debug_line    0x00003522       0x93 .\CortexM3\ARM_GCC_541\Debug\Dashboard.a(RGB2_1.o)
 .debug_line    0x000035b5       0x93 .\CortexM3\ARM_GCC_541\Debug\Dashboard.a(RGB1_1.o)
 .debug_line    0x00003648      0x2e6 .\CortexM3\ARM_GCC_541\Debug\Dashboard.a(GraphicLCDIntf.o)
 .debug_line    0x0000392e       0x91 .\CortexM3\ARM_GCC_541\Debug\Dashboard.a(D_BL.o)
 .debug_line    0x000039bf       0x92 .\CortexM3\ARM_GCC_541\Debug\Dashboard.a(D_RST.o)
 .debug_line    0x00003a51      0x804 .\CortexM3\ARM_GCC_541\Debug\Dashboard.a(CyLib.o)
 .debug_line    0x00004255      0x364 .\CortexM3\ARM_GCC_541\Debug\Dashboard.a(cyPm.o)
 .debug_line    0x000045b9      0x36d .\CortexM3\ARM_GCC_541\Debug\Dashboard.a(ADC_GLV_V.o)
 .debug_line    0x00004926       0x86 .\CortexM3\ARM_GCC_541\Debug\Dashboard.a(ADC_GLV_V_INT.o)
 .debug_line    0x000049ac      0x1a3 .\CortexM3\ARM_GCC_541\Debug\Dashboard.a(ADC_GLV_V_theACLK.o)
 .debug_line    0x00004b4f       0xb2 .\CortexM3\ARM_GCC_541\Debug\Dashboard.a(ADC_GLV_V_AMux.o)
 .debug_line    0x00004c01      0x183 .\CortexM3\ARM_GCC_541\Debug\Dashboard.a(ADC_GLV_V_Ext_CP_Clk.o)
 .debug_line    0x00004d84       0x94 .\CortexM3\ARM_GCC_541\Debug\Dashboard.a(IMD_LED.o)
 .debug_line    0x00004e18       0x94 .\CortexM3\ARM_GCC_541\Debug\Dashboard.a(BMS_LED.o)
 .debug_line    0x00004eac      0x17d .\CortexM3\ARM_GCC_541\Debug\Dashboard.a(ReadyToDrive_Timer.o)
 .debug_line    0x00005029      0x13f .\CortexM3\ARM_GCC_541\Debug\Dashboard.a(ReadyToDrive_Int.o)
 .debug_line    0x00005168       0x66 .\CortexM3\ARM_GCC_541\Debug\Dashboard.a(CyBootAsmGnu.o)
 .debug_line    0x000051ce      0x1e9 .\CortexM3\ARM_GCC_541\Debug\Dashboard.a(CyFlash.o)
 .debug_line    0x000053b7      0x23c .\CortexM3\ARM_GCC_541\Debug\Dashboard.a(CySpc.o)

.debug_frame    0x00000000     0x37d4
 *(.debug_frame)
 .debug_frame   0x00000000     0x13c4 .\CortexM3\ARM_GCC_541\Debug\ugui.o
 .debug_frame   0x000013c4       0xf4 .\CortexM3\ARM_GCC_541\Debug\ugui_SSD1963.o
 .debug_frame   0x000014b8      0x148 .\CortexM3\ARM_GCC_541\Debug\frucd_display.o
 .debug_frame   0x00001600       0x84 .\CortexM3\ARM_GCC_541\Debug\main.o
 .debug_frame   0x00001684      0x10c .\CortexM3\ARM_GCC_541\Debug\can_manga.o
 .debug_frame   0x00001790      0x104 .\CortexM3\ARM_GCC_541\Debug\cyfitter_cfg.o
 .debug_frame   0x00001894       0xac .\CortexM3\ARM_GCC_541\Debug\Cm3Start.o
 .debug_frame   0x00001940      0x1cc .\CortexM3\ARM_GCC_541\Debug\Dashboard.a(CAN.o)
 .debug_frame   0x00001b0c       0x4c .\CortexM3\ARM_GCC_541\Debug\Dashboard.a(CAN_INT.o)
 .debug_frame   0x00001b58       0xc4 .\CortexM3\ARM_GCC_541\Debug\Dashboard.a(CAN_TX_RX_func.o)
 .debug_frame   0x00001c1c       0x50 .\CortexM3\ARM_GCC_541\Debug\Dashboard.a(Buzzer.o)
 .debug_frame   0x00001c6c       0x50 .\CortexM3\ARM_GCC_541\Debug\Dashboard.a(HV.o)
 .debug_frame   0x00001cbc       0x50 .\CortexM3\ARM_GCC_541\Debug\Dashboard.a(Drive.o)
 .debug_frame   0x00001d0c       0x50 .\CortexM3\ARM_GCC_541\Debug\Dashboard.a(RGB3_1.o)
 .debug_frame   0x00001d5c       0x50 .\CortexM3\ARM_GCC_541\Debug\Dashboard.a(RGB2_1.o)
 .debug_frame   0x00001dac       0x50 .\CortexM3\ARM_GCC_541\Debug\Dashboard.a(RGB1_1.o)
 .debug_frame   0x00001dfc      0x180 .\CortexM3\ARM_GCC_541\Debug\Dashboard.a(GraphicLCDIntf.o)
 .debug_frame   0x00001f7c       0x50 .\CortexM3\ARM_GCC_541\Debug\Dashboard.a(D_BL.o)
 .debug_frame   0x00001fcc       0x50 .\CortexM3\ARM_GCC_541\Debug\Dashboard.a(D_RST.o)
 .debug_frame   0x0000201c      0x728 .\CortexM3\ARM_GCC_541\Debug\Dashboard.a(CyLib.o)
 .debug_frame   0x00002744      0x1f8 .\CortexM3\ARM_GCC_541\Debug\Dashboard.a(cyPm.o)
 .debug_frame   0x0000293c      0x278 .\CortexM3\ARM_GCC_541\Debug\Dashboard.a(ADC_GLV_V.o)
 .debug_frame   0x00002bb4       0x50 .\CortexM3\ARM_GCC_541\Debug\Dashboard.a(ADC_GLV_V_INT.o)
 .debug_frame   0x00002c04      0x100 .\CortexM3\ARM_GCC_541\Debug\Dashboard.a(ADC_GLV_V_theACLK.o)
 .debug_frame   0x00002d04       0x64 .\CortexM3\ARM_GCC_541\Debug\Dashboard.a(ADC_GLV_V_AMux.o)
 .debug_frame   0x00002d68       0xe0 .\CortexM3\ARM_GCC_541\Debug\Dashboard.a(ADC_GLV_V_Ext_CP_Clk.o)
 .debug_frame   0x00002e48       0x50 .\CortexM3\ARM_GCC_541\Debug\Dashboard.a(IMD_LED.o)
 .debug_frame   0x00002e98       0x50 .\CortexM3\ARM_GCC_541\Debug\Dashboard.a(BMS_LED.o)
 .debug_frame   0x00002ee8      0x124 .\CortexM3\ARM_GCC_541\Debug\Dashboard.a(ReadyToDrive_Timer.o)
 .debug_frame   0x0000300c      0x110 .\CortexM3\ARM_GCC_541\Debug\Dashboard.a(ReadyToDrive_Int.o)
 .debug_frame   0x0000311c      0x174 .\CortexM3\ARM_GCC_541\Debug\Dashboard.a(CyFlash.o)
 .debug_frame   0x00003290      0x160 .\CortexM3\ARM_GCC_541\Debug\Dashboard.a(CySpc.o)
 .debug_frame   0x000033f0       0x20 c:/program files (x86)/cypress/psoc creator/4.4/psoc creator/import/gnu/arm/5.4.1/bin/../lib/gcc/arm-none-eabi/5.4.1/../../../../arm-none-eabi/lib/armv7-m\libg_nano.a(lib_a-errno.o)
 .debug_frame   0x00003410       0x28 c:/program files (x86)/cypress/psoc creator/4.4/psoc creator/import/gnu/arm/5.4.1/bin/../lib/gcc/arm-none-eabi/5.4.1/../../../../arm-none-eabi/lib/armv7-m\libg_nano.a(lib_a-exit.o)
 .debug_frame   0x00003438       0x2c c:/program files (x86)/cypress/psoc creator/4.4/psoc creator/import/gnu/arm/5.4.1/bin/../lib/gcc/arm-none-eabi/5.4.1/../../../../arm-none-eabi/lib/armv7-m\libg_nano.a(lib_a-init.o)
 .debug_frame   0x00003464       0x28 c:/program files (x86)/cypress/psoc creator/4.4/psoc creator/import/gnu/arm/5.4.1/bin/../lib/gcc/arm-none-eabi/5.4.1/../../../../arm-none-eabi/lib/armv7-m\libg_nano.a(lib_a-memcpy-stub.o)
 .debug_frame   0x0000348c       0x20 c:/program files (x86)/cypress/psoc creator/4.4/psoc creator/import/gnu/arm/5.4.1/bin/../lib/gcc/arm-none-eabi/5.4.1/../../../../arm-none-eabi/lib/armv7-m\libg_nano.a(lib_a-memset.o)
 .debug_frame   0x000034ac       0x70 c:/program files (x86)/cypress/psoc creator/4.4/psoc creator/import/gnu/arm/5.4.1/bin/../lib/gcc/arm-none-eabi/5.4.1/../../../../arm-none-eabi/lib/armv7-m\libg_nano.a(lib_a-sprintf.o)
 .debug_frame   0x0000351c       0x90 c:/program files (x86)/cypress/psoc creator/4.4/psoc creator/import/gnu/arm/5.4.1/bin/../lib/gcc/arm-none-eabi/5.4.1/../../../../arm-none-eabi/lib/armv7-m\libg_nano.a(lib_a-nano-svfprintf.o)
 .debug_frame   0x000035ac       0x60 c:/program files (x86)/cypress/psoc creator/4.4/psoc creator/import/gnu/arm/5.4.1/bin/../lib/gcc/arm-none-eabi/5.4.1/../../../../arm-none-eabi/lib/armv7-m\libg_nano.a(lib_a-nano-vfprintf_i.o)
 .debug_frame   0x0000360c       0x28 c:/program files (x86)/cypress/psoc creator/4.4/psoc creator/import/gnu/arm/5.4.1/bin/../lib/gcc/arm-none-eabi/5.4.1/../../../../arm-none-eabi/lib/armv7-m\libg_nano.a(lib_a-memchr-stub.o)
 .debug_frame   0x00003634       0x28 c:/program files (x86)/cypress/psoc creator/4.4/psoc creator/import/gnu/arm/5.4.1/bin/../lib/gcc/arm-none-eabi/5.4.1/../../../../arm-none-eabi/lib/armv7-m\libg_nano.a(lib_a-memmove.o)
 .debug_frame   0x0000365c       0x38 c:/program files (x86)/cypress/psoc creator/4.4/psoc creator/import/gnu/arm/5.4.1/bin/../lib/gcc/arm-none-eabi/5.4.1/../../../../arm-none-eabi/lib/armv7-m\libg_nano.a(lib_a-nano-freer.o)
 .debug_frame   0x00003694       0x2c c:/program files (x86)/cypress/psoc creator/4.4/psoc creator/import/gnu/arm/5.4.1/bin/../lib/gcc/arm-none-eabi/5.4.1/../../../../arm-none-eabi/lib/armv7-m\libg_nano.a(lib_a-nano-mallocr.o)
 .debug_frame   0x000036c0       0x3c c:/program files (x86)/cypress/psoc creator/4.4/psoc creator/import/gnu/arm/5.4.1/bin/../lib/gcc/arm-none-eabi/5.4.1/../../../../arm-none-eabi/lib/armv7-m\libg_nano.a(lib_a-nano-reallocr.o)
 .debug_frame   0x000036fc       0x2c c:/program files (x86)/cypress/psoc creator/4.4/psoc creator/import/gnu/arm/5.4.1/bin/../lib/gcc/arm-none-eabi/5.4.1/../../../../arm-none-eabi/lib/armv7-m\libg_nano.a(lib_a-sbrkr.o)
 .debug_frame   0x00003728       0x30 c:/program files (x86)/cypress/psoc creator/4.4/psoc creator/import/gnu/arm/5.4.1/bin/../lib/gcc/arm-none-eabi/5.4.1/../../../../arm-none-eabi/lib/armv7-m\libg_nano.a(lib_a-mlock.o)
 .debug_frame   0x00003758       0x20 c:/program files (x86)/cypress/psoc creator/4.4/psoc creator/import/gnu/arm/5.4.1/bin/../lib/gcc/arm-none-eabi/5.4.1/../../../../arm-none-eabi/lib/armv7-m\libg_nano.a(lib_a-nano-msizer.o)
 .debug_frame   0x00003778       0x5c c:/program files (x86)/cypress/psoc creator/4.4/psoc creator/import/gnu/arm/5.4.1/bin/../lib/gcc/arm-none-eabi/5.4.1/../../../../arm-none-eabi/lib/armv7-m\libg_nano.a(lib_a-reent.o)

.debug_str      0x00000000     0x405a
 *(.debug_str)
 .debug_str     0x00000000     0x11e3 .\CortexM3\ARM_GCC_541\Debug\ugui.o
                               0x12a3 (size before relaxing)
 .debug_str     0x000011e3      0x154 .\CortexM3\ARM_GCC_541\Debug\ugui_SSD1963.o
                                0x59e (size before relaxing)
 .debug_str     0x00001337      0x2cd .\CortexM3\ARM_GCC_541\Debug\frucd_display.o
                                0x76e (size before relaxing)
 .debug_str     0x00001604      0x27b .\CortexM3\ARM_GCC_541\Debug\main.o
                                0xa07 (size before relaxing)
 .debug_str     0x0000187f      0x225 .\CortexM3\ARM_GCC_541\Debug\can_manga.o
                                0x79d (size before relaxing)
 .debug_str     0x00001aa4      0x207 .\CortexM3\ARM_GCC_541\Debug\cyfitter_cfg.o
                                0x3b7 (size before relaxing)
 .debug_str     0x00001cab       0x75 .\CortexM3\ARM_GCC_541\Debug\cymetadata.o
                                0x1f3 (size before relaxing)
 .debug_str     0x00001d20      0x144 .\CortexM3\ARM_GCC_541\Debug\Cm3Start.o
                                0x319 (size before relaxing)
 .debug_str     0x00001e64      0x2dc .\CortexM3\ARM_GCC_541\Debug\Dashboard.a(CAN.o)
                                0x4f0 (size before relaxing)
 .debug_str     0x00002140       0xff .\CortexM3\ARM_GCC_541\Debug\Dashboard.a(CAN_INT.o)
                                0x2fa (size before relaxing)
 .debug_str     0x0000223f       0x56 .\CortexM3\ARM_GCC_541\Debug\Dashboard.a(CAN_TX_RX_func.o)
                                0x516 (size before relaxing)
 .debug_str     0x00002295       0x63 .\CortexM3\ARM_GCC_541\Debug\Dashboard.a(Buzzer.o)
                                0x1f6 (size before relaxing)
 .debug_str     0x000022f8       0x44 .\CortexM3\ARM_GCC_541\Debug\Dashboard.a(HV.o)
                                0x1e2 (size before relaxing)
 .debug_str     0x0000233c       0x50 .\CortexM3\ARM_GCC_541\Debug\Dashboard.a(Drive.o)
                                0x1f1 (size before relaxing)
 .debug_str     0x0000238c       0x53 .\CortexM3\ARM_GCC_541\Debug\Dashboard.a(RGB3_1.o)
                                0x1f6 (size before relaxing)
 .debug_str     0x000023df       0x53 .\CortexM3\ARM_GCC_541\Debug\Dashboard.a(RGB2_1.o)
                                0x1f6 (size before relaxing)
 .debug_str     0x00002432       0x53 .\CortexM3\ARM_GCC_541\Debug\Dashboard.a(RGB1_1.o)
                                0x1f6 (size before relaxing)
 .debug_str     0x00002485      0x152 .\CortexM3\ARM_GCC_541\Debug\Dashboard.a(GraphicLCDIntf.o)
                                0x370 (size before relaxing)
 .debug_str     0x000025d7       0x4b .\CortexM3\ARM_GCC_541\Debug\Dashboard.a(D_BL.o)
                                0x1ec (size before relaxing)
 .debug_str     0x00002622       0x4f .\CortexM3\ARM_GCC_541\Debug\Dashboard.a(D_RST.o)
                                0x1f1 (size before relaxing)
 .debug_str     0x00002671      0x7c2 .\CortexM3\ARM_GCC_541\Debug\Dashboard.a(CyLib.o)
                                0xa3e (size before relaxing)
 .debug_str     0x00002e33      0x359 .\CortexM3\ARM_GCC_541\Debug\Dashboard.a(cyPm.o)
                                0x736 (size before relaxing)
 .debug_str     0x0000318c      0x422 .\CortexM3\ARM_GCC_541\Debug\Dashboard.a(ADC_GLV_V.o)
                                0x6ce (size before relaxing)
 .debug_str     0x000035ae       0x63 .\CortexM3\ARM_GCC_541\Debug\Dashboard.a(ADC_GLV_V_INT.o)
                                0x1ed (size before relaxing)
 .debug_str     0x00003611      0x1da .\CortexM3\ARM_GCC_541\Debug\Dashboard.a(ADC_GLV_V_theACLK.o)
                                0x3c4 (size before relaxing)
 .debug_str     0x000037eb       0x77 .\CortexM3\ARM_GCC_541\Debug\Dashboard.a(ADC_GLV_V_AMux.o)
                                0x238 (size before relaxing)
 .debug_str     0x00003862      0x166 .\CortexM3\ARM_GCC_541\Debug\Dashboard.a(ADC_GLV_V_Ext_CP_Clk.o)
                                0x399 (size before relaxing)
 .debug_str     0x000039c8       0x57 .\CortexM3\ARM_GCC_541\Debug\Dashboard.a(IMD_LED.o)
                                0x1fb (size before relaxing)
 .debug_str     0x00003a1f       0x57 .\CortexM3\ARM_GCC_541\Debug\Dashboard.a(BMS_LED.o)
                                0x1fb (size before relaxing)
 .debug_str     0x00003a76      0x233 .\CortexM3\ARM_GCC_541\Debug\Dashboard.a(ReadyToDrive_Timer.o)
                                0x434 (size before relaxing)
 .debug_str     0x00003ca9      0x169 .\CortexM3\ARM_GCC_541\Debug\Dashboard.a(ReadyToDrive_Int.o)
                                0x374 (size before relaxing)
 .debug_str     0x00003e12      0x19c .\CortexM3\ARM_GCC_541\Debug\Dashboard.a(CyFlash.o)
                                0x3b0 (size before relaxing)
 .debug_str     0x00003fae       0xac .\CortexM3\ARM_GCC_541\Debug\Dashboard.a(CySpc.o)
                                0x339 (size before relaxing)

.debug_loc      0x00000000     0xb8ed
 *(.debug_loc)
 .debug_loc     0x00000000     0x709c .\CortexM3\ARM_GCC_541\Debug\ugui.o
 .debug_loc     0x0000709c      0xcd8 .\CortexM3\ARM_GCC_541\Debug\ugui_SSD1963.o
 .debug_loc     0x00007d74      0x58b .\CortexM3\ARM_GCC_541\Debug\frucd_display.o
 .debug_loc     0x000082ff      0x120 .\CortexM3\ARM_GCC_541\Debug\main.o
 .debug_loc     0x0000841f      0x18f .\CortexM3\ARM_GCC_541\Debug\can_manga.o
 .debug_loc     0x000085ae      0x29c .\CortexM3\ARM_GCC_541\Debug\cyfitter_cfg.o
 .debug_loc     0x0000884a      0x144 .\CortexM3\ARM_GCC_541\Debug\Cm3Start.o
 .debug_loc     0x0000898e      0x980 .\CortexM3\ARM_GCC_541\Debug\Dashboard.a(CAN.o)
 .debug_loc     0x0000930e       0x54 .\CortexM3\ARM_GCC_541\Debug\Dashboard.a(CAN_INT.o)
 .debug_loc     0x00009362      0x193 .\CortexM3\ARM_GCC_541\Debug\Dashboard.a(CAN_TX_RX_func.o)
 .debug_loc     0x000094f5       0x42 .\CortexM3\ARM_GCC_541\Debug\Dashboard.a(Buzzer.o)
 .debug_loc     0x00009537       0x42 .\CortexM3\ARM_GCC_541\Debug\Dashboard.a(HV.o)
 .debug_loc     0x00009579       0x42 .\CortexM3\ARM_GCC_541\Debug\Dashboard.a(Drive.o)
 .debug_loc     0x000095bb       0x42 .\CortexM3\ARM_GCC_541\Debug\Dashboard.a(RGB3_1.o)
 .debug_loc     0x000095fd       0x42 .\CortexM3\ARM_GCC_541\Debug\Dashboard.a(RGB2_1.o)
 .debug_loc     0x0000963f       0x42 .\CortexM3\ARM_GCC_541\Debug\Dashboard.a(RGB1_1.o)
 .debug_loc     0x00009681      0x261 .\CortexM3\ARM_GCC_541\Debug\Dashboard.a(GraphicLCDIntf.o)
 .debug_loc     0x000098e2       0x42 .\CortexM3\ARM_GCC_541\Debug\Dashboard.a(D_BL.o)
 .debug_loc     0x00009924       0x42 .\CortexM3\ARM_GCC_541\Debug\Dashboard.a(D_RST.o)
 .debug_loc     0x00009966      0xa11 .\CortexM3\ARM_GCC_541\Debug\Dashboard.a(CyLib.o)
 .debug_loc     0x0000a377      0x1e4 .\CortexM3\ARM_GCC_541\Debug\Dashboard.a(cyPm.o)
 .debug_loc     0x0000a55b      0x681 .\CortexM3\ARM_GCC_541\Debug\Dashboard.a(ADC_GLV_V.o)
 .debug_loc     0x0000abdc      0x14d .\CortexM3\ARM_GCC_541\Debug\Dashboard.a(ADC_GLV_V_theACLK.o)
 .debug_loc     0x0000ad29       0x6c .\CortexM3\ARM_GCC_541\Debug\Dashboard.a(ADC_GLV_V_AMux.o)
 .debug_loc     0x0000ad95      0x12c .\CortexM3\ARM_GCC_541\Debug\Dashboard.a(ADC_GLV_V_Ext_CP_Clk.o)
 .debug_loc     0x0000aec1       0x42 .\CortexM3\ARM_GCC_541\Debug\Dashboard.a(IMD_LED.o)
 .debug_loc     0x0000af03       0x42 .\CortexM3\ARM_GCC_541\Debug\Dashboard.a(BMS_LED.o)
 .debug_loc     0x0000af45       0x13 .\CortexM3\ARM_GCC_541\Debug\Dashboard.a(ReadyToDrive_Timer.o)
 .debug_loc     0x0000af58       0x56 .\CortexM3\ARM_GCC_541\Debug\Dashboard.a(ReadyToDrive_Int.o)
 .debug_loc     0x0000afae      0x2f2 .\CortexM3\ARM_GCC_541\Debug\Dashboard.a(CyFlash.o)
 .debug_loc     0x0000b2a0      0x64d .\CortexM3\ARM_GCC_541\Debug\Dashboard.a(CySpc.o)

.debug_macinfo
 *(.debug_macinfo)

.debug_ranges   0x00000000     0x1108
 *(.debug_ranges)
 .debug_ranges  0x00000000      0x558 .\CortexM3\ARM_GCC_541\Debug\ugui.o
 .debug_ranges  0x00000558       0x40 .\CortexM3\ARM_GCC_541\Debug\ugui_SSD1963.o
 .debug_ranges  0x00000598       0x50 .\CortexM3\ARM_GCC_541\Debug\frucd_display.o
 .debug_ranges  0x000005e8       0x28 .\CortexM3\ARM_GCC_541\Debug\main.o
 .debug_ranges  0x00000610       0x68 .\CortexM3\ARM_GCC_541\Debug\can_manga.o
 .debug_ranges  0x00000678       0x58 .\CortexM3\ARM_GCC_541\Debug\cyfitter_cfg.o
 .debug_ranges  0x000006d0       0x38 .\CortexM3\ARM_GCC_541\Debug\Cm3Start.o
 .debug_ranges  0x00000708       0xb8 .\CortexM3\ARM_GCC_541\Debug\Dashboard.a(CAN.o)
 .debug_ranges  0x000007c0       0x18 .\CortexM3\ARM_GCC_541\Debug\Dashboard.a(CAN_INT.o)
 .debug_ranges  0x000007d8       0x58 .\CortexM3\ARM_GCC_541\Debug\Dashboard.a(CAN_TX_RX_func.o)
 .debug_ranges  0x00000830       0x28 .\CortexM3\ARM_GCC_541\Debug\Dashboard.a(Buzzer.o)
 .debug_ranges  0x00000858       0x28 .\CortexM3\ARM_GCC_541\Debug\Dashboard.a(HV.o)
 .debug_ranges  0x00000880       0x28 .\CortexM3\ARM_GCC_541\Debug\Dashboard.a(Drive.o)
 .debug_ranges  0x000008a8       0x28 .\CortexM3\ARM_GCC_541\Debug\Dashboard.a(RGB3_1.o)
 .debug_ranges  0x000008d0       0x28 .\CortexM3\ARM_GCC_541\Debug\Dashboard.a(RGB2_1.o)
 .debug_ranges  0x000008f8       0x28 .\CortexM3\ARM_GCC_541\Debug\Dashboard.a(RGB1_1.o)
 .debug_ranges  0x00000920       0x80 .\CortexM3\ARM_GCC_541\Debug\Dashboard.a(GraphicLCDIntf.o)
 .debug_ranges  0x000009a0       0x28 .\CortexM3\ARM_GCC_541\Debug\Dashboard.a(D_BL.o)
 .debug_ranges  0x000009c8       0x28 .\CortexM3\ARM_GCC_541\Debug\Dashboard.a(D_RST.o)
 .debug_ranges  0x000009f0      0x288 .\CortexM3\ARM_GCC_541\Debug\Dashboard.a(CyLib.o)
 .debug_ranges  0x00000c78       0x88 .\CortexM3\ARM_GCC_541\Debug\Dashboard.a(cyPm.o)
 .debug_ranges  0x00000d00       0xd8 .\CortexM3\ARM_GCC_541\Debug\Dashboard.a(ADC_GLV_V.o)
 .debug_ranges  0x00000dd8       0x28 .\CortexM3\ARM_GCC_541\Debug\Dashboard.a(ADC_GLV_V_INT.o)
 .debug_ranges  0x00000e00       0x70 .\CortexM3\ARM_GCC_541\Debug\Dashboard.a(ADC_GLV_V_theACLK.o)
 .debug_ranges  0x00000e70       0x20 .\CortexM3\ARM_GCC_541\Debug\Dashboard.a(ADC_GLV_V_AMux.o)
 .debug_ranges  0x00000e90       0x60 .\CortexM3\ARM_GCC_541\Debug\Dashboard.a(ADC_GLV_V_Ext_CP_Clk.o)
 .debug_ranges  0x00000ef0       0x28 .\CortexM3\ARM_GCC_541\Debug\Dashboard.a(IMD_LED.o)
 .debug_ranges  0x00000f18       0x28 .\CortexM3\ARM_GCC_541\Debug\Dashboard.a(BMS_LED.o)
 .debug_ranges  0x00000f40       0x80 .\CortexM3\ARM_GCC_541\Debug\Dashboard.a(ReadyToDrive_Timer.o)
 .debug_ranges  0x00000fc0       0x70 .\CortexM3\ARM_GCC_541\Debug\Dashboard.a(ReadyToDrive_Int.o)
 .debug_ranges  0x00001030       0x70 .\CortexM3\ARM_GCC_541\Debug\Dashboard.a(CyFlash.o)
 .debug_ranges  0x000010a0       0x68 .\CortexM3\ARM_GCC_541\Debug\Dashboard.a(CySpc.o)

.comment        0x00000000       0x6e
 .comment       0x00000000       0x6e .\CortexM3\ARM_GCC_541\Debug\ugui.o
                                 0x6f (size before relaxing)
 .comment       0x0000006e       0x6f .\CortexM3\ARM_GCC_541\Debug\ugui_SSD1963.o
 .comment       0x0000006e       0x6f .\CortexM3\ARM_GCC_541\Debug\frucd_display.o
 .comment       0x0000006e       0x6f .\CortexM3\ARM_GCC_541\Debug\main.o
 .comment       0x0000006e       0x6f .\CortexM3\ARM_GCC_541\Debug\can_manga.o
 .comment       0x0000006e       0x6f .\CortexM3\ARM_GCC_541\Debug\cyfitter_cfg.o
 .comment       0x0000006e       0x6f .\CortexM3\ARM_GCC_541\Debug\cymetadata.o
 .comment       0x0000006e       0x6f .\CortexM3\ARM_GCC_541\Debug\Cm3Start.o
 .comment       0x0000006e       0x6f .\CortexM3\ARM_GCC_541\Debug\Dashboard.a(CAN.o)
 .comment       0x0000006e       0x6f .\CortexM3\ARM_GCC_541\Debug\Dashboard.a(CAN_INT.o)
 .comment       0x0000006e       0x6f .\CortexM3\ARM_GCC_541\Debug\Dashboard.a(CAN_TX_RX_func.o)
 .comment       0x0000006e       0x6f .\CortexM3\ARM_GCC_541\Debug\Dashboard.a(Buzzer.o)
 .comment       0x0000006e       0x6f .\CortexM3\ARM_GCC_541\Debug\Dashboard.a(HV.o)
 .comment       0x0000006e       0x6f .\CortexM3\ARM_GCC_541\Debug\Dashboard.a(Drive.o)
 .comment       0x0000006e       0x6f .\CortexM3\ARM_GCC_541\Debug\Dashboard.a(RGB3_1.o)
 .comment       0x0000006e       0x6f .\CortexM3\ARM_GCC_541\Debug\Dashboard.a(RGB2_1.o)
 .comment       0x0000006e       0x6f .\CortexM3\ARM_GCC_541\Debug\Dashboard.a(RGB1_1.o)
 .comment       0x0000006e       0x6f .\CortexM3\ARM_GCC_541\Debug\Dashboard.a(GraphicLCDIntf.o)
 .comment       0x0000006e       0x6f .\CortexM3\ARM_GCC_541\Debug\Dashboard.a(D_BL.o)
 .comment       0x0000006e       0x6f .\CortexM3\ARM_GCC_541\Debug\Dashboard.a(D_RST.o)
 .comment       0x0000006e       0x6f .\CortexM3\ARM_GCC_541\Debug\Dashboard.a(CyLib.o)
 .comment       0x0000006e       0x6f .\CortexM3\ARM_GCC_541\Debug\Dashboard.a(cyPm.o)
 .comment       0x0000006e       0x6f .\CortexM3\ARM_GCC_541\Debug\Dashboard.a(ADC_GLV_V.o)
 .comment       0x0000006e       0x6f .\CortexM3\ARM_GCC_541\Debug\Dashboard.a(ADC_GLV_V_INT.o)
 .comment       0x0000006e       0x6f .\CortexM3\ARM_GCC_541\Debug\Dashboard.a(ADC_GLV_V_theACLK.o)
 .comment       0x0000006e       0x6f .\CortexM3\ARM_GCC_541\Debug\Dashboard.a(ADC_GLV_V_AMux.o)
 .comment       0x0000006e       0x6f .\CortexM3\ARM_GCC_541\Debug\Dashboard.a(ADC_GLV_V_Ext_CP_Clk.o)
 .comment       0x0000006e       0x6f .\CortexM3\ARM_GCC_541\Debug\Dashboard.a(IMD_LED.o)
 .comment       0x0000006e       0x6f .\CortexM3\ARM_GCC_541\Debug\Dashboard.a(BMS_LED.o)
 .comment       0x0000006e       0x6f .\CortexM3\ARM_GCC_541\Debug\Dashboard.a(ReadyToDrive_Timer.o)
 .comment       0x0000006e       0x6f .\CortexM3\ARM_GCC_541\Debug\Dashboard.a(ReadyToDrive_Int.o)
 .comment       0x0000006e       0x6f .\CortexM3\ARM_GCC_541\Debug\Dashboard.a(CyFlash.o)
 .comment       0x0000006e       0x6f .\CortexM3\ARM_GCC_541\Debug\Dashboard.a(CySpc.o)

.debug_weaknames
 *(.debug_weaknames)

.debug_funcnames
 *(.debug_funcnames)

.debug_typenames
 *(.debug_typenames)

.debug_varnames
 *(.debug_varnames)

.note.gnu.arm.ident
 *(.note.gnu.arm.ident)

.ARM.attributes
                0x00000000       0x29
 *(.ARM.attributes)
 .ARM.attributes
                0x00000000       0x1d c:/program files (x86)/cypress/psoc creator/4.4/psoc creator/import/gnu/arm/5.4.1/bin/../lib/gcc/arm-none-eabi/5.4.1/armv7-m/crti.o
 .ARM.attributes
                0x0000001d       0x2d c:/program files (x86)/cypress/psoc creator/4.4/psoc creator/import/gnu/arm/5.4.1/bin/../lib/gcc/arm-none-eabi/5.4.1/armv7-m/crtbegin.o
 .ARM.attributes
                0x0000004a       0x1b c:/program files (x86)/cypress/psoc creator/4.4/psoc creator/import/gnu/arm/5.4.1/bin/../lib/gcc/arm-none-eabi/5.4.1/../../../../arm-none-eabi/lib/armv7-m/crt0.o
 .ARM.attributes
                0x00000065       0x33 .\CortexM3\ARM_GCC_541\Debug\ugui.o
 .ARM.attributes
                0x00000098       0x33 .\CortexM3\ARM_GCC_541\Debug\ugui_SSD1963.o
 .ARM.attributes
                0x000000cb       0x33 .\CortexM3\ARM_GCC_541\Debug\frucd_display.o
 .ARM.attributes
                0x000000fe       0x33 .\CortexM3\ARM_GCC_541\Debug\main.o
 .ARM.attributes
                0x00000131       0x33 .\CortexM3\ARM_GCC_541\Debug\can_manga.o
 .ARM.attributes
                0x00000164       0x33 .\CortexM3\ARM_GCC_541\Debug\cyfitter_cfg.o
 .ARM.attributes
                0x00000197       0x33 .\CortexM3\ARM_GCC_541\Debug\cymetadata.o
 .ARM.attributes
                0x000001ca       0x33 .\CortexM3\ARM_GCC_541\Debug\Cm3Start.o
 .ARM.attributes
                0x000001fd       0x33 .\CortexM3\ARM_GCC_541\Debug\Dashboard.a(CAN.o)
 .ARM.attributes
                0x00000230       0x33 .\CortexM3\ARM_GCC_541\Debug\Dashboard.a(CAN_INT.o)
 .ARM.attributes
                0x00000263       0x33 .\CortexM3\ARM_GCC_541\Debug\Dashboard.a(CAN_TX_RX_func.o)
 .ARM.attributes
                0x00000296       0x33 .\CortexM3\ARM_GCC_541\Debug\Dashboard.a(Buzzer.o)
 .ARM.attributes
                0x000002c9       0x33 .\CortexM3\ARM_GCC_541\Debug\Dashboard.a(HV.o)
 .ARM.attributes
                0x000002fc       0x33 .\CortexM3\ARM_GCC_541\Debug\Dashboard.a(Drive.o)
 .ARM.attributes
                0x0000032f       0x33 .\CortexM3\ARM_GCC_541\Debug\Dashboard.a(RGB3_1.o)
 .ARM.attributes
                0x00000362       0x33 .\CortexM3\ARM_GCC_541\Debug\Dashboard.a(RGB2_1.o)
 .ARM.attributes
                0x00000395       0x33 .\CortexM3\ARM_GCC_541\Debug\Dashboard.a(RGB1_1.o)
 .ARM.attributes
                0x000003c8       0x33 .\CortexM3\ARM_GCC_541\Debug\Dashboard.a(GraphicLCDIntf.o)
 .ARM.attributes
                0x000003fb       0x33 .\CortexM3\ARM_GCC_541\Debug\Dashboard.a(D_BL.o)
 .ARM.attributes
                0x0000042e       0x33 .\CortexM3\ARM_GCC_541\Debug\Dashboard.a(D_RST.o)
 .ARM.attributes
                0x00000461       0x33 .\CortexM3\ARM_GCC_541\Debug\Dashboard.a(CyLib.o)
 .ARM.attributes
                0x00000494       0x33 .\CortexM3\ARM_GCC_541\Debug\Dashboard.a(cyPm.o)
 .ARM.attributes
                0x000004c7       0x33 .\CortexM3\ARM_GCC_541\Debug\Dashboard.a(ADC_GLV_V.o)
 .ARM.attributes
                0x000004fa       0x33 .\CortexM3\ARM_GCC_541\Debug\Dashboard.a(ADC_GLV_V_INT.o)
 .ARM.attributes
                0x0000052d       0x33 .\CortexM3\ARM_GCC_541\Debug\Dashboard.a(ADC_GLV_V_theACLK.o)
 .ARM.attributes
                0x00000560       0x33 .\CortexM3\ARM_GCC_541\Debug\Dashboard.a(ADC_GLV_V_AMux.o)
 .ARM.attributes
                0x00000593       0x33 .\CortexM3\ARM_GCC_541\Debug\Dashboard.a(ADC_GLV_V_Ext_CP_Clk.o)
 .ARM.attributes
                0x000005c6       0x33 .\CortexM3\ARM_GCC_541\Debug\Dashboard.a(IMD_LED.o)
 .ARM.attributes
                0x000005f9       0x33 .\CortexM3\ARM_GCC_541\Debug\Dashboard.a(BMS_LED.o)
 .ARM.attributes
                0x0000062c       0x33 .\CortexM3\ARM_GCC_541\Debug\Dashboard.a(ReadyToDrive_Timer.o)
 .ARM.attributes
                0x0000065f       0x33 .\CortexM3\ARM_GCC_541\Debug\Dashboard.a(ReadyToDrive_Int.o)
 .ARM.attributes
                0x00000692       0x21 .\CortexM3\ARM_GCC_541\Debug\Dashboard.a(CyBootAsmGnu.o)
 .ARM.attributes
                0x000006b3       0x33 .\CortexM3\ARM_GCC_541\Debug\Dashboard.a(CyFlash.o)
 .ARM.attributes
                0x000006e6       0x33 .\CortexM3\ARM_GCC_541\Debug\Dashboard.a(CySpc.o)
 .ARM.attributes
                0x00000719       0x1d c:/program files (x86)/cypress/psoc creator/4.4/psoc creator/import/gnu/arm/5.4.1/bin/../lib/gcc/arm-none-eabi/5.4.1/armv7-m\libgcc.a(_arm_addsubdf3.o)
 .ARM.attributes
                0x00000736       0x1d c:/program files (x86)/cypress/psoc creator/4.4/psoc creator/import/gnu/arm/5.4.1/bin/../lib/gcc/arm-none-eabi/5.4.1/armv7-m\libgcc.a(_arm_cmpdf2.o)
 .ARM.attributes
                0x00000753       0x1d c:/program files (x86)/cypress/psoc creator/4.4/psoc creator/import/gnu/arm/5.4.1/bin/../lib/gcc/arm-none-eabi/5.4.1/armv7-m\libgcc.a(_arm_addsubsf3.o)
 .ARM.attributes
                0x00000770       0x1d c:/program files (x86)/cypress/psoc creator/4.4/psoc creator/import/gnu/arm/5.4.1/bin/../lib/gcc/arm-none-eabi/5.4.1/armv7-m\libgcc.a(_arm_muldivsf3.o)
 .ARM.attributes
                0x0000078d       0x1d c:/program files (x86)/cypress/psoc creator/4.4/psoc creator/import/gnu/arm/5.4.1/bin/../lib/gcc/arm-none-eabi/5.4.1/armv7-m\libgcc.a(_arm_fixunssfsi.o)
 .ARM.attributes
                0x000007aa       0x2d c:/program files (x86)/cypress/psoc creator/4.4/psoc creator/import/gnu/arm/5.4.1/bin/../lib/gcc/arm-none-eabi/5.4.1/../../../../arm-none-eabi/lib/armv7-m\libg_nano.a(lib_a-errno.o)
 .ARM.attributes
                0x000007d7       0x2d c:/program files (x86)/cypress/psoc creator/4.4/psoc creator/import/gnu/arm/5.4.1/bin/../lib/gcc/arm-none-eabi/5.4.1/../../../../arm-none-eabi/lib/armv7-m\libg_nano.a(lib_a-exit.o)
 .ARM.attributes
                0x00000804       0x2d c:/program files (x86)/cypress/psoc creator/4.4/psoc creator/import/gnu/arm/5.4.1/bin/../lib/gcc/arm-none-eabi/5.4.1/../../../../arm-none-eabi/lib/armv7-m\libg_nano.a(lib_a-impure.o)
 .ARM.attributes
                0x00000831       0x2d c:/program files (x86)/cypress/psoc creator/4.4/psoc creator/import/gnu/arm/5.4.1/bin/../lib/gcc/arm-none-eabi/5.4.1/../../../../arm-none-eabi/lib/armv7-m\libg_nano.a(lib_a-init.o)
 .ARM.attributes
                0x0000085e       0x2d c:/program files (x86)/cypress/psoc creator/4.4/psoc creator/import/gnu/arm/5.4.1/bin/../lib/gcc/arm-none-eabi/5.4.1/../../../../arm-none-eabi/lib/armv7-m\libg_nano.a(lib_a-memcpy-stub.o)
 .ARM.attributes
                0x0000088b       0x2d c:/program files (x86)/cypress/psoc creator/4.4/psoc creator/import/gnu/arm/5.4.1/bin/../lib/gcc/arm-none-eabi/5.4.1/../../../../arm-none-eabi/lib/armv7-m\libg_nano.a(lib_a-memset.o)
 .ARM.attributes
                0x000008b8       0x2d c:/program files (x86)/cypress/psoc creator/4.4/psoc creator/import/gnu/arm/5.4.1/bin/../lib/gcc/arm-none-eabi/5.4.1/../../../../arm-none-eabi/lib/armv7-m\libg_nano.a(lib_a-sprintf.o)
 .ARM.attributes
                0x000008e5       0x2d c:/program files (x86)/cypress/psoc creator/4.4/psoc creator/import/gnu/arm/5.4.1/bin/../lib/gcc/arm-none-eabi/5.4.1/../../../../arm-none-eabi/lib/armv7-m\libg_nano.a(lib_a-nano-svfprintf.o)
 .ARM.attributes
                0x00000912       0x2d c:/program files (x86)/cypress/psoc creator/4.4/psoc creator/import/gnu/arm/5.4.1/bin/../lib/gcc/arm-none-eabi/5.4.1/../../../../arm-none-eabi/lib/armv7-m\libg_nano.a(lib_a-nano-vfprintf_i.o)
 .ARM.attributes
                0x0000093f       0x2d c:/program files (x86)/cypress/psoc creator/4.4/psoc creator/import/gnu/arm/5.4.1/bin/../lib/gcc/arm-none-eabi/5.4.1/../../../../arm-none-eabi/lib/armv7-m\libg_nano.a(lib_a-memchr-stub.o)
 .ARM.attributes
                0x0000096c       0x2d c:/program files (x86)/cypress/psoc creator/4.4/psoc creator/import/gnu/arm/5.4.1/bin/../lib/gcc/arm-none-eabi/5.4.1/../../../../arm-none-eabi/lib/armv7-m\libg_nano.a(lib_a-memmove.o)
 .ARM.attributes
                0x00000999       0x2d c:/program files (x86)/cypress/psoc creator/4.4/psoc creator/import/gnu/arm/5.4.1/bin/../lib/gcc/arm-none-eabi/5.4.1/../../../../arm-none-eabi/lib/armv7-m\libg_nano.a(lib_a-nano-freer.o)
 .ARM.attributes
                0x000009c6       0x2d c:/program files (x86)/cypress/psoc creator/4.4/psoc creator/import/gnu/arm/5.4.1/bin/../lib/gcc/arm-none-eabi/5.4.1/../../../../arm-none-eabi/lib/armv7-m\libg_nano.a(lib_a-nano-mallocr.o)
 .ARM.attributes
                0x000009f3       0x2d c:/program files (x86)/cypress/psoc creator/4.4/psoc creator/import/gnu/arm/5.4.1/bin/../lib/gcc/arm-none-eabi/5.4.1/../../../../arm-none-eabi/lib/armv7-m\libg_nano.a(lib_a-nano-reallocr.o)
 .ARM.attributes
                0x00000a20       0x2d c:/program files (x86)/cypress/psoc creator/4.4/psoc creator/import/gnu/arm/5.4.1/bin/../lib/gcc/arm-none-eabi/5.4.1/../../../../arm-none-eabi/lib/armv7-m\libg_nano.a(lib_a-sbrkr.o)
 .ARM.attributes
                0x00000a4d       0x2d c:/program files (x86)/cypress/psoc creator/4.4/psoc creator/import/gnu/arm/5.4.1/bin/../lib/gcc/arm-none-eabi/5.4.1/../../../../arm-none-eabi/lib/armv7-m\libg_nano.a(lib_a-mlock.o)
 .ARM.attributes
                0x00000a7a       0x2d c:/program files (x86)/cypress/psoc creator/4.4/psoc creator/import/gnu/arm/5.4.1/bin/../lib/gcc/arm-none-eabi/5.4.1/../../../../arm-none-eabi/lib/armv7-m\libg_nano.a(lib_a-nano-msizer.o)
 .ARM.attributes
                0x00000aa7       0x2d c:/program files (x86)/cypress/psoc creator/4.4/psoc creator/import/gnu/arm/5.4.1/bin/../lib/gcc/arm-none-eabi/5.4.1/../../../../arm-none-eabi/lib/armv7-m\libg_nano.a(lib_a-reent.o)
 .ARM.attributes
                0x00000ad4       0x2d c:/program files (x86)/cypress/psoc creator/4.4/psoc creator/import/gnu/arm/5.4.1/bin/../lib/gcc/arm-none-eabi/5.4.1/armv7-m/crtend.o
 .ARM.attributes
                0x00000b01       0x1d c:/program files (x86)/cypress/psoc creator/4.4/psoc creator/import/gnu/arm/5.4.1/bin/../lib/gcc/arm-none-eabi/5.4.1/armv7-m/crtn.o

/DISCARD/
 *(.note.GNU-stack)
OUTPUT(D:\Users\leoja\Documents\GitHub\Dashboard-Firmware-FE9-FE7-Board\Dashboard.cydsn\CortexM3\ARM_GCC_541\Debug\Dashboard.elf elf32-littlearm)