ARM GAS  C:\Users\leoja\AppData\Local\Temp\ccskq7NH.s 			page 1


   1              		.syntax unified
   2              		.cpu cortex-m3
   3              		.fpu softvfp
   4              		.eabi_attribute 20, 1
   5              		.eabi_attribute 21, 1
   6              		.eabi_attribute 23, 3
   7              		.eabi_attribute 24, 1
   8              		.eabi_attribute 25, 1
   9              		.eabi_attribute 26, 1
  10              		.eabi_attribute 30, 1
  11              		.eabi_attribute 34, 1
  12              		.eabi_attribute 18, 4
  13              		.thumb
  14              		.syntax unified
  15              		.file	"ReadyToDrive_Int.c"
  16              		.text
  17              	.Ltext0:
  18              		.cfi_sections	.debug_frame
  19              		.section	.text.ReadyToDrive_Int_Interrupt,"ax",%progbits
  20              		.align	2
  21              		.global	ReadyToDrive_Int_Interrupt
  22              		.thumb
  23              		.thumb_func
  24              		.type	ReadyToDrive_Int_Interrupt, %function
  25              	ReadyToDrive_Int_Interrupt:
  26              	.LFB3:
  27              		.file 1 "Generated_Source\\PSoC5\\ReadyToDrive_Int.c"
   1:Generated_Source\PSoC5/ReadyToDrive_Int.c **** /*******************************************************************************
   2:Generated_Source\PSoC5/ReadyToDrive_Int.c **** * File Name: ReadyToDrive_Int.c  
   3:Generated_Source\PSoC5/ReadyToDrive_Int.c **** * Version 1.70
   4:Generated_Source\PSoC5/ReadyToDrive_Int.c **** *
   5:Generated_Source\PSoC5/ReadyToDrive_Int.c **** *  Description:
   6:Generated_Source\PSoC5/ReadyToDrive_Int.c **** *   API for controlling the state of an interrupt.
   7:Generated_Source\PSoC5/ReadyToDrive_Int.c **** *
   8:Generated_Source\PSoC5/ReadyToDrive_Int.c **** *
   9:Generated_Source\PSoC5/ReadyToDrive_Int.c **** *  Note:
  10:Generated_Source\PSoC5/ReadyToDrive_Int.c **** *
  11:Generated_Source\PSoC5/ReadyToDrive_Int.c **** ********************************************************************************
  12:Generated_Source\PSoC5/ReadyToDrive_Int.c **** * Copyright 2008-2015, Cypress Semiconductor Corporation.  All rights reserved.
  13:Generated_Source\PSoC5/ReadyToDrive_Int.c **** * You may use this file only in accordance with the license, terms, conditions, 
  14:Generated_Source\PSoC5/ReadyToDrive_Int.c **** * disclaimers, and limitations in the end user license agreement accompanying 
  15:Generated_Source\PSoC5/ReadyToDrive_Int.c **** * the software package with which this file was provided.
  16:Generated_Source\PSoC5/ReadyToDrive_Int.c **** *******************************************************************************/
  17:Generated_Source\PSoC5/ReadyToDrive_Int.c **** 
  18:Generated_Source\PSoC5/ReadyToDrive_Int.c **** 
  19:Generated_Source\PSoC5/ReadyToDrive_Int.c **** #include <cydevice_trm.h>
  20:Generated_Source\PSoC5/ReadyToDrive_Int.c **** #include <CyLib.h>
  21:Generated_Source\PSoC5/ReadyToDrive_Int.c **** #include <ReadyToDrive_Int.h>
  22:Generated_Source\PSoC5/ReadyToDrive_Int.c **** #include "cyapicallbacks.h"
  23:Generated_Source\PSoC5/ReadyToDrive_Int.c **** 
  24:Generated_Source\PSoC5/ReadyToDrive_Int.c **** #if !defined(ReadyToDrive_Int__REMOVED) /* Check for removal by optimization */
  25:Generated_Source\PSoC5/ReadyToDrive_Int.c **** 
  26:Generated_Source\PSoC5/ReadyToDrive_Int.c **** /*******************************************************************************
  27:Generated_Source\PSoC5/ReadyToDrive_Int.c **** *  Place your includes, defines and code here 
  28:Generated_Source\PSoC5/ReadyToDrive_Int.c **** ********************************************************************************/
  29:Generated_Source\PSoC5/ReadyToDrive_Int.c **** /* `#START ReadyToDrive_Int_intc` */
  30:Generated_Source\PSoC5/ReadyToDrive_Int.c **** /* `#END` */
ARM GAS  C:\Users\leoja\AppData\Local\Temp\ccskq7NH.s 			page 2


  31:Generated_Source\PSoC5/ReadyToDrive_Int.c **** 
  32:Generated_Source\PSoC5/ReadyToDrive_Int.c **** #ifndef CYINT_IRQ_BASE
  33:Generated_Source\PSoC5/ReadyToDrive_Int.c **** #define CYINT_IRQ_BASE      16
  34:Generated_Source\PSoC5/ReadyToDrive_Int.c **** #endif /* CYINT_IRQ_BASE */
  35:Generated_Source\PSoC5/ReadyToDrive_Int.c **** #ifndef CYINT_VECT_TABLE
  36:Generated_Source\PSoC5/ReadyToDrive_Int.c **** #define CYINT_VECT_TABLE    ((cyisraddress **) CYREG_NVIC_VECT_OFFSET)
  37:Generated_Source\PSoC5/ReadyToDrive_Int.c **** #endif /* CYINT_VECT_TABLE */
  38:Generated_Source\PSoC5/ReadyToDrive_Int.c **** 
  39:Generated_Source\PSoC5/ReadyToDrive_Int.c **** /* Declared in startup, used to set unused interrupts to. */
  40:Generated_Source\PSoC5/ReadyToDrive_Int.c **** CY_ISR_PROTO(IntDefaultHandler);
  41:Generated_Source\PSoC5/ReadyToDrive_Int.c **** 
  42:Generated_Source\PSoC5/ReadyToDrive_Int.c **** 
  43:Generated_Source\PSoC5/ReadyToDrive_Int.c **** /*******************************************************************************
  44:Generated_Source\PSoC5/ReadyToDrive_Int.c **** * Function Name: ReadyToDrive_Int_Start
  45:Generated_Source\PSoC5/ReadyToDrive_Int.c **** ********************************************************************************
  46:Generated_Source\PSoC5/ReadyToDrive_Int.c **** *
  47:Generated_Source\PSoC5/ReadyToDrive_Int.c **** * Summary:
  48:Generated_Source\PSoC5/ReadyToDrive_Int.c **** *  Set up the interrupt and enable it. This function disables the interrupt, 
  49:Generated_Source\PSoC5/ReadyToDrive_Int.c **** *  sets the default interrupt vector, sets the priority from the value in the
  50:Generated_Source\PSoC5/ReadyToDrive_Int.c **** *  Design Wide Resources Interrupt Editor, then enables the interrupt to the 
  51:Generated_Source\PSoC5/ReadyToDrive_Int.c **** *  interrupt controller.
  52:Generated_Source\PSoC5/ReadyToDrive_Int.c **** *
  53:Generated_Source\PSoC5/ReadyToDrive_Int.c **** * Parameters:  
  54:Generated_Source\PSoC5/ReadyToDrive_Int.c **** *   None
  55:Generated_Source\PSoC5/ReadyToDrive_Int.c **** *
  56:Generated_Source\PSoC5/ReadyToDrive_Int.c **** * Return:
  57:Generated_Source\PSoC5/ReadyToDrive_Int.c **** *   None
  58:Generated_Source\PSoC5/ReadyToDrive_Int.c **** *
  59:Generated_Source\PSoC5/ReadyToDrive_Int.c **** *******************************************************************************/
  60:Generated_Source\PSoC5/ReadyToDrive_Int.c **** void ReadyToDrive_Int_Start(void)
  61:Generated_Source\PSoC5/ReadyToDrive_Int.c **** {
  62:Generated_Source\PSoC5/ReadyToDrive_Int.c ****     /* For all we know the interrupt is active. */
  63:Generated_Source\PSoC5/ReadyToDrive_Int.c ****     ReadyToDrive_Int_Disable();
  64:Generated_Source\PSoC5/ReadyToDrive_Int.c **** 
  65:Generated_Source\PSoC5/ReadyToDrive_Int.c ****     /* Set the ISR to point to the ReadyToDrive_Int Interrupt. */
  66:Generated_Source\PSoC5/ReadyToDrive_Int.c ****     ReadyToDrive_Int_SetVector(&ReadyToDrive_Int_Interrupt);
  67:Generated_Source\PSoC5/ReadyToDrive_Int.c **** 
  68:Generated_Source\PSoC5/ReadyToDrive_Int.c ****     /* Set the priority. */
  69:Generated_Source\PSoC5/ReadyToDrive_Int.c ****     ReadyToDrive_Int_SetPriority((uint8)ReadyToDrive_Int_INTC_PRIOR_NUMBER);
  70:Generated_Source\PSoC5/ReadyToDrive_Int.c **** 
  71:Generated_Source\PSoC5/ReadyToDrive_Int.c ****     /* Enable it. */
  72:Generated_Source\PSoC5/ReadyToDrive_Int.c ****     ReadyToDrive_Int_Enable();
  73:Generated_Source\PSoC5/ReadyToDrive_Int.c **** }
  74:Generated_Source\PSoC5/ReadyToDrive_Int.c **** 
  75:Generated_Source\PSoC5/ReadyToDrive_Int.c **** 
  76:Generated_Source\PSoC5/ReadyToDrive_Int.c **** /*******************************************************************************
  77:Generated_Source\PSoC5/ReadyToDrive_Int.c **** * Function Name: ReadyToDrive_Int_StartEx
  78:Generated_Source\PSoC5/ReadyToDrive_Int.c **** ********************************************************************************
  79:Generated_Source\PSoC5/ReadyToDrive_Int.c **** *
  80:Generated_Source\PSoC5/ReadyToDrive_Int.c **** * Summary:
  81:Generated_Source\PSoC5/ReadyToDrive_Int.c **** *  Sets up the interrupt and enables it. This function disables the interrupt,
  82:Generated_Source\PSoC5/ReadyToDrive_Int.c **** *  sets the interrupt vector based on the address passed in, sets the priority 
  83:Generated_Source\PSoC5/ReadyToDrive_Int.c **** *  from the value in the Design Wide Resources Interrupt Editor, then enables 
  84:Generated_Source\PSoC5/ReadyToDrive_Int.c **** *  the interrupt to the interrupt controller.
  85:Generated_Source\PSoC5/ReadyToDrive_Int.c **** *  
  86:Generated_Source\PSoC5/ReadyToDrive_Int.c **** *  When defining ISR functions, the CY_ISR and CY_ISR_PROTO macros should be 
  87:Generated_Source\PSoC5/ReadyToDrive_Int.c **** *  used to provide consistent definition across compilers:
ARM GAS  C:\Users\leoja\AppData\Local\Temp\ccskq7NH.s 			page 3


  88:Generated_Source\PSoC5/ReadyToDrive_Int.c **** *  
  89:Generated_Source\PSoC5/ReadyToDrive_Int.c **** *  Function definition example:
  90:Generated_Source\PSoC5/ReadyToDrive_Int.c **** *   CY_ISR(MyISR)
  91:Generated_Source\PSoC5/ReadyToDrive_Int.c **** *   {
  92:Generated_Source\PSoC5/ReadyToDrive_Int.c **** *   }
  93:Generated_Source\PSoC5/ReadyToDrive_Int.c **** *   Function prototype example:
  94:Generated_Source\PSoC5/ReadyToDrive_Int.c **** *   CY_ISR_PROTO(MyISR);
  95:Generated_Source\PSoC5/ReadyToDrive_Int.c **** *
  96:Generated_Source\PSoC5/ReadyToDrive_Int.c **** * Parameters:  
  97:Generated_Source\PSoC5/ReadyToDrive_Int.c **** *   address: Address of the ISR to set in the interrupt vector table.
  98:Generated_Source\PSoC5/ReadyToDrive_Int.c **** *
  99:Generated_Source\PSoC5/ReadyToDrive_Int.c **** * Return:
 100:Generated_Source\PSoC5/ReadyToDrive_Int.c **** *   None
 101:Generated_Source\PSoC5/ReadyToDrive_Int.c **** *
 102:Generated_Source\PSoC5/ReadyToDrive_Int.c **** *******************************************************************************/
 103:Generated_Source\PSoC5/ReadyToDrive_Int.c **** void ReadyToDrive_Int_StartEx(cyisraddress address)
 104:Generated_Source\PSoC5/ReadyToDrive_Int.c **** {
 105:Generated_Source\PSoC5/ReadyToDrive_Int.c ****     /* For all we know the interrupt is active. */
 106:Generated_Source\PSoC5/ReadyToDrive_Int.c ****     ReadyToDrive_Int_Disable();
 107:Generated_Source\PSoC5/ReadyToDrive_Int.c **** 
 108:Generated_Source\PSoC5/ReadyToDrive_Int.c ****     /* Set the ISR to point to the ReadyToDrive_Int Interrupt. */
 109:Generated_Source\PSoC5/ReadyToDrive_Int.c ****     ReadyToDrive_Int_SetVector(address);
 110:Generated_Source\PSoC5/ReadyToDrive_Int.c **** 
 111:Generated_Source\PSoC5/ReadyToDrive_Int.c ****     /* Set the priority. */
 112:Generated_Source\PSoC5/ReadyToDrive_Int.c ****     ReadyToDrive_Int_SetPriority((uint8)ReadyToDrive_Int_INTC_PRIOR_NUMBER);
 113:Generated_Source\PSoC5/ReadyToDrive_Int.c **** 
 114:Generated_Source\PSoC5/ReadyToDrive_Int.c ****     /* Enable it. */
 115:Generated_Source\PSoC5/ReadyToDrive_Int.c ****     ReadyToDrive_Int_Enable();
 116:Generated_Source\PSoC5/ReadyToDrive_Int.c **** }
 117:Generated_Source\PSoC5/ReadyToDrive_Int.c **** 
 118:Generated_Source\PSoC5/ReadyToDrive_Int.c **** 
 119:Generated_Source\PSoC5/ReadyToDrive_Int.c **** /*******************************************************************************
 120:Generated_Source\PSoC5/ReadyToDrive_Int.c **** * Function Name: ReadyToDrive_Int_Stop
 121:Generated_Source\PSoC5/ReadyToDrive_Int.c **** ********************************************************************************
 122:Generated_Source\PSoC5/ReadyToDrive_Int.c **** *
 123:Generated_Source\PSoC5/ReadyToDrive_Int.c **** * Summary:
 124:Generated_Source\PSoC5/ReadyToDrive_Int.c **** *   Disables and removes the interrupt.
 125:Generated_Source\PSoC5/ReadyToDrive_Int.c **** *
 126:Generated_Source\PSoC5/ReadyToDrive_Int.c **** * Parameters:  
 127:Generated_Source\PSoC5/ReadyToDrive_Int.c **** *   None
 128:Generated_Source\PSoC5/ReadyToDrive_Int.c **** *
 129:Generated_Source\PSoC5/ReadyToDrive_Int.c **** * Return:
 130:Generated_Source\PSoC5/ReadyToDrive_Int.c **** *   None
 131:Generated_Source\PSoC5/ReadyToDrive_Int.c **** *
 132:Generated_Source\PSoC5/ReadyToDrive_Int.c **** *******************************************************************************/
 133:Generated_Source\PSoC5/ReadyToDrive_Int.c **** void ReadyToDrive_Int_Stop(void)
 134:Generated_Source\PSoC5/ReadyToDrive_Int.c **** {
 135:Generated_Source\PSoC5/ReadyToDrive_Int.c ****     /* Disable this interrupt. */
 136:Generated_Source\PSoC5/ReadyToDrive_Int.c ****     ReadyToDrive_Int_Disable();
 137:Generated_Source\PSoC5/ReadyToDrive_Int.c **** 
 138:Generated_Source\PSoC5/ReadyToDrive_Int.c ****     /* Set the ISR to point to the passive one. */
 139:Generated_Source\PSoC5/ReadyToDrive_Int.c ****     ReadyToDrive_Int_SetVector(&IntDefaultHandler);
 140:Generated_Source\PSoC5/ReadyToDrive_Int.c **** }
 141:Generated_Source\PSoC5/ReadyToDrive_Int.c **** 
 142:Generated_Source\PSoC5/ReadyToDrive_Int.c **** 
 143:Generated_Source\PSoC5/ReadyToDrive_Int.c **** /*******************************************************************************
 144:Generated_Source\PSoC5/ReadyToDrive_Int.c **** * Function Name: ReadyToDrive_Int_Interrupt
ARM GAS  C:\Users\leoja\AppData\Local\Temp\ccskq7NH.s 			page 4


 145:Generated_Source\PSoC5/ReadyToDrive_Int.c **** ********************************************************************************
 146:Generated_Source\PSoC5/ReadyToDrive_Int.c **** *
 147:Generated_Source\PSoC5/ReadyToDrive_Int.c **** * Summary:
 148:Generated_Source\PSoC5/ReadyToDrive_Int.c **** *   The default Interrupt Service Routine for ReadyToDrive_Int.
 149:Generated_Source\PSoC5/ReadyToDrive_Int.c **** *
 150:Generated_Source\PSoC5/ReadyToDrive_Int.c **** *   Add custom code between the coments to keep the next version of this file
 151:Generated_Source\PSoC5/ReadyToDrive_Int.c **** *   from over writting your code.
 152:Generated_Source\PSoC5/ReadyToDrive_Int.c **** *
 153:Generated_Source\PSoC5/ReadyToDrive_Int.c **** * Parameters:  
 154:Generated_Source\PSoC5/ReadyToDrive_Int.c **** *
 155:Generated_Source\PSoC5/ReadyToDrive_Int.c **** * Return:
 156:Generated_Source\PSoC5/ReadyToDrive_Int.c **** *   None
 157:Generated_Source\PSoC5/ReadyToDrive_Int.c **** *
 158:Generated_Source\PSoC5/ReadyToDrive_Int.c **** *******************************************************************************/
 159:Generated_Source\PSoC5/ReadyToDrive_Int.c **** CY_ISR(ReadyToDrive_Int_Interrupt)
 160:Generated_Source\PSoC5/ReadyToDrive_Int.c **** {
  28              		.loc 1 160 0
  29              		.cfi_startproc
  30              		@ args = 0, pretend = 0, frame = 0
  31              		@ frame_needed = 0, uses_anonymous_args = 0
  32 0000 08B5     		push	{r3, lr}
  33              		.cfi_def_cfa_offset 8
  34              		.cfi_offset 3, -8
  35              		.cfi_offset 14, -4
 161:Generated_Source\PSoC5/ReadyToDrive_Int.c ****     #ifdef ReadyToDrive_Int_INTERRUPT_INTERRUPT_CALLBACK
 162:Generated_Source\PSoC5/ReadyToDrive_Int.c ****         ReadyToDrive_Int_Interrupt_InterruptCallback();
 163:Generated_Source\PSoC5/ReadyToDrive_Int.c ****     #endif /* ReadyToDrive_Int_INTERRUPT_INTERRUPT_CALLBACK */ 
 164:Generated_Source\PSoC5/ReadyToDrive_Int.c **** 
 165:Generated_Source\PSoC5/ReadyToDrive_Int.c ****     /*  Place your Interrupt code here. */
 166:Generated_Source\PSoC5/ReadyToDrive_Int.c ****     /* `#START ReadyToDrive_Int_Interrupt` */
 167:Generated_Source\PSoC5/ReadyToDrive_Int.c ****     Buzzer_Write(0);
  36              		.loc 1 167 0
  37 0002 0020     		movs	r0, #0
  38 0004 FFF7FEFF 		bl	Buzzer_Write
  39              	.LVL0:
 168:Generated_Source\PSoC5/ReadyToDrive_Int.c ****     ReadyToDrive_Timer_Stop();
  40              		.loc 1 168 0
  41 0008 FFF7FEFF 		bl	ReadyToDrive_Timer_Stop
  42              	.LVL1:
  43 000c 08BD     		pop	{r3, pc}
  44              		.cfi_endproc
  45              	.LFE3:
  46              		.size	ReadyToDrive_Int_Interrupt, .-ReadyToDrive_Int_Interrupt
  47 000e 00BF     		.section	.text.ReadyToDrive_Int_SetVector,"ax",%progbits
  48              		.align	2
  49              		.global	ReadyToDrive_Int_SetVector
  50              		.thumb
  51              		.thumb_func
  52              		.type	ReadyToDrive_Int_SetVector, %function
  53              	ReadyToDrive_Int_SetVector:
  54              	.LFB4:
 169:Generated_Source\PSoC5/ReadyToDrive_Int.c ****     /* `#END` */
 170:Generated_Source\PSoC5/ReadyToDrive_Int.c **** }
 171:Generated_Source\PSoC5/ReadyToDrive_Int.c **** 
 172:Generated_Source\PSoC5/ReadyToDrive_Int.c **** 
 173:Generated_Source\PSoC5/ReadyToDrive_Int.c **** /*******************************************************************************
 174:Generated_Source\PSoC5/ReadyToDrive_Int.c **** * Function Name: ReadyToDrive_Int_SetVector
ARM GAS  C:\Users\leoja\AppData\Local\Temp\ccskq7NH.s 			page 5


 175:Generated_Source\PSoC5/ReadyToDrive_Int.c **** ********************************************************************************
 176:Generated_Source\PSoC5/ReadyToDrive_Int.c **** *
 177:Generated_Source\PSoC5/ReadyToDrive_Int.c **** * Summary:
 178:Generated_Source\PSoC5/ReadyToDrive_Int.c **** *   Change the ISR vector for the Interrupt. Note calling ReadyToDrive_Int_Start
 179:Generated_Source\PSoC5/ReadyToDrive_Int.c **** *   will override any effect this method would have had. To set the vector 
 180:Generated_Source\PSoC5/ReadyToDrive_Int.c **** *   before the component has been started use ReadyToDrive_Int_StartEx instead.
 181:Generated_Source\PSoC5/ReadyToDrive_Int.c **** * 
 182:Generated_Source\PSoC5/ReadyToDrive_Int.c **** *   When defining ISR functions, the CY_ISR and CY_ISR_PROTO macros should be 
 183:Generated_Source\PSoC5/ReadyToDrive_Int.c **** *   used to provide consistent definition across compilers:
 184:Generated_Source\PSoC5/ReadyToDrive_Int.c **** *
 185:Generated_Source\PSoC5/ReadyToDrive_Int.c **** *   Function definition example:
 186:Generated_Source\PSoC5/ReadyToDrive_Int.c **** *   CY_ISR(MyISR)
 187:Generated_Source\PSoC5/ReadyToDrive_Int.c **** *   {
 188:Generated_Source\PSoC5/ReadyToDrive_Int.c **** *   }
 189:Generated_Source\PSoC5/ReadyToDrive_Int.c **** *
 190:Generated_Source\PSoC5/ReadyToDrive_Int.c **** *   Function prototype example:
 191:Generated_Source\PSoC5/ReadyToDrive_Int.c **** *     CY_ISR_PROTO(MyISR);
 192:Generated_Source\PSoC5/ReadyToDrive_Int.c **** *
 193:Generated_Source\PSoC5/ReadyToDrive_Int.c **** * Parameters:
 194:Generated_Source\PSoC5/ReadyToDrive_Int.c **** *   address: Address of the ISR to set in the interrupt vector table.
 195:Generated_Source\PSoC5/ReadyToDrive_Int.c **** *
 196:Generated_Source\PSoC5/ReadyToDrive_Int.c **** * Return:
 197:Generated_Source\PSoC5/ReadyToDrive_Int.c **** *   None
 198:Generated_Source\PSoC5/ReadyToDrive_Int.c **** *
 199:Generated_Source\PSoC5/ReadyToDrive_Int.c **** *******************************************************************************/
 200:Generated_Source\PSoC5/ReadyToDrive_Int.c **** void ReadyToDrive_Int_SetVector(cyisraddress address)
 201:Generated_Source\PSoC5/ReadyToDrive_Int.c **** {
  55              		.loc 1 201 0
  56              		.cfi_startproc
  57              		@ args = 0, pretend = 0, frame = 0
  58              		@ frame_needed = 0, uses_anonymous_args = 0
  59              		@ link register save eliminated.
  60              	.LVL2:
 202:Generated_Source\PSoC5/ReadyToDrive_Int.c ****     cyisraddress * ramVectorTable;
 203:Generated_Source\PSoC5/ReadyToDrive_Int.c **** 
 204:Generated_Source\PSoC5/ReadyToDrive_Int.c ****     ramVectorTable = (cyisraddress *) *CYINT_VECT_TABLE;
  61              		.loc 1 204 0
  62 0000 014B     		ldr	r3, .L4
  63 0002 1B68     		ldr	r3, [r3]
  64              	.LVL3:
 205:Generated_Source\PSoC5/ReadyToDrive_Int.c **** 
 206:Generated_Source\PSoC5/ReadyToDrive_Int.c ****     ramVectorTable[CYINT_IRQ_BASE + (uint32)ReadyToDrive_Int__INTC_NUMBER] = address;
  65              		.loc 1 206 0
  66 0004 1864     		str	r0, [r3, #64]
  67 0006 7047     		bx	lr
  68              	.L5:
  69              		.align	2
  70              	.L4:
  71 0008 08ED00E0 		.word	-536810232
  72              		.cfi_endproc
  73              	.LFE4:
  74              		.size	ReadyToDrive_Int_SetVector, .-ReadyToDrive_Int_SetVector
  75              		.section	.text.ReadyToDrive_Int_GetVector,"ax",%progbits
  76              		.align	2
  77              		.global	ReadyToDrive_Int_GetVector
  78              		.thumb
  79              		.thumb_func
ARM GAS  C:\Users\leoja\AppData\Local\Temp\ccskq7NH.s 			page 6


  80              		.type	ReadyToDrive_Int_GetVector, %function
  81              	ReadyToDrive_Int_GetVector:
  82              	.LFB5:
 207:Generated_Source\PSoC5/ReadyToDrive_Int.c **** }
 208:Generated_Source\PSoC5/ReadyToDrive_Int.c **** 
 209:Generated_Source\PSoC5/ReadyToDrive_Int.c **** 
 210:Generated_Source\PSoC5/ReadyToDrive_Int.c **** /*******************************************************************************
 211:Generated_Source\PSoC5/ReadyToDrive_Int.c **** * Function Name: ReadyToDrive_Int_GetVector
 212:Generated_Source\PSoC5/ReadyToDrive_Int.c **** ********************************************************************************
 213:Generated_Source\PSoC5/ReadyToDrive_Int.c **** *
 214:Generated_Source\PSoC5/ReadyToDrive_Int.c **** * Summary:
 215:Generated_Source\PSoC5/ReadyToDrive_Int.c **** *   Gets the "address" of the current ISR vector for the Interrupt.
 216:Generated_Source\PSoC5/ReadyToDrive_Int.c **** *
 217:Generated_Source\PSoC5/ReadyToDrive_Int.c **** * Parameters:
 218:Generated_Source\PSoC5/ReadyToDrive_Int.c **** *   None
 219:Generated_Source\PSoC5/ReadyToDrive_Int.c **** *
 220:Generated_Source\PSoC5/ReadyToDrive_Int.c **** * Return:
 221:Generated_Source\PSoC5/ReadyToDrive_Int.c **** *   Address of the ISR in the interrupt vector table.
 222:Generated_Source\PSoC5/ReadyToDrive_Int.c **** *
 223:Generated_Source\PSoC5/ReadyToDrive_Int.c **** *******************************************************************************/
 224:Generated_Source\PSoC5/ReadyToDrive_Int.c **** cyisraddress ReadyToDrive_Int_GetVector(void)
 225:Generated_Source\PSoC5/ReadyToDrive_Int.c **** {
  83              		.loc 1 225 0
  84              		.cfi_startproc
  85              		@ args = 0, pretend = 0, frame = 0
  86              		@ frame_needed = 0, uses_anonymous_args = 0
  87              		@ link register save eliminated.
 226:Generated_Source\PSoC5/ReadyToDrive_Int.c ****     cyisraddress * ramVectorTable;
 227:Generated_Source\PSoC5/ReadyToDrive_Int.c **** 
 228:Generated_Source\PSoC5/ReadyToDrive_Int.c ****     ramVectorTable = (cyisraddress *) *CYINT_VECT_TABLE;
  88              		.loc 1 228 0
  89 0000 014B     		ldr	r3, .L7
  90 0002 1B68     		ldr	r3, [r3]
  91              	.LVL4:
 229:Generated_Source\PSoC5/ReadyToDrive_Int.c **** 
 230:Generated_Source\PSoC5/ReadyToDrive_Int.c ****     return ramVectorTable[CYINT_IRQ_BASE + (uint32)ReadyToDrive_Int__INTC_NUMBER];
 231:Generated_Source\PSoC5/ReadyToDrive_Int.c **** }
  92              		.loc 1 231 0
  93 0004 186C     		ldr	r0, [r3, #64]
  94 0006 7047     		bx	lr
  95              	.L8:
  96              		.align	2
  97              	.L7:
  98 0008 08ED00E0 		.word	-536810232
  99              		.cfi_endproc
 100              	.LFE5:
 101              		.size	ReadyToDrive_Int_GetVector, .-ReadyToDrive_Int_GetVector
 102              		.section	.text.ReadyToDrive_Int_SetPriority,"ax",%progbits
 103              		.align	2
 104              		.global	ReadyToDrive_Int_SetPriority
 105              		.thumb
 106              		.thumb_func
 107              		.type	ReadyToDrive_Int_SetPriority, %function
 108              	ReadyToDrive_Int_SetPriority:
 109              	.LFB6:
 232:Generated_Source\PSoC5/ReadyToDrive_Int.c **** 
 233:Generated_Source\PSoC5/ReadyToDrive_Int.c **** 
ARM GAS  C:\Users\leoja\AppData\Local\Temp\ccskq7NH.s 			page 7


 234:Generated_Source\PSoC5/ReadyToDrive_Int.c **** /*******************************************************************************
 235:Generated_Source\PSoC5/ReadyToDrive_Int.c **** * Function Name: ReadyToDrive_Int_SetPriority
 236:Generated_Source\PSoC5/ReadyToDrive_Int.c **** ********************************************************************************
 237:Generated_Source\PSoC5/ReadyToDrive_Int.c **** *
 238:Generated_Source\PSoC5/ReadyToDrive_Int.c **** * Summary:
 239:Generated_Source\PSoC5/ReadyToDrive_Int.c **** *   Sets the Priority of the Interrupt. 
 240:Generated_Source\PSoC5/ReadyToDrive_Int.c **** *
 241:Generated_Source\PSoC5/ReadyToDrive_Int.c **** *   Note calling ReadyToDrive_Int_Start or ReadyToDrive_Int_StartEx will 
 242:Generated_Source\PSoC5/ReadyToDrive_Int.c **** *   override any effect this API would have had. This API should only be called
 243:Generated_Source\PSoC5/ReadyToDrive_Int.c **** *   after ReadyToDrive_Int_Start or ReadyToDrive_Int_StartEx has been called. 
 244:Generated_Source\PSoC5/ReadyToDrive_Int.c **** *   To set the initial priority for the component, use the Design-Wide Resources
 245:Generated_Source\PSoC5/ReadyToDrive_Int.c **** *   Interrupt Editor.
 246:Generated_Source\PSoC5/ReadyToDrive_Int.c **** *
 247:Generated_Source\PSoC5/ReadyToDrive_Int.c **** *   Note This API has no effect on Non-maskable interrupt NMI).
 248:Generated_Source\PSoC5/ReadyToDrive_Int.c **** *
 249:Generated_Source\PSoC5/ReadyToDrive_Int.c **** * Parameters:
 250:Generated_Source\PSoC5/ReadyToDrive_Int.c **** *   priority: Priority of the interrupt, 0 being the highest priority
 251:Generated_Source\PSoC5/ReadyToDrive_Int.c **** *             PSoC 3 and PSoC 5LP: Priority is from 0 to 7.
 252:Generated_Source\PSoC5/ReadyToDrive_Int.c **** *             PSoC 4: Priority is from 0 to 3.
 253:Generated_Source\PSoC5/ReadyToDrive_Int.c **** *
 254:Generated_Source\PSoC5/ReadyToDrive_Int.c **** * Return:
 255:Generated_Source\PSoC5/ReadyToDrive_Int.c **** *   None
 256:Generated_Source\PSoC5/ReadyToDrive_Int.c **** *
 257:Generated_Source\PSoC5/ReadyToDrive_Int.c **** *******************************************************************************/
 258:Generated_Source\PSoC5/ReadyToDrive_Int.c **** void ReadyToDrive_Int_SetPriority(uint8 priority)
 259:Generated_Source\PSoC5/ReadyToDrive_Int.c **** {
 110              		.loc 1 259 0
 111              		.cfi_startproc
 112              		@ args = 0, pretend = 0, frame = 0
 113              		@ frame_needed = 0, uses_anonymous_args = 0
 114              		@ link register save eliminated.
 115              	.LVL5:
 260:Generated_Source\PSoC5/ReadyToDrive_Int.c ****     *ReadyToDrive_Int_INTC_PRIOR = priority << 5;
 116              		.loc 1 260 0
 117 0000 4001     		lsls	r0, r0, #5
 118              	.LVL6:
 119 0002 C0B2     		uxtb	r0, r0
 120 0004 014B     		ldr	r3, .L10
 121 0006 1870     		strb	r0, [r3]
 122 0008 7047     		bx	lr
 123              	.L11:
 124 000a 00BF     		.align	2
 125              	.L10:
 126 000c 00E400E0 		.word	-536812544
 127              		.cfi_endproc
 128              	.LFE6:
 129              		.size	ReadyToDrive_Int_SetPriority, .-ReadyToDrive_Int_SetPriority
 130              		.section	.text.ReadyToDrive_Int_GetPriority,"ax",%progbits
 131              		.align	2
 132              		.global	ReadyToDrive_Int_GetPriority
 133              		.thumb
 134              		.thumb_func
 135              		.type	ReadyToDrive_Int_GetPriority, %function
 136              	ReadyToDrive_Int_GetPriority:
 137              	.LFB7:
 261:Generated_Source\PSoC5/ReadyToDrive_Int.c **** }
 262:Generated_Source\PSoC5/ReadyToDrive_Int.c **** 
ARM GAS  C:\Users\leoja\AppData\Local\Temp\ccskq7NH.s 			page 8


 263:Generated_Source\PSoC5/ReadyToDrive_Int.c **** 
 264:Generated_Source\PSoC5/ReadyToDrive_Int.c **** /*******************************************************************************
 265:Generated_Source\PSoC5/ReadyToDrive_Int.c **** * Function Name: ReadyToDrive_Int_GetPriority
 266:Generated_Source\PSoC5/ReadyToDrive_Int.c **** ********************************************************************************
 267:Generated_Source\PSoC5/ReadyToDrive_Int.c **** *
 268:Generated_Source\PSoC5/ReadyToDrive_Int.c **** * Summary:
 269:Generated_Source\PSoC5/ReadyToDrive_Int.c **** *   Gets the Priority of the Interrupt.
 270:Generated_Source\PSoC5/ReadyToDrive_Int.c **** *
 271:Generated_Source\PSoC5/ReadyToDrive_Int.c **** * Parameters:
 272:Generated_Source\PSoC5/ReadyToDrive_Int.c **** *   None
 273:Generated_Source\PSoC5/ReadyToDrive_Int.c **** *
 274:Generated_Source\PSoC5/ReadyToDrive_Int.c **** * Return:
 275:Generated_Source\PSoC5/ReadyToDrive_Int.c **** *   Priority of the interrupt, 0 being the highest priority
 276:Generated_Source\PSoC5/ReadyToDrive_Int.c **** *    PSoC 3 and PSoC 5LP: Priority is from 0 to 7.
 277:Generated_Source\PSoC5/ReadyToDrive_Int.c **** *    PSoC 4: Priority is from 0 to 3.
 278:Generated_Source\PSoC5/ReadyToDrive_Int.c **** *
 279:Generated_Source\PSoC5/ReadyToDrive_Int.c **** *******************************************************************************/
 280:Generated_Source\PSoC5/ReadyToDrive_Int.c **** uint8 ReadyToDrive_Int_GetPriority(void)
 281:Generated_Source\PSoC5/ReadyToDrive_Int.c **** {
 138              		.loc 1 281 0
 139              		.cfi_startproc
 140              		@ args = 0, pretend = 0, frame = 0
 141              		@ frame_needed = 0, uses_anonymous_args = 0
 142              		@ link register save eliminated.
 282:Generated_Source\PSoC5/ReadyToDrive_Int.c ****     uint8 priority;
 283:Generated_Source\PSoC5/ReadyToDrive_Int.c **** 
 284:Generated_Source\PSoC5/ReadyToDrive_Int.c **** 
 285:Generated_Source\PSoC5/ReadyToDrive_Int.c ****     priority = *ReadyToDrive_Int_INTC_PRIOR >> 5;
 143              		.loc 1 285 0
 144 0000 014B     		ldr	r3, .L13
 145 0002 1878     		ldrb	r0, [r3]	@ zero_extendqisi2
 146              	.LVL7:
 286:Generated_Source\PSoC5/ReadyToDrive_Int.c **** 
 287:Generated_Source\PSoC5/ReadyToDrive_Int.c ****     return priority;
 288:Generated_Source\PSoC5/ReadyToDrive_Int.c **** }
 147              		.loc 1 288 0
 148 0004 4009     		lsrs	r0, r0, #5
 149              	.LVL8:
 150 0006 7047     		bx	lr
 151              	.L14:
 152              		.align	2
 153              	.L13:
 154 0008 00E400E0 		.word	-536812544
 155              		.cfi_endproc
 156              	.LFE7:
 157              		.size	ReadyToDrive_Int_GetPriority, .-ReadyToDrive_Int_GetPriority
 158              		.section	.text.ReadyToDrive_Int_Enable,"ax",%progbits
 159              		.align	2
 160              		.global	ReadyToDrive_Int_Enable
 161              		.thumb
 162              		.thumb_func
 163              		.type	ReadyToDrive_Int_Enable, %function
 164              	ReadyToDrive_Int_Enable:
 165              	.LFB8:
 289:Generated_Source\PSoC5/ReadyToDrive_Int.c **** 
 290:Generated_Source\PSoC5/ReadyToDrive_Int.c **** 
 291:Generated_Source\PSoC5/ReadyToDrive_Int.c **** /*******************************************************************************
ARM GAS  C:\Users\leoja\AppData\Local\Temp\ccskq7NH.s 			page 9


 292:Generated_Source\PSoC5/ReadyToDrive_Int.c **** * Function Name: ReadyToDrive_Int_Enable
 293:Generated_Source\PSoC5/ReadyToDrive_Int.c **** ********************************************************************************
 294:Generated_Source\PSoC5/ReadyToDrive_Int.c **** *
 295:Generated_Source\PSoC5/ReadyToDrive_Int.c **** * Summary:
 296:Generated_Source\PSoC5/ReadyToDrive_Int.c **** *   Enables the interrupt to the interrupt controller. Do not call this function
 297:Generated_Source\PSoC5/ReadyToDrive_Int.c **** *   unless ISR_Start() has been called or the functionality of the ISR_Start() 
 298:Generated_Source\PSoC5/ReadyToDrive_Int.c **** *   function, which sets the vector and the priority, has been called.
 299:Generated_Source\PSoC5/ReadyToDrive_Int.c **** *
 300:Generated_Source\PSoC5/ReadyToDrive_Int.c **** * Parameters:
 301:Generated_Source\PSoC5/ReadyToDrive_Int.c **** *   None
 302:Generated_Source\PSoC5/ReadyToDrive_Int.c **** *
 303:Generated_Source\PSoC5/ReadyToDrive_Int.c **** * Return:
 304:Generated_Source\PSoC5/ReadyToDrive_Int.c **** *   None
 305:Generated_Source\PSoC5/ReadyToDrive_Int.c **** *
 306:Generated_Source\PSoC5/ReadyToDrive_Int.c **** *******************************************************************************/
 307:Generated_Source\PSoC5/ReadyToDrive_Int.c **** void ReadyToDrive_Int_Enable(void)
 308:Generated_Source\PSoC5/ReadyToDrive_Int.c **** {
 166              		.loc 1 308 0
 167              		.cfi_startproc
 168              		@ args = 0, pretend = 0, frame = 0
 169              		@ frame_needed = 0, uses_anonymous_args = 0
 170              		@ link register save eliminated.
 309:Generated_Source\PSoC5/ReadyToDrive_Int.c ****     /* Enable the general interrupt. */
 310:Generated_Source\PSoC5/ReadyToDrive_Int.c ****     *ReadyToDrive_Int_INTC_SET_EN = ReadyToDrive_Int__INTC_MASK;
 171              		.loc 1 310 0
 172 0000 0122     		movs	r2, #1
 173 0002 014B     		ldr	r3, .L16
 174 0004 1A60     		str	r2, [r3]
 175 0006 7047     		bx	lr
 176              	.L17:
 177              		.align	2
 178              	.L16:
 179 0008 00E100E0 		.word	-536813312
 180              		.cfi_endproc
 181              	.LFE8:
 182              		.size	ReadyToDrive_Int_Enable, .-ReadyToDrive_Int_Enable
 183              		.section	.text.ReadyToDrive_Int_GetState,"ax",%progbits
 184              		.align	2
 185              		.global	ReadyToDrive_Int_GetState
 186              		.thumb
 187              		.thumb_func
 188              		.type	ReadyToDrive_Int_GetState, %function
 189              	ReadyToDrive_Int_GetState:
 190              	.LFB9:
 311:Generated_Source\PSoC5/ReadyToDrive_Int.c **** }
 312:Generated_Source\PSoC5/ReadyToDrive_Int.c **** 
 313:Generated_Source\PSoC5/ReadyToDrive_Int.c **** 
 314:Generated_Source\PSoC5/ReadyToDrive_Int.c **** /*******************************************************************************
 315:Generated_Source\PSoC5/ReadyToDrive_Int.c **** * Function Name: ReadyToDrive_Int_GetState
 316:Generated_Source\PSoC5/ReadyToDrive_Int.c **** ********************************************************************************
 317:Generated_Source\PSoC5/ReadyToDrive_Int.c **** *
 318:Generated_Source\PSoC5/ReadyToDrive_Int.c **** * Summary:
 319:Generated_Source\PSoC5/ReadyToDrive_Int.c **** *   Gets the state (enabled, disabled) of the Interrupt.
 320:Generated_Source\PSoC5/ReadyToDrive_Int.c **** *
 321:Generated_Source\PSoC5/ReadyToDrive_Int.c **** * Parameters:
 322:Generated_Source\PSoC5/ReadyToDrive_Int.c **** *   None
 323:Generated_Source\PSoC5/ReadyToDrive_Int.c **** *
ARM GAS  C:\Users\leoja\AppData\Local\Temp\ccskq7NH.s 			page 10


 324:Generated_Source\PSoC5/ReadyToDrive_Int.c **** * Return:
 325:Generated_Source\PSoC5/ReadyToDrive_Int.c **** *   1 if enabled, 0 if disabled.
 326:Generated_Source\PSoC5/ReadyToDrive_Int.c **** *
 327:Generated_Source\PSoC5/ReadyToDrive_Int.c **** *******************************************************************************/
 328:Generated_Source\PSoC5/ReadyToDrive_Int.c **** uint8 ReadyToDrive_Int_GetState(void)
 329:Generated_Source\PSoC5/ReadyToDrive_Int.c **** {
 191              		.loc 1 329 0
 192              		.cfi_startproc
 193              		@ args = 0, pretend = 0, frame = 0
 194              		@ frame_needed = 0, uses_anonymous_args = 0
 195              		@ link register save eliminated.
 330:Generated_Source\PSoC5/ReadyToDrive_Int.c ****     /* Get the state of the general interrupt. */
 331:Generated_Source\PSoC5/ReadyToDrive_Int.c ****     return ((*ReadyToDrive_Int_INTC_SET_EN & (uint32)ReadyToDrive_Int__INTC_MASK) != 0u) ? 1u:0u;
 196              		.loc 1 331 0
 197 0000 024B     		ldr	r3, .L19
 198 0002 1868     		ldr	r0, [r3]
 332:Generated_Source\PSoC5/ReadyToDrive_Int.c **** }
 199              		.loc 1 332 0
 200 0004 00F00100 		and	r0, r0, #1
 201 0008 7047     		bx	lr
 202              	.L20:
 203 000a 00BF     		.align	2
 204              	.L19:
 205 000c 00E100E0 		.word	-536813312
 206              		.cfi_endproc
 207              	.LFE9:
 208              		.size	ReadyToDrive_Int_GetState, .-ReadyToDrive_Int_GetState
 209              		.section	.text.ReadyToDrive_Int_Disable,"ax",%progbits
 210              		.align	2
 211              		.global	ReadyToDrive_Int_Disable
 212              		.thumb
 213              		.thumb_func
 214              		.type	ReadyToDrive_Int_Disable, %function
 215              	ReadyToDrive_Int_Disable:
 216              	.LFB10:
 333:Generated_Source\PSoC5/ReadyToDrive_Int.c **** 
 334:Generated_Source\PSoC5/ReadyToDrive_Int.c **** 
 335:Generated_Source\PSoC5/ReadyToDrive_Int.c **** /*******************************************************************************
 336:Generated_Source\PSoC5/ReadyToDrive_Int.c **** * Function Name: ReadyToDrive_Int_Disable
 337:Generated_Source\PSoC5/ReadyToDrive_Int.c **** ********************************************************************************
 338:Generated_Source\PSoC5/ReadyToDrive_Int.c **** *
 339:Generated_Source\PSoC5/ReadyToDrive_Int.c **** * Summary:
 340:Generated_Source\PSoC5/ReadyToDrive_Int.c **** *   Disables the Interrupt in the interrupt controller.
 341:Generated_Source\PSoC5/ReadyToDrive_Int.c **** *
 342:Generated_Source\PSoC5/ReadyToDrive_Int.c **** * Parameters:
 343:Generated_Source\PSoC5/ReadyToDrive_Int.c **** *   None
 344:Generated_Source\PSoC5/ReadyToDrive_Int.c **** *
 345:Generated_Source\PSoC5/ReadyToDrive_Int.c **** * Return:
 346:Generated_Source\PSoC5/ReadyToDrive_Int.c **** *   None
 347:Generated_Source\PSoC5/ReadyToDrive_Int.c **** *
 348:Generated_Source\PSoC5/ReadyToDrive_Int.c **** *******************************************************************************/
 349:Generated_Source\PSoC5/ReadyToDrive_Int.c **** void ReadyToDrive_Int_Disable(void)
 350:Generated_Source\PSoC5/ReadyToDrive_Int.c **** {
 217              		.loc 1 350 0
 218              		.cfi_startproc
 219              		@ args = 0, pretend = 0, frame = 0
 220              		@ frame_needed = 0, uses_anonymous_args = 0
ARM GAS  C:\Users\leoja\AppData\Local\Temp\ccskq7NH.s 			page 11


 221              		@ link register save eliminated.
 351:Generated_Source\PSoC5/ReadyToDrive_Int.c ****     /* Disable the general interrupt. */
 352:Generated_Source\PSoC5/ReadyToDrive_Int.c ****     *ReadyToDrive_Int_INTC_CLR_EN = ReadyToDrive_Int__INTC_MASK;
 222              		.loc 1 352 0
 223 0000 0122     		movs	r2, #1
 224 0002 014B     		ldr	r3, .L22
 225 0004 1A60     		str	r2, [r3]
 226 0006 7047     		bx	lr
 227              	.L23:
 228              		.align	2
 229              	.L22:
 230 0008 80E100E0 		.word	-536813184
 231              		.cfi_endproc
 232              	.LFE10:
 233              		.size	ReadyToDrive_Int_Disable, .-ReadyToDrive_Int_Disable
 234              		.section	.text.ReadyToDrive_Int_Start,"ax",%progbits
 235              		.align	2
 236              		.global	ReadyToDrive_Int_Start
 237              		.thumb
 238              		.thumb_func
 239              		.type	ReadyToDrive_Int_Start, %function
 240              	ReadyToDrive_Int_Start:
 241              	.LFB0:
  61:Generated_Source\PSoC5/ReadyToDrive_Int.c ****     /* For all we know the interrupt is active. */
 242              		.loc 1 61 0
 243              		.cfi_startproc
 244              		@ args = 0, pretend = 0, frame = 0
 245              		@ frame_needed = 0, uses_anonymous_args = 0
 246 0000 08B5     		push	{r3, lr}
 247              		.cfi_def_cfa_offset 8
 248              		.cfi_offset 3, -8
 249              		.cfi_offset 14, -4
  63:Generated_Source\PSoC5/ReadyToDrive_Int.c **** 
 250              		.loc 1 63 0
 251 0002 FFF7FEFF 		bl	ReadyToDrive_Int_Disable
 252              	.LVL9:
  66:Generated_Source\PSoC5/ReadyToDrive_Int.c **** 
 253              		.loc 1 66 0
 254 0006 0448     		ldr	r0, .L26
 255 0008 FFF7FEFF 		bl	ReadyToDrive_Int_SetVector
 256              	.LVL10:
  69:Generated_Source\PSoC5/ReadyToDrive_Int.c **** 
 257              		.loc 1 69 0
 258 000c 0720     		movs	r0, #7
 259 000e FFF7FEFF 		bl	ReadyToDrive_Int_SetPriority
 260              	.LVL11:
  72:Generated_Source\PSoC5/ReadyToDrive_Int.c **** }
 261              		.loc 1 72 0
 262 0012 FFF7FEFF 		bl	ReadyToDrive_Int_Enable
 263              	.LVL12:
 264 0016 08BD     		pop	{r3, pc}
 265              	.L27:
 266              		.align	2
 267              	.L26:
 268 0018 00000000 		.word	ReadyToDrive_Int_Interrupt
 269              		.cfi_endproc
 270              	.LFE0:
ARM GAS  C:\Users\leoja\AppData\Local\Temp\ccskq7NH.s 			page 12


 271              		.size	ReadyToDrive_Int_Start, .-ReadyToDrive_Int_Start
 272              		.section	.text.ReadyToDrive_Int_StartEx,"ax",%progbits
 273              		.align	2
 274              		.global	ReadyToDrive_Int_StartEx
 275              		.thumb
 276              		.thumb_func
 277              		.type	ReadyToDrive_Int_StartEx, %function
 278              	ReadyToDrive_Int_StartEx:
 279              	.LFB1:
 104:Generated_Source\PSoC5/ReadyToDrive_Int.c ****     /* For all we know the interrupt is active. */
 280              		.loc 1 104 0
 281              		.cfi_startproc
 282              		@ args = 0, pretend = 0, frame = 0
 283              		@ frame_needed = 0, uses_anonymous_args = 0
 284              	.LVL13:
 285 0000 10B5     		push	{r4, lr}
 286              		.cfi_def_cfa_offset 8
 287              		.cfi_offset 4, -8
 288              		.cfi_offset 14, -4
 289 0002 0446     		mov	r4, r0
 106:Generated_Source\PSoC5/ReadyToDrive_Int.c **** 
 290              		.loc 1 106 0
 291 0004 FFF7FEFF 		bl	ReadyToDrive_Int_Disable
 292              	.LVL14:
 109:Generated_Source\PSoC5/ReadyToDrive_Int.c **** 
 293              		.loc 1 109 0
 294 0008 2046     		mov	r0, r4
 295 000a FFF7FEFF 		bl	ReadyToDrive_Int_SetVector
 296              	.LVL15:
 112:Generated_Source\PSoC5/ReadyToDrive_Int.c **** 
 297              		.loc 1 112 0
 298 000e 0720     		movs	r0, #7
 299 0010 FFF7FEFF 		bl	ReadyToDrive_Int_SetPriority
 300              	.LVL16:
 115:Generated_Source\PSoC5/ReadyToDrive_Int.c **** }
 301              		.loc 1 115 0
 302 0014 FFF7FEFF 		bl	ReadyToDrive_Int_Enable
 303              	.LVL17:
 304 0018 10BD     		pop	{r4, pc}
 305              		.cfi_endproc
 306              	.LFE1:
 307              		.size	ReadyToDrive_Int_StartEx, .-ReadyToDrive_Int_StartEx
 308 001a 00BF     		.section	.text.ReadyToDrive_Int_Stop,"ax",%progbits
 309              		.align	2
 310              		.global	ReadyToDrive_Int_Stop
 311              		.thumb
 312              		.thumb_func
 313              		.type	ReadyToDrive_Int_Stop, %function
 314              	ReadyToDrive_Int_Stop:
 315              	.LFB2:
 134:Generated_Source\PSoC5/ReadyToDrive_Int.c ****     /* Disable this interrupt. */
 316              		.loc 1 134 0
 317              		.cfi_startproc
 318              		@ args = 0, pretend = 0, frame = 0
 319              		@ frame_needed = 0, uses_anonymous_args = 0
 320 0000 08B5     		push	{r3, lr}
 321              		.cfi_def_cfa_offset 8
ARM GAS  C:\Users\leoja\AppData\Local\Temp\ccskq7NH.s 			page 13


 322              		.cfi_offset 3, -8
 323              		.cfi_offset 14, -4
 136:Generated_Source\PSoC5/ReadyToDrive_Int.c **** 
 324              		.loc 1 136 0
 325 0002 FFF7FEFF 		bl	ReadyToDrive_Int_Disable
 326              	.LVL18:
 139:Generated_Source\PSoC5/ReadyToDrive_Int.c **** }
 327              		.loc 1 139 0
 328 0006 0248     		ldr	r0, .L32
 329 0008 FFF7FEFF 		bl	ReadyToDrive_Int_SetVector
 330              	.LVL19:
 331 000c 08BD     		pop	{r3, pc}
 332              	.L33:
 333 000e 00BF     		.align	2
 334              	.L32:
 335 0010 00000000 		.word	IntDefaultHandler
 336              		.cfi_endproc
 337              	.LFE2:
 338              		.size	ReadyToDrive_Int_Stop, .-ReadyToDrive_Int_Stop
 339              		.section	.text.ReadyToDrive_Int_SetPending,"ax",%progbits
 340              		.align	2
 341              		.global	ReadyToDrive_Int_SetPending
 342              		.thumb
 343              		.thumb_func
 344              		.type	ReadyToDrive_Int_SetPending, %function
 345              	ReadyToDrive_Int_SetPending:
 346              	.LFB11:
 353:Generated_Source\PSoC5/ReadyToDrive_Int.c **** }
 354:Generated_Source\PSoC5/ReadyToDrive_Int.c **** 
 355:Generated_Source\PSoC5/ReadyToDrive_Int.c **** 
 356:Generated_Source\PSoC5/ReadyToDrive_Int.c **** /*******************************************************************************
 357:Generated_Source\PSoC5/ReadyToDrive_Int.c **** * Function Name: ReadyToDrive_Int_SetPending
 358:Generated_Source\PSoC5/ReadyToDrive_Int.c **** ********************************************************************************
 359:Generated_Source\PSoC5/ReadyToDrive_Int.c **** *
 360:Generated_Source\PSoC5/ReadyToDrive_Int.c **** * Summary:
 361:Generated_Source\PSoC5/ReadyToDrive_Int.c **** *   Causes the Interrupt to enter the pending state, a software method of
 362:Generated_Source\PSoC5/ReadyToDrive_Int.c **** *   generating the interrupt.
 363:Generated_Source\PSoC5/ReadyToDrive_Int.c **** *
 364:Generated_Source\PSoC5/ReadyToDrive_Int.c **** * Parameters:
 365:Generated_Source\PSoC5/ReadyToDrive_Int.c **** *   None
 366:Generated_Source\PSoC5/ReadyToDrive_Int.c **** *
 367:Generated_Source\PSoC5/ReadyToDrive_Int.c **** * Return:
 368:Generated_Source\PSoC5/ReadyToDrive_Int.c **** *   None
 369:Generated_Source\PSoC5/ReadyToDrive_Int.c **** *
 370:Generated_Source\PSoC5/ReadyToDrive_Int.c **** * Side Effects:
 371:Generated_Source\PSoC5/ReadyToDrive_Int.c **** *   If interrupts are enabled and the interrupt is set up properly, the ISR is
 372:Generated_Source\PSoC5/ReadyToDrive_Int.c **** *   entered (depending on the priority of this interrupt and other pending 
 373:Generated_Source\PSoC5/ReadyToDrive_Int.c **** *   interrupts).
 374:Generated_Source\PSoC5/ReadyToDrive_Int.c **** *
 375:Generated_Source\PSoC5/ReadyToDrive_Int.c **** *******************************************************************************/
 376:Generated_Source\PSoC5/ReadyToDrive_Int.c **** void ReadyToDrive_Int_SetPending(void)
 377:Generated_Source\PSoC5/ReadyToDrive_Int.c **** {
 347              		.loc 1 377 0
 348              		.cfi_startproc
 349              		@ args = 0, pretend = 0, frame = 0
 350              		@ frame_needed = 0, uses_anonymous_args = 0
 351              		@ link register save eliminated.
ARM GAS  C:\Users\leoja\AppData\Local\Temp\ccskq7NH.s 			page 14


 378:Generated_Source\PSoC5/ReadyToDrive_Int.c ****     *ReadyToDrive_Int_INTC_SET_PD = ReadyToDrive_Int__INTC_MASK;
 352              		.loc 1 378 0
 353 0000 0122     		movs	r2, #1
 354 0002 014B     		ldr	r3, .L35
 355 0004 1A60     		str	r2, [r3]
 356 0006 7047     		bx	lr
 357              	.L36:
 358              		.align	2
 359              	.L35:
 360 0008 00E200E0 		.word	-536813056
 361              		.cfi_endproc
 362              	.LFE11:
 363              		.size	ReadyToDrive_Int_SetPending, .-ReadyToDrive_Int_SetPending
 364              		.section	.text.ReadyToDrive_Int_ClearPending,"ax",%progbits
 365              		.align	2
 366              		.global	ReadyToDrive_Int_ClearPending
 367              		.thumb
 368              		.thumb_func
 369              		.type	ReadyToDrive_Int_ClearPending, %function
 370              	ReadyToDrive_Int_ClearPending:
 371              	.LFB12:
 379:Generated_Source\PSoC5/ReadyToDrive_Int.c **** }
 380:Generated_Source\PSoC5/ReadyToDrive_Int.c **** 
 381:Generated_Source\PSoC5/ReadyToDrive_Int.c **** 
 382:Generated_Source\PSoC5/ReadyToDrive_Int.c **** /*******************************************************************************
 383:Generated_Source\PSoC5/ReadyToDrive_Int.c **** * Function Name: ReadyToDrive_Int_ClearPending
 384:Generated_Source\PSoC5/ReadyToDrive_Int.c **** ********************************************************************************
 385:Generated_Source\PSoC5/ReadyToDrive_Int.c **** *
 386:Generated_Source\PSoC5/ReadyToDrive_Int.c **** * Summary:
 387:Generated_Source\PSoC5/ReadyToDrive_Int.c **** *   Clears a pending interrupt in the interrupt controller.
 388:Generated_Source\PSoC5/ReadyToDrive_Int.c **** *
 389:Generated_Source\PSoC5/ReadyToDrive_Int.c **** *   Note Some interrupt sources are clear-on-read and require the block 
 390:Generated_Source\PSoC5/ReadyToDrive_Int.c **** *   interrupt/status register to be read/cleared with the appropriate block API 
 391:Generated_Source\PSoC5/ReadyToDrive_Int.c **** *   (GPIO, UART, and so on). Otherwise the ISR will continue to remain in 
 392:Generated_Source\PSoC5/ReadyToDrive_Int.c **** *   pending state even though the interrupt itself is cleared using this API.
 393:Generated_Source\PSoC5/ReadyToDrive_Int.c **** *
 394:Generated_Source\PSoC5/ReadyToDrive_Int.c **** * Parameters:
 395:Generated_Source\PSoC5/ReadyToDrive_Int.c **** *   None
 396:Generated_Source\PSoC5/ReadyToDrive_Int.c **** *
 397:Generated_Source\PSoC5/ReadyToDrive_Int.c **** * Return:
 398:Generated_Source\PSoC5/ReadyToDrive_Int.c **** *   None
 399:Generated_Source\PSoC5/ReadyToDrive_Int.c **** *
 400:Generated_Source\PSoC5/ReadyToDrive_Int.c **** *******************************************************************************/
 401:Generated_Source\PSoC5/ReadyToDrive_Int.c **** void ReadyToDrive_Int_ClearPending(void)
 402:Generated_Source\PSoC5/ReadyToDrive_Int.c **** {
 372              		.loc 1 402 0
 373              		.cfi_startproc
 374              		@ args = 0, pretend = 0, frame = 0
 375              		@ frame_needed = 0, uses_anonymous_args = 0
 376              		@ link register save eliminated.
 403:Generated_Source\PSoC5/ReadyToDrive_Int.c ****     *ReadyToDrive_Int_INTC_CLR_PD = ReadyToDrive_Int__INTC_MASK;
 377              		.loc 1 403 0
 378 0000 0122     		movs	r2, #1
 379 0002 014B     		ldr	r3, .L38
 380 0004 1A60     		str	r2, [r3]
 381 0006 7047     		bx	lr
 382              	.L39:
ARM GAS  C:\Users\leoja\AppData\Local\Temp\ccskq7NH.s 			page 15


 383              		.align	2
 384              	.L38:
 385 0008 80E200E0 		.word	-536812928
 386              		.cfi_endproc
 387              	.LFE12:
 388              		.size	ReadyToDrive_Int_ClearPending, .-ReadyToDrive_Int_ClearPending
 389              		.text
 390              	.Letext0:
 391              		.file 2 "Generated_Source\\PSoC5/cytypes.h"
 392              		.section	.debug_info,"",%progbits
 393              	.Ldebug_info0:
 394 0000 27030000 		.4byte	0x327
 395 0004 0400     		.2byte	0x4
 396 0006 00000000 		.4byte	.Ldebug_abbrev0
 397 000a 04       		.byte	0x4
 398 000b 01       		.uleb128 0x1
 399 000c 0B010000 		.4byte	.LASF36
 400 0010 0C       		.byte	0xc
 401 0011 E3010000 		.4byte	.LASF37
 402 0015 A6000000 		.4byte	.LASF38
 403 0019 00000000 		.4byte	.Ldebug_ranges0+0
 404 001d 00000000 		.4byte	0
 405 0021 00000000 		.4byte	.Ldebug_line0
 406 0025 02       		.uleb128 0x2
 407 0026 04       		.byte	0x4
 408 0027 05       		.byte	0x5
 409 0028 696E7400 		.ascii	"int\000"
 410 002c 03       		.uleb128 0x3
 411 002d 04       		.byte	0x4
 412 002e 07       		.byte	0x7
 413 002f 2B020000 		.4byte	.LASF0
 414 0033 03       		.uleb128 0x3
 415 0034 08       		.byte	0x8
 416 0035 05       		.byte	0x5
 417 0036 A0020000 		.4byte	.LASF1
 418 003a 03       		.uleb128 0x3
 419 003b 08       		.byte	0x8
 420 003c 04       		.byte	0x4
 421 003d 26030000 		.4byte	.LASF2
 422 0041 03       		.uleb128 0x3
 423 0042 01       		.byte	0x1
 424 0043 06       		.byte	0x6
 425 0044 4E030000 		.4byte	.LASF3
 426 0048 03       		.uleb128 0x3
 427 0049 01       		.byte	0x1
 428 004a 08       		.byte	0x8
 429 004b FD000000 		.4byte	.LASF4
 430 004f 03       		.uleb128 0x3
 431 0050 02       		.byte	0x2
 432 0051 05       		.byte	0x5
 433 0052 DD020000 		.4byte	.LASF5
 434 0056 03       		.uleb128 0x3
 435 0057 02       		.byte	0x2
 436 0058 07       		.byte	0x7
 437 0059 5F000000 		.4byte	.LASF6
 438 005d 03       		.uleb128 0x3
 439 005e 04       		.byte	0x4
ARM GAS  C:\Users\leoja\AppData\Local\Temp\ccskq7NH.s 			page 16


 440 005f 05       		.byte	0x5
 441 0060 1D030000 		.4byte	.LASF7
 442 0064 03       		.uleb128 0x3
 443 0065 04       		.byte	0x4
 444 0066 07       		.byte	0x7
 445 0067 9E010000 		.4byte	.LASF8
 446 006b 03       		.uleb128 0x3
 447 006c 08       		.byte	0x8
 448 006d 07       		.byte	0x7
 449 006e 40020000 		.4byte	.LASF9
 450 0072 03       		.uleb128 0x3
 451 0073 04       		.byte	0x4
 452 0074 07       		.byte	0x7
 453 0075 81020000 		.4byte	.LASF10
 454 0079 03       		.uleb128 0x3
 455 007a 01       		.byte	0x1
 456 007b 08       		.byte	0x8
 457 007c AE020000 		.4byte	.LASF11
 458 0080 04       		.uleb128 0x4
 459 0081 04       		.byte	0x4
 460 0082 86000000 		.4byte	0x86
 461 0086 05       		.uleb128 0x5
 462 0087 06       		.uleb128 0x6
 463 0088 B0010000 		.4byte	.LASF12
 464 008c 02       		.byte	0x2
 465 008d 3801     		.2byte	0x138
 466 008f 48000000 		.4byte	0x48
 467 0093 06       		.uleb128 0x6
 468 0094 0D020000 		.4byte	.LASF13
 469 0098 02       		.byte	0x2
 470 0099 3A01     		.2byte	0x13a
 471 009b 64000000 		.4byte	0x64
 472 009f 03       		.uleb128 0x3
 473 00a0 04       		.byte	0x4
 474 00a1 04       		.byte	0x4
 475 00a2 F7000000 		.4byte	.LASF14
 476 00a6 03       		.uleb128 0x3
 477 00a7 08       		.byte	0x8
 478 00a8 04       		.byte	0x4
 479 00a9 DC010000 		.4byte	.LASF15
 480 00ad 06       		.uleb128 0x6
 481 00ae 99010000 		.4byte	.LASF16
 482 00b2 02       		.byte	0x2
 483 00b3 E201     		.2byte	0x1e2
 484 00b5 B9000000 		.4byte	0xb9
 485 00b9 07       		.uleb128 0x7
 486 00ba 87000000 		.4byte	0x87
 487 00be 06       		.uleb128 0x6
 488 00bf 00000000 		.4byte	.LASF17
 489 00c3 02       		.byte	0x2
 490 00c4 E401     		.2byte	0x1e4
 491 00c6 CA000000 		.4byte	0xca
 492 00ca 07       		.uleb128 0x7
 493 00cb 93000000 		.4byte	0x93
 494 00cf 06       		.uleb128 0x6
 495 00d0 57020000 		.4byte	.LASF18
 496 00d4 02       		.byte	0x2
ARM GAS  C:\Users\leoja\AppData\Local\Temp\ccskq7NH.s 			page 17


 497 00d5 F401     		.2byte	0x1f4
 498 00d7 80000000 		.4byte	0x80
 499 00db 08       		.uleb128 0x8
 500 00dc 72000000 		.4byte	.LASF21
 501 00e0 01       		.byte	0x1
 502 00e1 9F       		.byte	0x9f
 503 00e2 00000000 		.4byte	.LFB3
 504 00e6 0E000000 		.4byte	.LFE3-.LFB3
 505 00ea 01       		.uleb128 0x1
 506 00eb 9C       		.byte	0x9c
 507 00ec 2F010000 		.4byte	0x12f
 508 00f0 09       		.uleb128 0x9
 509 00f1 1F000000 		.4byte	.LASF19
 510 00f5 01       		.byte	0x1
 511 00f6 A7       		.byte	0xa7
 512 00f7 25000000 		.4byte	0x25
 513 00fb 01010000 		.4byte	0x101
 514 00ff 0A       		.uleb128 0xa
 515 0100 00       		.byte	0
 516 0101 09       		.uleb128 0x9
 517 0102 2C000000 		.4byte	.LASF20
 518 0106 01       		.byte	0x1
 519 0107 A8       		.byte	0xa8
 520 0108 25000000 		.4byte	0x25
 521 010c 12010000 		.4byte	0x112
 522 0110 0A       		.uleb128 0xa
 523 0111 00       		.byte	0
 524 0112 0B       		.uleb128 0xb
 525 0113 08000000 		.4byte	.LVL0
 526 0117 14030000 		.4byte	0x314
 527 011b 25010000 		.4byte	0x125
 528 011f 0C       		.uleb128 0xc
 529 0120 01       		.uleb128 0x1
 530 0121 50       		.byte	0x50
 531 0122 01       		.uleb128 0x1
 532 0123 30       		.byte	0x30
 533 0124 00       		.byte	0
 534 0125 0D       		.uleb128 0xd
 535 0126 0C000000 		.4byte	.LVL1
 536 012a 1F030000 		.4byte	0x31f
 537 012e 00       		.byte	0
 538 012f 08       		.uleb128 0x8
 539 0130 C2020000 		.4byte	.LASF22
 540 0134 01       		.byte	0x1
 541 0135 C8       		.byte	0xc8
 542 0136 00000000 		.4byte	.LFB4
 543 013a 0C000000 		.4byte	.LFE4-.LFB4
 544 013e 01       		.uleb128 0x1
 545 013f 9C       		.byte	0x9c
 546 0140 5F010000 		.4byte	0x15f
 547 0144 0E       		.uleb128 0xe
 548 0145 38020000 		.4byte	.LASF25
 549 0149 01       		.byte	0x1
 550 014a C8       		.byte	0xc8
 551 014b CF000000 		.4byte	0xcf
 552 014f 01       		.uleb128 0x1
 553 0150 50       		.byte	0x50
ARM GAS  C:\Users\leoja\AppData\Local\Temp\ccskq7NH.s 			page 18


 554 0151 0F       		.uleb128 0xf
 555 0152 B3020000 		.4byte	.LASF23
 556 0156 01       		.byte	0x1
 557 0157 CA       		.byte	0xca
 558 0158 5F010000 		.4byte	0x15f
 559 015c 01       		.uleb128 0x1
 560 015d 53       		.byte	0x53
 561 015e 00       		.byte	0
 562 015f 04       		.uleb128 0x4
 563 0160 04       		.byte	0x4
 564 0161 CF000000 		.4byte	0xcf
 565 0165 10       		.uleb128 0x10
 566 0166 44000000 		.4byte	.LASF27
 567 016a 01       		.byte	0x1
 568 016b E0       		.byte	0xe0
 569 016c CF000000 		.4byte	0xcf
 570 0170 00000000 		.4byte	.LFB5
 571 0174 0C000000 		.4byte	.LFE5-.LFB5
 572 0178 01       		.uleb128 0x1
 573 0179 9C       		.byte	0x9c
 574 017a 8C010000 		.4byte	0x18c
 575 017e 0F       		.uleb128 0xf
 576 017f B3020000 		.4byte	.LASF23
 577 0183 01       		.byte	0x1
 578 0184 E2       		.byte	0xe2
 579 0185 5F010000 		.4byte	0x15f
 580 0189 01       		.uleb128 0x1
 581 018a 53       		.byte	0x53
 582 018b 00       		.byte	0
 583 018c 11       		.uleb128 0x11
 584 018d 64020000 		.4byte	.LASF24
 585 0191 01       		.byte	0x1
 586 0192 0201     		.2byte	0x102
 587 0194 00000000 		.4byte	.LFB6
 588 0198 10000000 		.4byte	.LFE6-.LFB6
 589 019c 01       		.uleb128 0x1
 590 019d 9C       		.byte	0x9c
 591 019e B3010000 		.4byte	0x1b3
 592 01a2 12       		.uleb128 0x12
 593 01a3 D3010000 		.4byte	.LASF26
 594 01a7 01       		.byte	0x1
 595 01a8 0201     		.2byte	0x102
 596 01aa 87000000 		.4byte	0x87
 597 01ae 00000000 		.4byte	.LLST0
 598 01b2 00       		.byte	0
 599 01b3 13       		.uleb128 0x13
 600 01b4 B6010000 		.4byte	.LASF28
 601 01b8 01       		.byte	0x1
 602 01b9 1801     		.2byte	0x118
 603 01bb 87000000 		.4byte	0x87
 604 01bf 00000000 		.4byte	.LFB7
 605 01c3 0C000000 		.4byte	.LFE7-.LFB7
 606 01c7 01       		.uleb128 0x1
 607 01c8 9C       		.byte	0x9c
 608 01c9 DE010000 		.4byte	0x1de
 609 01cd 14       		.uleb128 0x14
 610 01ce D3010000 		.4byte	.LASF26
ARM GAS  C:\Users\leoja\AppData\Local\Temp\ccskq7NH.s 			page 19


 611 01d2 01       		.byte	0x1
 612 01d3 1A01     		.2byte	0x11a
 613 01d5 87000000 		.4byte	0x87
 614 01d9 21000000 		.4byte	.LLST1
 615 01dd 00       		.byte	0
 616 01de 15       		.uleb128 0x15
 617 01df 05030000 		.4byte	.LASF29
 618 01e3 01       		.byte	0x1
 619 01e4 3301     		.2byte	0x133
 620 01e6 00000000 		.4byte	.LFB8
 621 01ea 0C000000 		.4byte	.LFE8-.LFB8
 622 01ee 01       		.uleb128 0x1
 623 01ef 9C       		.byte	0x9c
 624 01f0 16       		.uleb128 0x16
 625 01f1 5A030000 		.4byte	.LASF39
 626 01f5 01       		.byte	0x1
 627 01f6 4801     		.2byte	0x148
 628 01f8 87000000 		.4byte	0x87
 629 01fc 00000000 		.4byte	.LFB9
 630 0200 10000000 		.4byte	.LFE9-.LFB9
 631 0204 01       		.uleb128 0x1
 632 0205 9C       		.byte	0x9c
 633 0206 15       		.uleb128 0x15
 634 0207 8D000000 		.4byte	.LASF30
 635 020b 01       		.byte	0x1
 636 020c 5D01     		.2byte	0x15d
 637 020e 00000000 		.4byte	.LFB10
 638 0212 0C000000 		.4byte	.LFE10-.LFB10
 639 0216 01       		.uleb128 0x1
 640 0217 9C       		.byte	0x9c
 641 0218 08       		.uleb128 0x8
 642 0219 14020000 		.4byte	.LASF31
 643 021d 01       		.byte	0x1
 644 021e 3C       		.byte	0x3c
 645 021f 00000000 		.4byte	.LFB0
 646 0223 1C000000 		.4byte	.LFE0-.LFB0
 647 0227 01       		.uleb128 0x1
 648 0228 9C       		.byte	0x9c
 649 0229 6A020000 		.4byte	0x26a
 650 022d 0D       		.uleb128 0xd
 651 022e 06000000 		.4byte	.LVL9
 652 0232 06020000 		.4byte	0x206
 653 0236 0B       		.uleb128 0xb
 654 0237 0C000000 		.4byte	.LVL10
 655 023b 2F010000 		.4byte	0x12f
 656 023f 4D020000 		.4byte	0x24d
 657 0243 0C       		.uleb128 0xc
 658 0244 01       		.uleb128 0x1
 659 0245 50       		.byte	0x50
 660 0246 05       		.uleb128 0x5
 661 0247 03       		.byte	0x3
 662 0248 00000000 		.4byte	ReadyToDrive_Int_Interrupt
 663 024c 00       		.byte	0
 664 024d 0B       		.uleb128 0xb
 665 024e 12000000 		.4byte	.LVL11
 666 0252 8C010000 		.4byte	0x18c
 667 0256 60020000 		.4byte	0x260
ARM GAS  C:\Users\leoja\AppData\Local\Temp\ccskq7NH.s 			page 20


 668 025a 0C       		.uleb128 0xc
 669 025b 01       		.uleb128 0x1
 670 025c 50       		.byte	0x50
 671 025d 01       		.uleb128 0x1
 672 025e 37       		.byte	0x37
 673 025f 00       		.byte	0
 674 0260 0D       		.uleb128 0xd
 675 0261 16000000 		.4byte	.LVL12
 676 0265 DE010000 		.4byte	0x1de
 677 0269 00       		.byte	0
 678 026a 08       		.uleb128 0x8
 679 026b 06000000 		.4byte	.LASF32
 680 026f 01       		.byte	0x1
 681 0270 67       		.byte	0x67
 682 0271 00000000 		.4byte	.LFB1
 683 0275 1A000000 		.4byte	.LFE1-.LFB1
 684 0279 01       		.uleb128 0x1
 685 027a 9C       		.byte	0x9c
 686 027b C8020000 		.4byte	0x2c8
 687 027f 17       		.uleb128 0x17
 688 0280 38020000 		.4byte	.LASF25
 689 0284 01       		.byte	0x1
 690 0285 67       		.byte	0x67
 691 0286 CF000000 		.4byte	0xcf
 692 028a 38000000 		.4byte	.LLST2
 693 028e 0D       		.uleb128 0xd
 694 028f 08000000 		.4byte	.LVL14
 695 0293 06020000 		.4byte	0x206
 696 0297 0B       		.uleb128 0xb
 697 0298 0E000000 		.4byte	.LVL15
 698 029c 2F010000 		.4byte	0x12f
 699 02a0 AB020000 		.4byte	0x2ab
 700 02a4 0C       		.uleb128 0xc
 701 02a5 01       		.uleb128 0x1
 702 02a6 50       		.byte	0x50
 703 02a7 02       		.uleb128 0x2
 704 02a8 74       		.byte	0x74
 705 02a9 00       		.sleb128 0
 706 02aa 00       		.byte	0
 707 02ab 0B       		.uleb128 0xb
 708 02ac 14000000 		.4byte	.LVL16
 709 02b0 8C010000 		.4byte	0x18c
 710 02b4 BE020000 		.4byte	0x2be
 711 02b8 0C       		.uleb128 0xc
 712 02b9 01       		.uleb128 0x1
 713 02ba 50       		.byte	0x50
 714 02bb 01       		.uleb128 0x1
 715 02bc 37       		.byte	0x37
 716 02bd 00       		.byte	0
 717 02be 0D       		.uleb128 0xd
 718 02bf 18000000 		.4byte	.LVL17
 719 02c3 DE010000 		.4byte	0x1de
 720 02c7 00       		.byte	0
 721 02c8 08       		.uleb128 0x8
 722 02c9 8A020000 		.4byte	.LASF33
 723 02cd 01       		.byte	0x1
 724 02ce 85       		.byte	0x85
ARM GAS  C:\Users\leoja\AppData\Local\Temp\ccskq7NH.s 			page 21


 725 02cf 00000000 		.4byte	.LFB2
 726 02d3 14000000 		.4byte	.LFE2-.LFB2
 727 02d7 01       		.uleb128 0x1
 728 02d8 9C       		.byte	0x9c
 729 02d9 F0020000 		.4byte	0x2f0
 730 02dd 0D       		.uleb128 0xd
 731 02de 06000000 		.4byte	.LVL18
 732 02e2 06020000 		.4byte	0x206
 733 02e6 0D       		.uleb128 0xd
 734 02e7 0C000000 		.4byte	.LVL19
 735 02eb 2F010000 		.4byte	0x12f
 736 02ef 00       		.byte	0
 737 02f0 15       		.uleb128 0x15
 738 02f1 32030000 		.4byte	.LASF34
 739 02f5 01       		.byte	0x1
 740 02f6 7801     		.2byte	0x178
 741 02f8 00000000 		.4byte	.LFB11
 742 02fc 0C000000 		.4byte	.LFE11-.LFB11
 743 0300 01       		.uleb128 0x1
 744 0301 9C       		.byte	0x9c
 745 0302 15       		.uleb128 0x15
 746 0303 E7020000 		.4byte	.LASF35
 747 0307 01       		.byte	0x1
 748 0308 9101     		.2byte	0x191
 749 030a 00000000 		.4byte	.LFB12
 750 030e 0C000000 		.4byte	.LFE12-.LFB12
 751 0312 01       		.uleb128 0x1
 752 0313 9C       		.byte	0x9c
 753 0314 18       		.uleb128 0x18
 754 0315 1F000000 		.4byte	.LASF19
 755 0319 1F000000 		.4byte	.LASF19
 756 031d 01       		.byte	0x1
 757 031e A7       		.byte	0xa7
 758 031f 18       		.uleb128 0x18
 759 0320 2C000000 		.4byte	.LASF20
 760 0324 2C000000 		.4byte	.LASF20
 761 0328 01       		.byte	0x1
 762 0329 A8       		.byte	0xa8
 763 032a 00       		.byte	0
 764              		.section	.debug_abbrev,"",%progbits
 765              	.Ldebug_abbrev0:
 766 0000 01       		.uleb128 0x1
 767 0001 11       		.uleb128 0x11
 768 0002 01       		.byte	0x1
 769 0003 25       		.uleb128 0x25
 770 0004 0E       		.uleb128 0xe
 771 0005 13       		.uleb128 0x13
 772 0006 0B       		.uleb128 0xb
 773 0007 03       		.uleb128 0x3
 774 0008 0E       		.uleb128 0xe
 775 0009 1B       		.uleb128 0x1b
 776 000a 0E       		.uleb128 0xe
 777 000b 55       		.uleb128 0x55
 778 000c 17       		.uleb128 0x17
 779 000d 11       		.uleb128 0x11
 780 000e 01       		.uleb128 0x1
 781 000f 10       		.uleb128 0x10
ARM GAS  C:\Users\leoja\AppData\Local\Temp\ccskq7NH.s 			page 22


 782 0010 17       		.uleb128 0x17
 783 0011 00       		.byte	0
 784 0012 00       		.byte	0
 785 0013 02       		.uleb128 0x2
 786 0014 24       		.uleb128 0x24
 787 0015 00       		.byte	0
 788 0016 0B       		.uleb128 0xb
 789 0017 0B       		.uleb128 0xb
 790 0018 3E       		.uleb128 0x3e
 791 0019 0B       		.uleb128 0xb
 792 001a 03       		.uleb128 0x3
 793 001b 08       		.uleb128 0x8
 794 001c 00       		.byte	0
 795 001d 00       		.byte	0
 796 001e 03       		.uleb128 0x3
 797 001f 24       		.uleb128 0x24
 798 0020 00       		.byte	0
 799 0021 0B       		.uleb128 0xb
 800 0022 0B       		.uleb128 0xb
 801 0023 3E       		.uleb128 0x3e
 802 0024 0B       		.uleb128 0xb
 803 0025 03       		.uleb128 0x3
 804 0026 0E       		.uleb128 0xe
 805 0027 00       		.byte	0
 806 0028 00       		.byte	0
 807 0029 04       		.uleb128 0x4
 808 002a 0F       		.uleb128 0xf
 809 002b 00       		.byte	0
 810 002c 0B       		.uleb128 0xb
 811 002d 0B       		.uleb128 0xb
 812 002e 49       		.uleb128 0x49
 813 002f 13       		.uleb128 0x13
 814 0030 00       		.byte	0
 815 0031 00       		.byte	0
 816 0032 05       		.uleb128 0x5
 817 0033 15       		.uleb128 0x15
 818 0034 00       		.byte	0
 819 0035 27       		.uleb128 0x27
 820 0036 19       		.uleb128 0x19
 821 0037 00       		.byte	0
 822 0038 00       		.byte	0
 823 0039 06       		.uleb128 0x6
 824 003a 16       		.uleb128 0x16
 825 003b 00       		.byte	0
 826 003c 03       		.uleb128 0x3
 827 003d 0E       		.uleb128 0xe
 828 003e 3A       		.uleb128 0x3a
 829 003f 0B       		.uleb128 0xb
 830 0040 3B       		.uleb128 0x3b
 831 0041 05       		.uleb128 0x5
 832 0042 49       		.uleb128 0x49
 833 0043 13       		.uleb128 0x13
 834 0044 00       		.byte	0
 835 0045 00       		.byte	0
 836 0046 07       		.uleb128 0x7
 837 0047 35       		.uleb128 0x35
 838 0048 00       		.byte	0
ARM GAS  C:\Users\leoja\AppData\Local\Temp\ccskq7NH.s 			page 23


 839 0049 49       		.uleb128 0x49
 840 004a 13       		.uleb128 0x13
 841 004b 00       		.byte	0
 842 004c 00       		.byte	0
 843 004d 08       		.uleb128 0x8
 844 004e 2E       		.uleb128 0x2e
 845 004f 01       		.byte	0x1
 846 0050 3F       		.uleb128 0x3f
 847 0051 19       		.uleb128 0x19
 848 0052 03       		.uleb128 0x3
 849 0053 0E       		.uleb128 0xe
 850 0054 3A       		.uleb128 0x3a
 851 0055 0B       		.uleb128 0xb
 852 0056 3B       		.uleb128 0x3b
 853 0057 0B       		.uleb128 0xb
 854 0058 27       		.uleb128 0x27
 855 0059 19       		.uleb128 0x19
 856 005a 11       		.uleb128 0x11
 857 005b 01       		.uleb128 0x1
 858 005c 12       		.uleb128 0x12
 859 005d 06       		.uleb128 0x6
 860 005e 40       		.uleb128 0x40
 861 005f 18       		.uleb128 0x18
 862 0060 9742     		.uleb128 0x2117
 863 0062 19       		.uleb128 0x19
 864 0063 01       		.uleb128 0x1
 865 0064 13       		.uleb128 0x13
 866 0065 00       		.byte	0
 867 0066 00       		.byte	0
 868 0067 09       		.uleb128 0x9
 869 0068 2E       		.uleb128 0x2e
 870 0069 01       		.byte	0x1
 871 006a 3F       		.uleb128 0x3f
 872 006b 19       		.uleb128 0x19
 873 006c 03       		.uleb128 0x3
 874 006d 0E       		.uleb128 0xe
 875 006e 3A       		.uleb128 0x3a
 876 006f 0B       		.uleb128 0xb
 877 0070 3B       		.uleb128 0x3b
 878 0071 0B       		.uleb128 0xb
 879 0072 49       		.uleb128 0x49
 880 0073 13       		.uleb128 0x13
 881 0074 3C       		.uleb128 0x3c
 882 0075 19       		.uleb128 0x19
 883 0076 01       		.uleb128 0x1
 884 0077 13       		.uleb128 0x13
 885 0078 00       		.byte	0
 886 0079 00       		.byte	0
 887 007a 0A       		.uleb128 0xa
 888 007b 18       		.uleb128 0x18
 889 007c 00       		.byte	0
 890 007d 00       		.byte	0
 891 007e 00       		.byte	0
 892 007f 0B       		.uleb128 0xb
 893 0080 898201   		.uleb128 0x4109
 894 0083 01       		.byte	0x1
 895 0084 11       		.uleb128 0x11
ARM GAS  C:\Users\leoja\AppData\Local\Temp\ccskq7NH.s 			page 24


 896 0085 01       		.uleb128 0x1
 897 0086 31       		.uleb128 0x31
 898 0087 13       		.uleb128 0x13
 899 0088 01       		.uleb128 0x1
 900 0089 13       		.uleb128 0x13
 901 008a 00       		.byte	0
 902 008b 00       		.byte	0
 903 008c 0C       		.uleb128 0xc
 904 008d 8A8201   		.uleb128 0x410a
 905 0090 00       		.byte	0
 906 0091 02       		.uleb128 0x2
 907 0092 18       		.uleb128 0x18
 908 0093 9142     		.uleb128 0x2111
 909 0095 18       		.uleb128 0x18
 910 0096 00       		.byte	0
 911 0097 00       		.byte	0
 912 0098 0D       		.uleb128 0xd
 913 0099 898201   		.uleb128 0x4109
 914 009c 00       		.byte	0
 915 009d 11       		.uleb128 0x11
 916 009e 01       		.uleb128 0x1
 917 009f 31       		.uleb128 0x31
 918 00a0 13       		.uleb128 0x13
 919 00a1 00       		.byte	0
 920 00a2 00       		.byte	0
 921 00a3 0E       		.uleb128 0xe
 922 00a4 05       		.uleb128 0x5
 923 00a5 00       		.byte	0
 924 00a6 03       		.uleb128 0x3
 925 00a7 0E       		.uleb128 0xe
 926 00a8 3A       		.uleb128 0x3a
 927 00a9 0B       		.uleb128 0xb
 928 00aa 3B       		.uleb128 0x3b
 929 00ab 0B       		.uleb128 0xb
 930 00ac 49       		.uleb128 0x49
 931 00ad 13       		.uleb128 0x13
 932 00ae 02       		.uleb128 0x2
 933 00af 18       		.uleb128 0x18
 934 00b0 00       		.byte	0
 935 00b1 00       		.byte	0
 936 00b2 0F       		.uleb128 0xf
 937 00b3 34       		.uleb128 0x34
 938 00b4 00       		.byte	0
 939 00b5 03       		.uleb128 0x3
 940 00b6 0E       		.uleb128 0xe
 941 00b7 3A       		.uleb128 0x3a
 942 00b8 0B       		.uleb128 0xb
 943 00b9 3B       		.uleb128 0x3b
 944 00ba 0B       		.uleb128 0xb
 945 00bb 49       		.uleb128 0x49
 946 00bc 13       		.uleb128 0x13
 947 00bd 02       		.uleb128 0x2
 948 00be 18       		.uleb128 0x18
 949 00bf 00       		.byte	0
 950 00c0 00       		.byte	0
 951 00c1 10       		.uleb128 0x10
 952 00c2 2E       		.uleb128 0x2e
ARM GAS  C:\Users\leoja\AppData\Local\Temp\ccskq7NH.s 			page 25


 953 00c3 01       		.byte	0x1
 954 00c4 3F       		.uleb128 0x3f
 955 00c5 19       		.uleb128 0x19
 956 00c6 03       		.uleb128 0x3
 957 00c7 0E       		.uleb128 0xe
 958 00c8 3A       		.uleb128 0x3a
 959 00c9 0B       		.uleb128 0xb
 960 00ca 3B       		.uleb128 0x3b
 961 00cb 0B       		.uleb128 0xb
 962 00cc 27       		.uleb128 0x27
 963 00cd 19       		.uleb128 0x19
 964 00ce 49       		.uleb128 0x49
 965 00cf 13       		.uleb128 0x13
 966 00d0 11       		.uleb128 0x11
 967 00d1 01       		.uleb128 0x1
 968 00d2 12       		.uleb128 0x12
 969 00d3 06       		.uleb128 0x6
 970 00d4 40       		.uleb128 0x40
 971 00d5 18       		.uleb128 0x18
 972 00d6 9742     		.uleb128 0x2117
 973 00d8 19       		.uleb128 0x19
 974 00d9 01       		.uleb128 0x1
 975 00da 13       		.uleb128 0x13
 976 00db 00       		.byte	0
 977 00dc 00       		.byte	0
 978 00dd 11       		.uleb128 0x11
 979 00de 2E       		.uleb128 0x2e
 980 00df 01       		.byte	0x1
 981 00e0 3F       		.uleb128 0x3f
 982 00e1 19       		.uleb128 0x19
 983 00e2 03       		.uleb128 0x3
 984 00e3 0E       		.uleb128 0xe
 985 00e4 3A       		.uleb128 0x3a
 986 00e5 0B       		.uleb128 0xb
 987 00e6 3B       		.uleb128 0x3b
 988 00e7 05       		.uleb128 0x5
 989 00e8 27       		.uleb128 0x27
 990 00e9 19       		.uleb128 0x19
 991 00ea 11       		.uleb128 0x11
 992 00eb 01       		.uleb128 0x1
 993 00ec 12       		.uleb128 0x12
 994 00ed 06       		.uleb128 0x6
 995 00ee 40       		.uleb128 0x40
 996 00ef 18       		.uleb128 0x18
 997 00f0 9742     		.uleb128 0x2117
 998 00f2 19       		.uleb128 0x19
 999 00f3 01       		.uleb128 0x1
 1000 00f4 13       		.uleb128 0x13
 1001 00f5 00       		.byte	0
 1002 00f6 00       		.byte	0
 1003 00f7 12       		.uleb128 0x12
 1004 00f8 05       		.uleb128 0x5
 1005 00f9 00       		.byte	0
 1006 00fa 03       		.uleb128 0x3
 1007 00fb 0E       		.uleb128 0xe
 1008 00fc 3A       		.uleb128 0x3a
 1009 00fd 0B       		.uleb128 0xb
ARM GAS  C:\Users\leoja\AppData\Local\Temp\ccskq7NH.s 			page 26


 1010 00fe 3B       		.uleb128 0x3b
 1011 00ff 05       		.uleb128 0x5
 1012 0100 49       		.uleb128 0x49
 1013 0101 13       		.uleb128 0x13
 1014 0102 02       		.uleb128 0x2
 1015 0103 17       		.uleb128 0x17
 1016 0104 00       		.byte	0
 1017 0105 00       		.byte	0
 1018 0106 13       		.uleb128 0x13
 1019 0107 2E       		.uleb128 0x2e
 1020 0108 01       		.byte	0x1
 1021 0109 3F       		.uleb128 0x3f
 1022 010a 19       		.uleb128 0x19
 1023 010b 03       		.uleb128 0x3
 1024 010c 0E       		.uleb128 0xe
 1025 010d 3A       		.uleb128 0x3a
 1026 010e 0B       		.uleb128 0xb
 1027 010f 3B       		.uleb128 0x3b
 1028 0110 05       		.uleb128 0x5
 1029 0111 27       		.uleb128 0x27
 1030 0112 19       		.uleb128 0x19
 1031 0113 49       		.uleb128 0x49
 1032 0114 13       		.uleb128 0x13
 1033 0115 11       		.uleb128 0x11
 1034 0116 01       		.uleb128 0x1
 1035 0117 12       		.uleb128 0x12
 1036 0118 06       		.uleb128 0x6
 1037 0119 40       		.uleb128 0x40
 1038 011a 18       		.uleb128 0x18
 1039 011b 9742     		.uleb128 0x2117
 1040 011d 19       		.uleb128 0x19
 1041 011e 01       		.uleb128 0x1
 1042 011f 13       		.uleb128 0x13
 1043 0120 00       		.byte	0
 1044 0121 00       		.byte	0
 1045 0122 14       		.uleb128 0x14
 1046 0123 34       		.uleb128 0x34
 1047 0124 00       		.byte	0
 1048 0125 03       		.uleb128 0x3
 1049 0126 0E       		.uleb128 0xe
 1050 0127 3A       		.uleb128 0x3a
 1051 0128 0B       		.uleb128 0xb
 1052 0129 3B       		.uleb128 0x3b
 1053 012a 05       		.uleb128 0x5
 1054 012b 49       		.uleb128 0x49
 1055 012c 13       		.uleb128 0x13
 1056 012d 02       		.uleb128 0x2
 1057 012e 17       		.uleb128 0x17
 1058 012f 00       		.byte	0
 1059 0130 00       		.byte	0
 1060 0131 15       		.uleb128 0x15
 1061 0132 2E       		.uleb128 0x2e
 1062 0133 00       		.byte	0
 1063 0134 3F       		.uleb128 0x3f
 1064 0135 19       		.uleb128 0x19
 1065 0136 03       		.uleb128 0x3
 1066 0137 0E       		.uleb128 0xe
ARM GAS  C:\Users\leoja\AppData\Local\Temp\ccskq7NH.s 			page 27


 1067 0138 3A       		.uleb128 0x3a
 1068 0139 0B       		.uleb128 0xb
 1069 013a 3B       		.uleb128 0x3b
 1070 013b 05       		.uleb128 0x5
 1071 013c 27       		.uleb128 0x27
 1072 013d 19       		.uleb128 0x19
 1073 013e 11       		.uleb128 0x11
 1074 013f 01       		.uleb128 0x1
 1075 0140 12       		.uleb128 0x12
 1076 0141 06       		.uleb128 0x6
 1077 0142 40       		.uleb128 0x40
 1078 0143 18       		.uleb128 0x18
 1079 0144 9742     		.uleb128 0x2117
 1080 0146 19       		.uleb128 0x19
 1081 0147 00       		.byte	0
 1082 0148 00       		.byte	0
 1083 0149 16       		.uleb128 0x16
 1084 014a 2E       		.uleb128 0x2e
 1085 014b 00       		.byte	0
 1086 014c 3F       		.uleb128 0x3f
 1087 014d 19       		.uleb128 0x19
 1088 014e 03       		.uleb128 0x3
 1089 014f 0E       		.uleb128 0xe
 1090 0150 3A       		.uleb128 0x3a
 1091 0151 0B       		.uleb128 0xb
 1092 0152 3B       		.uleb128 0x3b
 1093 0153 05       		.uleb128 0x5
 1094 0154 27       		.uleb128 0x27
 1095 0155 19       		.uleb128 0x19
 1096 0156 49       		.uleb128 0x49
 1097 0157 13       		.uleb128 0x13
 1098 0158 11       		.uleb128 0x11
 1099 0159 01       		.uleb128 0x1
 1100 015a 12       		.uleb128 0x12
 1101 015b 06       		.uleb128 0x6
 1102 015c 40       		.uleb128 0x40
 1103 015d 18       		.uleb128 0x18
 1104 015e 9742     		.uleb128 0x2117
 1105 0160 19       		.uleb128 0x19
 1106 0161 00       		.byte	0
 1107 0162 00       		.byte	0
 1108 0163 17       		.uleb128 0x17
 1109 0164 05       		.uleb128 0x5
 1110 0165 00       		.byte	0
 1111 0166 03       		.uleb128 0x3
 1112 0167 0E       		.uleb128 0xe
 1113 0168 3A       		.uleb128 0x3a
 1114 0169 0B       		.uleb128 0xb
 1115 016a 3B       		.uleb128 0x3b
 1116 016b 0B       		.uleb128 0xb
 1117 016c 49       		.uleb128 0x49
 1118 016d 13       		.uleb128 0x13
 1119 016e 02       		.uleb128 0x2
 1120 016f 17       		.uleb128 0x17
 1121 0170 00       		.byte	0
 1122 0171 00       		.byte	0
 1123 0172 18       		.uleb128 0x18
ARM GAS  C:\Users\leoja\AppData\Local\Temp\ccskq7NH.s 			page 28


 1124 0173 2E       		.uleb128 0x2e
 1125 0174 00       		.byte	0
 1126 0175 3F       		.uleb128 0x3f
 1127 0176 19       		.uleb128 0x19
 1128 0177 3C       		.uleb128 0x3c
 1129 0178 19       		.uleb128 0x19
 1130 0179 6E       		.uleb128 0x6e
 1131 017a 0E       		.uleb128 0xe
 1132 017b 03       		.uleb128 0x3
 1133 017c 0E       		.uleb128 0xe
 1134 017d 3A       		.uleb128 0x3a
 1135 017e 0B       		.uleb128 0xb
 1136 017f 3B       		.uleb128 0x3b
 1137 0180 0B       		.uleb128 0xb
 1138 0181 00       		.byte	0
 1139 0182 00       		.byte	0
 1140 0183 00       		.byte	0
 1141              		.section	.debug_loc,"",%progbits
 1142              	.Ldebug_loc0:
 1143              	.LLST0:
 1144 0000 00000000 		.4byte	.LVL5
 1145 0004 02000000 		.4byte	.LVL6
 1146 0008 0100     		.2byte	0x1
 1147 000a 50       		.byte	0x50
 1148 000b 02000000 		.4byte	.LVL6
 1149 000f 10000000 		.4byte	.LFE6
 1150 0013 0400     		.2byte	0x4
 1151 0015 F3       		.byte	0xf3
 1152 0016 01       		.uleb128 0x1
 1153 0017 50       		.byte	0x50
 1154 0018 9F       		.byte	0x9f
 1155 0019 00000000 		.4byte	0
 1156 001d 00000000 		.4byte	0
 1157              	.LLST1:
 1158 0021 04000000 		.4byte	.LVL7
 1159 0025 06000000 		.4byte	.LVL8
 1160 0029 0500     		.2byte	0x5
 1161 002b 70       		.byte	0x70
 1162 002c 00       		.sleb128 0
 1163 002d 35       		.byte	0x35
 1164 002e 25       		.byte	0x25
 1165 002f 9F       		.byte	0x9f
 1166 0030 00000000 		.4byte	0
 1167 0034 00000000 		.4byte	0
 1168              	.LLST2:
 1169 0038 00000000 		.4byte	.LVL13
 1170 003c 07000000 		.4byte	.LVL14-1
 1171 0040 0100     		.2byte	0x1
 1172 0042 50       		.byte	0x50
 1173 0043 07000000 		.4byte	.LVL14-1
 1174 0047 1A000000 		.4byte	.LFE1
 1175 004b 0100     		.2byte	0x1
 1176 004d 54       		.byte	0x54
 1177 004e 00000000 		.4byte	0
 1178 0052 00000000 		.4byte	0
 1179              		.section	.debug_aranges,"",%progbits
 1180 0000 7C000000 		.4byte	0x7c
ARM GAS  C:\Users\leoja\AppData\Local\Temp\ccskq7NH.s 			page 29


 1181 0004 0200     		.2byte	0x2
 1182 0006 00000000 		.4byte	.Ldebug_info0
 1183 000a 04       		.byte	0x4
 1184 000b 00       		.byte	0
 1185 000c 0000     		.2byte	0
 1186 000e 0000     		.2byte	0
 1187 0010 00000000 		.4byte	.LFB3
 1188 0014 0E000000 		.4byte	.LFE3-.LFB3
 1189 0018 00000000 		.4byte	.LFB4
 1190 001c 0C000000 		.4byte	.LFE4-.LFB4
 1191 0020 00000000 		.4byte	.LFB5
 1192 0024 0C000000 		.4byte	.LFE5-.LFB5
 1193 0028 00000000 		.4byte	.LFB6
 1194 002c 10000000 		.4byte	.LFE6-.LFB6
 1195 0030 00000000 		.4byte	.LFB7
 1196 0034 0C000000 		.4byte	.LFE7-.LFB7
 1197 0038 00000000 		.4byte	.LFB8
 1198 003c 0C000000 		.4byte	.LFE8-.LFB8
 1199 0040 00000000 		.4byte	.LFB9
 1200 0044 10000000 		.4byte	.LFE9-.LFB9
 1201 0048 00000000 		.4byte	.LFB10
 1202 004c 0C000000 		.4byte	.LFE10-.LFB10
 1203 0050 00000000 		.4byte	.LFB0
 1204 0054 1C000000 		.4byte	.LFE0-.LFB0
 1205 0058 00000000 		.4byte	.LFB1
 1206 005c 1A000000 		.4byte	.LFE1-.LFB1
 1207 0060 00000000 		.4byte	.LFB2
 1208 0064 14000000 		.4byte	.LFE2-.LFB2
 1209 0068 00000000 		.4byte	.LFB11
 1210 006c 0C000000 		.4byte	.LFE11-.LFB11
 1211 0070 00000000 		.4byte	.LFB12
 1212 0074 0C000000 		.4byte	.LFE12-.LFB12
 1213 0078 00000000 		.4byte	0
 1214 007c 00000000 		.4byte	0
 1215              		.section	.debug_ranges,"",%progbits
 1216              	.Ldebug_ranges0:
 1217 0000 00000000 		.4byte	.LFB3
 1218 0004 0E000000 		.4byte	.LFE3
 1219 0008 00000000 		.4byte	.LFB4
 1220 000c 0C000000 		.4byte	.LFE4
 1221 0010 00000000 		.4byte	.LFB5
 1222 0014 0C000000 		.4byte	.LFE5
 1223 0018 00000000 		.4byte	.LFB6
 1224 001c 10000000 		.4byte	.LFE6
 1225 0020 00000000 		.4byte	.LFB7
 1226 0024 0C000000 		.4byte	.LFE7
 1227 0028 00000000 		.4byte	.LFB8
 1228 002c 0C000000 		.4byte	.LFE8
 1229 0030 00000000 		.4byte	.LFB9
 1230 0034 10000000 		.4byte	.LFE9
 1231 0038 00000000 		.4byte	.LFB10
 1232 003c 0C000000 		.4byte	.LFE10
 1233 0040 00000000 		.4byte	.LFB0
 1234 0044 1C000000 		.4byte	.LFE0
 1235 0048 00000000 		.4byte	.LFB1
 1236 004c 1A000000 		.4byte	.LFE1
 1237 0050 00000000 		.4byte	.LFB2
ARM GAS  C:\Users\leoja\AppData\Local\Temp\ccskq7NH.s 			page 30


 1238 0054 14000000 		.4byte	.LFE2
 1239 0058 00000000 		.4byte	.LFB11
 1240 005c 0C000000 		.4byte	.LFE11
 1241 0060 00000000 		.4byte	.LFB12
 1242 0064 0C000000 		.4byte	.LFE12
 1243 0068 00000000 		.4byte	0
 1244 006c 00000000 		.4byte	0
 1245              		.section	.debug_line,"",%progbits
 1246              	.Ldebug_line0:
 1247 0000 3B010000 		.section	.debug_str,"MS",%progbits,1
 1247      02004D00 
 1247      00000201 
 1247      FB0E0D00 
 1247      01010101 
 1248              	.LASF17:
 1249 0000 72656733 		.ascii	"reg32\000"
 1249      3200
 1250              	.LASF32:
 1251 0006 52656164 		.ascii	"ReadyToDrive_Int_StartEx\000"
 1251      79546F44 
 1251      72697665 
 1251      5F496E74 
 1251      5F537461 
 1252              	.LASF19:
 1253 001f 42757A7A 		.ascii	"Buzzer_Write\000"
 1253      65725F57 
 1253      72697465 
 1253      00
 1254              	.LASF20:
 1255 002c 52656164 		.ascii	"ReadyToDrive_Timer_Stop\000"
 1255      79546F44 
 1255      72697665 
 1255      5F54696D 
 1255      65725F53 
 1256              	.LASF27:
 1257 0044 52656164 		.ascii	"ReadyToDrive_Int_GetVector\000"
 1257      79546F44 
 1257      72697665 
 1257      5F496E74 
 1257      5F476574 
 1258              	.LASF6:
 1259 005f 73686F72 		.ascii	"short unsigned int\000"
 1259      7420756E 
 1259      7369676E 
 1259      65642069 
 1259      6E7400
 1260              	.LASF21:
 1261 0072 52656164 		.ascii	"ReadyToDrive_Int_Interrupt\000"
 1261      79546F44 
 1261      72697665 
 1261      5F496E74 
 1261      5F496E74 
 1262              	.LASF30:
 1263 008d 52656164 		.ascii	"ReadyToDrive_Int_Disable\000"
 1263      79546F44 
 1263      72697665 
 1263      5F496E74 
ARM GAS  C:\Users\leoja\AppData\Local\Temp\ccskq7NH.s 			page 31


 1263      5F446973 
 1264              	.LASF38:
 1265 00a6 443A5C55 		.ascii	"D:\\Users\\leoja\\Documents\\GitHub\\Dashboard-Firm"
 1265      73657273 
 1265      5C6C656F 
 1265      6A615C44 
 1265      6F63756D 
 1266 00d4 77617265 		.ascii	"ware-FE9-FE7-Board\\Dashboard.cydsn\000"
 1266      2D464539 
 1266      2D464537 
 1266      2D426F61 
 1266      72645C44 
 1267              	.LASF14:
 1268 00f7 666C6F61 		.ascii	"float\000"
 1268      7400
 1269              	.LASF4:
 1270 00fd 756E7369 		.ascii	"unsigned char\000"
 1270      676E6564 
 1270      20636861 
 1270      7200
 1271              	.LASF36:
 1272 010b 474E5520 		.ascii	"GNU C11 5.4.1 20160609 (release) [ARM/embedded-5-br"
 1272      43313120 
 1272      352E342E 
 1272      31203230 
 1272      31363036 
 1273 013e 616E6368 		.ascii	"anch revision 237715] -mcpu=cortex-m3 -mthumb -g -O"
 1273      20726576 
 1273      6973696F 
 1273      6E203233 
 1273      37373135 
 1274 0171 67202D66 		.ascii	"g -ffunction-sections -ffat-lto-objects\000"
 1274      66756E63 
 1274      74696F6E 
 1274      2D736563 
 1274      74696F6E 
 1275              	.LASF16:
 1276 0199 72656738 		.ascii	"reg8\000"
 1276      00
 1277              	.LASF8:
 1278 019e 6C6F6E67 		.ascii	"long unsigned int\000"
 1278      20756E73 
 1278      69676E65 
 1278      6420696E 
 1278      7400
 1279              	.LASF12:
 1280 01b0 75696E74 		.ascii	"uint8\000"
 1280      3800
 1281              	.LASF28:
 1282 01b6 52656164 		.ascii	"ReadyToDrive_Int_GetPriority\000"
 1282      79546F44 
 1282      72697665 
 1282      5F496E74 
 1282      5F476574 
 1283              	.LASF26:
 1284 01d3 7072696F 		.ascii	"priority\000"
 1284      72697479 
ARM GAS  C:\Users\leoja\AppData\Local\Temp\ccskq7NH.s 			page 32


 1284      00
 1285              	.LASF15:
 1286 01dc 646F7562 		.ascii	"double\000"
 1286      6C6500
 1287              	.LASF37:
 1288 01e3 47656E65 		.ascii	"Generated_Source\\PSoC5\\ReadyToDrive_Int.c\000"
 1288      72617465 
 1288      645F536F 
 1288      75726365 
 1288      5C50536F 
 1289              	.LASF13:
 1290 020d 75696E74 		.ascii	"uint32\000"
 1290      333200
 1291              	.LASF31:
 1292 0214 52656164 		.ascii	"ReadyToDrive_Int_Start\000"
 1292      79546F44 
 1292      72697665 
 1292      5F496E74 
 1292      5F537461 
 1293              	.LASF0:
 1294 022b 756E7369 		.ascii	"unsigned int\000"
 1294      676E6564 
 1294      20696E74 
 1294      00
 1295              	.LASF25:
 1296 0238 61646472 		.ascii	"address\000"
 1296      65737300 
 1297              	.LASF9:
 1298 0240 6C6F6E67 		.ascii	"long long unsigned int\000"
 1298      206C6F6E 
 1298      6720756E 
 1298      7369676E 
 1298      65642069 
 1299              	.LASF18:
 1300 0257 63796973 		.ascii	"cyisraddress\000"
 1300      72616464 
 1300      72657373 
 1300      00
 1301              	.LASF24:
 1302 0264 52656164 		.ascii	"ReadyToDrive_Int_SetPriority\000"
 1302      79546F44 
 1302      72697665 
 1302      5F496E74 
 1302      5F536574 
 1303              	.LASF10:
 1304 0281 73697A65 		.ascii	"sizetype\000"
 1304      74797065 
 1304      00
 1305              	.LASF33:
 1306 028a 52656164 		.ascii	"ReadyToDrive_Int_Stop\000"
 1306      79546F44 
 1306      72697665 
 1306      5F496E74 
 1306      5F53746F 
 1307              	.LASF1:
 1308 02a0 6C6F6E67 		.ascii	"long long int\000"
 1308      206C6F6E 
ARM GAS  C:\Users\leoja\AppData\Local\Temp\ccskq7NH.s 			page 33


 1308      6720696E 
 1308      7400
 1309              	.LASF11:
 1310 02ae 63686172 		.ascii	"char\000"
 1310      00
 1311              	.LASF23:
 1312 02b3 72616D56 		.ascii	"ramVectorTable\000"
 1312      6563746F 
 1312      72546162 
 1312      6C6500
 1313              	.LASF22:
 1314 02c2 52656164 		.ascii	"ReadyToDrive_Int_SetVector\000"
 1314      79546F44 
 1314      72697665 
 1314      5F496E74 
 1314      5F536574 
 1315              	.LASF5:
 1316 02dd 73686F72 		.ascii	"short int\000"
 1316      7420696E 
 1316      7400
 1317              	.LASF35:
 1318 02e7 52656164 		.ascii	"ReadyToDrive_Int_ClearPending\000"
 1318      79546F44 
 1318      72697665 
 1318      5F496E74 
 1318      5F436C65 
 1319              	.LASF29:
 1320 0305 52656164 		.ascii	"ReadyToDrive_Int_Enable\000"
 1320      79546F44 
 1320      72697665 
 1320      5F496E74 
 1320      5F456E61 
 1321              	.LASF7:
 1322 031d 6C6F6E67 		.ascii	"long int\000"
 1322      20696E74 
 1322      00
 1323              	.LASF2:
 1324 0326 6C6F6E67 		.ascii	"long double\000"
 1324      20646F75 
 1324      626C6500 
 1325              	.LASF34:
 1326 0332 52656164 		.ascii	"ReadyToDrive_Int_SetPending\000"
 1326      79546F44 
 1326      72697665 
 1326      5F496E74 
 1326      5F536574 
 1327              	.LASF3:
 1328 034e 7369676E 		.ascii	"signed char\000"
 1328      65642063 
 1328      68617200 
 1329              	.LASF39:
 1330 035a 52656164 		.ascii	"ReadyToDrive_Int_GetState\000"
 1330      79546F44 
 1330      72697665 
 1330      5F496E74 
 1330      5F476574 
 1331              		.ident	"GCC: (GNU Tools for ARM Embedded Processors) 5.4.1 20160609 (release) [ARM/embedded-5-bran
ARM GAS  C:\Users\leoja\AppData\Local\Temp\ccskq7NH.s 			page 34


